Java HotSpot(TM) 64-Bit Server VM (25.65-b01) for windows-amd64 JRE (1.8.0_65-b17), built on Oct  6 2015 16:39:20 by "java_re" with MS VC++ 10.0 (VS2010)
Memory: 4k page, physical 8274400k(405912k free), swap 23208344k(7611960k free)
CommandLine flags: -XX:CMSInitiatingOccupancyFraction=50 -XX:CMSMaxAbortablePrecleanTime=6000 -XX:+CMSParallelRemarkEnabled -XX:+CMSScavengeBeforeRemark -XX:ConcGCThreads=4 -XX:GCLogFileSize=20971520 -XX:InitialHeapSize=536870912 -XX:MaxHeapSize=536870912 -XX:MaxTenuringThreshold=8 -XX:NewRatio=3 -XX:NumberOfGCLogFiles=9 -XX:OldPLABSize=16 -XX:-OmitStackTraceInFastThrow -XX:ParallelGCThreads=4 -XX:+ParallelRefProcEnabled -XX:PretenureSizeThreshold=67108864 -XX:+PrintGC -XX:+PrintGCApplicationStoppedTime -XX:+PrintGCDateStamps -XX:+PrintGCDetails -XX:+PrintGCTimeStamps -XX:+PrintHeapAtGC -XX:+PrintTenuringDistribution -XX:SurvivorRatio=4 -XX:TargetSurvivorRatio=90 -XX:ThreadStackSize=256 -XX:+UseCMSInitiatingOccupancyOnly -XX:+UseCompressedClassPointers -XX:+UseCompressedOops -XX:+UseConcMarkSweepGC -XX:+UseGCLogFileRotation -XX:-UseLargePagesIndividualAllocation -XX:+UseParNewGC 
2016-11-27T22:24:13.642+0530: 0.388: Total time for which application threads were stopped: 0.0001080 seconds, Stopping threads took: 0.0000174 seconds
2016-11-27T22:24:13.868+0530: 0.613: Total time for which application threads were stopped: 0.0001049 seconds, Stopping threads took: 0.0000152 seconds
2016-11-27T22:24:14.735+0530: 1.480: Total time for which application threads were stopped: 0.0001937 seconds, Stopping threads took: 0.0000205 seconds
2016-11-27T22:24:14.740+0530: 1.485: Total time for which application threads were stopped: 0.0001321 seconds, Stopping threads took: 0.0000192 seconds
2016-11-27T22:24:14.850+0530: 1.596: Total time for which application threads were stopped: 0.0001812 seconds, Stopping threads took: 0.0000187 seconds
2016-11-27T22:24:15.850+0530: 2.596: Total time for which application threads were stopped: 0.0001700 seconds, Stopping threads took: 0.0001040 seconds
2016-11-27T22:24:16.851+0530: 3.596: Total time for which application threads were stopped: 0.0000897 seconds, Stopping threads took: 0.0000210 seconds
2016-11-27T22:24:16.929+0530: 3.674: Total time for which application threads were stopped: 0.0001861 seconds, Stopping threads took: 0.0000161 seconds
2016-11-27T22:24:17.243+0530: 3.988: Total time for which application threads were stopped: 0.0002727 seconds, Stopping threads took: 0.0000178 seconds
2016-11-27T22:24:17.244+0530: 3.989: Total time for which application threads were stopped: 0.0002164 seconds, Stopping threads took: 0.0000116 seconds
2016-11-27T22:24:17.246+0530: 3.992: Total time for which application threads were stopped: 0.0001981 seconds, Stopping threads took: 0.0000161 seconds
{Heap before GC invocations=0 (full 0):
 par new generation   total 109248K, used 87424K [0x00000000e0000000, 0x00000000e8000000, 0x00000000e8000000)
  eden space 87424K, 100% used [0x00000000e0000000, 0x00000000e5560000, 0x00000000e5560000)
  from space 21824K,   0% used [0x00000000e5560000, 0x00000000e5560000, 0x00000000e6ab0000)
  to   space 21824K,   0% used [0x00000000e6ab0000, 0x00000000e6ab0000, 0x00000000e8000000)
 concurrent mark-sweep generation total 393216K, used 0K [0x00000000e8000000, 0x0000000100000000, 0x0000000100000000)
 Metaspace       used 17833K, capacity 18084K, committed 18304K, reserved 1064960K
  class space    used 2063K, capacity 2151K, committed 2176K, reserved 1048576K
2016-11-27T22:24:17.456+0530: 4.201: [GC (Allocation Failure) 2016-11-27T22:24:17.456+0530: 4.202: [ParNew
Desired survivor size 20112992 bytes, new threshold 8 (max 8)
- age   1:   10460928 bytes,   10460928 total
: 87424K->10336K(109248K), 0.0127320 secs] 87424K->10336K(502464K), 0.0129252 secs] [Times: user=0.03 sys=0.03, real=0.01 secs] 
Heap after GC invocations=1 (full 0):
 par new generation   total 109248K, used 10336K [0x00000000e0000000, 0x00000000e8000000, 0x00000000e8000000)
  eden space 87424K,   0% used [0x00000000e0000000, 0x00000000e0000000, 0x00000000e5560000)
  from space 21824K,  47% used [0x00000000e6ab0000, 0x00000000e74c8218, 0x00000000e8000000)
  to   space 21824K,   0% used [0x00000000e5560000, 0x00000000e5560000, 0x00000000e6ab0000)
 concurrent mark-sweep generation total 393216K, used 0K [0x00000000e8000000, 0x0000000100000000, 0x0000000100000000)
 Metaspace       used 17833K, capacity 18084K, committed 18304K, reserved 1064960K
  class space    used 2063K, capacity 2151K, committed 2176K, reserved 1048576K
}
2016-11-27T22:24:17.469+0530: 4.214: Total time for which application threads were stopped: 0.0131064 seconds, Stopping threads took: 0.0000152 seconds
2016-11-27T22:24:17.596+0530: 4.341: Total time for which application threads were stopped: 0.0002722 seconds, Stopping threads took: 0.0000299 seconds
2016-11-27T22:24:17.646+0530: 4.392: Total time for which application threads were stopped: 0.0001482 seconds, Stopping threads took: 0.0000794 seconds
2016-11-27T22:24:17.646+0530: 4.392: Total time for which application threads were stopped: 0.0000616 seconds, Stopping threads took: 0.0000210 seconds
2016-11-27T22:24:17.646+0530: 4.392: Total time for which application threads were stopped: 0.0000772 seconds, Stopping threads took: 0.0000241 seconds
2016-11-27T22:24:17.646+0530: 4.392: Total time for which application threads were stopped: 0.0000509 seconds, Stopping threads took: 0.0000165 seconds
2016-11-27T22:24:17.647+0530: 4.393: Total time for which application threads were stopped: 0.0000817 seconds, Stopping threads took: 0.0000241 seconds
2016-11-27T22:24:17.654+0530: 4.399: Total time for which application threads were stopped: 0.0005359 seconds, Stopping threads took: 0.0004404 seconds
2016-11-27T22:24:17.654+0530: 4.400: Total time for which application threads were stopped: 0.0000718 seconds, Stopping threads took: 0.0000210 seconds
2016-11-27T22:24:17.659+0530: 4.405: Total time for which application threads were stopped: 0.0002508 seconds, Stopping threads took: 0.0000214 seconds
2016-11-27T22:24:17.748+0530: 4.493: Total time for which application threads were stopped: 0.0002173 seconds, Stopping threads took: 0.0000281 seconds
2016-11-27T22:24:17.749+0530: 4.494: Total time for which application threads were stopped: 0.0000866 seconds, Stopping threads took: 0.0000295 seconds
2016-11-27T22:24:17.750+0530: 4.495: Total time for which application threads were stopped: 0.0000808 seconds, Stopping threads took: 0.0000308 seconds
2016-11-27T22:24:17.751+0530: 4.496: Total time for which application threads were stopped: 0.0001272 seconds, Stopping threads took: 0.0000214 seconds
2016-11-27T22:24:17.752+0530: 4.498: Total time for which application threads were stopped: 0.0001013 seconds, Stopping threads took: 0.0000295 seconds
2016-11-27T22:24:17.757+0530: 4.503: Total time for which application threads were stopped: 0.0001365 seconds, Stopping threads took: 0.0000335 seconds
2016-11-27T22:24:17.758+0530: 4.504: Total time for which application threads were stopped: 0.0003025 seconds, Stopping threads took: 0.0002356 seconds
2016-11-27T22:24:17.837+0530: 4.583: Total time for which application threads were stopped: 0.0010705 seconds, Stopping threads took: 0.0009268 seconds
2016-11-27T22:24:17.851+0530: 4.597: Total time for which application threads were stopped: 0.0012151 seconds, Stopping threads took: 0.0010982 seconds
2016-11-27T22:24:17.864+0530: 4.609: Total time for which application threads were stopped: 0.0118922 seconds, Stopping threads took: 0.0117494 seconds
2016-11-27T22:24:17.871+0530: 4.616: Total time for which application threads were stopped: 0.0001075 seconds, Stopping threads took: 0.0000263 seconds
2016-11-27T22:24:17.883+0530: 4.629: Total time for which application threads were stopped: 0.0003356 seconds, Stopping threads took: 0.0002423 seconds
2016-11-27T22:24:17.884+0530: 4.629: Total time for which application threads were stopped: 0.0001281 seconds, Stopping threads took: 0.0000286 seconds
2016-11-27T22:24:17.931+0530: 4.677: Total time for which application threads were stopped: 0.0000968 seconds, Stopping threads took: 0.0000317 seconds
2016-11-27T22:24:17.932+0530: 4.678: Total time for which application threads were stopped: 0.0000933 seconds, Stopping threads took: 0.0000317 seconds
2016-11-27T22:24:17.932+0530: 4.678: Total time for which application threads were stopped: 0.0000558 seconds, Stopping threads took: 0.0000152 seconds
2016-11-27T22:24:17.933+0530: 4.679: Total time for which application threads were stopped: 0.0000861 seconds, Stopping threads took: 0.0000174 seconds
2016-11-27T22:24:17.933+0530: 4.679: Total time for which application threads were stopped: 0.0000629 seconds, Stopping threads took: 0.0000161 seconds
2016-11-27T22:24:17.933+0530: 4.679: Total time for which application threads were stopped: 0.0000486 seconds, Stopping threads took: 0.0000058 seconds
2016-11-27T22:24:17.933+0530: 4.679: Total time for which application threads were stopped: 0.0000607 seconds, Stopping threads took: 0.0000143 seconds
2016-11-27T22:24:17.933+0530: 4.679: Total time for which application threads were stopped: 0.0000402 seconds, Stopping threads took: 0.0000067 seconds
2016-11-27T22:24:17.934+0530: 4.679: Total time for which application threads were stopped: 0.0001397 seconds, Stopping threads took: 0.0000134 seconds
2016-11-27T22:24:17.935+0530: 4.680: Total time for which application threads were stopped: 0.0000727 seconds, Stopping threads took: 0.0000156 seconds
2016-11-27T22:24:17.935+0530: 4.680: Total time for which application threads were stopped: 0.0000460 seconds, Stopping threads took: 0.0000089 seconds
2016-11-27T22:24:17.935+0530: 4.680: Total time for which application threads were stopped: 0.0000433 seconds, Stopping threads took: 0.0000085 seconds
2016-11-27T22:24:17.935+0530: 4.680: Total time for which application threads were stopped: 0.0000415 seconds, Stopping threads took: 0.0000080 seconds
2016-11-27T22:24:17.935+0530: 4.680: Total time for which application threads were stopped: 0.0000424 seconds, Stopping threads took: 0.0000085 seconds
2016-11-27T22:24:17.935+0530: 4.681: Total time for which application threads were stopped: 0.0000522 seconds, Stopping threads took: 0.0000094 seconds
2016-11-27T22:24:17.935+0530: 4.681: Total time for which application threads were stopped: 0.0000495 seconds, Stopping threads took: 0.0000094 seconds
2016-11-27T22:24:17.935+0530: 4.681: Total time for which application threads were stopped: 0.0000437 seconds, Stopping threads took: 0.0000076 seconds
2016-11-27T22:24:17.935+0530: 4.681: Total time for which application threads were stopped: 0.0000437 seconds, Stopping threads took: 0.0000076 seconds
2016-11-27T22:24:17.936+0530: 4.681: Total time for which application threads were stopped: 0.0000527 seconds, Stopping threads took: 0.0000098 seconds
2016-11-27T22:24:17.936+0530: 4.681: Total time for which application threads were stopped: 0.0000469 seconds, Stopping threads took: 0.0000098 seconds
2016-11-27T22:24:17.936+0530: 4.682: Total time for which application threads were stopped: 0.0000656 seconds, Stopping threads took: 0.0000112 seconds
2016-11-27T22:24:17.936+0530: 4.682: Total time for which application threads were stopped: 0.0000504 seconds, Stopping threads took: 0.0000071 seconds
2016-11-27T22:24:17.937+0530: 4.683: Total time for which application threads were stopped: 0.0000745 seconds, Stopping threads took: 0.0000129 seconds
2016-11-27T22:24:17.937+0530: 4.683: Total time for which application threads were stopped: 0.0000562 seconds, Stopping threads took: 0.0000107 seconds
2016-11-27T22:24:17.938+0530: 4.683: Total time for which application threads were stopped: 0.0000486 seconds, Stopping threads took: 0.0000076 seconds
2016-11-27T22:24:17.939+0530: 4.685: Total time for which application threads were stopped: 0.0000857 seconds, Stopping threads took: 0.0000161 seconds
2016-11-27T22:24:17.940+0530: 4.686: Total time for which application threads were stopped: 0.0008711 seconds, Stopping threads took: 0.0000161 seconds
2016-11-27T22:24:17.941+0530: 4.686: Total time for which application threads were stopped: 0.0000660 seconds, Stopping threads took: 0.0000085 seconds
2016-11-27T22:24:17.941+0530: 4.686: Total time for which application threads were stopped: 0.0000415 seconds, Stopping threads took: 0.0000058 seconds
2016-11-27T22:24:17.941+0530: 4.686: Total time for which application threads were stopped: 0.0000384 seconds, Stopping threads took: 0.0000049 seconds
2016-11-27T22:24:17.941+0530: 4.687: Total time for which application threads were stopped: 0.0000477 seconds, Stopping threads took: 0.0000071 seconds
2016-11-27T22:24:17.941+0530: 4.687: Total time for which application threads were stopped: 0.0000384 seconds, Stopping threads took: 0.0000049 seconds
2016-11-27T22:24:17.941+0530: 4.687: Total time for which application threads were stopped: 0.0000442 seconds, Stopping threads took: 0.0000058 seconds
2016-11-27T22:24:17.941+0530: 4.687: Total time for which application threads were stopped: 0.0000379 seconds, Stopping threads took: 0.0000049 seconds
2016-11-27T22:24:17.941+0530: 4.687: Total time for which application threads were stopped: 0.0000375 seconds, Stopping threads took: 0.0000045 seconds
2016-11-27T22:24:17.941+0530: 4.687: Total time for which application threads were stopped: 0.0000446 seconds, Stopping threads took: 0.0000062 seconds
2016-11-27T22:24:17.942+0530: 4.687: Total time for which application threads were stopped: 0.0000406 seconds, Stopping threads took: 0.0000058 seconds
2016-11-27T22:24:18.133+0530: 4.879: Total time for which application threads were stopped: 0.0001044 seconds, Stopping threads took: 0.0000295 seconds
2016-11-27T22:24:18.134+0530: 4.879: Total time for which application threads were stopped: 0.0000919 seconds, Stopping threads took: 0.0000237 seconds
2016-11-27T22:24:18.153+0530: 4.898: Total time for which application threads were stopped: 0.0001254 seconds, Stopping threads took: 0.0000370 seconds
2016-11-27T22:24:18.153+0530: 4.898: Total time for which application threads were stopped: 0.0000576 seconds, Stopping threads took: 0.0000196 seconds
2016-11-27T22:24:18.153+0530: 4.899: Total time for which application threads were stopped: 0.0001334 seconds, Stopping threads took: 0.0000201 seconds
2016-11-27T22:24:18.153+0530: 4.899: Total time for which application threads were stopped: 0.0001174 seconds, Stopping threads took: 0.0000268 seconds
2016-11-27T22:24:18.153+0530: 4.899: Total time for which application threads were stopped: 0.0000643 seconds, Stopping threads took: 0.0000187 seconds
2016-11-27T22:24:18.154+0530: 4.899: Total time for which application threads were stopped: 0.0000705 seconds, Stopping threads took: 0.0000286 seconds
2016-11-27T22:24:18.154+0530: 4.899: Total time for which application threads were stopped: 0.0000634 seconds, Stopping threads took: 0.0000205 seconds
2016-11-27T22:24:18.154+0530: 4.900: Total time for which application threads were stopped: 0.0000879 seconds, Stopping threads took: 0.0000245 seconds
2016-11-27T22:24:18.155+0530: 4.900: Total time for which application threads were stopped: 0.0000616 seconds, Stopping threads took: 0.0000178 seconds
2016-11-27T22:24:18.192+0530: 4.938: Total time for which application threads were stopped: 0.0000696 seconds, Stopping threads took: 0.0000165 seconds
2016-11-27T22:24:18.195+0530: 4.941: Total time for which application threads were stopped: 0.0000906 seconds, Stopping threads took: 0.0000379 seconds
2016-11-27T22:24:18.195+0530: 4.941: Total time for which application threads were stopped: 0.0000616 seconds, Stopping threads took: 0.0000196 seconds
2016-11-27T22:24:18.195+0530: 4.941: Total time for which application threads were stopped: 0.0000593 seconds, Stopping threads took: 0.0000178 seconds
2016-11-27T22:24:18.196+0530: 4.941: Total time for which application threads were stopped: 0.0000723 seconds, Stopping threads took: 0.0000241 seconds
2016-11-27T22:24:18.196+0530: 4.942: Total time for which application threads were stopped: 0.0001008 seconds, Stopping threads took: 0.0000232 seconds
2016-11-27T22:24:18.196+0530: 4.942: Total time for which application threads were stopped: 0.0000522 seconds, Stopping threads took: 0.0000192 seconds
2016-11-27T22:24:18.200+0530: 4.945: Total time for which application threads were stopped: 0.0000768 seconds, Stopping threads took: 0.0000170 seconds
2016-11-27T22:24:18.200+0530: 4.946: Total time for which application threads were stopped: 0.0000437 seconds, Stopping threads took: 0.0000094 seconds
2016-11-27T22:24:18.201+0530: 4.947: Total time for which application threads were stopped: 0.0000692 seconds, Stopping threads took: 0.0000241 seconds
2016-11-27T22:24:18.203+0530: 4.948: Total time for which application threads were stopped: 0.0001120 seconds, Stopping threads took: 0.0000259 seconds
2016-11-27T22:24:18.203+0530: 4.948: Total time for which application threads were stopped: 0.0000585 seconds, Stopping threads took: 0.0000152 seconds
2016-11-27T22:24:18.203+0530: 4.948: Total time for which application threads were stopped: 0.0000544 seconds, Stopping threads took: 0.0000134 seconds
2016-11-27T22:24:18.203+0530: 4.949: Total time for which application threads were stopped: 0.0000870 seconds, Stopping threads took: 0.0000308 seconds
2016-11-27T22:24:18.203+0530: 4.949: Total time for which application threads were stopped: 0.0000558 seconds, Stopping threads took: 0.0000129 seconds
2016-11-27T22:24:18.204+0530: 4.950: Total time for which application threads were stopped: 0.0000982 seconds, Stopping threads took: 0.0000303 seconds
2016-11-27T22:24:18.204+0530: 4.950: Total time for which application threads were stopped: 0.0000625 seconds, Stopping threads took: 0.0000156 seconds
2016-11-27T22:24:18.208+0530: 4.954: Total time for which application threads were stopped: 0.0001419 seconds, Stopping threads took: 0.0000214 seconds
2016-11-27T22:24:18.227+0530: 4.973: Total time for which application threads were stopped: 0.0000803 seconds, Stopping threads took: 0.0000263 seconds
2016-11-27T22:24:18.228+0530: 4.973: Total time for which application threads were stopped: 0.0000826 seconds, Stopping threads took: 0.0000201 seconds
2016-11-27T22:24:18.236+0530: 4.981: Total time for which application threads were stopped: 0.0001227 seconds, Stopping threads took: 0.0000535 seconds
2016-11-27T22:24:18.241+0530: 4.987: Total time for which application threads were stopped: 0.0001071 seconds, Stopping threads took: 0.0000393 seconds
2016-11-27T22:24:18.468+0530: 5.214: Total time for which application threads were stopped: 0.0001058 seconds, Stopping threads took: 0.0000232 seconds
2016-11-27T22:24:19.247+0530: 5.993: Total time for which application threads were stopped: 0.0000817 seconds, Stopping threads took: 0.0000232 seconds
2016-11-27T22:24:19.251+0530: 5.996: Total time for which application threads were stopped: 0.0004828 seconds, Stopping threads took: 0.0004351 seconds
2016-11-27T22:24:19.251+0530: 5.997: Total time for which application threads were stopped: 0.0006551 seconds, Stopping threads took: 0.0004079 seconds
2016-11-27T22:24:19.253+0530: 5.999: Total time for which application threads were stopped: 0.0001932 seconds, Stopping threads took: 0.0001156 seconds
{Heap before GC invocations=1 (full 0):
 par new generation   total 109248K, used 97760K [0x00000000e0000000, 0x00000000e8000000, 0x00000000e8000000)
  eden space 87424K, 100% used [0x00000000e0000000, 0x00000000e5560000, 0x00000000e5560000)
  from space 21824K,  47% used [0x00000000e6ab0000, 0x00000000e74c8218, 0x00000000e8000000)
  to   space 21824K,   0% used [0x00000000e5560000, 0x00000000e5560000, 0x00000000e6ab0000)
 concurrent mark-sweep generation total 393216K, used 0K [0x00000000e8000000, 0x0000000100000000, 0x0000000100000000)
 Metaspace       used 21099K, capacity 21500K, committed 21884K, reserved 1069056K
  class space    used 2468K, capacity 2569K, committed 2684K, reserved 1048576K
2016-11-27T22:24:19.277+0530: 6.022: [GC (Allocation Failure) 2016-11-27T22:24:19.277+0530: 6.023: [ParNew
Desired survivor size 20112992 bytes, new threshold 8 (max 8)
- age   1:    5604840 bytes,    5604840 total
- age   2:    5110152 bytes,   10714992 total
: 97760K->13358K(109248K), 0.0129364 secs] 97760K->13358K(502464K), 0.0131162 secs] [Times: user=0.00 sys=0.00, real=0.01 secs] 
Heap after GC invocations=2 (full 0):
 par new generation   total 109248K, used 13358K [0x00000000e0000000, 0x00000000e8000000, 0x00000000e8000000)
  eden space 87424K,   0% used [0x00000000e0000000, 0x00000000e0000000, 0x00000000e5560000)
  from space 21824K,  61% used [0x00000000e5560000, 0x00000000e626b900, 0x00000000e6ab0000)
  to   space 21824K,   0% used [0x00000000e6ab0000, 0x00000000e6ab0000, 0x00000000e8000000)
 concurrent mark-sweep generation total 393216K, used 0K [0x00000000e8000000, 0x0000000100000000, 0x0000000100000000)
 Metaspace       used 21099K, capacity 21500K, committed 21884K, reserved 1069056K
  class space    used 2468K, capacity 2569K, committed 2684K, reserved 1048576K
}
2016-11-27T22:24:19.290+0530: 6.036: Total time for which application threads were stopped: 0.0137798 seconds, Stopping threads took: 0.0004498 seconds
2016-11-27T22:24:19.309+0530: 6.055: Total time for which application threads were stopped: 0.0017858 seconds, Stopping threads took: 0.0016560 seconds
2016-11-27T22:24:19.337+0530: 6.083: [GC (CMS Initial Mark) [1 CMS-initial-mark: 0K(393216K)] 25597K(502464K), 0.0117347 secs] [Times: user=0.02 sys=0.00, real=0.01 secs] 
2016-11-27T22:24:19.349+0530: 6.094: Total time for which application threads were stopped: 0.0127168 seconds, Stopping threads took: 0.0008345 seconds
2016-11-27T22:24:19.349+0530: 6.095: Total time for which application threads were stopped: 0.0005266 seconds, Stopping threads took: 0.0004596 seconds
2016-11-27T22:24:19.350+0530: 6.095: Total time for which application threads were stopped: 0.0005288 seconds, Stopping threads took: 0.0004632 seconds
2016-11-27T22:24:19.351+0530: 6.097: Total time for which application threads were stopped: 0.0004016 seconds, Stopping threads took: 0.0000237 seconds
2016-11-27T22:24:19.351+0530: 6.097: [CMS-concurrent-mark-start]
2016-11-27T22:24:19.359+0530: 6.104: [CMS-concurrent-mark: 0.007/0.007 secs] [Times: user=0.05 sys=0.00, real=0.01 secs] 
2016-11-27T22:24:19.359+0530: 6.105: [CMS-concurrent-preclean-start]
2016-11-27T22:24:19.360+0530: 6.106: [CMS-concurrent-preclean: 0.001/0.001 secs] [Times: user=0.00 sys=0.00, real=0.00 secs] 
2016-11-27T22:24:19.360+0530: 6.106: [CMS-concurrent-abortable-preclean-start]
2016-11-27T22:24:19.437+0530: 6.182: Total time for which application threads were stopped: 0.0004543 seconds, Stopping threads took: 0.0000299 seconds
2016-11-27T22:24:19.621+0530: 6.367: Total time for which application threads were stopped: 0.0000669 seconds, Stopping threads took: 0.0000254 seconds
2016-11-27T22:24:19.667+0530: 6.413: Total time for which application threads were stopped: 0.0000638 seconds, Stopping threads took: 0.0000192 seconds
2016-11-27T22:24:19.958+0530: 6.704: Total time for which application threads were stopped: 0.0002722 seconds, Stopping threads took: 0.0000361 seconds
2016-11-27T22:24:20.009+0530: 6.754: Total time for which application threads were stopped: 0.0001821 seconds, Stopping threads took: 0.0000455 seconds
2016-11-27T22:24:20.041+0530: 6.787: Total time for which application threads were stopped: 0.0001209 seconds, Stopping threads took: 0.0000281 seconds
{Heap before GC invocations=2 (full 1):
 par new generation   total 109248K, used 100772K [0x00000000e0000000, 0x00000000e8000000, 0x00000000e8000000)
  eden space 87424K,  99% used [0x00000000e0000000, 0x00000000e555d940, 0x00000000e5560000)
  from space 21824K,  61% used [0x00000000e5560000, 0x00000000e626b900, 0x00000000e6ab0000)
  to   space 21824K,   0% used [0x00000000e6ab0000, 0x00000000e6ab0000, 0x00000000e8000000)
 concurrent mark-sweep generation total 393216K, used 0K [0x00000000e8000000, 0x0000000100000000, 0x0000000100000000)
 Metaspace       used 21959K, capacity 22307K, committed 22624K, reserved 1069056K
  class space    used 2572K, capacity 2685K, committed 2760K, reserved 1048576K
2016-11-27T22:24:20.074+0530: 6.819: [GC (Allocation Failure) 2016-11-27T22:24:20.074+0530: 6.819: [ParNew
Desired survivor size 20112992 bytes, new threshold 8 (max 8)
- age   1:    3176232 bytes,    3176232 total
- age   2:    2583560 bytes,    5759792 total
- age   3:    5106472 bytes,   10866264 total
: 100772K->19035K(109248K), 0.0102349 secs] 100772K->19035K(502464K), 0.0103754 secs] [Times: user=0.00 sys=0.00, real=0.01 secs] 
Heap after GC invocations=3 (full 1):
 par new generation   total 109248K, used 19035K [0x00000000e0000000, 0x00000000e8000000, 0x00000000e8000000)
  eden space 87424K,   0% used [0x00000000e0000000, 0x00000000e0000000, 0x00000000e5560000)
  from space 21824K,  87% used [0x00000000e6ab0000, 0x00000000e7d46d80, 0x00000000e8000000)
  to   space 21824K,   0% used [0x00000000e5560000, 0x00000000e5560000, 0x00000000e6ab0000)
 concurrent mark-sweep generation total 393216K, used 0K [0x00000000e8000000, 0x0000000100000000, 0x0000000100000000)
 Metaspace       used 21959K, capacity 22307K, committed 22624K, reserved 1069056K
  class space    used 2572K, capacity 2685K, committed 2760K, reserved 1048576K
}
2016-11-27T22:24:20.084+0530: 6.830: Total time for which application threads were stopped: 0.0106816 seconds, Stopping threads took: 0.0000286 seconds
2016-11-27T22:24:20.094+0530: 6.840: Total time for which application threads were stopped: 0.0002146 seconds, Stopping threads took: 0.0000660 seconds
2016-11-27T22:24:20.096+0530: 6.842: Total time for which application threads were stopped: 0.0003561 seconds, Stopping threads took: 0.0002289 seconds
2016-11-27T22:24:20.125+0530: 6.871: Total time for which application threads were stopped: 0.0016538 seconds, Stopping threads took: 0.0014864 seconds
2016-11-27T22:24:20.125+0530: 6.871: Total time for which application threads were stopped: 0.0001486 seconds, Stopping threads took: 0.0000678 seconds
{Heap before GC invocations=3 (full 1):
 par new generation   total 109248K, used 106459K [0x00000000e0000000, 0x00000000e8000000, 0x00000000e8000000)
  eden space 87424K, 100% used [0x00000000e0000000, 0x00000000e5560000, 0x00000000e5560000)
  from space 21824K,  87% used [0x00000000e6ab0000, 0x00000000e7d46d80, 0x00000000e8000000)
  to   space 21824K,   0% used [0x00000000e5560000, 0x00000000e5560000, 0x00000000e6ab0000)
 concurrent mark-sweep generation total 393216K, used 0K [0x00000000e8000000, 0x0000000100000000, 0x0000000100000000)
 Metaspace       used 22135K, capacity 22531K, committed 22624K, reserved 1069056K
  class space    used 2596K, capacity 2717K, committed 2760K, reserved 1048576K
2016-11-27T22:24:20.183+0530: 6.929: [GC (Allocation Failure) 2016-11-27T22:24:20.183+0530: 6.929: [ParNew
Desired survivor size 20112992 bytes, new threshold 8 (max 8)
- age   1:     767856 bytes,     767856 total
- age   2:    2472440 bytes,    3240296 total
- age   3:    2550392 bytes,    5790688 total
- age   4:    5106432 bytes,   10897120 total
: 106459K->13838K(109248K), 0.0101648 secs] 106459K->13838K(502464K), 0.0103063 secs] [Times: user=0.00 sys=0.00, real=0.01 secs] 
Heap after GC invocations=4 (full 1):
 par new generation   total 109248K, used 13838K [0x00000000e0000000, 0x00000000e8000000, 0x00000000e8000000)
  eden space 87424K,   0% used [0x00000000e0000000, 0x00000000e0000000, 0x00000000e5560000)
  from space 21824K,  63% used [0x00000000e5560000, 0x00000000e62e3b18, 0x00000000e6ab0000)
  to   space 21824K,   0% used [0x00000000e6ab0000, 0x00000000e6ab0000, 0x00000000e8000000)
 concurrent mark-sweep generation total 393216K, used 0K [0x00000000e8000000, 0x0000000100000000, 0x0000000100000000)
 Metaspace       used 22135K, capacity 22531K, committed 22624K, reserved 1069056K
  class space    used 2596K, capacity 2717K, committed 2760K, reserved 1048576K
}
2016-11-27T22:24:20.194+0530: 6.940: Total time for which application threads were stopped: 0.0106624 seconds, Stopping threads took: 0.0000652 seconds
2016-11-27T22:24:20.194+0530: 6.940: [CMS-concurrent-abortable-preclean: 0.502/0.834 secs] [Times: user=1.68 sys=0.08, real=0.83 secs] 
2016-11-27T22:24:20.199+0530: 6.944: [GC (CMS Final Remark) [YG occupancy: 21719 K (109248 K)]{Heap before GC invocations=4 (full 1):
 par new generation   total 109248K, used 21719K [0x00000000e0000000, 0x00000000e8000000, 0x00000000e8000000)
  eden space 87424K,   9% used [0x00000000e0000000, 0x00000000e07b21b8, 0x00000000e5560000)
  from space 21824K,  63% used [0x00000000e5560000, 0x00000000e62e3b18, 0x00000000e6ab0000)
  to   space 21824K,   0% used [0x00000000e6ab0000, 0x00000000e6ab0000, 0x00000000e8000000)
 concurrent mark-sweep generation total 393216K, used 0K [0x00000000e8000000, 0x0000000100000000, 0x0000000100000000)
 Metaspace       used 22141K, capacity 22531K, committed 22624K, reserved 1069056K
  class space    used 2596K, capacity 2717K, committed 2760K, reserved 1048576K
2016-11-27T22:24:20.199+0530: 6.944: [GC (CMS Final Remark) 2016-11-27T22:24:20.199+0530: 6.944: [ParNew
Desired survivor size 20112992 bytes, new threshold 8 (max 8)
- age   1:    1271736 bytes,    1271736 total
- age   2:      82152 bytes,    1353888 total
- age   3:    2472440 bytes,    3826328 total
- age   4:    2550392 bytes,    6376720 total
- age   5:    5107072 bytes,   11483792 total
: 21719K->14433K(109248K), 0.0100800 secs] 21719K->14433K(502464K), 0.0101479 secs] [Times: user=0.00 sys=0.00, real=0.01 secs] 
Heap after GC invocations=5 (full 1):
 par new generation   total 109248K, used 14433K [0x00000000e0000000, 0x00000000e8000000, 0x00000000e8000000)
  eden space 87424K,   0% used [0x00000000e0000000, 0x00000000e0000000, 0x00000000e5560000)
  from space 21824K,  66% used [0x00000000e6ab0000, 0x00000000e78c8790, 0x00000000e8000000)
  to   space 21824K,   0% used [0x00000000e5560000, 0x00000000e5560000, 0x00000000e6ab0000)
 concurrent mark-sweep generation total 393216K, used 0K [0x00000000e8000000, 0x0000000100000000, 0x0000000100000000)
 Metaspace       used 22141K, capacity 22531K, committed 22624K, reserved 1069056K
  class space    used 2596K, capacity 2717K, committed 2760K, reserved 1048576K
}
2016-11-27T22:24:20.209+0530: 6.955: [Rescan (parallel) , 0.0045422 secs]2016-11-27T22:24:20.214+0530: 6.959: [weak refs processing, 0.0004418 secs]2016-11-27T22:24:20.214+0530: 6.960: [class unloading, 0.0034195 secs]2016-11-27T22:24:20.217+0530: 6.963: [scrub symbol table, 0.0037694 secs]2016-11-27T22:24:20.221+0530: 6.967: [scrub string table, 0.0002923 secs][1 CMS-remark: 0K(393216K)] 14433K(502464K), 0.0237277 secs] [Times: user=0.03 sys=0.02, real=0.02 secs] 
2016-11-27T22:24:20.222+0530: 6.968: Total time for which application threads were stopped: 0.0239910 seconds, Stopping threads took: 0.0000745 seconds
2016-11-27T22:24:20.238+0530: 6.984: [CMS-concurrent-sweep-start]
2016-11-27T22:24:20.238+0530: 6.984: [CMS-concurrent-sweep: 0.000/0.000 secs] [Times: user=0.00 sys=0.00, real=0.00 secs] 
2016-11-27T22:24:20.238+0530: 6.984: [CMS-concurrent-reset-start]
2016-11-27T22:24:20.242+0530: 6.988: [CMS-concurrent-reset: 0.004/0.004 secs] [Times: user=0.00 sys=0.00, real=0.00 secs] 
2016-11-27T22:24:20.317+0530: 7.063: Total time for which application threads were stopped: 0.0002075 seconds, Stopping threads took: 0.0000486 seconds
2016-11-27T22:24:20.322+0530: 7.068: Total time for which application threads were stopped: 0.0001241 seconds, Stopping threads took: 0.0000245 seconds
2016-11-27T22:24:20.349+0530: 7.094: Total time for which application threads were stopped: 0.0001084 seconds, Stopping threads took: 0.0000214 seconds
2016-11-27T22:24:20.349+0530: 7.094: Total time for which application threads were stopped: 0.0000553 seconds, Stopping threads took: 0.0000076 seconds
2016-11-27T22:24:20.349+0530: 7.094: Total time for which application threads were stopped: 0.0000580 seconds, Stopping threads took: 0.0000080 seconds
{Heap before GC invocations=5 (full 1):
 par new generation   total 109248K, used 101846K [0x00000000e0000000, 0x00000000e8000000, 0x00000000e8000000)
  eden space 87424K,  99% used [0x00000000e0000000, 0x00000000e555d258, 0x00000000e5560000)
  from space 21824K,  66% used [0x00000000e6ab0000, 0x00000000e78c8790, 0x00000000e8000000)
  to   space 21824K,   0% used [0x00000000e5560000, 0x00000000e5560000, 0x00000000e6ab0000)
 concurrent mark-sweep generation total 393216K, used 0K [0x00000000e8000000, 0x0000000100000000, 0x0000000100000000)
 Metaspace       used 22813K, capacity 23201K, committed 23368K, reserved 1069056K
  class space    used 2688K, capacity 2786K, committed 2888K, reserved 1048576K
2016-11-27T22:24:20.380+0530: 7.126: [GC (Allocation Failure) 2016-11-27T22:24:20.380+0530: 7.126: [ParNew
Desired survivor size 20112992 bytes, new threshold 8 (max 8)
- age   1:    1148344 bytes,    1148344 total
- age   2:      22224 bytes,    1170568 total
- age   3:      81112 bytes,    1251680 total
- age   4:    2472296 bytes,    3723976 total
- age   5:    2547856 bytes,    6271832 total
- age   6:    5106320 bytes,   11378152 total
: 101846K->17014K(109248K), 0.0101242 secs] 101846K->17014K(502464K), 0.0102835 secs] [Times: user=0.06 sys=0.00, real=0.01 secs] 
Heap after GC invocations=6 (full 1):
 par new generation   total 109248K, used 17014K [0x00000000e0000000, 0x00000000e8000000, 0x00000000e8000000)
  eden space 87424K,   0% used [0x00000000e0000000, 0x00000000e0000000, 0x00000000e5560000)
  from space 21824K,  77% used [0x00000000e5560000, 0x00000000e65fdad0, 0x00000000e6ab0000)
  to   space 21824K,   0% used [0x00000000e6ab0000, 0x00000000e6ab0000, 0x00000000e8000000)
 concurrent mark-sweep generation total 393216K, used 0K [0x00000000e8000000, 0x0000000100000000, 0x0000000100000000)
 Metaspace       used 22813K, capacity 23201K, committed 23368K, reserved 1069056K
  class space    used 2688K, capacity 2786K, committed 2888K, reserved 1048576K
}
2016-11-27T22:24:20.390+0530: 7.136: Total time for which application threads were stopped: 0.0104955 seconds, Stopping threads took: 0.0000451 seconds
{Heap before GC invocations=6 (full 1):
 par new generation   total 109248K, used 104438K [0x00000000e0000000, 0x00000000e8000000, 0x00000000e8000000)
  eden space 87424K, 100% used [0x00000000e0000000, 0x00000000e5560000, 0x00000000e5560000)
  from space 21824K,  77% used [0x00000000e5560000, 0x00000000e65fdad0, 0x00000000e6ab0000)
  to   space 21824K,   0% used [0x00000000e6ab0000, 0x00000000e6ab0000, 0x00000000e8000000)
 concurrent mark-sweep generation total 393216K, used 0K [0x00000000e8000000, 0x0000000100000000, 0x0000000100000000)
 Metaspace       used 22895K, capacity 23265K, committed 23624K, reserved 1071104K
  class space    used 2697K, capacity 2786K, committed 2888K, reserved 1048576K
2016-11-27T22:24:20.457+0530: 7.202: [GC (Allocation Failure) 2016-11-27T22:24:20.457+0530: 7.203: [ParNew
Desired survivor size 20112992 bytes, new threshold 8 (max 8)
- age   1:     971592 bytes,     971592 total
- age   2:     307792 bytes,    1279384 total
- age   3:      10024 bytes,    1289408 total
- age   4:      79960 bytes,    1369368 total
- age   5:    2472232 bytes,    3841600 total
- age   6:    2547568 bytes,    6389168 total
- age   7:    5106304 bytes,   11495472 total
: 104438K->14323K(109248K), 0.0103076 secs] 104438K->14323K(502464K), 0.0103866 secs] [Times: user=0.06 sys=0.00, real=0.01 secs] 
Heap after GC invocations=7 (full 1):
 par new generation   total 109248K, used 14323K [0x00000000e0000000, 0x00000000e8000000, 0x00000000e8000000)
  eden space 87424K,   0% used [0x00000000e0000000, 0x00000000e0000000, 0x00000000e5560000)
  from space 21824K,  65% used [0x00000000e6ab0000, 0x00000000e78acdd8, 0x00000000e8000000)
  to   space 21824K,   0% used [0x00000000e5560000, 0x00000000e5560000, 0x00000000e6ab0000)
 concurrent mark-sweep generation total 393216K, used 0K [0x00000000e8000000, 0x0000000100000000, 0x0000000100000000)
 Metaspace       used 22895K, capacity 23265K, committed 23624K, reserved 1071104K
  class space    used 2697K, capacity 2786K, committed 2888K, reserved 1048576K
}
2016-11-27T22:24:20.467+0530: 7.213: Total time for which application threads were stopped: 0.0105990 seconds, Stopping threads took: 0.0000491 seconds
{Heap before GC invocations=7 (full 1):
 par new generation   total 109248K, used 101747K [0x00000000e0000000, 0x00000000e8000000, 0x00000000e8000000)
  eden space 87424K, 100% used [0x00000000e0000000, 0x00000000e5560000, 0x00000000e5560000)
  from space 21824K,  65% used [0x00000000e6ab0000, 0x00000000e78acdd8, 0x00000000e8000000)
  to   space 21824K,   0% used [0x00000000e5560000, 0x00000000e5560000, 0x00000000e6ab0000)
 concurrent mark-sweep generation total 393216K, used 0K [0x00000000e8000000, 0x0000000100000000, 0x0000000100000000)
 Metaspace       used 23033K, capacity 23431K, committed 23624K, reserved 1071104K
  class space    used 2718K, capacity 2819K, committed 2888K, reserved 1048576K
2016-11-27T22:24:20.552+0530: 7.298: [GC (Allocation Failure) 2016-11-27T22:24:20.552+0530: 7.298: [ParNew
Desired survivor size 20112992 bytes, new threshold 8 (max 8)
- age   1:     984688 bytes,     984688 total
- age   2:      97880 bytes,    1082568 total
- age   3:     307792 bytes,    1390360 total
- age   4:      10024 bytes,    1400384 total
- age   5:      79960 bytes,    1480344 total
- age   6:    2471800 bytes,    3952144 total
- age   7:    2547216 bytes,    6499360 total
- age   8:    5106632 bytes,   11605992 total
: 101747K->17012K(109248K), 0.0105749 secs] 101747K->17012K(502464K), 0.0106749 secs] [Times: user=0.05 sys=0.00, real=0.01 secs] 
Heap after GC invocations=8 (full 1):
 par new generation   total 109248K, used 17012K [0x00000000e0000000, 0x00000000e8000000, 0x00000000e8000000)
  eden space 87424K,   0% used [0x00000000e0000000, 0x00000000e0000000, 0x00000000e5560000)
  from space 21824K,  77% used [0x00000000e5560000, 0x00000000e65fd398, 0x00000000e6ab0000)
  to   space 21824K,   0% used [0x00000000e6ab0000, 0x00000000e6ab0000, 0x00000000e8000000)
 concurrent mark-sweep generation total 393216K, used 0K [0x00000000e8000000, 0x0000000100000000, 0x0000000100000000)
 Metaspace       used 23033K, capacity 23431K, committed 23624K, reserved 1071104K
  class space    used 2718K, capacity 2819K, committed 2888K, reserved 1048576K
}
2016-11-27T22:24:20.563+0530: 7.309: Total time for which application threads were stopped: 0.0109230 seconds, Stopping threads took: 0.0000486 seconds
2016-11-27T22:24:20.632+0530: 7.378: Total time for which application threads were stopped: 0.0004525 seconds, Stopping threads took: 0.0003552 seconds
2016-11-27T22:24:20.632+0530: 7.378: Total time for which application threads were stopped: 0.0001183 seconds, Stopping threads took: 0.0000259 seconds
2016-11-27T22:24:20.719+0530: 7.465: Total time for which application threads were stopped: 0.0004154 seconds, Stopping threads took: 0.0000268 seconds
2016-11-27T22:24:20.731+0530: 7.477: Total time for which application threads were stopped: 0.0001129 seconds, Stopping threads took: 0.0000397 seconds
2016-11-27T22:24:20.732+0530: 7.478: Total time for which application threads were stopped: 0.0000669 seconds, Stopping threads took: 0.0000268 seconds
2016-11-27T22:24:20.844+0530: 7.590: Total time for which application threads were stopped: 0.0004926 seconds, Stopping threads took: 0.0000277 seconds
2016-11-27T22:24:21.085+0530: 7.830: Total time for which application threads were stopped: 0.0002071 seconds, Stopping threads took: 0.0000500 seconds
{Heap before GC invocations=8 (full 1):
 par new generation   total 109248K, used 104436K [0x00000000e0000000, 0x00000000e8000000, 0x00000000e8000000)
  eden space 87424K, 100% used [0x00000000e0000000, 0x00000000e5560000, 0x00000000e5560000)
  from space 21824K,  77% used [0x00000000e5560000, 0x00000000e65fd398, 0x00000000e6ab0000)
  to   space 21824K,   0% used [0x00000000e6ab0000, 0x00000000e6ab0000, 0x00000000e8000000)
 concurrent mark-sweep generation total 393216K, used 0K [0x00000000e8000000, 0x0000000100000000, 0x0000000100000000)
 Metaspace       used 24874K, capacity 25285K, committed 25672K, reserved 1071104K
  class space    used 2912K, capacity 3052K, committed 3144K, reserved 1048576K
2016-11-27T22:24:21.407+0530: 8.153: [GC (Allocation Failure) 2016-11-27T22:24:21.407+0530: 8.153: [ParNew
Desired survivor size 20112992 bytes, new threshold 8 (max 8)
- age   1:    3246512 bytes,    3246512 total
- age   2:     108216 bytes,    3354728 total
- age   3:      95960 bytes,    3450688 total
- age   4:     299536 bytes,    3750224 total
- age   5:       9952 bytes,    3760176 total
- age   6:      78032 bytes,    3838208 total
- age   7:     384296 bytes,    4222504 total
- age   8:    2525632 bytes,    6748136 total
: 104436K->10527K(109248K), 0.0254689 secs] 104436K->16006K(502464K), 0.0255609 secs] [Times: user=0.13 sys=0.00, real=0.02 secs] 
Heap after GC invocations=9 (full 1):
 par new generation   total 109248K, used 10527K [0x00000000e0000000, 0x00000000e8000000, 0x00000000e8000000)
  eden space 87424K,   0% used [0x00000000e0000000, 0x00000000e0000000, 0x00000000e5560000)
  from space 21824K,  48% used [0x00000000e6ab0000, 0x00000000e74f7e80, 0x00000000e8000000)
  to   space 21824K,   0% used [0x00000000e5560000, 0x00000000e5560000, 0x00000000e6ab0000)
 concurrent mark-sweep generation total 393216K, used 5479K [0x00000000e8000000, 0x0000000100000000, 0x0000000100000000)
 Metaspace       used 24874K, capacity 25285K, committed 25672K, reserved 1071104K
  class space    used 2912K, capacity 3052K, committed 3144K, reserved 1048576K
}
2016-11-27T22:24:21.432+0530: 8.178: Total time for which application threads were stopped: 0.0258594 seconds, Stopping threads took: 0.0001093 seconds
2016-11-27T22:24:21.465+0530: 8.211: Total time for which application threads were stopped: 0.0000901 seconds, Stopping threads took: 0.0000241 seconds
2016-11-27T22:24:21.466+0530: 8.212: Total time for which application threads were stopped: 0.0003673 seconds, Stopping threads took: 0.0000214 seconds
2016-11-27T22:24:21.468+0530: 8.214: Total time for which application threads were stopped: 0.0000781 seconds, Stopping threads took: 0.0000290 seconds
2016-11-27T22:24:21.486+0530: 8.232: Total time for which application threads were stopped: 0.0004721 seconds, Stopping threads took: 0.0000290 seconds
2016-11-27T22:24:21.554+0530: 8.300: Total time for which application threads were stopped: 0.0003811 seconds, Stopping threads took: 0.0000187 seconds
2016-11-27T22:24:21.578+0530: 8.324: Total time for which application threads were stopped: 0.0001013 seconds, Stopping threads took: 0.0000241 seconds
2016-11-27T22:24:21.588+0530: 8.334: Total time for which application threads were stopped: 0.0001477 seconds, Stopping threads took: 0.0000295 seconds
2016-11-27T22:24:21.590+0530: 8.336: Total time for which application threads were stopped: 0.0002030 seconds, Stopping threads took: 0.0001044 seconds
2016-11-27T22:24:21.595+0530: 8.340: Total time for which application threads were stopped: 0.0000754 seconds, Stopping threads took: 0.0000245 seconds
2016-11-27T22:24:21.595+0530: 8.341: Total time for which application threads were stopped: 0.0000634 seconds, Stopping threads took: 0.0000156 seconds
2016-11-27T22:24:21.812+0530: 8.558: Total time for which application threads were stopped: 0.0001272 seconds, Stopping threads took: 0.0000344 seconds
2016-11-27T22:24:21.832+0530: 8.578: Total time for which application threads were stopped: 0.0000995 seconds, Stopping threads took: 0.0000326 seconds
2016-11-27T22:24:21.867+0530: 8.613: Total time for which application threads were stopped: 0.0001798 seconds, Stopping threads took: 0.0000339 seconds
2016-11-27T22:24:21.872+0530: 8.618: Total time for which application threads were stopped: 0.0004275 seconds, Stopping threads took: 0.0002749 seconds
2016-11-27T22:24:21.897+0530: 8.643: Total time for which application threads were stopped: 0.0007189 seconds, Stopping threads took: 0.0006078 seconds
2016-11-27T22:24:21.917+0530: 8.663: Total time for which application threads were stopped: 0.0004868 seconds, Stopping threads took: 0.0000237 seconds
2016-11-27T22:24:21.917+0530: 8.663: Total time for which application threads were stopped: 0.0000946 seconds, Stopping threads took: 0.0000170 seconds
2016-11-27T22:24:21.918+0530: 8.663: Total time for which application threads were stopped: 0.0000901 seconds, Stopping threads took: 0.0000210 seconds
2016-11-27T22:24:21.919+0530: 8.665: Total time for which application threads were stopped: 0.0001209 seconds, Stopping threads took: 0.0000344 seconds
{Heap before GC invocations=9 (full 1):
 par new generation   total 109248K, used 97951K [0x00000000e0000000, 0x00000000e8000000, 0x00000000e8000000)
  eden space 87424K, 100% used [0x00000000e0000000, 0x00000000e5560000, 0x00000000e5560000)
  from space 21824K,  48% used [0x00000000e6ab0000, 0x00000000e74f7e80, 0x00000000e8000000)
  to   space 21824K,   0% used [0x00000000e5560000, 0x00000000e5560000, 0x00000000e6ab0000)
 concurrent mark-sweep generation total 393216K, used 5479K [0x00000000e8000000, 0x0000000100000000, 0x0000000100000000)
 Metaspace       used 28345K, capacity 28735K, committed 28872K, reserved 1075200K
  class space    used 3372K, capacity 3519K, committed 3528K, reserved 1048576K
2016-11-27T22:24:22.021+0530: 8.767: [GC (Allocation Failure) 2016-11-27T22:24:22.021+0530: 8.767: [ParNew
Desired survivor size 20112992 bytes, new threshold 8 (max 8)
- age   1:    4510840 bytes,    4510840 total
- age   2:    1749880 bytes,    6260720 total
- age   3:     108152 bytes,    6368872 total
- age   4:      95272 bytes,    6464144 total
- age   5:     297224 bytes,    6761368 total
- age   6:       9952 bytes,    6771320 total
- age   7:      75392 bytes,    6846712 total
- age   8:     378648 bytes,    7225360 total
: 97951K->8277K(109248K), 0.0130006 secs] 103430K->16236K(502464K), 0.0131002 secs] [Times: user=0.05 sys=0.00, real=0.01 secs] 
Heap after GC invocations=10 (full 1):
 par new generation   total 109248K, used 8277K [0x00000000e0000000, 0x00000000e8000000, 0x00000000e8000000)
  eden space 87424K,   0% used [0x00000000e0000000, 0x00000000e0000000, 0x00000000e5560000)
  from space 21824K,  37% used [0x00000000e5560000, 0x00000000e5d755e0, 0x00000000e6ab0000)
  to   space 21824K,   0% used [0x00000000e6ab0000, 0x00000000e6ab0000, 0x00000000e8000000)
 concurrent mark-sweep generation total 393216K, used 7959K [0x00000000e8000000, 0x0000000100000000, 0x0000000100000000)
 Metaspace       used 28345K, capacity 28735K, committed 28872K, reserved 1075200K
  class space    used 3372K, capacity 3519K, committed 3528K, reserved 1048576K
}
2016-11-27T22:24:22.035+0530: 8.780: Total time for which application threads were stopped: 0.0139971 seconds, Stopping threads took: 0.0004337 seconds
2016-11-27T22:24:22.184+0530: 8.930: Total time for which application threads were stopped: 0.0062848 seconds, Stopping threads took: 0.0061000 seconds
2016-11-27T22:24:22.185+0530: 8.931: Total time for which application threads were stopped: 0.0001415 seconds, Stopping threads took: 0.0000330 seconds
2016-11-27T22:24:22.189+0530: 8.935: Total time for which application threads were stopped: 0.0001312 seconds, Stopping threads took: 0.0000263 seconds
2016-11-27T22:24:22.190+0530: 8.936: Total time for which application threads were stopped: 0.0001669 seconds, Stopping threads took: 0.0000741 seconds
2016-11-27T22:24:22.206+0530: 8.952: Total time for which application threads were stopped: 0.0019942 seconds, Stopping threads took: 0.0018822 seconds
2016-11-27T22:24:22.215+0530: 8.961: Total time for which application threads were stopped: 0.0001508 seconds, Stopping threads took: 0.0000303 seconds
2016-11-27T22:24:22.233+0530: 8.979: Total time for which application threads were stopped: 0.0001673 seconds, Stopping threads took: 0.0000406 seconds
2016-11-27T22:24:22.252+0530: 8.998: Total time for which application threads were stopped: 0.0012164 seconds, Stopping threads took: 0.0010937 seconds
2016-11-27T22:24:22.293+0530: 9.038: Total time for which application threads were stopped: 0.0006096 seconds, Stopping threads took: 0.0000361 seconds
2016-11-27T22:24:22.294+0530: 9.040: Total time for which application threads were stopped: 0.0002030 seconds, Stopping threads took: 0.0001017 seconds
2016-11-27T22:24:22.404+0530: 9.150: Total time for which application threads were stopped: 0.0052562 seconds, Stopping threads took: 0.0047515 seconds
2016-11-27T22:24:22.442+0530: 9.187: Total time for which application threads were stopped: 0.0005797 seconds, Stopping threads took: 0.0000259 seconds
2016-11-27T22:24:22.586+0530: 9.331: Total time for which application threads were stopped: 0.0001513 seconds, Stopping threads took: 0.0000272 seconds
2016-11-27T22:24:22.746+0530: 9.491: Total time for which application threads were stopped: 0.0028889 seconds, Stopping threads took: 0.0027211 seconds
2016-11-27T22:24:22.762+0530: 9.507: Total time for which application threads were stopped: 0.0002013 seconds, Stopping threads took: 0.0000433 seconds
2016-11-27T22:24:22.999+0530: 9.745: Total time for which application threads were stopped: 0.0050813 seconds, Stopping threads took: 0.0049068 seconds
2016-11-27T22:24:23.004+0530: 9.750: Total time for which application threads were stopped: 0.0026439 seconds, Stopping threads took: 0.0024922 seconds
2016-11-27T22:24:23.007+0530: 9.753: Total time for which application threads were stopped: 0.0001307 seconds, Stopping threads took: 0.0000326 seconds
2016-11-27T22:24:23.010+0530: 9.755: Total time for which application threads were stopped: 0.0001357 seconds, Stopping threads took: 0.0000357 seconds
2016-11-27T22:24:23.021+0530: 9.767: Total time for which application threads were stopped: 0.0031192 seconds, Stopping threads took: 0.0029974 seconds
2016-11-27T22:24:23.050+0530: 9.796: Total time for which application threads were stopped: 0.0044646 seconds, Stopping threads took: 0.0043468 seconds
2016-11-27T22:24:23.108+0530: 9.854: Total time for which application threads were stopped: 0.0068979 seconds, Stopping threads took: 0.0067944 seconds
2016-11-27T22:24:23.133+0530: 9.879: Total time for which application threads were stopped: 0.0038867 seconds, Stopping threads took: 0.0037979 seconds
2016-11-27T22:24:23.171+0530: 9.916: Total time for which application threads were stopped: 0.0045770 seconds, Stopping threads took: 0.0044396 seconds
2016-11-27T22:24:23.232+0530: 9.978: Total time for which application threads were stopped: 0.0004168 seconds, Stopping threads took: 0.0001401 seconds
{Heap before GC invocations=10 (full 1):
 par new generation   total 109248K, used 95701K [0x00000000e0000000, 0x00000000e8000000, 0x00000000e8000000)
  eden space 87424K, 100% used [0x00000000e0000000, 0x00000000e5560000, 0x00000000e5560000)
  from space 21824K,  37% used [0x00000000e5560000, 0x00000000e5d755e0, 0x00000000e6ab0000)
  to   space 21824K,   0% used [0x00000000e6ab0000, 0x00000000e6ab0000, 0x00000000e8000000)
 concurrent mark-sweep generation total 393216K, used 7959K [0x00000000e8000000, 0x0000000100000000, 0x0000000100000000)
 Metaspace       used 30866K, capacity 31409K, committed 31816K, reserved 1077248K
  class space    used 3647K, capacity 3813K, committed 3912K, reserved 1048576K
2016-11-27T22:24:23.311+0530: 10.057: [GC (Allocation Failure) 2016-11-27T22:24:23.311+0530: 10.057: [ParNew
Desired survivor size 20112992 bytes, new threshold 8 (max 8)
- age   1:   11344800 bytes,   11344800 total
- age   2:    1445696 bytes,   12790496 total
- age   3:    1727192 bytes,   14517688 total
- age   4:     107864 bytes,   14625552 total
- age   5:      95144 bytes,   14720696 total
- age   6:     295896 bytes,   15016592 total
- age   7:       9952 bytes,   15026544 total
- age   8:      74752 bytes,   15101296 total
: 95701K->19292K(109248K), 0.0183367 secs] 103660K->27625K(502464K), 0.0184528 secs] [Times: user=0.05 sys=0.00, real=0.02 secs] 
Heap after GC invocations=11 (full 1):
 par new generation   total 109248K, used 19292K [0x00000000e0000000, 0x00000000e8000000, 0x00000000e8000000)
  eden space 87424K,   0% used [0x00000000e0000000, 0x00000000e0000000, 0x00000000e5560000)
  from space 21824K,  88% used [0x00000000e6ab0000, 0x00000000e7d87340, 0x00000000e8000000)
  to   space 21824K,   0% used [0x00000000e5560000, 0x00000000e5560000, 0x00000000e6ab0000)
 concurrent mark-sweep generation total 393216K, used 8332K [0x00000000e8000000, 0x0000000100000000, 0x0000000100000000)
 Metaspace       used 30866K, capacity 31409K, committed 31816K, reserved 1077248K
  class space    used 3647K, capacity 3813K, committed 3912K, reserved 1048576K
}
2016-11-27T22:24:23.329+0530: 10.075: Total time for which application threads were stopped: 0.0230999 seconds, Stopping threads took: 0.0043798 seconds
2016-11-27T22:24:23.330+0530: 10.076: Total time for which application threads were stopped: 0.0006569 seconds, Stopping threads took: 0.0005480 seconds
2016-11-27T22:24:23.336+0530: 10.081: Total time for which application threads were stopped: 0.0044517 seconds, Stopping threads took: 0.0036288 seconds
2016-11-27T22:24:23.429+0530: 10.174: Total time for which application threads were stopped: 0.0028082 seconds, Stopping threads took: 0.0026498 seconds
{Heap before GC invocations=11 (full 1):
 par new generation   total 109248K, used 106716K [0x00000000e0000000, 0x00000000e8000000, 0x00000000e8000000)
  eden space 87424K, 100% used [0x00000000e0000000, 0x00000000e5560000, 0x00000000e5560000)
  from space 21824K,  88% used [0x00000000e6ab0000, 0x00000000e7d87340, 0x00000000e8000000)
  to   space 21824K,   0% used [0x00000000e5560000, 0x00000000e5560000, 0x00000000e6ab0000)
 concurrent mark-sweep generation total 393216K, used 8332K [0x00000000e8000000, 0x0000000100000000, 0x0000000100000000)
 Metaspace       used 30918K, capacity 31521K, committed 31816K, reserved 1077248K
  class space    used 3652K, capacity 3821K, committed 3912K, reserved 1048576K
2016-11-27T22:24:23.480+0530: 10.226: [GC (Allocation Failure) 2016-11-27T22:24:23.481+0530: 10.226: [ParNew
Desired survivor size 20112992 bytes, new threshold 8 (max 8)
- age   1:     876984 bytes,     876984 total
- age   2:    8757592 bytes,    9634576 total
- age   3:    1443944 bytes,   11078520 total
- age   4:    1723336 bytes,   12801856 total
- age   5:     107864 bytes,   12909720 total
- age   6:      95144 bytes,   13004864 total
- age   7:     295896 bytes,   13300760 total
- age   8:       9952 bytes,   13310712 total
: 106716K->15782K(109248K), 0.0149511 secs] 115049K->24190K(502464K), 0.0150636 secs] [Times: user=0.06 sys=0.00, real=0.02 secs] 
Heap after GC invocations=12 (full 1):
 par new generation   total 109248K, used 15782K [0x00000000e0000000, 0x00000000e8000000, 0x00000000e8000000)
  eden space 87424K,   0% used [0x00000000e0000000, 0x00000000e0000000, 0x00000000e5560000)
  from space 21824K,  72% used [0x00000000e5560000, 0x00000000e64c98d0, 0x00000000e6ab0000)
  to   space 21824K,   0% used [0x00000000e6ab0000, 0x00000000e6ab0000, 0x00000000e8000000)
 concurrent mark-sweep generation total 393216K, used 8408K [0x00000000e8000000, 0x0000000100000000, 0x0000000100000000)
 Metaspace       used 30918K, capacity 31521K, committed 31816K, reserved 1077248K
  class space    used 3652K, capacity 3821K, committed 3912K, reserved 1048576K
}
2016-11-27T22:24:23.496+0530: 10.241: Total time for which application threads were stopped: 0.0153760 seconds, Stopping threads took: 0.0000281 seconds
2016-11-27T22:24:23.918+0530: 10.664: Total time for which application threads were stopped: 0.0001526 seconds, Stopping threads took: 0.0000259 seconds
2016-11-27T22:24:23.933+0530: 10.678: Total time for which application threads were stopped: 0.0001040 seconds, Stopping threads took: 0.0000317 seconds
2016-11-27T22:24:24.109+0530: 10.855: Total time for which application threads were stopped: 0.0000942 seconds, Stopping threads took: 0.0000214 seconds
{Heap before GC invocations=12 (full 1):
 par new generation   total 109248K, used 103206K [0x00000000e0000000, 0x00000000e8000000, 0x00000000e8000000)
  eden space 87424K, 100% used [0x00000000e0000000, 0x00000000e5560000, 0x00000000e5560000)
  from space 21824K,  72% used [0x00000000e5560000, 0x00000000e64c98d0, 0x00000000e6ab0000)
  to   space 21824K,   0% used [0x00000000e6ab0000, 0x00000000e6ab0000, 0x00000000e8000000)
 concurrent mark-sweep generation total 393216K, used 8408K [0x00000000e8000000, 0x0000000100000000, 0x0000000100000000)
 Metaspace       used 31145K, capacity 31701K, committed 32072K, reserved 1077248K
  class space    used 3666K, capacity 3840K, committed 3912K, reserved 1048576K
2016-11-27T22:24:27.393+0530: 14.139: [GC (Allocation Failure) 2016-11-27T22:24:27.393+0530: 14.139: [ParNew
Desired survivor size 20112992 bytes, new threshold 8 (max 8)
- age   1:    3331352 bytes,    3331352 total
- age   2:     145664 bytes,    3477016 total
- age   3:    8743464 bytes,   12220480 total
- age   4:    1442568 bytes,   13663048 total
- age   5:    1723016 bytes,   15386064 total
- age   6:     107864 bytes,   15493928 total
- age   7:      95040 bytes,   15588968 total
- age   8:     295896 bytes,   15884864 total
: 103206K->20129K(109248K), 0.0198281 secs] 111614K->28548K(502464K), 0.0200110 secs] [Times: user=0.05 sys=0.00, real=0.02 secs] 
Heap after GC invocations=13 (full 1):
 par new generation   total 109248K, used 20129K [0x00000000e0000000, 0x00000000e8000000, 0x00000000e8000000)
  eden space 87424K,   0% used [0x00000000e0000000, 0x00000000e0000000, 0x00000000e5560000)
  from space 21824K,  92% used [0x00000000e6ab0000, 0x00000000e7e58698, 0x00000000e8000000)
  to   space 21824K,   0% used [0x00000000e5560000, 0x00000000e5560000, 0x00000000e6ab0000)
 concurrent mark-sweep generation total 393216K, used 8418K [0x00000000e8000000, 0x0000000100000000, 0x0000000100000000)
 Metaspace       used 31145K, capacity 31701K, committed 32072K, reserved 1077248K
  class space    used 3666K, capacity 3840K, committed 3912K, reserved 1048576K
}
2016-11-27T22:24:27.413+0530: 14.159: Total time for which application threads were stopped: 0.0203519 seconds, Stopping threads took: 0.0000348 seconds
2016-11-27T22:24:27.413+0530: 14.159: Total time for which application threads were stopped: 0.0000469 seconds, Stopping threads took: 0.0000112 seconds
2016-11-27T22:24:27.414+0530: 14.159: Total time for which application threads were stopped: 0.0000870 seconds, Stopping threads took: 0.0000089 seconds
2016-11-27T22:24:27.545+0530: 14.291: Total time for which application threads were stopped: 0.0001963 seconds, Stopping threads took: 0.0000937 seconds
2016-11-27T22:24:27.546+0530: 14.292: Total time for which application threads were stopped: 0.0001281 seconds, Stopping threads took: 0.0000397 seconds
2016-11-27T22:24:27.547+0530: 14.293: Total time for which application threads were stopped: 0.0001267 seconds, Stopping threads took: 0.0000652 seconds
2016-11-27T22:24:27.547+0530: 14.293: Total time for which application threads were stopped: 0.0000589 seconds, Stopping threads took: 0.0000125 seconds
2016-11-27T22:24:28.292+0530: 15.038: Total time for which application threads were stopped: 0.0000986 seconds, Stopping threads took: 0.0000281 seconds
2016-11-27T22:24:28.306+0530: 15.052: Total time for which application threads were stopped: 0.0000866 seconds, Stopping threads took: 0.0000228 seconds
2016-11-27T22:24:28.307+0530: 15.053: Total time for which application threads were stopped: 0.0000486 seconds, Stopping threads took: 0.0000152 seconds
2016-11-27T22:24:28.307+0530: 15.053: Total time for which application threads were stopped: 0.0000437 seconds, Stopping threads took: 0.0000094 seconds
2016-11-27T22:24:28.307+0530: 15.053: Total time for which application threads were stopped: 0.0000411 seconds, Stopping threads took: 0.0000143 seconds
2016-11-27T22:24:28.307+0530: 15.053: Total time for which application threads were stopped: 0.0000446 seconds, Stopping threads took: 0.0000094 seconds
2016-11-27T22:24:28.308+0530: 15.054: Total time for which application threads were stopped: 0.0001040 seconds, Stopping threads took: 0.0000241 seconds
2016-11-27T22:24:28.308+0530: 15.054: Total time for which application threads were stopped: 0.0000535 seconds, Stopping threads took: 0.0000120 seconds
2016-11-27T22:24:28.308+0530: 15.054: Total time for which application threads were stopped: 0.0000460 seconds, Stopping threads took: 0.0000089 seconds
2016-11-27T22:24:28.308+0530: 15.054: Total time for which application threads were stopped: 0.0000406 seconds, Stopping threads took: 0.0000080 seconds
2016-11-27T22:24:28.308+0530: 15.054: Total time for which application threads were stopped: 0.0000509 seconds, Stopping threads took: 0.0000147 seconds
2016-11-27T22:24:28.308+0530: 15.054: Total time for which application threads were stopped: 0.0000402 seconds, Stopping threads took: 0.0000080 seconds
2016-11-27T22:24:28.308+0530: 15.054: Total time for which application threads were stopped: 0.0000473 seconds, Stopping threads took: 0.0000156 seconds
2016-11-27T22:24:28.308+0530: 15.054: Total time for which application threads were stopped: 0.0000482 seconds, Stopping threads took: 0.0000138 seconds
2016-11-27T22:24:28.322+0530: 15.068: Total time for which application threads were stopped: 0.0001281 seconds, Stopping threads took: 0.0000366 seconds
2016-11-27T22:24:28.327+0530: 15.073: Total time for which application threads were stopped: 0.0005872 seconds, Stopping threads took: 0.0000321 seconds
2016-11-27T22:24:28.328+0530: 15.074: Total time for which application threads were stopped: 0.0000924 seconds, Stopping threads took: 0.0000286 seconds
2016-11-27T22:24:28.345+0530: 15.091: Total time for which application threads were stopped: 0.0001133 seconds, Stopping threads took: 0.0000317 seconds
2016-11-27T22:24:28.346+0530: 15.092: Total time for which application threads were stopped: 0.0001049 seconds, Stopping threads took: 0.0000339 seconds
2016-11-27T22:24:28.346+0530: 15.092: Total time for which application threads were stopped: 0.0000558 seconds, Stopping threads took: 0.0000165 seconds
2016-11-27T22:24:28.347+0530: 15.093: Total time for which application threads were stopped: 0.0001214 seconds, Stopping threads took: 0.0000361 seconds
2016-11-27T22:24:28.347+0530: 15.093: Total time for which application threads were stopped: 0.0000402 seconds, Stopping threads took: 0.0000098 seconds
2016-11-27T22:24:28.347+0530: 15.093: Total time for which application threads were stopped: 0.0000348 seconds, Stopping threads took: 0.0000076 seconds
2016-11-27T22:24:28.347+0530: 15.093: Total time for which application threads were stopped: 0.0000411 seconds, Stopping threads took: 0.0000125 seconds
2016-11-27T22:24:28.347+0530: 15.093: Total time for which application threads were stopped: 0.0000353 seconds, Stopping threads took: 0.0000080 seconds
2016-11-27T22:24:28.347+0530: 15.093: Total time for which application threads were stopped: 0.0000370 seconds, Stopping threads took: 0.0000089 seconds
2016-11-27T22:24:28.347+0530: 15.093: Total time for which application threads were stopped: 0.0000357 seconds, Stopping threads took: 0.0000076 seconds
2016-11-27T22:24:28.348+0530: 15.093: Total time for which application threads were stopped: 0.0000446 seconds, Stopping threads took: 0.0000147 seconds
2016-11-27T22:24:28.348+0530: 15.094: Total time for which application threads were stopped: 0.0000419 seconds, Stopping threads took: 0.0000138 seconds
2016-11-27T22:24:28.348+0530: 15.094: Total time for which application threads were stopped: 0.0000353 seconds, Stopping threads took: 0.0000085 seconds
2016-11-27T22:24:28.348+0530: 15.094: Total time for which application threads were stopped: 0.0000348 seconds, Stopping threads took: 0.0000089 seconds
2016-11-27T22:24:28.348+0530: 15.094: Total time for which application threads were stopped: 0.0000477 seconds, Stopping threads took: 0.0000174 seconds
2016-11-27T22:24:28.348+0530: 15.094: Total time for which application threads were stopped: 0.0000370 seconds, Stopping threads took: 0.0000080 seconds
2016-11-27T22:24:28.348+0530: 15.094: Total time for which application threads were stopped: 0.0000353 seconds, Stopping threads took: 0.0000085 seconds
2016-11-27T22:24:28.348+0530: 15.094: Total time for which application threads were stopped: 0.0000366 seconds, Stopping threads took: 0.0000085 seconds
2016-11-27T22:24:28.348+0530: 15.094: Total time for which application threads were stopped: 0.0000393 seconds, Stopping threads took: 0.0000089 seconds
2016-11-27T22:24:28.348+0530: 15.094: Total time for which application threads were stopped: 0.0000393 seconds, Stopping threads took: 0.0000103 seconds
2016-11-27T22:24:28.348+0530: 15.094: Total time for which application threads were stopped: 0.0000353 seconds, Stopping threads took: 0.0000080 seconds
2016-11-27T22:24:28.349+0530: 15.095: Total time for which application threads were stopped: 0.0002146 seconds, Stopping threads took: 0.0000085 seconds
2016-11-27T22:24:28.349+0530: 15.095: Total time for which application threads were stopped: 0.0000558 seconds, Stopping threads took: 0.0000116 seconds
2016-11-27T22:24:28.349+0530: 15.095: Total time for which application threads were stopped: 0.0000370 seconds, Stopping threads took: 0.0000085 seconds
2016-11-27T22:24:28.349+0530: 15.095: Total time for which application threads were stopped: 0.0000375 seconds, Stopping threads took: 0.0000089 seconds
2016-11-27T22:24:28.349+0530: 15.095: Total time for which application threads were stopped: 0.0000763 seconds, Stopping threads took: 0.0000178 seconds
2016-11-27T22:24:28.349+0530: 15.095: Total time for which application threads were stopped: 0.0000531 seconds, Stopping threads took: 0.0000089 seconds
2016-11-27T22:24:28.350+0530: 15.096: Total time for which application threads were stopped: 0.0001044 seconds, Stopping threads took: 0.0000290 seconds
2016-11-27T22:24:28.357+0530: 15.103: Total time for which application threads were stopped: 0.0001165 seconds, Stopping threads took: 0.0000312 seconds
2016-11-27T22:24:29.358+0530: 16.103: Total time for which application threads were stopped: 0.0001339 seconds, Stopping threads took: 0.0000344 seconds
2016-11-27T22:24:30.358+0530: 17.103: Total time for which application threads were stopped: 0.0000870 seconds, Stopping threads took: 0.0000250 seconds
2016-11-27T22:24:34.358+0530: 21.103: Total time for which application threads were stopped: 0.0000790 seconds, Stopping threads took: 0.0000232 seconds
2016-11-27T22:24:34.403+0530: 21.148: Total time for which application threads were stopped: 0.0001187 seconds, Stopping threads took: 0.0000263 seconds
2016-11-27T22:24:34.403+0530: 21.148: Total time for which application threads were stopped: 0.0000509 seconds, Stopping threads took: 0.0000107 seconds
2016-11-27T22:24:34.403+0530: 21.148: Total time for which application threads were stopped: 0.0000732 seconds, Stopping threads took: 0.0000214 seconds
2016-11-27T22:24:34.403+0530: 21.149: Total time for which application threads were stopped: 0.0000754 seconds, Stopping threads took: 0.0000183 seconds
2016-11-27T22:24:34.403+0530: 21.149: Total time for which application threads were stopped: 0.0000549 seconds, Stopping threads took: 0.0000129 seconds
2016-11-27T22:24:34.404+0530: 21.149: Total time for which application threads were stopped: 0.0000531 seconds, Stopping threads took: 0.0000125 seconds
2016-11-27T22:24:34.404+0530: 21.149: Total time for which application threads were stopped: 0.0000933 seconds, Stopping threads took: 0.0000544 seconds
2016-11-27T22:24:34.404+0530: 21.149: Total time for which application threads were stopped: 0.0000455 seconds, Stopping threads took: 0.0000143 seconds
2016-11-27T22:24:34.404+0530: 21.149: Total time for which application threads were stopped: 0.0000549 seconds, Stopping threads took: 0.0000170 seconds
2016-11-27T22:24:34.404+0530: 21.149: Total time for which application threads were stopped: 0.0000491 seconds, Stopping threads took: 0.0000143 seconds
2016-11-27T22:24:34.404+0530: 21.149: Total time for which application threads were stopped: 0.0000500 seconds, Stopping threads took: 0.0000138 seconds
2016-11-27T22:24:34.404+0530: 21.149: Total time for which application threads were stopped: 0.0000473 seconds, Stopping threads took: 0.0000165 seconds
2016-11-27T22:24:34.404+0530: 21.149: Total time for which application threads were stopped: 0.0000477 seconds, Stopping threads took: 0.0000170 seconds
2016-11-27T22:24:34.404+0530: 21.150: Total time for which application threads were stopped: 0.0000379 seconds, Stopping threads took: 0.0000112 seconds
2016-11-27T22:24:34.404+0530: 21.150: Total time for which application threads were stopped: 0.0000433 seconds, Stopping threads took: 0.0000147 seconds
2016-11-27T22:24:34.404+0530: 21.150: Total time for which application threads were stopped: 0.0000585 seconds, Stopping threads took: 0.0000196 seconds
2016-11-27T22:24:34.405+0530: 21.150: Total time for which application threads were stopped: 0.0000522 seconds, Stopping threads took: 0.0000161 seconds
2016-11-27T22:24:34.405+0530: 21.150: Total time for which application threads were stopped: 0.0000504 seconds, Stopping threads took: 0.0000152 seconds
2016-11-27T22:24:34.405+0530: 21.150: Total time for which application threads were stopped: 0.0000415 seconds, Stopping threads took: 0.0000094 seconds
2016-11-27T22:24:34.405+0530: 21.150: Total time for which application threads were stopped: 0.0002396 seconds, Stopping threads took: 0.0000134 seconds
2016-11-27T22:24:34.425+0530: 21.170: Total time for which application threads were stopped: 0.0001423 seconds, Stopping threads took: 0.0000678 seconds
2016-11-27T22:24:34.425+0530: 21.170: Total time for which application threads were stopped: 0.0000884 seconds, Stopping threads took: 0.0000152 seconds
2016-11-27T22:24:34.466+0530: 21.211: Total time for which application threads were stopped: 0.0001910 seconds, Stopping threads took: 0.0001013 seconds
2016-11-27T22:24:34.547+0530: 21.293: Total time for which application threads were stopped: 0.0012057 seconds, Stopping threads took: 0.0000763 seconds
2016-11-27T22:24:35.547+0530: 22.292: Total time for which application threads were stopped: 0.0001044 seconds, Stopping threads took: 0.0000286 seconds
2016-11-27T22:24:36.613+0530: 23.358: Total time for which application threads were stopped: 0.0005176 seconds, Stopping threads took: 0.0000228 seconds
2016-11-27T22:24:37.613+0530: 24.358: Total time for which application threads were stopped: 0.0001058 seconds, Stopping threads took: 0.0000321 seconds
2016-11-27T22:24:38.066+0530: 24.811: Total time for which application threads were stopped: 0.0008791 seconds, Stopping threads took: 0.0000464 seconds
2016-11-27T22:24:39.066+0530: 25.811: Total time for which application threads were stopped: 0.0001566 seconds, Stopping threads took: 0.0000433 seconds
2016-11-27T22:24:41.066+0530: 27.811: Total time for which application threads were stopped: 0.0001321 seconds, Stopping threads took: 0.0000348 seconds
2016-11-27T22:24:42.066+0530: 28.811: Total time for which application threads were stopped: 0.0001606 seconds, Stopping threads took: 0.0000419 seconds
2016-11-27T22:24:43.066+0530: 29.811: Total time for which application threads were stopped: 0.0000826 seconds, Stopping threads took: 0.0000268 seconds
2016-11-27T22:24:44.066+0530: 30.811: Total time for which application threads were stopped: 0.0001000 seconds, Stopping threads took: 0.0000245 seconds
2016-11-27T22:24:45.066+0530: 31.811: Total time for which application threads were stopped: 0.0000843 seconds, Stopping threads took: 0.0000228 seconds
2016-11-27T22:24:50.067+0530: 36.811: Total time for which application threads were stopped: 0.0001067 seconds, Stopping threads took: 0.0000321 seconds
2016-11-27T22:24:53.067+0530: 39.811: Total time for which application threads were stopped: 0.0000870 seconds, Stopping threads took: 0.0000237 seconds
2016-11-27T22:25:12.068+0530: 58.812: Total time for which application threads were stopped: 0.0000977 seconds, Stopping threads took: 0.0000286 seconds
{Heap before GC invocations=13 (full 1):
 par new generation   total 109248K, used 107553K [0x00000000e0000000, 0x00000000e8000000, 0x00000000e8000000)
  eden space 87424K, 100% used [0x00000000e0000000, 0x00000000e5560000, 0x00000000e5560000)
  from space 21824K,  92% used [0x00000000e6ab0000, 0x00000000e7e58698, 0x00000000e8000000)
  to   space 21824K,   0% used [0x00000000e5560000, 0x00000000e5560000, 0x00000000e6ab0000)
 concurrent mark-sweep generation total 393216K, used 8418K [0x00000000e8000000, 0x0000000100000000, 0x0000000100000000)
 Metaspace       used 33994K, capacity 34539K, committed 34888K, reserved 1079296K
  class space    used 3949K, capacity 4101K, committed 4168K, reserved 1048576K
2016-11-27T22:25:17.665+0530: 64.410: [GC (Allocation Failure) 2016-11-27T22:25:17.666+0530: 64.410: [ParNew
Desired survivor size 20112992 bytes, new threshold 5 (max 8)
- age   1:    6939472 bytes,    6939472 total
- age   2:    3206216 bytes,   10145688 total
- age   3:     145536 bytes,   10291224 total
- age   4:    8706768 bytes,   18997992 total
- age   5:    1355408 bytes,   20353400 total
- age   6:    1720016 bytes,   22073416 total
- age   7:     107480 bytes,   22180896 total
- age   8:      94560 bytes,   22275456 total
: 107553K->21824K(109248K), 0.1591224 secs] 115972K->71712K(502464K), 0.1592380 secs] [Times: user=0.50 sys=0.01, real=0.16 secs] 
Heap after GC invocations=14 (full 1):
 par new generation   total 109248K, used 21824K [0x00000000e0000000, 0x00000000e8000000, 0x00000000e8000000)
  eden space 87424K,   0% used [0x00000000e0000000, 0x00000000e0000000, 0x00000000e5560000)
  from space 21824K, 100% used [0x00000000e5560000, 0x00000000e6ab0000, 0x00000000e6ab0000)
  to   space 21824K,   0% used [0x00000000e6ab0000, 0x00000000e6ab0000, 0x00000000e8000000)
 concurrent mark-sweep generation total 393216K, used 49888K [0x00000000e8000000, 0x0000000100000000, 0x0000000100000000)
 Metaspace       used 33994K, capacity 34539K, committed 34888K, reserved 1079296K
  class space    used 3949K, capacity 4101K, committed 4168K, reserved 1048576K
}
2016-11-27T22:25:17.825+0530: 64.569: Total time for which application threads were stopped: 0.1594562 seconds, Stopping threads took: 0.0000299 seconds
2016-11-27T22:25:17.825+0530: 64.570: Total time for which application threads were stopped: 0.0001241 seconds, Stopping threads took: 0.0000339 seconds
2016-11-27T22:25:18.825+0530: 65.569: Total time for which application threads were stopped: 0.0000848 seconds, Stopping threads took: 0.0000228 seconds
2016-11-27T22:25:19.825+0530: 66.569: Total time for which application threads were stopped: 0.0001789 seconds, Stopping threads took: 0.0000424 seconds
2016-11-27T22:25:33.826+0530: 80.570: Total time for which application threads were stopped: 0.0000892 seconds, Stopping threads took: 0.0000241 seconds
{Heap before GC invocations=14 (full 1):
 par new generation   total 109248K, used 109248K [0x00000000e0000000, 0x00000000e8000000, 0x00000000e8000000)
  eden space 87424K, 100% used [0x00000000e0000000, 0x00000000e5560000, 0x00000000e5560000)
  from space 21824K, 100% used [0x00000000e5560000, 0x00000000e6ab0000, 0x00000000e6ab0000)
  to   space 21824K,   0% used [0x00000000e6ab0000, 0x00000000e6ab0000, 0x00000000e8000000)
 concurrent mark-sweep generation total 393216K, used 49888K [0x00000000e8000000, 0x0000000100000000, 0x0000000100000000)
 Metaspace       used 33995K, capacity 34539K, committed 34888K, reserved 1079296K
  class space    used 3949K, capacity 4101K, committed 4168K, reserved 1048576K
2016-11-27T22:25:45.282+0530: 92.026: [GC (Allocation Failure) 2016-11-27T22:25:45.282+0530: 92.026: [ParNew
Desired survivor size 20112992 bytes, new threshold 5 (max 8)
- age   1:    4334200 bytes,    4334200 total
- age   2:    5954904 bytes,   10289104 total
- age   3:    3206184 bytes,   13495288 total
- age   4:     145536 bytes,   13640824 total
- age   5:    8706768 bytes,   22347592 total
: 109248K->21824K(109248K), 0.2284872 secs] 159136K->134209K(502464K), 0.2285751 secs] [Times: user=0.53 sys=0.03, real=0.23 secs] 
Heap after GC invocations=15 (full 1):
 par new generation   total 109248K, used 21824K [0x00000000e0000000, 0x00000000e8000000, 0x00000000e8000000)
  eden space 87424K,   0% used [0x00000000e0000000, 0x00000000e0000000, 0x00000000e5560000)
  from space 21824K, 100% used [0x00000000e6ab0000, 0x00000000e8000000, 0x00000000e8000000)
  to   space 21824K,   0% used [0x00000000e5560000, 0x00000000e5560000, 0x00000000e6ab0000)
 concurrent mark-sweep generation total 393216K, used 112385K [0x00000000e8000000, 0x0000000100000000, 0x0000000100000000)
 Metaspace       used 33995K, capacity 34539K, committed 34888K, reserved 1079296K
  class space    used 3949K, capacity 4101K, committed 4168K, reserved 1048576K
}
2016-11-27T22:25:45.511+0530: 92.254: Total time for which application threads were stopped: 0.2287857 seconds, Stopping threads took: 0.0000187 seconds
2016-11-27T22:26:02.512+0530: 109.255: Total time for which application threads were stopped: 0.0001241 seconds, Stopping threads took: 0.0000366 seconds
2016-11-27T22:26:09.177+0530: 115.920: Total time for which application threads were stopped: 0.0005502 seconds, Stopping threads took: 0.0000977 seconds
2016-11-27T22:26:09.178+0530: 115.921: Total time for which application threads were stopped: 0.0004021 seconds, Stopping threads took: 0.0000165 seconds
2016-11-27T22:26:09.552+0530: 116.295: Total time for which application threads were stopped: 0.0001870 seconds, Stopping threads took: 0.0000339 seconds
{Heap before GC invocations=15 (full 1):
 par new generation   total 109248K, used 109248K [0x00000000e0000000, 0x00000000e8000000, 0x00000000e8000000)
  eden space 87424K, 100% used [0x00000000e0000000, 0x00000000e5560000, 0x00000000e5560000)
  from space 21824K, 100% used [0x00000000e6ab0000, 0x00000000e8000000, 0x00000000e8000000)
  to   space 21824K,   0% used [0x00000000e5560000, 0x00000000e5560000, 0x00000000e6ab0000)
 concurrent mark-sweep generation total 393216K, used 112385K [0x00000000e8000000, 0x0000000100000000, 0x0000000100000000)
 Metaspace       used 34872K, capacity 35435K, committed 35656K, reserved 1081344K
  class space    used 3999K, capacity 4165K, committed 4168K, reserved 1048576K
2016-11-27T22:26:09.670+0530: 116.413: [GC (Allocation Failure) 2016-11-27T22:26:09.670+0530: 116.413: [ParNew
Desired survivor size 20112992 bytes, new threshold 4 (max 8)
- age   1:   15561664 bytes,   15561664 total
- age   2:         32 bytes,   15561696 total
- age   3:    3449304 bytes,   19011000 total
- age   4:    3196624 bytes,   22207624 total
- age   5:     140032 bytes,   22347656 total
: 109248K->21824K(109248K), 0.2230199 secs] 221633K->190972K(502464K), 0.2231426 secs] [Times: user=0.62 sys=0.02, real=0.22 secs] 
Heap after GC invocations=16 (full 1):
 par new generation   total 109248K, used 21824K [0x00000000e0000000, 0x00000000e8000000, 0x00000000e8000000)
  eden space 87424K,   0% used [0x00000000e0000000, 0x00000000e0000000, 0x00000000e5560000)
  from space 21824K, 100% used [0x00000000e5560000, 0x00000000e6ab0000, 0x00000000e6ab0000)
  to   space 21824K,   0% used [0x00000000e6ab0000, 0x00000000e6ab0000, 0x00000000e8000000)
 concurrent mark-sweep generation total 393216K, used 169148K [0x00000000e8000000, 0x0000000100000000, 0x0000000100000000)
 Metaspace       used 34872K, capacity 35435K, committed 35656K, reserved 1081344K
  class space    used 3999K, capacity 4165K, committed 4168K, reserved 1048576K
}
2016-11-27T22:26:09.894+0530: 116.637: Total time for which application threads were stopped: 0.2234800 seconds, Stopping threads took: 0.0000286 seconds
2016-11-27T22:26:10.900+0530: 117.643: Total time for which application threads were stopped: 0.0001575 seconds, Stopping threads took: 0.0000397 seconds
{Heap before GC invocations=16 (full 1):
 par new generation   total 109248K, used 109248K [0x00000000e0000000, 0x00000000e8000000, 0x00000000e8000000)
  eden space 87424K, 100% used [0x00000000e0000000, 0x00000000e5560000, 0x00000000e5560000)
  from space 21824K, 100% used [0x00000000e5560000, 0x00000000e6ab0000, 0x00000000e6ab0000)
  to   space 21824K,   0% used [0x00000000e6ab0000, 0x00000000e6ab0000, 0x00000000e8000000)
 concurrent mark-sweep generation total 393216K, used 169148K [0x00000000e8000000, 0x0000000100000000, 0x0000000100000000)
 Metaspace       used 34883K, capacity 35435K, committed 35656K, reserved 1081344K
  class space    used 3999K, capacity 4165K, committed 4168K, reserved 1048576K
2016-11-27T22:26:10.969+0530: 117.712: [GC (Allocation Failure) 2016-11-27T22:26:10.969+0530: 117.712: [ParNew
Desired survivor size 20112992 bytes, new threshold 4 (max 8)
- age   1:    4065136 bytes,    4065136 total
- age   2:   14847720 bytes,   18912856 total
- age   3:         32 bytes,   18912888 total
- age   4:    3440552 bytes,   22353440 total
: 109248K->21824K(109248K), 0.0503278 secs] 278396K->199133K(502464K), 0.0504680 secs] [Times: user=0.20 sys=0.00, real=0.05 secs] 
Heap after GC invocations=17 (full 1):
 par new generation   total 109248K, used 21824K [0x00000000e0000000, 0x00000000e8000000, 0x00000000e8000000)
  eden space 87424K,   0% used [0x00000000e0000000, 0x00000000e0000000, 0x00000000e5560000)
  from space 21824K, 100% used [0x00000000e6ab0000, 0x00000000e8000000, 0x00000000e8000000)
  to   space 21824K,   0% used [0x00000000e5560000, 0x00000000e5560000, 0x00000000e6ab0000)
 concurrent mark-sweep generation total 393216K, used 177309K [0x00000000e8000000, 0x0000000100000000, 0x0000000100000000)
 Metaspace       used 34883K, capacity 35435K, committed 35656K, reserved 1081344K
  class space    used 3999K, capacity 4165K, committed 4168K, reserved 1048576K
}
2016-11-27T22:26:11.020+0530: 117.763: Total time for which application threads were stopped: 0.0507491 seconds, Stopping threads took: 0.0000250 seconds
{Heap before GC invocations=17 (full 1):
 par new generation   total 109248K, used 109042K [0x00000000e0000000, 0x00000000e8000000, 0x00000000e8000000)
  eden space 87424K,  99% used [0x00000000e0000000, 0x00000000e552c808, 0x00000000e5560000)
  from space 21824K, 100% used [0x00000000e6ab0000, 0x00000000e8000000, 0x00000000e8000000)
  to   space 21824K,   0% used [0x00000000e5560000, 0x00000000e5560000, 0x00000000e6ab0000)
 concurrent mark-sweep generation total 393216K, used 177309K [0x00000000e8000000, 0x0000000100000000, 0x0000000100000000)
 Metaspace       used 34890K, capacity 35499K, committed 35656K, reserved 1081344K
  class space    used 4000K, capacity 4165K, committed 4168K, reserved 1048576K
2016-11-27T22:26:11.515+0530: 118.258: [GC (Allocation Failure) 2016-11-27T22:26:11.515+0530: 118.258: [ParNew
Desired survivor size 20112992 bytes, new threshold 3 (max 8)
- age   1:    6011408 bytes,    6011408 total
- age   2:    1460816 bytes,    7472224 total
- age   3:   14655424 bytes,   22127648 total
- age   4:         32 bytes,   22127680 total
: 109042K->21824K(109248K), 0.0516157 secs] 286351K->208887K(502464K), 0.0517531 secs] [Times: user=0.22 sys=0.00, real=0.05 secs] 
Heap after GC invocations=18 (full 1):
 par new generation   total 109248K, used 21824K [0x00000000e0000000, 0x00000000e8000000, 0x00000000e8000000)
  eden space 87424K,   0% used [0x00000000e0000000, 0x00000000e0000000, 0x00000000e5560000)
  from space 21824K, 100% used [0x00000000e5560000, 0x00000000e6ab0000, 0x00000000e6ab0000)
  to   space 21824K,   0% used [0x00000000e6ab0000, 0x00000000e6ab0000, 0x00000000e8000000)
 concurrent mark-sweep generation total 393216K, used 187063K [0x00000000e8000000, 0x0000000100000000, 0x0000000100000000)
 Metaspace       used 34890K, capacity 35499K, committed 35656K, reserved 1081344K
  class space    used 4000K, capacity 4165K, committed 4168K, reserved 1048576K
}
2016-11-27T22:26:11.566+0530: 118.310: Total time for which application threads were stopped: 0.0520775 seconds, Stopping threads took: 0.0000295 seconds
{Heap before GC invocations=18 (full 1):
 par new generation   total 109248K, used 109248K [0x00000000e0000000, 0x00000000e8000000, 0x00000000e8000000)
  eden space 87424K, 100% used [0x00000000e0000000, 0x00000000e5560000, 0x00000000e5560000)
  from space 21824K, 100% used [0x00000000e5560000, 0x00000000e6ab0000, 0x00000000e6ab0000)
  to   space 21824K,   0% used [0x00000000e6ab0000, 0x00000000e6ab0000, 0x00000000e8000000)
 concurrent mark-sweep generation total 393216K, used 187063K [0x00000000e8000000, 0x0000000100000000, 0x0000000100000000)
 Metaspace       used 34890K, capacity 35499K, committed 35656K, reserved 1081344K
  class space    used 4000K, capacity 4165K, committed 4168K, reserved 1048576K
2016-11-27T22:26:12.083+0530: 118.826: [GC (Allocation Failure) 2016-11-27T22:26:12.083+0530: 118.826: [ParNew
Desired survivor size 20112992 bytes, new threshold 8 (max 8)
- age   1:    8714880 bytes,    8714880 total
- age   2:    2713960 bytes,   11428840 total
- age   3:    1178064 bytes,   12606904 total
: 109248K->21824K(109248K), 0.0797772 secs] 296311K->227706K(502464K), 0.0799695 secs] [Times: user=0.25 sys=0.00, real=0.08 secs] 
Heap after GC invocations=19 (full 1):
 par new generation   total 109248K, used 21824K [0x00000000e0000000, 0x00000000e8000000, 0x00000000e8000000)
  eden space 87424K,   0% used [0x00000000e0000000, 0x00000000e0000000, 0x00000000e5560000)
  from space 21824K, 100% used [0x00000000e6ab0000, 0x00000000e8000000, 0x00000000e8000000)
  to   space 21824K,   0% used [0x00000000e5560000, 0x00000000e5560000, 0x00000000e6ab0000)
 concurrent mark-sweep generation total 393216K, used 205882K [0x00000000e8000000, 0x0000000100000000, 0x0000000100000000)
 Metaspace       used 34890K, capacity 35499K, committed 35656K, reserved 1081344K
  class space    used 4000K, capacity 4165K, committed 4168K, reserved 1048576K
}
2016-11-27T22:26:12.163+0530: 118.906: Total time for which application threads were stopped: 0.0803238 seconds, Stopping threads took: 0.0000272 seconds
2016-11-27T22:26:12.198+0530: 118.941: [GC (CMS Initial Mark) [1 CMS-initial-mark: 205882K(393216K)] 234252K(502464K), 0.0071277 secs] [Times: user=0.05 sys=0.00, real=0.01 secs] 
2016-11-27T22:26:12.205+0530: 118.948: Total time for which application threads were stopped: 0.0073330 seconds, Stopping threads took: 0.0000308 seconds
2016-11-27T22:26:12.205+0530: 118.948: [CMS-concurrent-mark-start]
2016-11-27T22:26:12.480+0530: 119.223: [CMS-concurrent-mark: 0.275/0.275 secs] [Times: user=1.00 sys=0.00, real=0.28 secs] 
2016-11-27T22:26:12.480+0530: 119.223: [CMS-concurrent-preclean-start]
2016-11-27T22:26:12.487+0530: 119.230: [CMS-concurrent-preclean: 0.006/0.006 secs] [Times: user=0.03 sys=0.00, real=0.01 secs] 
2016-11-27T22:26:12.487+0530: 119.230: [CMS-concurrent-abortable-preclean-start]
{Heap before GC invocations=19 (full 2):
 par new generation   total 109248K, used 109248K [0x00000000e0000000, 0x00000000e8000000, 0x00000000e8000000)
  eden space 87424K, 100% used [0x00000000e0000000, 0x00000000e5560000, 0x00000000e5560000)
  from space 21824K, 100% used [0x00000000e6ab0000, 0x00000000e8000000, 0x00000000e8000000)
  to   space 21824K,   0% used [0x00000000e5560000, 0x00000000e5560000, 0x00000000e6ab0000)
 concurrent mark-sweep generation total 393216K, used 205882K [0x00000000e8000000, 0x0000000100000000, 0x0000000100000000)
 Metaspace       used 34905K, capacity 35499K, committed 35656K, reserved 1081344K
  class space    used 4000K, capacity 4165K, committed 4168K, reserved 1048576K
2016-11-27T22:26:13.017+0530: 119.760: [GC (Allocation Failure) 2016-11-27T22:26:13.017+0530: 119.760: [ParNew
Desired survivor size 20112992 bytes, new threshold 4 (max 8)
- age   1:   10775672 bytes,   10775672 total
- age   2:    6086008 bytes,   16861680 total
- age   3:    2177848 bytes,   19039528 total
- age   4:    1172480 bytes,   20212008 total
: 109248K->21824K(109248K), 0.0342022 secs] 315130K->228167K(502464K), 0.0343321 secs] [Times: user=0.06 sys=0.00, real=0.04 secs] 
Heap after GC invocations=20 (full 2):
 par new generation   total 109248K, used 21824K [0x00000000e0000000, 0x00000000e8000000, 0x00000000e8000000)
  eden space 87424K,   0% used [0x00000000e0000000, 0x00000000e0000000, 0x00000000e5560000)
  from space 21824K, 100% used [0x00000000e5560000, 0x00000000e6ab0000, 0x00000000e6ab0000)
  to   space 21824K,   0% used [0x00000000e6ab0000, 0x00000000e6ab0000, 0x00000000e8000000)
 concurrent mark-sweep generation total 393216K, used 206343K [0x00000000e8000000, 0x0000000100000000, 0x0000000100000000)
 Metaspace       used 34905K, capacity 35499K, committed 35656K, reserved 1081344K
  class space    used 4000K, capacity 4165K, committed 4168K, reserved 1048576K
}
2016-11-27T22:26:13.052+0530: 119.795: Total time for which application threads were stopped: 0.0346565 seconds, Stopping threads took: 0.0000411 seconds
2016-11-27T22:26:13.273+0530: 120.016: [CMS-concurrent-abortable-preclean: 0.749/0.786 secs] [Times: user=2.56 sys=0.05, real=0.79 secs] 
2016-11-27T22:26:13.277+0530: 120.020: [GC (CMS Final Remark) [YG occupancy: 68959 K (109248 K)]{Heap before GC invocations=20 (full 2):
 par new generation   total 109248K, used 68959K [0x00000000e0000000, 0x00000000e8000000, 0x00000000e8000000)
  eden space 87424K,  53% used [0x00000000e0000000, 0x00000000e2e07d70, 0x00000000e5560000)
  from space 21824K, 100% used [0x00000000e5560000, 0x00000000e6ab0000, 0x00000000e6ab0000)
  to   space 21824K,   0% used [0x00000000e6ab0000, 0x00000000e6ab0000, 0x00000000e8000000)
 concurrent mark-sweep generation total 393216K, used 206343K [0x00000000e8000000, 0x0000000100000000, 0x0000000100000000)
 Metaspace       used 34905K, capacity 35499K, committed 35656K, reserved 1081344K
  class space    used 4000K, capacity 4165K, committed 4168K, reserved 1048576K
2016-11-27T22:26:13.277+0530: 120.020: [GC (CMS Final Remark) 2016-11-27T22:26:13.277+0530: 120.020: [ParNew
Desired survivor size 20112992 bytes, new threshold 8 (max 8)
- age   1:    6803856 bytes,    6803856 total
- age   2:    6016832 bytes,   12820688 total
- age   3:    4813040 bytes,   17633728 total
- age   4:    1093816 bytes,   18727544 total
: 68959K->21824K(109248K), 0.0772792 secs] 275303K->234469K(502464K), 0.0774412 secs] [Times: user=0.17 sys=0.00, real=0.08 secs] 
Heap after GC invocations=21 (full 2):
 par new generation   total 109248K, used 21824K [0x00000000e0000000, 0x00000000e8000000, 0x00000000e8000000)
  eden space 87424K,   0% used [0x00000000e0000000, 0x00000000e0000000, 0x00000000e5560000)
  from space 21824K, 100% used [0x00000000e6ab0000, 0x00000000e8000000, 0x00000000e8000000)
  to   space 21824K,   0% used [0x00000000e5560000, 0x00000000e5560000, 0x00000000e6ab0000)
 concurrent mark-sweep generation total 393216K, used 212645K [0x00000000e8000000, 0x0000000100000000, 0x0000000100000000)
 Metaspace       used 34905K, capacity 35499K, committed 35656K, reserved 1081344K
  class space    used 4000K, capacity 4165K, committed 4168K, reserved 1048576K
}
2016-11-27T22:26:13.356+0530: 120.098: [Rescan (parallel) , 0.0107445 secs]2016-11-27T22:26:13.366+0530: 120.109: [weak refs processing, 0.0003735 secs]2016-11-27T22:26:13.367+0530: 120.109: [class unloading, 0.0108181 secs]2016-11-27T22:26:13.378+0530: 120.120: [scrub symbol table, 0.0085302 secs]2016-11-27T22:26:13.386+0530: 120.129: [scrub string table, 0.0008862 secs][1 CMS-remark: 212645K(393216K)] 234469K(502464K), 0.1145595 secs] [Times: user=0.31 sys=0.00, real=0.12 secs] 
2016-11-27T22:26:13.393+0530: 120.135: Total time for which application threads were stopped: 0.1182517 seconds, Stopping threads took: 0.0035364 seconds
2016-11-27T22:26:13.401+0530: 120.143: [CMS-concurrent-sweep-start]
2016-11-27T22:26:13.401+0530: 120.143: Total time for which application threads were stopped: 0.0002834 seconds, Stopping threads took: 0.0000317 seconds
2016-11-27T22:26:13.403+0530: 120.145: Total time for which application threads were stopped: 0.0003021 seconds, Stopping threads took: 0.0000576 seconds
2016-11-27T22:26:13.425+0530: 120.167: Total time for which application threads were stopped: 0.0001406 seconds, Stopping threads took: 0.0000366 seconds
2016-11-27T22:26:13.579+0530: 120.321: [CMS-concurrent-sweep: 0.177/0.178 secs] [Times: user=0.64 sys=0.00, real=0.18 secs] 
2016-11-27T22:26:13.579+0530: 120.321: [CMS-concurrent-reset-start]
2016-11-27T22:26:13.580+0530: 120.322: [CMS-concurrent-reset: 0.001/0.001 secs] [Times: user=0.00 sys=0.00, real=0.00 secs] 
{Heap before GC invocations=21 (full 2):
 par new generation   total 109248K, used 109248K [0x00000000e0000000, 0x00000000e8000000, 0x00000000e8000000)
  eden space 87424K, 100% used [0x00000000e0000000, 0x00000000e5560000, 0x00000000e5560000)
  from space 21824K, 100% used [0x00000000e6ab0000, 0x00000000e8000000, 0x00000000e8000000)
  to   space 21824K,   0% used [0x00000000e5560000, 0x00000000e5560000, 0x00000000e6ab0000)
 concurrent mark-sweep generation total 393216K, used 206247K [0x00000000e8000000, 0x0000000100000000, 0x0000000100000000)
 Metaspace       used 34896K, capacity 35479K, committed 35656K, reserved 1081344K
  class space    used 3996K, capacity 4159K, committed 4168K, reserved 1048576K
2016-11-27T22:26:13.817+0530: 120.560: [GC (Allocation Failure) 2016-11-27T22:26:13.817+0530: 120.560: [ParNew
Desired survivor size 20112992 bytes, new threshold 4 (max 8)
- age   1:   11319568 bytes,   11319568 total
- age   2:    3798456 bytes,   15118024 total
- age   3:    3842184 bytes,   18960208 total
- age   4:    2467808 bytes,   21428016 total
- age   5:     795688 bytes,   22223704 total
: 109248K->21824K(109248K), 0.0506224 secs] 315495K->236437K(502464K), 0.0507794 secs] [Times: user=0.17 sys=0.00, real=0.05 secs] 
Heap after GC invocations=22 (full 2):
 par new generation   total 109248K, used 21824K [0x00000000e0000000, 0x00000000e8000000, 0x00000000e8000000)
  eden space 87424K,   0% used [0x00000000e0000000, 0x00000000e0000000, 0x00000000e5560000)
  from space 21824K, 100% used [0x00000000e5560000, 0x00000000e6ab0000, 0x00000000e6ab0000)
  to   space 21824K,   0% used [0x00000000e6ab0000, 0x00000000e6ab0000, 0x00000000e8000000)
 concurrent mark-sweep generation total 393216K, used 214613K [0x00000000e8000000, 0x0000000100000000, 0x0000000100000000)
 Metaspace       used 34896K, capacity 35479K, committed 35656K, reserved 1081344K
  class space    used 3996K, capacity 4159K, committed 4168K, reserved 1048576K
}
2016-11-27T22:26:13.868+0530: 120.610: Total time for which application threads were stopped: 0.0513591 seconds, Stopping threads took: 0.0000598 seconds
2016-11-27T22:26:13.870+0530: 120.613: [GC (CMS Initial Mark) [1 CMS-initial-mark: 214613K(393216K)] 238137K(502464K), 0.0089582 secs] [Times: user=0.06 sys=0.00, real=0.01 secs] 
2016-11-27T22:26:13.879+0530: 120.622: Total time for which application threads were stopped: 0.0091483 seconds, Stopping threads took: 0.0000522 seconds
2016-11-27T22:26:13.879+0530: 120.622: [CMS-concurrent-mark-start]
2016-11-27T22:26:14.272+0530: 121.014: [CMS-concurrent-mark: 0.392/0.392 secs] [Times: user=1.17 sys=0.02, real=0.39 secs] 
2016-11-27T22:26:14.272+0530: 121.014: [CMS-concurrent-preclean-start]
2016-11-27T22:26:14.276+0530: 121.018: [CMS-concurrent-preclean: 0.004/0.004 secs] [Times: user=0.00 sys=0.00, real=0.00 secs] 
2016-11-27T22:26:14.276+0530: 121.018: [CMS-concurrent-abortable-preclean-start]
{Heap before GC invocations=22 (full 3):
 par new generation   total 109248K, used 108940K [0x00000000e0000000, 0x00000000e8000000, 0x00000000e8000000)
  eden space 87424K,  99% used [0x00000000e0000000, 0x00000000e5513030, 0x00000000e5560000)
  from space 21824K, 100% used [0x00000000e5560000, 0x00000000e6ab0000, 0x00000000e6ab0000)
  to   space 21824K,   0% used [0x00000000e6ab0000, 0x00000000e6ab0000, 0x00000000e8000000)
 concurrent mark-sweep generation total 393216K, used 214613K [0x00000000e8000000, 0x0000000100000000, 0x0000000100000000)
 Metaspace       used 34896K, capacity 35479K, committed 35656K, reserved 1081344K
  class space    used 3996K, capacity 4159K, committed 4168K, reserved 1048576K
2016-11-27T22:26:14.575+0530: 121.318: [GC (Allocation Failure) 2016-11-27T22:26:14.575+0530: 121.318: [ParNew
Desired survivor size 20112992 bytes, new threshold 4 (max 8)
- age   1:    8888320 bytes,    8888320 total
- age   2:    5848928 bytes,   14737248 total
- age   3:    3581240 bytes,   18318488 total
- age   4:    3382504 bytes,   21700992 total
: 108940K->21824K(109248K), 0.0778919 secs] 323553K->246452K(502464K), 0.0780110 secs] [Times: user=0.19 sys=0.00, real=0.08 secs] 
Heap after GC invocations=23 (full 3):
 par new generation   total 109248K, used 21824K [0x00000000e0000000, 0x00000000e8000000, 0x00000000e8000000)
  eden space 87424K,   0% used [0x00000000e0000000, 0x00000000e0000000, 0x00000000e5560000)
  from space 21824K, 100% used [0x00000000e6ab0000, 0x00000000e8000000, 0x00000000e8000000)
  to   space 21824K,   0% used [0x00000000e5560000, 0x00000000e5560000, 0x00000000e6ab0000)
 concurrent mark-sweep generation total 393216K, used 224628K [0x00000000e8000000, 0x0000000100000000, 0x0000000100000000)
 Metaspace       used 34896K, capacity 35479K, committed 35656K, reserved 1081344K
  class space    used 3996K, capacity 4159K, committed 4168K, reserved 1048576K
}
2016-11-27T22:26:14.653+0530: 121.396: Total time for which application threads were stopped: 0.0791601 seconds, Stopping threads took: 0.0000308 seconds
2016-11-27T22:26:14.851+0530: 121.593: [CMS-concurrent-abortable-preclean: 0.493/0.575 secs] [Times: user=2.04 sys=0.05, real=0.58 secs] 
2016-11-27T22:26:14.851+0530: 121.593: [GC (CMS Final Remark) [YG occupancy: 77317 K (109248 K)]{Heap before GC invocations=23 (full 3):
 par new generation   total 109248K, used 77317K [0x00000000e0000000, 0x00000000e8000000, 0x00000000e8000000)
  eden space 87424K,  63% used [0x00000000e0000000, 0x00000000e3631480, 0x00000000e5560000)
  from space 21824K, 100% used [0x00000000e6ab0000, 0x00000000e8000000, 0x00000000e8000000)
  to   space 21824K,   0% used [0x00000000e5560000, 0x00000000e5560000, 0x00000000e6ab0000)
 concurrent mark-sweep generation total 393216K, used 224628K [0x00000000e8000000, 0x0000000100000000, 0x0000000100000000)
 Metaspace       used 34896K, capacity 35479K, committed 35656K, reserved 1081344K
  class space    used 3996K, capacity 4159K, committed 4168K, reserved 1048576K
2016-11-27T22:26:14.851+0530: 121.593: [GC (CMS Final Remark) 2016-11-27T22:26:14.851+0530: 121.593: [ParNew
Desired survivor size 20112992 bytes, new threshold 4 (max 8)
- age   1:    6006072 bytes,    6006072 total
- age   2:    6821072 bytes,   12827144 total
- age   3:    4496672 bytes,   17323816 total
- age   4:    3508144 bytes,   20831960 total
: 77317K->21824K(109248K), 0.1304647 secs] 301945K->253798K(502464K), 0.1305642 secs] [Times: user=0.26 sys=0.02, real=0.13 secs] 
Heap after GC invocations=24 (full 3):
 par new generation   total 109248K, used 21824K [0x00000000e0000000, 0x00000000e8000000, 0x00000000e8000000)
  eden space 87424K,   0% used [0x00000000e0000000, 0x00000000e0000000, 0x00000000e5560000)
  from space 21824K, 100% used [0x00000000e5560000, 0x00000000e6ab0000, 0x00000000e6ab0000)
  to   space 21824K,   0% used [0x00000000e6ab0000, 0x00000000e6ab0000, 0x00000000e8000000)
 concurrent mark-sweep generation total 393216K, used 231974K [0x00000000e8000000, 0x0000000100000000, 0x0000000100000000)
 Metaspace       used 34896K, capacity 35479K, committed 35656K, reserved 1081344K
  class space    used 3996K, capacity 4159K, committed 4168K, reserved 1048576K
}
2016-11-27T22:26:14.982+0530: 121.724: [Rescan (parallel) , 0.0219852 secs]2016-11-27T22:26:15.004+0530: 121.746: [weak refs processing, 0.0213319 secs]2016-11-27T22:26:15.025+0530: 121.767: [class unloading, 0.0082683 secs]2016-11-27T22:26:15.033+0530: 121.776: [scrub symbol table, 0.0107382 secs]2016-11-27T22:26:15.044+0530: 121.786: [scrub string table, 0.0014525 secs][1 CMS-remark: 231974K(393216K)] 253798K(502464K), 0.1953898 secs] [Times: user=0.42 sys=0.02, real=0.19 secs] 
2016-11-27T22:26:15.046+0530: 121.789: Total time for which application threads were stopped: 0.1956406 seconds, Stopping threads took: 0.0000553 seconds
2016-11-27T22:26:15.068+0530: 121.810: [CMS-concurrent-sweep-start]
2016-11-27T22:26:15.275+0530: 122.017: [CMS-concurrent-sweep: 0.207/0.207 secs] [Times: user=0.58 sys=0.00, real=0.21 secs] 
2016-11-27T22:26:15.275+0530: 122.017: [CMS-concurrent-reset-start]
2016-11-27T22:26:15.276+0530: 122.018: [CMS-concurrent-reset: 0.001/0.001 secs] [Times: user=0.00 sys=0.00, real=0.00 secs] 
{Heap before GC invocations=24 (full 3):
 par new generation   total 109248K, used 109248K [0x00000000e0000000, 0x00000000e8000000, 0x00000000e8000000)
  eden space 87424K, 100% used [0x00000000e0000000, 0x00000000e5560000, 0x00000000e5560000)
  from space 21824K, 100% used [0x00000000e5560000, 0x00000000e6ab0000, 0x00000000e6ab0000)
  to   space 21824K,   0% used [0x00000000e6ab0000, 0x00000000e6ab0000, 0x00000000e8000000)
 concurrent mark-sweep generation total 393216K, used 229635K [0x00000000e8000000, 0x0000000100000000, 0x0000000100000000)
 Metaspace       used 34897K, capacity 35479K, committed 35656K, reserved 1081344K
  class space    used 3996K, capacity 4159K, committed 4168K, reserved 1048576K
2016-11-27T22:26:15.689+0530: 122.432: [GC (Allocation Failure) 2016-11-27T22:26:15.689+0530: 122.432: [ParNew
Desired survivor size 20112992 bytes, new threshold 4 (max 8)
- age   1:    9430320 bytes,    9430320 total
- age   2:    4942256 bytes,   14372576 total
- age   3:    2995168 bytes,   17367744 total
- age   4:    4494520 bytes,   21862264 total
: 109248K->21824K(109248K), 0.0564792 secs] 338883K->258548K(502464K), 0.0565832 secs] [Times: user=0.16 sys=0.00, real=0.06 secs] 
Heap after GC invocations=25 (full 3):
 par new generation   total 109248K, used 21824K [0x00000000e0000000, 0x00000000e8000000, 0x00000000e8000000)
  eden space 87424K,   0% used [0x00000000e0000000, 0x00000000e0000000, 0x00000000e5560000)
  from space 21824K, 100% used [0x00000000e6ab0000, 0x00000000e8000000, 0x00000000e8000000)
  to   space 21824K,   0% used [0x00000000e5560000, 0x00000000e5560000, 0x00000000e6ab0000)
 concurrent mark-sweep generation total 393216K, used 236724K [0x00000000e8000000, 0x0000000100000000, 0x0000000100000000)
 Metaspace       used 34897K, capacity 35479K, committed 35656K, reserved 1081344K
  class space    used 3996K, capacity 4159K, committed 4168K, reserved 1048576K
}
2016-11-27T22:26:15.746+0530: 122.488: Total time for which application threads were stopped: 0.0568710 seconds, Stopping threads took: 0.0000361 seconds
2016-11-27T22:26:15.753+0530: 122.496: [GC (CMS Initial Mark) [1 CMS-initial-mark: 236724K(393216K)] 260275K(502464K), 0.0128592 secs] [Times: user=0.05 sys=0.00, real=0.01 secs] 
2016-11-27T22:26:15.766+0530: 122.509: Total time for which application threads were stopped: 0.0130457 seconds, Stopping threads took: 0.0000495 seconds
2016-11-27T22:26:15.766+0530: 122.509: [CMS-concurrent-mark-start]
2016-11-27T22:26:15.998+0530: 122.741: [CMS-concurrent-mark: 0.232/0.232 secs] [Times: user=0.89 sys=0.00, real=0.23 secs] 
2016-11-27T22:26:15.998+0530: 122.741: [CMS-concurrent-preclean-start]
2016-11-27T22:26:16.000+0530: 122.742: [CMS-concurrent-preclean: 0.001/0.002 secs] [Times: user=0.00 sys=0.00, real=0.00 secs] 
2016-11-27T22:26:16.026+0530: 122.769: [GC (CMS Final Remark) [YG occupancy: 31385 K (109248 K)]{Heap before GC invocations=25 (full 4):
 par new generation   total 109248K, used 31385K [0x00000000e0000000, 0x00000000e8000000, 0x00000000e8000000)
  eden space 87424K,  10% used [0x00000000e0000000, 0x00000000e0956730, 0x00000000e5560000)
  from space 21824K, 100% used [0x00000000e6ab0000, 0x00000000e8000000, 0x00000000e8000000)
  to   space 21824K,   0% used [0x00000000e5560000, 0x00000000e5560000, 0x00000000e6ab0000)
 concurrent mark-sweep generation total 393216K, used 236724K [0x00000000e8000000, 0x0000000100000000, 0x0000000100000000)
 Metaspace       used 34897K, capacity 35479K, committed 35656K, reserved 1081344K
  class space    used 3996K, capacity 4159K, committed 4168K, reserved 1048576K
2016-11-27T22:26:16.026+0530: 122.769: [GC (CMS Final Remark) 2016-11-27T22:26:16.026+0530: 122.769: [ParNew
Desired survivor size 20112992 bytes, new threshold 8 (max 8)
- age   1:    1034224 bytes,    1034224 total
- age   2:    8895264 bytes,    9929488 total
- age   3:    4721064 bytes,   14650552 total
- age   4:    2745888 bytes,   17396440 total
: 31385K->21824K(109248K), 0.0903048 secs] 268110K->266594K(502464K), 0.0903927 secs] [Times: user=0.23 sys=0.01, real=0.09 secs] 
Heap after GC invocations=26 (full 4):
 par new generation   total 109248K, used 21824K [0x00000000e0000000, 0x00000000e8000000, 0x00000000e8000000)
  eden space 87424K,   0% used [0x00000000e0000000, 0x00000000e0000000, 0x00000000e5560000)
  from space 21824K, 100% used [0x00000000e5560000, 0x00000000e6ab0000, 0x00000000e6ab0000)
  to   space 21824K,   0% used [0x00000000e6ab0000, 0x00000000e6ab0000, 0x00000000e8000000)
 concurrent mark-sweep generation total 393216K, used 244770K [0x00000000e8000000, 0x0000000100000000, 0x0000000100000000)
 Metaspace       used 34897K, capacity 35479K, committed 35656K, reserved 1081344K
  class space    used 3996K, capacity 4159K, committed 4168K, reserved 1048576K
}
2016-11-27T22:26:16.117+0530: 122.859: [Rescan (parallel) , 0.0335784 secs]2016-11-27T22:26:16.151+0530: 122.893: [weak refs processing, 0.0188655 secs]2016-11-27T22:26:16.169+0530: 122.912: [class unloading, 0.0074762 secs]2016-11-27T22:26:16.177+0530: 122.919: [scrub symbol table, 0.0092009 secs]2016-11-27T22:26:16.186+0530: 122.929: [scrub string table, 0.0007756 secs][1 CMS-remark: 244770K(393216K)] 266594K(502464K), 0.1613050 secs] [Times: user=0.44 sys=0.01, real=0.16 secs] 
2016-11-27T22:26:16.188+0530: 122.930: Total time for which application threads were stopped: 0.1619498 seconds, Stopping threads took: 0.0004735 seconds
2016-11-27T22:26:16.188+0530: 122.930: [CMS-concurrent-sweep-start]
2016-11-27T22:26:16.404+0530: 123.147: [CMS-concurrent-sweep: 0.217/0.217 secs] [Times: user=0.75 sys=0.00, real=0.22 secs] 
2016-11-27T22:26:16.404+0530: 123.147: [CMS-concurrent-reset-start]
2016-11-27T22:26:16.405+0530: 123.147: [CMS-concurrent-reset: 0.001/0.001 secs] [Times: user=0.00 sys=0.00, real=0.00 secs] 
{Heap before GC invocations=26 (full 4):
 par new generation   total 109248K, used 108224K [0x00000000e0000000, 0x00000000e8000000, 0x00000000e8000000)
  eden space 87424K,  98% used [0x00000000e0000000, 0x00000000e54603c0, 0x00000000e5560000)
  from space 21824K, 100% used [0x00000000e5560000, 0x00000000e6ab0000, 0x00000000e6ab0000)
  to   space 21824K,   0% used [0x00000000e6ab0000, 0x00000000e6ab0000, 0x00000000e8000000)
 concurrent mark-sweep generation total 393216K, used 240833K [0x00000000e8000000, 0x0000000100000000, 0x0000000100000000)
 Metaspace       used 34897K, capacity 35479K, committed 35656K, reserved 1081344K
  class space    used 3996K, capacity 4159K, committed 4168K, reserved 1048576K
2016-11-27T22:26:16.570+0530: 123.312: [GC (Allocation Failure) 2016-11-27T22:26:16.570+0530: 123.312: [ParNew
Desired survivor size 20112992 bytes, new threshold 5 (max 8)
- age   1:    9901992 bytes,    9901992 total
- age   2:     977680 bytes,   10879672 total
- age   3:    4521424 bytes,   15401096 total
- age   4:    4283360 bytes,   19684456 total
- age   5:    2239640 bytes,   21924096 total
: 108224K->21824K(109248K), 0.0950876 secs] 349058K->266915K(502464K), 0.0951764 secs] [Times: user=0.26 sys=0.00, real=0.10 secs] 
Heap after GC invocations=27 (full 4):
 par new generation   total 109248K, used 21824K [0x00000000e0000000, 0x00000000e8000000, 0x00000000e8000000)
  eden space 87424K,   0% used [0x00000000e0000000, 0x00000000e0000000, 0x00000000e5560000)
  from space 21824K, 100% used [0x00000000e6ab0000, 0x00000000e8000000, 0x00000000e8000000)
  to   space 21824K,   0% used [0x00000000e5560000, 0x00000000e5560000, 0x00000000e6ab0000)
 concurrent mark-sweep generation total 393216K, used 245091K [0x00000000e8000000, 0x0000000100000000, 0x0000000100000000)
 Metaspace       used 34897K, capacity 35479K, committed 35656K, reserved 1081344K
  class space    used 3996K, capacity 4159K, committed 4168K, reserved 1048576K
}
2016-11-27T22:26:16.665+0530: 123.408: Total time for which application threads were stopped: 0.0954446 seconds, Stopping threads took: 0.0000232 seconds
2016-11-27T22:26:16.666+0530: 123.409: [GC (CMS Initial Mark) [1 CMS-initial-mark: 245091K(393216K)] 268963K(502464K), 0.0095695 secs] [Times: user=0.05 sys=0.00, real=0.01 secs] 
2016-11-27T22:26:16.676+0530: 123.418: Total time for which application threads were stopped: 0.0097931 seconds, Stopping threads took: 0.0000620 seconds
2016-11-27T22:26:16.676+0530: 123.418: [CMS-concurrent-mark-start]
2016-11-27T22:26:16.996+0530: 123.739: [CMS-concurrent-mark: 0.320/0.320 secs] [Times: user=0.92 sys=0.01, real=0.32 secs] 
2016-11-27T22:26:16.996+0530: 123.739: [CMS-concurrent-preclean-start]
2016-11-27T22:26:16.998+0530: 123.740: [CMS-concurrent-preclean: 0.001/0.001 secs] [Times: user=0.00 sys=0.00, real=0.00 secs] 
2016-11-27T22:26:16.998+0530: 123.740: [CMS-concurrent-abortable-preclean-start]
2016-11-27T22:26:17.191+0530: 123.934: [CMS-concurrent-abortable-preclean: 0.192/0.193 secs] [Times: user=0.34 sys=0.00, real=0.19 secs] 
2016-11-27T22:26:17.191+0530: 123.934: [GC (CMS Final Remark) [YG occupancy: 78221 K (109248 K)]{Heap before GC invocations=27 (full 5):
 par new generation   total 109248K, used 78221K [0x00000000e0000000, 0x00000000e8000000, 0x00000000e8000000)
  eden space 87424K,  64% used [0x00000000e0000000, 0x00000000e3713470, 0x00000000e5560000)
  from space 21824K, 100% used [0x00000000e6ab0000, 0x00000000e8000000, 0x00000000e8000000)
  to   space 21824K,   0% used [0x00000000e5560000, 0x00000000e5560000, 0x00000000e6ab0000)
 concurrent mark-sweep generation total 393216K, used 245091K [0x00000000e8000000, 0x0000000100000000, 0x0000000100000000)
 Metaspace       used 34897K, capacity 35479K, committed 35656K, reserved 1081344K
  class space    used 3996K, capacity 4159K, committed 4168K, reserved 1048576K
2016-11-27T22:26:17.192+0530: 123.934: [GC (CMS Final Remark) 2016-11-27T22:26:17.192+0530: 123.934: [ParNew
Desired survivor size 20112992 bytes, new threshold 5 (max 8)
- age   1:    6734544 bytes,    6734544 total
- age   2:    7469944 bytes,   14204488 total
- age   3:     263336 bytes,   14467824 total
- age   4:    3874152 bytes,   18341976 total
- age   5:    3994656 bytes,   22336632 total
: 78221K->21824K(109248K), 0.0788874 secs] 323312K->277259K(502464K), 0.0789606 secs] [Times: user=0.23 sys=0.00, real=0.08 secs] 
Heap after GC invocations=28 (full 5):
 par new generation   total 109248K, used 21824K [0x00000000e0000000, 0x00000000e8000000, 0x00000000e8000000)
  eden space 87424K,   0% used [0x00000000e0000000, 0x00000000e0000000, 0x00000000e5560000)
  from space 21824K, 100% used [0x00000000e5560000, 0x00000000e6ab0000, 0x00000000e6ab0000)
  to   space 21824K,   0% used [0x00000000e6ab0000, 0x00000000e6ab0000, 0x00000000e8000000)
 concurrent mark-sweep generation total 393216K, used 255435K [0x00000000e8000000, 0x0000000100000000, 0x0000000100000000)
 Metaspace       used 34897K, capacity 35479K, committed 35656K, reserved 1081344K
  class space    used 3996K, capacity 4159K, committed 4168K, reserved 1048576K
}
2016-11-27T22:26:17.271+0530: 124.013: [Rescan (parallel) , 0.0267175 secs]2016-11-27T22:26:17.297+0530: 124.040: [weak refs processing, 0.0014587 secs]2016-11-27T22:26:17.299+0530: 124.041: [class unloading, 0.0077011 secs]2016-11-27T22:26:17.307+0530: 124.049: [scrub symbol table, 0.0101635 secs]2016-11-27T22:26:17.317+0530: 124.059: [scrub string table, 0.0010161 secs][1 CMS-remark: 255435K(393216K)] 277259K(502464K), 0.1271358 secs] [Times: user=0.34 sys=0.00, real=0.13 secs] 
2016-11-27T22:26:17.319+0530: 124.061: Total time for which application threads were stopped: 0.1272853 seconds, Stopping threads took: 0.0000250 seconds
2016-11-27T22:26:17.319+0530: 124.061: [CMS-concurrent-sweep-start]
2016-11-27T22:26:17.492+0530: 124.235: [CMS-concurrent-sweep: 0.174/0.174 secs] [Times: user=0.34 sys=0.00, real=0.17 secs] 
2016-11-27T22:26:17.492+0530: 124.235: [CMS-concurrent-reset-start]
2016-11-27T22:26:17.493+0530: 124.236: [CMS-concurrent-reset: 0.001/0.001 secs] [Times: user=0.00 sys=0.00, real=0.00 secs] 
{Heap before GC invocations=28 (full 5):
 par new generation   total 109248K, used 109248K [0x00000000e0000000, 0x00000000e8000000, 0x00000000e8000000)
  eden space 87424K, 100% used [0x00000000e0000000, 0x00000000e5560000, 0x00000000e5560000)
  from space 21824K, 100% used [0x00000000e5560000, 0x00000000e6ab0000, 0x00000000e6ab0000)
  to   space 21824K,   0% used [0x00000000e6ab0000, 0x00000000e6ab0000, 0x00000000e8000000)
 concurrent mark-sweep generation total 393216K, used 252052K [0x00000000e8000000, 0x0000000100000000, 0x0000000100000000)
 Metaspace       used 34897K, capacity 35479K, committed 35656K, reserved 1081344K
  class space    used 3996K, capacity 4159K, committed 4168K, reserved 1048576K
2016-11-27T22:26:17.573+0530: 124.316: [GC (Allocation Failure) 2016-11-27T22:26:17.573+0530: 124.316: [ParNew
Desired survivor size 20112992 bytes, new threshold 5 (max 8)
- age   1:   10719072 bytes,   10719072 total
- age   2:    4167960 bytes,   14887032 total
- age   3:    4344552 bytes,   19231584 total
- age   4:     129664 bytes,   19361248 total
- age   5:    2209752 bytes,   21571000 total
: 109248K->21824K(109248K), 0.0859112 secs] 361300K->294078K(502464K), 0.0860049 secs] [Times: user=0.23 sys=0.00, real=0.09 secs] 
Heap after GC invocations=29 (full 5):
 par new generation   total 109248K, used 21824K [0x00000000e0000000, 0x00000000e8000000, 0x00000000e8000000)
  eden space 87424K,   0% used [0x00000000e0000000, 0x00000000e0000000, 0x00000000e5560000)
  from space 21824K, 100% used [0x00000000e6ab0000, 0x00000000e8000000, 0x00000000e8000000)
  to   space 21824K,   0% used [0x00000000e5560000, 0x00000000e5560000, 0x00000000e6ab0000)
 concurrent mark-sweep generation total 393216K, used 272254K [0x00000000e8000000, 0x0000000100000000, 0x0000000100000000)
 Metaspace       used 34897K, capacity 35479K, committed 35656K, reserved 1081344K
  class space    used 3996K, capacity 4159K, committed 4168K, reserved 1048576K
}
2016-11-27T22:26:17.659+0530: 124.402: Total time for which application threads were stopped: 0.0862646 seconds, Stopping threads took: 0.0000259 seconds
2016-11-27T22:26:17.660+0530: 124.402: [GC (CMS Initial Mark) [1 CMS-initial-mark: 272254K(393216K)] 295811K(502464K), 0.0157985 secs] [Times: user=0.03 sys=0.00, real=0.01 secs] 
2016-11-27T22:26:17.675+0530: 124.418: Total time for which application threads were stopped: 0.0159846 seconds, Stopping threads took: 0.0000388 seconds
2016-11-27T22:26:17.675+0530: 124.418: [CMS-concurrent-mark-start]
2016-11-27T22:26:17.913+0530: 124.655: [CMS-concurrent-mark: 0.237/0.237 secs] [Times: user=0.86 sys=0.00, real=0.24 secs] 
2016-11-27T22:26:17.913+0530: 124.655: [CMS-concurrent-preclean-start]
2016-11-27T22:26:17.914+0530: 124.657: [CMS-concurrent-preclean: 0.002/0.002 secs] [Times: user=0.03 sys=0.00, real=0.00 secs] 
2016-11-27T22:26:17.915+0530: 124.657: [GC (CMS Final Remark) [YG occupancy: 23556 K (109248 K)]{Heap before GC invocations=29 (full 6):
 par new generation   total 109248K, used 23556K [0x00000000e0000000, 0x00000000e8000000, 0x00000000e8000000)
  eden space 87424K,   1% used [0x00000000e0000000, 0x00000000e01b11d0, 0x00000000e5560000)
  from space 21824K, 100% used [0x00000000e6ab0000, 0x00000000e8000000, 0x00000000e8000000)
  to   space 21824K,   0% used [0x00000000e5560000, 0x00000000e5560000, 0x00000000e6ab0000)
 concurrent mark-sweep generation total 393216K, used 272254K [0x00000000e8000000, 0x0000000100000000, 0x0000000100000000)
 Metaspace       used 34897K, capacity 35479K, committed 35656K, reserved 1081344K
  class space    used 3996K, capacity 4159K, committed 4168K, reserved 1048576K
2016-11-27T22:26:17.915+0530: 124.657: [GC (CMS Final Remark) 2016-11-27T22:26:17.915+0530: 124.657: [ParNew
Desired survivor size 20112992 bytes, new threshold 8 (max 8)
- age   1:      45000 bytes,      45000 total
- age   2:    9270912 bytes,    9315912 total
- age   3:    4167960 bytes,   13483872 total
- age   4:    4344552 bytes,   17828424 total
- age   5:     129664 bytes,   17958088 total
: 23556K->21824K(109248K), 0.0327247 secs] 295811K->298405K(502464K), 0.0328327 secs] [Times: user=0.06 sys=0.00, real=0.03 secs] 
Heap after GC invocations=30 (full 6):
 par new generation   total 109248K, used 21824K [0x00000000e0000000, 0x00000000e8000000, 0x00000000e8000000)
  eden space 87424K,   0% used [0x00000000e0000000, 0x00000000e0000000, 0x00000000e5560000)
  from space 21824K, 100% used [0x00000000e5560000, 0x00000000e6ab0000, 0x00000000e6ab0000)
  to   space 21824K,   0% used [0x00000000e6ab0000, 0x00000000e6ab0000, 0x00000000e8000000)
 concurrent mark-sweep generation total 393216K, used 276581K [0x00000000e8000000, 0x0000000100000000, 0x0000000100000000)
 Metaspace       used 34897K, capacity 35479K, committed 35656K, reserved 1081344K
  class space    used 3996K, capacity 4159K, committed 4168K, reserved 1048576K
}
2016-11-27T22:26:17.948+0530: 124.690: [Rescan (parallel) , 0.0182091 secs]2016-11-27T22:26:17.966+0530: 124.708: [weak refs processing, 0.0003427 secs]2016-11-27T22:26:17.966+0530: 124.709: [class unloading, 0.0064704 secs]2016-11-27T22:26:17.973+0530: 124.715: [scrub symbol table, 0.0056047 secs]2016-11-27T22:26:17.978+0530: 124.721: [scrub string table, 0.0004944 secs][1 CMS-remark: 276581K(393216K)] 298405K(502464K), 0.0647074 secs] [Times: user=0.14 sys=0.00, real=0.06 secs] 
2016-11-27T22:26:17.979+0530: 124.722: Total time for which application threads were stopped: 0.0648577 seconds, Stopping threads took: 0.0000361 seconds
2016-11-27T22:26:17.979+0530: 124.722: [CMS-concurrent-sweep-start]
2016-11-27T22:26:17.994+0530: 124.736: Total time for which application threads were stopped: 0.0000821 seconds, Stopping threads took: 0.0000174 seconds
2016-11-27T22:26:18.242+0530: 124.985: [CMS-concurrent-sweep: 0.263/0.263 secs] [Times: user=0.73 sys=0.02, real=0.26 secs] 
2016-11-27T22:26:18.243+0530: 124.985: [CMS-concurrent-reset-start]
2016-11-27T22:26:18.244+0530: 124.986: [CMS-concurrent-reset: 0.001/0.001 secs] [Times: user=0.00 sys=0.00, real=0.00 secs] 
2016-11-27T22:26:18.994+0530: 125.736: Total time for which application threads were stopped: 0.0001937 seconds, Stopping threads took: 0.0000464 seconds
2016-11-27T22:26:20.002+0530: 126.744: Total time for which application threads were stopped: 0.0005788 seconds, Stopping threads took: 0.0004038 seconds
2016-11-27T22:26:20.247+0530: 126.990: [GC (CMS Initial Mark) [1 CMS-initial-mark: 263436K(393216K)] 321643K(502464K), 0.0167075 secs] [Times: user=0.06 sys=0.00, real=0.02 secs] 
2016-11-27T22:26:20.264+0530: 127.006: Total time for which application threads were stopped: 0.0169748 seconds, Stopping threads took: 0.0001084 seconds
2016-11-27T22:26:20.264+0530: 127.006: [CMS-concurrent-mark-start]
2016-11-27T22:26:20.589+0530: 127.331: [CMS-concurrent-mark: 0.325/0.325 secs] [Times: user=0.98 sys=0.00, real=0.33 secs] 
2016-11-27T22:26:20.589+0530: 127.332: [CMS-concurrent-preclean-start]
2016-11-27T22:26:20.595+0530: 127.338: [CMS-concurrent-preclean: 0.006/0.006 secs] [Times: user=0.00 sys=0.00, real=0.01 secs] 
2016-11-27T22:26:20.595+0530: 127.338: [CMS-concurrent-abortable-preclean-start]
{Heap before GC invocations=30 (full 7):
 par new generation   total 109248K, used 109248K [0x00000000e0000000, 0x00000000e8000000, 0x00000000e8000000)
  eden space 87424K, 100% used [0x00000000e0000000, 0x00000000e5560000, 0x00000000e5560000)
  from space 21824K, 100% used [0x00000000e5560000, 0x00000000e6ab0000, 0x00000000e6ab0000)
  to   space 21824K,   0% used [0x00000000e6ab0000, 0x00000000e6ab0000, 0x00000000e8000000)
 concurrent mark-sweep generation total 393216K, used 263436K [0x00000000e8000000, 0x0000000100000000, 0x0000000100000000)
 Metaspace       used 35312K, capacity 35895K, committed 36296K, reserved 1081344K
  class space    used 4027K, capacity 4191K, committed 4296K, reserved 1048576K
2016-11-27T22:26:21.197+0530: 127.940: [GC (Allocation Failure) 2016-11-27T22:26:21.197+0530: 127.940: [ParNew2016-11-27T22:26:21.223+0530: 127.966: [CMS-concurrent-abortable-preclean: 0.324/0.628 secs] [Times: user=1.55 sys=0.05, real=0.63 secs] 

Desired survivor size 20112992 bytes, new threshold 8 (max 8)
- age   1:    1290472 bytes,    1290472 total
- age   2:      39816 bytes,    1330288 total
- age   3:    8085080 bytes,    9415368 total
- age   4:    3327672 bytes,   12743040 total
- age   5:    4005912 bytes,   16748952 total
- age   6:     110160 bytes,   16859112 total
: 109248K->21824K(109248K), 0.0290625 secs] 372684K->285260K(502464K), 0.0291633 secs] [Times: user=0.08 sys=0.00, real=0.03 secs] 
Heap after GC invocations=31 (full 7):
 par new generation   total 109248K, used 21824K [0x00000000e0000000, 0x00000000e8000000, 0x00000000e8000000)
  eden space 87424K,   0% used [0x00000000e0000000, 0x00000000e0000000, 0x00000000e5560000)
  from space 21824K, 100% used [0x00000000e6ab0000, 0x00000000e8000000, 0x00000000e8000000)
  to   space 21824K,   0% used [0x00000000e5560000, 0x00000000e5560000, 0x00000000e6ab0000)
 concurrent mark-sweep generation total 393216K, used 263436K [0x00000000e8000000, 0x0000000100000000, 0x0000000100000000)
 Metaspace       used 35312K, capacity 35895K, committed 36296K, reserved 1081344K
  class space    used 4027K, capacity 4191K, committed 4296K, reserved 1048576K
}
2016-11-27T22:26:21.227+0530: 127.969: Total time for which application threads were stopped: 0.0294895 seconds, Stopping threads took: 0.0000268 seconds
2016-11-27T22:26:21.227+0530: 127.969: [GC (CMS Final Remark) [YG occupancy: 21856 K (109248 K)]{Heap before GC invocations=31 (full 7):
 par new generation   total 109248K, used 21856K [0x00000000e0000000, 0x00000000e8000000, 0x00000000e8000000)
  eden space 87424K,   0% used [0x00000000e0000000, 0x00000000e0008010, 0x00000000e5560000)
  from space 21824K, 100% used [0x00000000e6ab0000, 0x00000000e8000000, 0x00000000e8000000)
  to   space 21824K,   0% used [0x00000000e5560000, 0x00000000e5560000, 0x00000000e6ab0000)
 concurrent mark-sweep generation total 393216K, used 263436K [0x00000000e8000000, 0x0000000100000000, 0x0000000100000000)
 Metaspace       used 35312K, capacity 35895K, committed 36296K, reserved 1081344K
  class space    used 4027K, capacity 4191K, committed 4296K, reserved 1048576K
2016-11-27T22:26:21.227+0530: 127.969: [GC (CMS Final Remark) 2016-11-27T22:26:21.227+0530: 127.970: [ParNew
Desired survivor size 20112992 bytes, new threshold 8 (max 8)
- age   1:      32784 bytes,      32784 total
- age   2:    1290472 bytes,    1323256 total
- age   3:      39816 bytes,    1363072 total
- age   4:    8735520 bytes,   10098592 total
- age   5:    3327672 bytes,   13426264 total
- age   6:    4005912 bytes,   17432176 total
- age   7:     110160 bytes,   17542336 total
: 21856K->21190K(109248K), 0.0176527 secs] 285292K->284626K(502464K), 0.0177307 secs] [Times: user=0.06 sys=0.00, real=0.02 secs] 
Heap after GC invocations=32 (full 7):
 par new generation   total 109248K, used 21190K [0x00000000e0000000, 0x00000000e8000000, 0x00000000e8000000)
  eden space 87424K,   0% used [0x00000000e0000000, 0x00000000e0000000, 0x00000000e5560000)
  from space 21824K,  97% used [0x00000000e5560000, 0x00000000e6a11890, 0x00000000e6ab0000)
  to   space 21824K,   0% used [0x00000000e6ab0000, 0x00000000e6ab0000, 0x00000000e8000000)
 concurrent mark-sweep generation total 393216K, used 263436K [0x00000000e8000000, 0x0000000100000000, 0x0000000100000000)
 Metaspace       used 35312K, capacity 35895K, committed 36296K, reserved 1081344K
  class space    used 4027K, capacity 4191K, committed 4296K, reserved 1048576K
}
2016-11-27T22:26:21.245+0530: 127.987: [Rescan (parallel) , 0.0098984 secs]2016-11-27T22:26:21.255+0530: 127.997: [weak refs processing, 0.0004605 secs]2016-11-27T22:26:21.255+0530: 127.998: [class unloading, 0.0086927 secs]2016-11-27T22:26:21.264+0530: 128.006: [scrub symbol table, 0.0069657 secs]2016-11-27T22:26:21.271+0530: 128.013: [scrub string table, 0.0005181 secs][1 CMS-remark: 263436K(393216K)] 284626K(502464K), 0.0450797 secs] [Times: user=0.16 sys=0.00, real=0.05 secs] 
2016-11-27T22:26:21.272+0530: 128.015: Total time for which application threads were stopped: 0.0452939 seconds, Stopping threads took: 0.0000995 seconds
2016-11-27T22:26:21.272+0530: 128.015: [CMS-concurrent-sweep-start]
2016-11-27T22:26:21.506+0530: 128.248: [CMS-concurrent-sweep: 0.233/0.233 secs] [Times: user=0.67 sys=0.02, real=0.23 secs] 
2016-11-27T22:26:21.506+0530: 128.248: [CMS-concurrent-reset-start]
2016-11-27T22:26:21.506+0530: 128.249: [CMS-concurrent-reset: 0.001/0.001 secs] [Times: user=0.00 sys=0.00, real=0.00 secs] 
2016-11-27T22:26:21.537+0530: 128.279: Total time for which application threads were stopped: 0.0001620 seconds, Stopping threads took: 0.0000303 seconds
2016-11-27T22:26:21.637+0530: 128.380: Total time for which application threads were stopped: 0.0006015 seconds, Stopping threads took: 0.0000303 seconds
{Heap before GC invocations=32 (full 7):
 par new generation   total 109248K, used 108614K [0x00000000e0000000, 0x00000000e8000000, 0x00000000e8000000)
  eden space 87424K, 100% used [0x00000000e0000000, 0x00000000e5560000, 0x00000000e5560000)
  from space 21824K,  97% used [0x00000000e5560000, 0x00000000e6a11890, 0x00000000e6ab0000)
  to   space 21824K,   0% used [0x00000000e6ab0000, 0x00000000e6ab0000, 0x00000000e8000000)
 concurrent mark-sweep generation total 393216K, used 254421K [0x00000000e8000000, 0x0000000100000000, 0x0000000100000000)
 Metaspace       used 35317K, capacity 35895K, committed 36296K, reserved 1081344K
  class space    used 4028K, capacity 4191K, committed 4296K, reserved 1048576K
2016-11-27T22:26:21.826+0530: 128.568: [GC (Allocation Failure) 2016-11-27T22:26:21.826+0530: 128.568: [ParNew
Desired survivor size 20112992 bytes, new threshold 8 (max 8)
- age   1:     125008 bytes,     125008 total
- age   3:    1017208 bytes,    1142216 total
- age   4:      38136 bytes,    1180352 total
- age   5:    7902808 bytes,    9083160 total
- age   6:    3230488 bytes,   12313648 total
- age   7:    3850296 bytes,   16163944 total
- age   8:     100528 bytes,   16264472 total
: 108614K->20354K(109248K), 0.0302856 secs] 363035K->274775K(502464K), 0.0303766 secs] [Times: user=0.11 sys=0.00, real=0.03 secs] 
Heap after GC invocations=33 (full 7):
 par new generation   total 109248K, used 20354K [0x00000000e0000000, 0x00000000e8000000, 0x00000000e8000000)
  eden space 87424K,   0% used [0x00000000e0000000, 0x00000000e0000000, 0x00000000e5560000)
  from space 21824K,  93% used [0x00000000e6ab0000, 0x00000000e7e908d0, 0x00000000e8000000)
  to   space 21824K,   0% used [0x00000000e5560000, 0x00000000e5560000, 0x00000000e6ab0000)
 concurrent mark-sweep generation total 393216K, used 254421K [0x00000000e8000000, 0x0000000100000000, 0x0000000100000000)
 Metaspace       used 35317K, capacity 35895K, committed 36296K, reserved 1081344K
  class space    used 4028K, capacity 4191K, committed 4296K, reserved 1048576K
}
2016-11-27T22:26:21.856+0530: 128.599: Total time for which application threads were stopped: 0.0306653 seconds, Stopping threads took: 0.0000295 seconds
2016-11-27T22:26:21.918+0530: 128.660: [GC (CMS Initial Mark) [1 CMS-initial-mark: 254421K(393216K)] 303027K(502464K), 0.0068198 secs] [Times: user=0.03 sys=0.00, real=0.01 secs] 
2016-11-27T22:26:21.924+0530: 128.667: Total time for which application threads were stopped: 0.0070684 seconds, Stopping threads took: 0.0000544 seconds
2016-11-27T22:26:21.924+0530: 128.667: [CMS-concurrent-mark-start]
2016-11-27T22:26:22.298+0530: 129.040: [CMS-concurrent-mark: 0.373/0.373 secs] [Times: user=1.09 sys=0.02, real=0.37 secs] 
2016-11-27T22:26:22.298+0530: 129.040: [CMS-concurrent-preclean-start]
2016-11-27T22:26:22.299+0530: 129.042: [CMS-concurrent-preclean: 0.001/0.001 secs] [Times: user=0.03 sys=0.00, real=0.00 secs] 
2016-11-27T22:26:22.299+0530: 129.042: [CMS-concurrent-abortable-preclean-start]
{Heap before GC invocations=33 (full 8):
 par new generation   total 109248K, used 107778K [0x00000000e0000000, 0x00000000e8000000, 0x00000000e8000000)
  eden space 87424K, 100% used [0x00000000e0000000, 0x00000000e5560000, 0x00000000e5560000)
  from space 21824K,  93% used [0x00000000e6ab0000, 0x00000000e7e908d0, 0x00000000e8000000)
  to   space 21824K,   0% used [0x00000000e5560000, 0x00000000e5560000, 0x00000000e6ab0000)
 concurrent mark-sweep generation total 393216K, used 254421K [0x00000000e8000000, 0x0000000100000000, 0x0000000100000000)
 Metaspace       used 35348K, capacity 35959K, committed 36296K, reserved 1081344K
  class space    used 4033K, capacity 4191K, committed 4296K, reserved 1048576K
2016-11-27T22:26:22.717+0530: 129.460: [GC (Allocation Failure) 2016-11-27T22:26:22.718+0530: 129.460: [ParNew
Desired survivor size 20112992 bytes, new threshold 8 (max 8)
- age   1:    1086416 bytes,    1086416 total
- age   2:        920 bytes,    1087336 total
- age   4:     900240 bytes,    1987576 total
- age   5:      27696 bytes,    2015272 total
- age   6:    7519192 bytes,    9534464 total
- age   7:    3056240 bytes,   12590704 total
- age   8:    3600816 bytes,   16191520 total
: 107778K->17371K(109248K), 0.0156767 secs] 362199K->271880K(502464K), 0.0158815 secs] [Times: user=0.06 sys=0.00, real=0.02 secs] 
Heap after GC invocations=34 (full 8):
 par new generation   total 109248K, used 17371K [0x00000000e0000000, 0x00000000e8000000, 0x00000000e8000000)
  eden space 87424K,   0% used [0x00000000e0000000, 0x00000000e0000000, 0x00000000e5560000)
  from space 21824K,  79% used [0x00000000e5560000, 0x00000000e6656f10, 0x00000000e6ab0000)
  to   space 21824K,   0% used [0x00000000e6ab0000, 0x00000000e6ab0000, 0x00000000e8000000)
 concurrent mark-sweep generation total 393216K, used 254508K [0x00000000e8000000, 0x0000000100000000, 0x0000000100000000)
 Metaspace       used 35348K, capacity 35959K, committed 36296K, reserved 1081344K
  class space    used 4033K, capacity 4191K, committed 4296K, reserved 1048576K
}
2016-11-27T22:26:22.733+0530: 129.476: Total time for which application threads were stopped: 0.0162573 seconds, Stopping threads took: 0.0000415 seconds
2016-11-27T22:26:22.993+0530: 129.736: [CMS-concurrent-abortable-preclean: 0.466/0.694 secs] [Times: user=2.22 sys=0.05, real=0.69 secs] 
2016-11-27T22:26:22.994+0530: 129.737: [GC (CMS Final Remark) [YG occupancy: 78699 K (109248 K)]{Heap before GC invocations=34 (full 8):
 par new generation   total 109248K, used 78699K [0x00000000e0000000, 0x00000000e8000000, 0x00000000e8000000)
  eden space 87424K,  70% used [0x00000000e0000000, 0x00000000e3be3fd8, 0x00000000e5560000)
  from space 21824K,  79% used [0x00000000e5560000, 0x00000000e6656f10, 0x00000000e6ab0000)
  to   space 21824K,   0% used [0x00000000e6ab0000, 0x00000000e6ab0000, 0x00000000e8000000)
 concurrent mark-sweep generation total 393216K, used 254508K [0x00000000e8000000, 0x0000000100000000, 0x0000000100000000)
 Metaspace       used 35351K, capacity 35959K, committed 36296K, reserved 1081344K
  class space    used 4033K, capacity 4191K, committed 4296K, reserved 1048576K
2016-11-27T22:26:22.994+0530: 129.737: [GC (CMS Final Remark) 2016-11-27T22:26:22.994+0530: 129.737: [ParNew
Desired survivor size 20112992 bytes, new threshold 8 (max 8)
- age   1:    6159696 bytes,    6159696 total
- age   2:     917848 bytes,    7077544 total
- age   3:        920 bytes,    7078464 total
- age   5:     900240 bytes,    7978704 total
- age   6:      27696 bytes,    8006400 total
- age   7:    7519192 bytes,   15525592 total
- age   8:    3056240 bytes,   18581832 total
: 78699K->21547K(109248K), 0.0298822 secs] 333208K->279595K(502464K), 0.0299625 secs] [Times: user=0.13 sys=0.00, real=0.03 secs] 
Heap after GC invocations=35 (full 8):
 par new generation   total 109248K, used 21547K [0x00000000e0000000, 0x00000000e8000000, 0x00000000e8000000)
  eden space 87424K,   0% used [0x00000000e0000000, 0x00000000e0000000, 0x00000000e5560000)
  from space 21824K,  98% used [0x00000000e6ab0000, 0x00000000e7fbadb0, 0x00000000e8000000)
  to   space 21824K,   0% used [0x00000000e5560000, 0x00000000e5560000, 0x00000000e6ab0000)
 concurrent mark-sweep generation total 393216K, used 258048K [0x00000000e8000000, 0x0000000100000000, 0x0000000100000000)
 Metaspace       used 35351K, capacity 35959K, committed 36296K, reserved 1081344K
  class space    used 4033K, capacity 4191K, committed 4296K, reserved 1048576K
}
2016-11-27T22:26:23.024+0530: 129.767: [Rescan (parallel) , 0.0178816 secs]2016-11-27T22:26:23.042+0530: 129.785: [weak refs processing, 0.0132630 secs]2016-11-27T22:26:23.055+0530: 129.798: [class unloading, 0.0082148 secs]2016-11-27T22:26:23.064+0530: 129.806: [scrub symbol table, 0.0084263 secs]2016-11-27T22:26:23.072+0530: 129.815: [scrub string table, 0.0005025 secs][1 CMS-remark: 258048K(393216K)] 279595K(502464K), 0.0791913 secs] [Times: user=0.22 sys=0.00, real=0.08 secs] 
2016-11-27T22:26:23.073+0530: 129.816: Total time for which application threads were stopped: 0.0793671 seconds, Stopping threads took: 0.0000308 seconds
2016-11-27T22:26:23.073+0530: 129.816: [CMS-concurrent-sweep-start]
2016-11-27T22:26:23.330+0530: 130.072: [CMS-concurrent-sweep: 0.256/0.256 secs] [Times: user=0.98 sys=0.00, real=0.26 secs] 
2016-11-27T22:26:23.330+0530: 130.072: [CMS-concurrent-reset-start]
2016-11-27T22:26:23.330+0530: 130.073: [CMS-concurrent-reset: 0.001/0.001 secs] [Times: user=0.00 sys=0.00, real=0.00 secs] 
{Heap before GC invocations=35 (full 8):
 par new generation   total 109248K, used 108971K [0x00000000e0000000, 0x00000000e8000000, 0x00000000e8000000)
  eden space 87424K, 100% used [0x00000000e0000000, 0x00000000e5560000, 0x00000000e5560000)
  from space 21824K,  98% used [0x00000000e6ab0000, 0x00000000e7fbadb0, 0x00000000e8000000)
  to   space 21824K,   0% used [0x00000000e5560000, 0x00000000e5560000, 0x00000000e6ab0000)
 concurrent mark-sweep generation total 393216K, used 253427K [0x00000000e8000000, 0x0000000100000000, 0x0000000100000000)
 Metaspace       used 35352K, capacity 35959K, committed 36296K, reserved 1081344K
  class space    used 4033K, capacity 4191K, committed 4296K, reserved 1048576K
2016-11-27T22:26:23.398+0530: 130.140: [GC (Allocation Failure) 2016-11-27T22:26:23.398+0530: 130.140: [ParNew
Desired survivor size 20112992 bytes, new threshold 8 (max 8)
- age   1:    7735440 bytes,    7735440 total
- age   2:    4475208 bytes,   12210648 total
- age   3:     730176 bytes,   12940824 total
- age   4:        920 bytes,   12941744 total
- age   6:     247672 bytes,   13189416 total
- age   7:      19856 bytes,   13209272 total
- age   8:    6703560 bytes,   19912832 total
: 108971K->21824K(109248K), 0.0348385 secs] 362399K->279766K(502464K), 0.0349439 secs] [Times: user=0.13 sys=0.00, real=0.04 secs] 
Heap after GC invocations=36 (full 8):
 par new generation   total 109248K, used 21824K [0x00000000e0000000, 0x00000000e8000000, 0x00000000e8000000)
  eden space 87424K,   0% used [0x00000000e0000000, 0x00000000e0000000, 0x00000000e5560000)
  from space 21824K, 100% used [0x00000000e5560000, 0x00000000e6ab0000, 0x00000000e6ab0000)
  to   space 21824K,   0% used [0x00000000e6ab0000, 0x00000000e6ab0000, 0x00000000e8000000)
 concurrent mark-sweep generation total 393216K, used 257942K [0x00000000e8000000, 0x0000000100000000, 0x0000000100000000)
 Metaspace       used 35352K, capacity 35959K, committed 36296K, reserved 1081344K
  class space    used 4033K, capacity 4191K, committed 4296K, reserved 1048576K
}
2016-11-27T22:26:23.433+0530: 130.175: Total time for which application threads were stopped: 0.0351540 seconds, Stopping threads took: 0.0000187 seconds
2016-11-27T22:26:23.433+0530: 130.175: [GC (CMS Initial Mark) [1 CMS-initial-mark: 257942K(393216K)] 281498K(502464K), 0.0049090 secs] [Times: user=0.06 sys=0.00, real=0.00 secs] 
2016-11-27T22:26:23.438+0530: 130.180: Total time for which application threads were stopped: 0.0050523 seconds, Stopping threads took: 0.0000393 seconds
2016-11-27T22:26:23.438+0530: 130.180: [CMS-concurrent-mark-start]
2016-11-27T22:26:23.716+0530: 130.458: [CMS-concurrent-mark: 0.278/0.278 secs] [Times: user=0.78 sys=0.00, real=0.28 secs] 
2016-11-27T22:26:23.716+0530: 130.458: [CMS-concurrent-preclean-start]
2016-11-27T22:26:23.727+0530: 130.470: [CMS-concurrent-preclean: 0.011/0.011 secs] [Times: user=0.03 sys=0.00, real=0.01 secs] 
2016-11-27T22:26:23.727+0530: 130.470: [CMS-concurrent-abortable-preclean-start]
{Heap before GC invocations=36 (full 9):
 par new generation   total 109248K, used 109248K [0x00000000e0000000, 0x00000000e8000000, 0x00000000e8000000)
  eden space 87424K, 100% used [0x00000000e0000000, 0x00000000e5560000, 0x00000000e5560000)
  from space 21824K, 100% used [0x00000000e5560000, 0x00000000e6ab0000, 0x00000000e6ab0000)
  to   space 21824K,   0% used [0x00000000e6ab0000, 0x00000000e6ab0000, 0x00000000e8000000)
 concurrent mark-sweep generation total 393216K, used 257942K [0x00000000e8000000, 0x0000000100000000, 0x0000000100000000)
 Metaspace       used 35352K, capacity 35959K, committed 36296K, reserved 1081344K
  class space    used 4033K, capacity 4191K, committed 4296K, reserved 1048576K
2016-11-27T22:26:23.834+0530: 130.576: [GC (Allocation Failure) 2016-11-27T22:26:23.834+0530: 130.576: [ParNew
Desired survivor size 20112992 bytes, new threshold 3 (max 8)
- age   1:   10019072 bytes,   10019072 total
- age   2:    6040248 bytes,   16059320 total
- age   3:    4348728 bytes,   20408048 total
- age   4:     712440 bytes,   21120488 total
- age   5:        920 bytes,   21121408 total
- age   7:     231912 bytes,   21353320 total
- age   8:      18560 bytes,   21371880 total
: 109248K->21824K(109248K), 0.0463555 secs] 367190K->287715K(502464K), 0.0464514 secs] [Times: user=0.19 sys=0.00, real=0.05 secs] 
Heap after GC invocations=37 (full 9):
 par new generation   total 109248K, used 21824K [0x00000000e0000000, 0x00000000e8000000, 0x00000000e8000000)
  eden space 87424K,   0% used [0x00000000e0000000, 0x00000000e0000000, 0x00000000e5560000)
  from space 21824K, 100% used [0x00000000e6ab0000, 0x00000000e8000000, 0x00000000e8000000)
  to   space 21824K,   0% used [0x00000000e5560000, 0x00000000e5560000, 0x00000000e6ab0000)
 concurrent mark-sweep generation total 393216K, used 265891K [0x00000000e8000000, 0x0000000100000000, 0x0000000100000000)
 Metaspace       used 35352K, capacity 35959K, committed 36296K, reserved 1081344K
  class space    used 4033K, capacity 4191K, committed 4296K, reserved 1048576K
}
2016-11-27T22:26:23.880+0530: 130.623: Total time for which application threads were stopped: 0.0466388 seconds, Stopping threads took: 0.0000223 seconds
{Heap before GC invocations=37 (full 9):
 par new generation   total 109248K, used 109248K [0x00000000e0000000, 0x00000000e8000000, 0x00000000e8000000)
  eden space 87424K, 100% used [0x00000000e0000000, 0x00000000e5560000, 0x00000000e5560000)
  from space 21824K, 100% used [0x00000000e6ab0000, 0x00000000e8000000, 0x00000000e8000000)
  to   space 21824K,   0% used [0x00000000e5560000, 0x00000000e5560000, 0x00000000e6ab0000)
 concurrent mark-sweep generation total 393216K, used 265891K [0x00000000e8000000, 0x0000000100000000, 0x0000000100000000)
 Metaspace       used 35352K, capacity 35959K, committed 36296K, reserved 1081344K
  class space    used 4033K, capacity 4191K, committed 4296K, reserved 1048576K
2016-11-27T22:26:24.090+0530: 130.832: [GC (Allocation Failure) 2016-11-27T22:26:24.090+0530: 130.832: [ParNew
Desired survivor size 20112992 bytes, new threshold 8 (max 8)
- age   1:    7665856 bytes,    7665856 total
- age   2:    5629984 bytes,   13295840 total
- age   3:    4725840 bytes,   18021680 total
: 109248K->21824K(109248K), 0.0880062 secs] 375139K->300466K(502464K), 0.0881022 secs] [Times: user=0.27 sys=0.00, real=0.09 secs] 
Heap after GC invocations=38 (full 9):
 par new generation   total 109248K, used 21824K [0x00000000e0000000, 0x00000000e8000000, 0x00000000e8000000)
  eden space 87424K,   0% used [0x00000000e0000000, 0x00000000e0000000, 0x00000000e5560000)
  from space 21824K, 100% used [0x00000000e5560000, 0x00000000e6ab0000, 0x00000000e6ab0000)
  to   space 21824K,   0% used [0x00000000e6ab0000, 0x00000000e6ab0000, 0x00000000e8000000)
 concurrent mark-sweep generation total 393216K, used 278642K [0x00000000e8000000, 0x0000000100000000, 0x0000000100000000)
 Metaspace       used 35352K, capacity 35959K, committed 36296K, reserved 1081344K
  class space    used 4033K, capacity 4191K, committed 4296K, reserved 1048576K
}
2016-11-27T22:26:24.178+0530: 130.920: Total time for which application threads were stopped: 0.0883623 seconds, Stopping threads took: 0.0000263 seconds
2016-11-27T22:26:24.193+0530: 130.935: Total time for which application threads were stopped: 0.0001361 seconds, Stopping threads took: 0.0000357 seconds
2016-11-27T22:26:24.195+0530: 130.938: Total time for which application threads were stopped: 0.0007158 seconds, Stopping threads took: 0.0000254 seconds
2016-11-27T22:26:24.196+0530: 130.938: Total time for which application threads were stopped: 0.0001098 seconds, Stopping threads took: 0.0000299 seconds
2016-11-27T22:26:24.197+0530: 130.939: Total time for which application threads were stopped: 0.0001504 seconds, Stopping threads took: 0.0000696 seconds
2016-11-27T22:26:24.197+0530: 130.940: Total time for which application threads were stopped: 0.0000808 seconds, Stopping threads took: 0.0000250 seconds
2016-11-27T22:26:24.198+0530: 130.940: Total time for which application threads were stopped: 0.0001044 seconds, Stopping threads took: 0.0000196 seconds
2016-11-27T22:26:24.198+0530: 130.941: Total time for which application threads were stopped: 0.0000924 seconds, Stopping threads took: 0.0000183 seconds
2016-11-27T22:26:24.198+0530: 130.941: Total time for which application threads were stopped: 0.0000701 seconds, Stopping threads took: 0.0000120 seconds
2016-11-27T22:26:24.199+0530: 130.941: [CMS-concurrent-abortable-preclean: 0.331/0.471 secs] [Times: user=1.09 sys=0.02, real=0.47 secs] 
2016-11-27T22:26:24.199+0530: 130.941: [GC (CMS Final Remark) [YG occupancy: 27577 K (109248 K)]{Heap before GC invocations=38 (full 9):
 par new generation   total 109248K, used 27577K [0x00000000e0000000, 0x00000000e8000000, 0x00000000e8000000)
  eden space 87424K,   6% used [0x00000000e0000000, 0x00000000e059e400, 0x00000000e5560000)
  from space 21824K, 100% used [0x00000000e5560000, 0x00000000e6ab0000, 0x00000000e6ab0000)
  to   space 21824K,   0% used [0x00000000e6ab0000, 0x00000000e6ab0000, 0x00000000e8000000)
 concurrent mark-sweep generation total 393216K, used 278642K [0x00000000e8000000, 0x0000000100000000, 0x0000000100000000)
 Metaspace       used 35359K, capacity 35959K, committed 36296K, reserved 1081344K
  class space    used 4035K, capacity 4191K, committed 4296K, reserved 1048576K
2016-11-27T22:26:24.199+0530: 130.942: [GC (CMS Final Remark) 2016-11-27T22:26:24.199+0530: 130.942: [ParNew
Desired survivor size 20112992 bytes, new threshold 8 (max 8)
- age   1:     613144 bytes,     613144 total
- age   2:    7458720 bytes,    8071864 total
- age   3:    5453120 bytes,   13524984 total
- age   4:    4589088 bytes,   18114072 total
: 27577K->21824K(109248K), 0.0290776 secs] 306219K->301323K(502464K), 0.0291522 secs] [Times: user=0.12 sys=0.00, real=0.03 secs] 
Heap after GC invocations=39 (full 9):
 par new generation   total 109248K, used 21824K [0x00000000e0000000, 0x00000000e8000000, 0x00000000e8000000)
  eden space 87424K,   0% used [0x00000000e0000000, 0x00000000e0000000, 0x00000000e5560000)
  from space 21824K, 100% used [0x00000000e6ab0000, 0x00000000e8000000, 0x00000000e8000000)
  to   space 21824K,   0% used [0x00000000e5560000, 0x00000000e5560000, 0x00000000e6ab0000)
 concurrent mark-sweep generation total 393216K, used 279499K [0x00000000e8000000, 0x0000000100000000, 0x0000000100000000)
 Metaspace       used 35359K, capacity 35959K, committed 36296K, reserved 1081344K
  class space    used 4035K, capacity 4191K, committed 4296K, reserved 1048576K
}
2016-11-27T22:26:24.228+0530: 130.971: [Rescan (parallel) , 0.0176500 secs]2016-11-27T22:26:24.246+0530: 130.988: [weak refs processing, 0.0004391 secs]2016-11-27T22:26:24.246+0530: 130.989: [class unloading, 0.0069251 secs]2016-11-27T22:26:24.253+0530: 130.996: [scrub symbol table, 0.0082036 secs]2016-11-27T22:26:24.262+0530: 131.004: [scrub string table, 0.0004904 secs][1 CMS-remark: 279499K(393216K)] 301323K(502464K), 0.0636658 secs] [Times: user=0.20 sys=0.00, real=0.06 secs] 
2016-11-27T22:26:24.263+0530: 131.005: Total time for which application threads were stopped: 0.0637988 seconds, Stopping threads took: 0.0000366 seconds
2016-11-27T22:26:24.263+0530: 131.005: [CMS-concurrent-sweep-start]
2016-11-27T22:26:24.533+0530: 131.276: [CMS-concurrent-sweep: 0.271/0.271 secs] [Times: user=0.83 sys=0.02, real=0.27 secs] 
2016-11-27T22:26:24.533+0530: 131.276: [CMS-concurrent-reset-start]
2016-11-27T22:26:24.534+0530: 131.277: [CMS-concurrent-reset: 0.001/0.001 secs] [Times: user=0.00 sys=0.00, real=0.00 secs] 
2016-11-27T22:26:24.926+0530: 131.669: Total time for which application threads were stopped: 0.0006176 seconds, Stopping threads took: 0.0004668 seconds
2016-11-27T22:26:24.994+0530: 131.737: Total time for which application threads were stopped: 0.0166901 seconds, Stopping threads took: 0.0165955 seconds
{Heap before GC invocations=39 (full 9):
 par new generation   total 109248K, used 109248K [0x00000000e0000000, 0x00000000e8000000, 0x00000000e8000000)
  eden space 87424K, 100% used [0x00000000e0000000, 0x00000000e5560000, 0x00000000e5560000)
  from space 21824K, 100% used [0x00000000e6ab0000, 0x00000000e8000000, 0x00000000e8000000)
  to   space 21824K,   0% used [0x00000000e5560000, 0x00000000e5560000, 0x00000000e6ab0000)
 concurrent mark-sweep generation total 393216K, used 238079K [0x00000000e8000000, 0x0000000100000000, 0x0000000100000000)
 Metaspace       used 35362K, capacity 35959K, committed 36296K, reserved 1081344K
  class space    used 4035K, capacity 4191K, committed 4296K, reserved 1048576K
2016-11-27T22:26:25.145+0530: 131.888: [GC (Allocation Failure) 2016-11-27T22:26:25.145+0530: 131.888: [ParNew
Desired survivor size 20112992 bytes, new threshold 5 (max 8)
- age   1:    8150376 bytes,    8150376 total
- age   2:     254712 bytes,    8405088 total
- age   3:    5988672 bytes,   14393760 total
- age   4:    4196952 bytes,   18590712 total
- age   5:    3555896 bytes,   22146608 total
: 109248K->21824K(109248K), 0.0486607 secs] 347327K->262986K(502464K), 0.0487964 secs] [Times: user=0.14 sys=0.00, real=0.05 secs] 
Heap after GC invocations=40 (full 9):
 par new generation   total 109248K, used 21824K [0x00000000e0000000, 0x00000000e8000000, 0x00000000e8000000)
  eden space 87424K,   0% used [0x00000000e0000000, 0x00000000e0000000, 0x00000000e5560000)
  from space 21824K, 100% used [0x00000000e5560000, 0x00000000e6ab0000, 0x00000000e6ab0000)
  to   space 21824K,   0% used [0x00000000e6ab0000, 0x00000000e6ab0000, 0x00000000e8000000)
 concurrent mark-sweep generation total 393216K, used 241162K [0x00000000e8000000, 0x0000000100000000, 0x0000000100000000)
 Metaspace       used 35362K, capacity 35959K, committed 36296K, reserved 1081344K
  class space    used 4035K, capacity 4191K, committed 4296K, reserved 1048576K
}
2016-11-27T22:26:25.194+0530: 131.937: Total time for which application threads were stopped: 0.0491123 seconds, Stopping threads took: 0.0000477 seconds
2016-11-27T22:26:25.197+0530: 131.940: [GC (CMS Initial Mark) [1 CMS-initial-mark: 241162K(393216K)] 264877K(502464K), 0.0089185 secs] [Times: user=0.06 sys=0.00, real=0.01 secs] 
2016-11-27T22:26:25.206+0530: 131.949: Total time for which application threads were stopped: 0.0092094 seconds, Stopping threads took: 0.0001370 seconds
2016-11-27T22:26:25.206+0530: 131.949: [CMS-concurrent-mark-start]
2016-11-27T22:26:25.541+0530: 132.284: [CMS-concurrent-mark: 0.335/0.335 secs] [Times: user=1.09 sys=0.00, real=0.33 secs] 
2016-11-27T22:26:25.541+0530: 132.284: [CMS-concurrent-preclean-start]
2016-11-27T22:26:25.543+0530: 132.286: [CMS-concurrent-preclean: 0.002/0.002 secs] [Times: user=0.06 sys=0.00, real=0.00 secs] 
2016-11-27T22:26:25.543+0530: 132.286: [CMS-concurrent-abortable-preclean-start]
2016-11-27T22:26:25.585+0530: 132.327: Total time for which application threads were stopped: 0.0040786 seconds, Stopping threads took: 0.0039367 seconds
2016-11-27T22:26:25.618+0530: 132.361: Total time for which application threads were stopped: 0.0007358 seconds, Stopping threads took: 0.0006395 seconds
2016-11-27T22:26:25.906+0530: 132.648: [CMS-concurrent-abortable-preclean: 0.358/0.363 secs] [Times: user=1.11 sys=0.02, real=0.36 secs] 
2016-11-27T22:26:25.906+0530: 132.649: [GC (CMS Final Remark) [YG occupancy: 85688 K (109248 K)]{Heap before GC invocations=40 (full 10):
 par new generation   total 109248K, used 85688K [0x00000000e0000000, 0x00000000e8000000, 0x00000000e8000000)
  eden space 87424K,  73% used [0x00000000e0000000, 0x00000000e3e5e388, 0x00000000e5560000)
  from space 21824K, 100% used [0x00000000e5560000, 0x00000000e6ab0000, 0x00000000e6ab0000)
  to   space 21824K,   0% used [0x00000000e6ab0000, 0x00000000e6ab0000, 0x00000000e8000000)
 concurrent mark-sweep generation total 393216K, used 241162K [0x00000000e8000000, 0x0000000100000000, 0x0000000100000000)
 Metaspace       used 35362K, capacity 35959K, committed 36296K, reserved 1081344K
  class space    used 4035K, capacity 4191K, committed 4296K, reserved 1048576K
2016-11-27T22:26:25.906+0530: 132.649: [GC (CMS Final Remark) 2016-11-27T22:26:25.906+0530: 132.649: [ParNew
Desired survivor size 20112992 bytes, new threshold 5 (max 8)
- age   1:    7041640 bytes,    7041640 total
- age   2:    6199752 bytes,   13241392 total
- age   3:     171224 bytes,   13412616 total
- age   4:    4742080 bytes,   18154696 total
- age   5:    3409736 bytes,   21564432 total
: 85688K->21824K(109248K), 0.0474809 secs] 326851K->269759K(502464K), 0.0475938 secs] [Times: user=0.13 sys=0.00, real=0.05 secs] 
Heap after GC invocations=41 (full 10):
 par new generation   total 109248K, used 21824K [0x00000000e0000000, 0x00000000e8000000, 0x00000000e8000000)
  eden space 87424K,   0% used [0x00000000e0000000, 0x00000000e0000000, 0x00000000e5560000)
  from space 21824K, 100% used [0x00000000e6ab0000, 0x00000000e8000000, 0x00000000e8000000)
  to   space 21824K,   0% used [0x00000000e5560000, 0x00000000e5560000, 0x00000000e6ab0000)
 concurrent mark-sweep generation total 393216K, used 247935K [0x00000000e8000000, 0x0000000100000000, 0x0000000100000000)
 Metaspace       used 35362K, capacity 35959K, committed 36296K, reserved 1081344K
  class space    used 4035K, capacity 4191K, committed 4296K, reserved 1048576K
}
2016-11-27T22:26:25.954+0530: 132.697: [Rescan (parallel) , 0.0172118 secs]2016-11-27T22:26:25.971+0530: 132.714: [weak refs processing, 0.0022959 secs]2016-11-27T22:26:25.974+0530: 132.716: [class unloading, 0.0098292 secs]2016-11-27T22:26:25.983+0530: 132.726: [scrub symbol table, 0.0109194 secs]2016-11-27T22:26:25.994+0530: 132.737: [scrub string table, 0.0008528 secs][1 CMS-remark: 247935K(393216K)] 269759K(502464K), 0.0898496 secs] [Times: user=0.23 sys=0.02, real=0.09 secs] 
2016-11-27T22:26:25.996+0530: 132.739: Total time for which application threads were stopped: 0.0900741 seconds, Stopping threads took: 0.0000678 seconds
2016-11-27T22:26:25.996+0530: 132.739: [CMS-concurrent-sweep-start]
2016-11-27T22:26:26.218+0530: 132.961: [CMS-concurrent-sweep: 0.222/0.222 secs] [Times: user=0.76 sys=0.00, real=0.22 secs] 
2016-11-27T22:26:26.219+0530: 132.961: [CMS-concurrent-reset-start]
2016-11-27T22:26:26.219+0530: 132.962: [CMS-concurrent-reset: 0.001/0.001 secs] [Times: user=0.00 sys=0.00, real=0.00 secs] 
{Heap before GC invocations=41 (full 10):
 par new generation   total 109248K, used 109248K [0x00000000e0000000, 0x00000000e8000000, 0x00000000e8000000)
  eden space 87424K, 100% used [0x00000000e0000000, 0x00000000e5560000, 0x00000000e5560000)
  from space 21824K, 100% used [0x00000000e6ab0000, 0x00000000e8000000, 0x00000000e8000000)
  to   space 21824K,   0% used [0x00000000e5560000, 0x00000000e5560000, 0x00000000e6ab0000)
 concurrent mark-sweep generation total 393216K, used 237018K [0x00000000e8000000, 0x0000000100000000, 0x0000000100000000)
 Metaspace       used 35363K, capacity 35959K, committed 36296K, reserved 1081344K
  class space    used 4035K, capacity 4191K, committed 4296K, reserved 1048576K
2016-11-27T22:26:26.352+0530: 133.095: [GC (Allocation Failure) 2016-11-27T22:26:26.352+0530: 133.095: [ParNew
Desired survivor size 20112992 bytes, new threshold 5 (max 8)
- age   1:    8563576 bytes,    8563576 total
- age   2:    5077808 bytes,   13641384 total
- age   3:    5903240 bytes,   19544624 total
- age   4:      94640 bytes,   19639264 total
- age   5:    2638032 bytes,   22277296 total
: 109248K->21824K(109248K), 0.0524729 secs] 346266K->265171K(502464K), 0.0525903 secs] [Times: user=0.25 sys=0.00, real=0.05 secs] 
Heap after GC invocations=42 (full 10):
 par new generation   total 109248K, used 21824K [0x00000000e0000000, 0x00000000e8000000, 0x00000000e8000000)
  eden space 87424K,   0% used [0x00000000e0000000, 0x00000000e0000000, 0x00000000e5560000)
  from space 21824K, 100% used [0x00000000e5560000, 0x00000000e6ab0000, 0x00000000e6ab0000)
  to   space 21824K,   0% used [0x00000000e6ab0000, 0x00000000e6ab0000, 0x00000000e8000000)
 concurrent mark-sweep generation total 393216K, used 243347K [0x00000000e8000000, 0x0000000100000000, 0x0000000100000000)
 Metaspace       used 35363K, capacity 35959K, committed 36296K, reserved 1081344K
  class space    used 4035K, capacity 4191K, committed 4296K, reserved 1048576K
}
2016-11-27T22:26:26.405+0530: 133.148: Total time for which application threads were stopped: 0.0553962 seconds, Stopping threads took: 0.0025172 seconds
2016-11-27T22:26:26.409+0530: 133.152: [GC (CMS Initial Mark) [1 CMS-initial-mark: 243347K(393216K)] 269286K(502464K), 0.0078426 secs] [Times: user=0.03 sys=0.00, real=0.01 secs] 
2016-11-27T22:26:26.417+0530: 133.159: Total time for which application threads were stopped: 0.0080983 seconds, Stopping threads took: 0.0000406 seconds
2016-11-27T22:26:26.417+0530: 133.160: [CMS-concurrent-mark-start]
2016-11-27T22:26:26.712+0530: 133.454: [CMS-concurrent-mark: 0.295/0.295 secs] [Times: user=0.87 sys=0.00, real=0.29 secs] 
2016-11-27T22:26:26.712+0530: 133.454: [CMS-concurrent-preclean-start]
2016-11-27T22:26:26.714+0530: 133.457: [CMS-concurrent-preclean: 0.002/0.002 secs] [Times: user=0.03 sys=0.00, real=0.00 secs] 
2016-11-27T22:26:26.714+0530: 133.457: [CMS-concurrent-abortable-preclean-start]
{Heap before GC invocations=42 (full 11):
 par new generation   total 109248K, used 109248K [0x00000000e0000000, 0x00000000e8000000, 0x00000000e8000000)
  eden space 87424K, 100% used [0x00000000e0000000, 0x00000000e5560000, 0x00000000e5560000)
  from space 21824K, 100% used [0x00000000e5560000, 0x00000000e6ab0000, 0x00000000e6ab0000)
  to   space 21824K,   0% used [0x00000000e6ab0000, 0x00000000e6ab0000, 0x00000000e8000000)
 concurrent mark-sweep generation total 393216K, used 243347K [0x00000000e8000000, 0x0000000100000000, 0x0000000100000000)
 Metaspace       used 35365K, capacity 35959K, committed 36296K, reserved 1081344K
  class space    used 4035K, capacity 4191K, committed 4296K, reserved 1048576K
2016-11-27T22:26:26.917+0530: 133.660: [GC (Allocation Failure) 2016-11-27T22:26:26.917+0530: 133.660: [ParNew
Desired survivor size 20112992 bytes, new threshold 4 (max 8)
- age   1:    7779216 bytes,    7779216 total
- age   2:    5852144 bytes,   13631360 total
- age   3:    3605120 bytes,   17236480 total
- age   4:    5025104 bytes,   22261584 total
- age   5:      94640 bytes,   22356224 total
: 109248K->21824K(109248K), 0.0565024 secs] 352595K->270972K(502464K), 0.0566046 secs] [Times: user=0.14 sys=0.00, real=0.06 secs] 
Heap after GC invocations=43 (full 11):
 par new generation   total 109248K, used 21824K [0x00000000e0000000, 0x00000000e8000000, 0x00000000e8000000)
  eden space 87424K,   0% used [0x00000000e0000000, 0x00000000e0000000, 0x00000000e5560000)
  from space 21824K, 100% used [0x00000000e6ab0000, 0x00000000e8000000, 0x00000000e8000000)
  to   space 21824K,   0% used [0x00000000e5560000, 0x00000000e5560000, 0x00000000e6ab0000)
 concurrent mark-sweep generation total 393216K, used 249148K [0x00000000e8000000, 0x0000000100000000, 0x0000000100000000)
 Metaspace       used 35365K, capacity 35959K, committed 36296K, reserved 1081344K
  class space    used 4035K, capacity 4191K, committed 4296K, reserved 1048576K
}
2016-11-27T22:26:26.974+0530: 133.717: Total time for which application threads were stopped: 0.0568884 seconds, Stopping threads took: 0.0000326 seconds
2016-11-27T22:26:27.213+0530: 133.956: [CMS-concurrent-abortable-preclean: 0.441/0.499 secs] [Times: user=1.64 sys=0.06, real=0.50 secs] 
{Heap before GC invocations=43 (full 11):
 par new generation   total 109248K, used 109248K [0x00000000e0000000, 0x00000000e8000000, 0x00000000e8000000)
  eden space 87424K, 100% used [0x00000000e0000000, 0x00000000e5560000, 0x00000000e5560000)
  from space 21824K, 100% used [0x00000000e6ab0000, 0x00000000e8000000, 0x00000000e8000000)
  to   space 21824K,   0% used [0x00000000e5560000, 0x00000000e5560000, 0x00000000e6ab0000)
 concurrent mark-sweep generation total 393216K, used 249148K [0x00000000e8000000, 0x0000000100000000, 0x0000000100000000)
 Metaspace       used 35365K, capacity 35959K, committed 36296K, reserved 1081344K
  class space    used 4035K, capacity 4191K, committed 4296K, reserved 1048576K
2016-11-27T22:26:27.258+0530: 134.000: [GC (Allocation Failure) 2016-11-27T22:26:27.258+0530: 134.000: [ParNew
Desired survivor size 20112992 bytes, new threshold 8 (max 8)
- age   1:    6729760 bytes,    6729760 total
- age   2:    4821360 bytes,   11551120 total
- age   3:    4651744 bytes,   16202864 total
- age   4:    3093264 bytes,   19296128 total
: 109248K->21824K(109248K), 0.0429949 secs] 358396K->278752K(502464K), 0.0431002 secs] [Times: user=0.19 sys=0.00, real=0.04 secs] 
Heap after GC invocations=44 (full 11):
 par new generation   total 109248K, used 21824K [0x00000000e0000000, 0x00000000e8000000, 0x00000000e8000000)
  eden space 87424K,   0% used [0x00000000e0000000, 0x00000000e0000000, 0x00000000e5560000)
  from space 21824K, 100% used [0x00000000e5560000, 0x00000000e6ab0000, 0x00000000e6ab0000)
  to   space 21824K,   0% used [0x00000000e6ab0000, 0x00000000e6ab0000, 0x00000000e8000000)
 concurrent mark-sweep generation total 393216K, used 256928K [0x00000000e8000000, 0x0000000100000000, 0x0000000100000000)
 Metaspace       used 35365K, capacity 35959K, committed 36296K, reserved 1081344K
  class space    used 4035K, capacity 4191K, committed 4296K, reserved 1048576K
}
2016-11-27T22:26:27.301+0530: 134.044: Total time for which application threads were stopped: 0.0437075 seconds, Stopping threads took: 0.0000295 seconds
2016-11-27T22:26:27.305+0530: 134.048: [GC (CMS Final Remark) [YG occupancy: 23594 K (109248 K)]{Heap before GC invocations=44 (full 11):
 par new generation   total 109248K, used 23594K [0x00000000e0000000, 0x00000000e8000000, 0x00000000e8000000)
  eden space 87424K,   2% used [0x00000000e0000000, 0x00000000e01baa40, 0x00000000e5560000)
  from space 21824K, 100% used [0x00000000e5560000, 0x00000000e6ab0000, 0x00000000e6ab0000)
  to   space 21824K,   0% used [0x00000000e6ab0000, 0x00000000e6ab0000, 0x00000000e8000000)
 concurrent mark-sweep generation total 393216K, used 256928K [0x00000000e8000000, 0x0000000100000000, 0x0000000100000000)
 Metaspace       used 35365K, capacity 35959K, committed 36296K, reserved 1081344K
  class space    used 4035K, capacity 4191K, committed 4296K, reserved 1048576K
2016-11-27T22:26:27.305+0530: 134.048: [GC (CMS Final Remark) 2016-11-27T22:26:27.305+0530: 134.048: [ParNew
Desired survivor size 20112992 bytes, new threshold 8 (max 8)
- age   1:       1064 bytes,       1064 total
- age   2:    6669920 bytes,    6670984 total
- age   3:    4786472 bytes,   11457456 total
- age   4:    4609272 bytes,   16066728 total
- age   5:    3057544 bytes,   19124272 total
: 23594K->21824K(109248K), 0.0213783 secs] 280522K->278907K(502464K), 0.0214568 secs] [Times: user=0.13 sys=0.00, real=0.02 secs] 
Heap after GC invocations=45 (full 11):
 par new generation   total 109248K, used 21824K [0x00000000e0000000, 0x00000000e8000000, 0x00000000e8000000)
  eden space 87424K,   0% used [0x00000000e0000000, 0x00000000e0000000, 0x00000000e5560000)
  from space 21824K, 100% used [0x00000000e6ab0000, 0x00000000e8000000, 0x00000000e8000000)
  to   space 21824K,   0% used [0x00000000e5560000, 0x00000000e5560000, 0x00000000e6ab0000)
 concurrent mark-sweep generation total 393216K, used 257083K [0x00000000e8000000, 0x0000000100000000, 0x0000000100000000)
 Metaspace       used 35365K, capacity 35959K, committed 36296K, reserved 1081344K
  class space    used 4035K, capacity 4191K, committed 4296K, reserved 1048576K
}
2016-11-27T22:26:27.327+0530: 134.069: [Rescan (parallel) , 0.0131805 secs]2016-11-27T22:26:27.340+0530: 134.083: [weak refs processing, 0.0030527 secs]2016-11-27T22:26:27.343+0530: 134.086: [class unloading, 0.0086565 secs]2016-11-27T22:26:27.352+0530: 134.094: [scrub symbol table, 0.0085472 secs]2016-11-27T22:26:27.360+0530: 134.103: [scrub string table, 0.0008028 secs][1 CMS-remark: 257083K(393216K)] 278907K(502464K), 0.0566086 secs] [Times: user=0.20 sys=0.00, real=0.06 secs] 
2016-11-27T22:26:27.362+0530: 134.104: Total time for which application threads were stopped: 0.0580227 seconds, Stopping threads took: 0.0012655 seconds
2016-11-27T22:26:27.362+0530: 134.104: [CMS-concurrent-sweep-start]
2016-11-27T22:26:27.370+0530: 134.112: Total time for which application threads were stopped: 0.0021598 seconds, Stopping threads took: 0.0020545 seconds
2016-11-27T22:26:27.517+0530: 134.260: Total time for which application threads were stopped: 0.0001276 seconds, Stopping threads took: 0.0000353 seconds
2016-11-27T22:26:27.517+0530: 134.260: Total time for which application threads were stopped: 0.0000772 seconds, Stopping threads took: 0.0000152 seconds
2016-11-27T22:26:27.522+0530: 134.264: Total time for which application threads were stopped: 0.0001241 seconds, Stopping threads took: 0.0000303 seconds
2016-11-27T22:26:27.522+0530: 134.265: Total time for which application threads were stopped: 0.0001058 seconds, Stopping threads took: 0.0000339 seconds
2016-11-27T22:26:27.522+0530: 134.265: Total time for which application threads were stopped: 0.0000901 seconds, Stopping threads took: 0.0000214 seconds
2016-11-27T22:26:27.522+0530: 134.265: Total time for which application threads were stopped: 0.0000826 seconds, Stopping threads took: 0.0000232 seconds
2016-11-27T22:26:27.522+0530: 134.265: Total time for which application threads were stopped: 0.0000906 seconds, Stopping threads took: 0.0000187 seconds
2016-11-27T22:26:27.523+0530: 134.265: Total time for which application threads were stopped: 0.0000701 seconds, Stopping threads took: 0.0000232 seconds
2016-11-27T22:26:27.523+0530: 134.266: Total time for which application threads were stopped: 0.0000790 seconds, Stopping threads took: 0.0000152 seconds
2016-11-27T22:26:27.524+0530: 134.267: Total time for which application threads were stopped: 0.0001571 seconds, Stopping threads took: 0.0000763 seconds
2016-11-27T22:26:27.539+0530: 134.281: Total time for which application threads were stopped: 0.0002253 seconds, Stopping threads took: 0.0000884 seconds
2016-11-27T22:26:27.541+0530: 134.284: Total time for which application threads were stopped: 0.0001428 seconds, Stopping threads took: 0.0000295 seconds
2016-11-27T22:26:27.573+0530: 134.316: Total time for which application threads were stopped: 0.0001553 seconds, Stopping threads took: 0.0000353 seconds
2016-11-27T22:26:27.588+0530: 134.331: [CMS-concurrent-sweep: 0.223/0.227 secs] [Times: user=0.70 sys=0.02, real=0.23 secs] 
2016-11-27T22:26:27.588+0530: 134.331: [CMS-concurrent-reset-start]
2016-11-27T22:26:27.589+0530: 134.332: [CMS-concurrent-reset: 0.001/0.001 secs] [Times: user=0.00 sys=0.00, real=0.00 secs] 
{Heap before GC invocations=45 (full 11):
 par new generation   total 109248K, used 109248K [0x00000000e0000000, 0x00000000e8000000, 0x00000000e8000000)
  eden space 87424K, 100% used [0x00000000e0000000, 0x00000000e5560000, 0x00000000e5560000)
  from space 21824K, 100% used [0x00000000e6ab0000, 0x00000000e8000000, 0x00000000e8000000)
  to   space 21824K,   0% used [0x00000000e5560000, 0x00000000e5560000, 0x00000000e6ab0000)
 concurrent mark-sweep generation total 393216K, used 251643K [0x00000000e8000000, 0x0000000100000000, 0x0000000100000000)
 Metaspace       used 35493K, capacity 36087K, committed 36296K, reserved 1081344K
  class space    used 4046K, capacity 4191K, committed 4296K, reserved 1048576K
2016-11-27T22:26:27.757+0530: 134.500: [GC (Allocation Failure) 2016-11-27T22:26:27.757+0530: 134.500: [ParNew
Desired survivor size 20112992 bytes, new threshold 6 (max 8)
- age   1:    8549120 bytes,    8549120 total
- age   2:        128 bytes,    8549248 total
- age   3:    3208984 bytes,   11758232 total
- age   4:    4078576 bytes,   15836808 total
- age   5:    3866088 bytes,   19702896 total
- age   6:    2449336 bytes,   22152232 total
: 109248K->21824K(109248K), 0.0460319 secs] 360891K->278130K(502464K), 0.0461868 secs] [Times: user=0.14 sys=0.00, real=0.05 secs] 
Heap after GC invocations=46 (full 11):
 par new generation   total 109248K, used 21824K [0x00000000e0000000, 0x00000000e8000000, 0x00000000e8000000)
  eden space 87424K,   0% used [0x00000000e0000000, 0x00000000e0000000, 0x00000000e5560000)
  from space 21824K, 100% used [0x00000000e5560000, 0x00000000e6ab0000, 0x00000000e6ab0000)
  to   space 21824K,   0% used [0x00000000e6ab0000, 0x00000000e6ab0000, 0x00000000e8000000)
 concurrent mark-sweep generation total 393216K, used 256306K [0x00000000e8000000, 0x0000000100000000, 0x0000000100000000)
 Metaspace       used 35493K, capacity 36087K, committed 36296K, reserved 1081344K
  class space    used 4046K, capacity 4191K, committed 4296K, reserved 1048576K
}
2016-11-27T22:26:27.803+0530: 134.546: Total time for which application threads were stopped: 0.0502930 seconds, Stopping threads took: 0.0036489 seconds
2016-11-27T22:26:27.808+0530: 134.550: [GC (CMS Initial Mark) [1 CMS-initial-mark: 256306K(393216K)] 279888K(502464K), 0.0074245 secs] [Times: user=0.00 sys=0.00, real=0.01 secs] 
2016-11-27T22:26:27.815+0530: 134.558: Total time for which application threads were stopped: 0.0089359 seconds, Stopping threads took: 0.0013566 seconds
2016-11-27T22:26:27.815+0530: 134.558: [CMS-concurrent-mark-start]
2016-11-27T22:26:28.146+0530: 134.888: [CMS-concurrent-mark: 0.330/0.330 secs] [Times: user=1.01 sys=0.00, real=0.33 secs] 
2016-11-27T22:26:28.146+0530: 134.888: [CMS-concurrent-preclean-start]
2016-11-27T22:26:28.148+0530: 134.891: [CMS-concurrent-preclean: 0.002/0.003 secs] [Times: user=0.05 sys=0.00, real=0.00 secs] 
2016-11-27T22:26:28.148+0530: 134.891: [CMS-concurrent-abortable-preclean-start]
2016-11-27T22:26:28.335+0530: 135.077: [CMS-concurrent-abortable-preclean: 0.186/0.186 secs] [Times: user=0.50 sys=0.00, real=0.19 secs] 
2016-11-27T22:26:28.337+0530: 135.079: [GC (CMS Final Remark) [YG occupancy: 74258 K (109248 K)]{Heap before GC invocations=46 (full 12):
 par new generation   total 109248K, used 74258K [0x00000000e0000000, 0x00000000e8000000, 0x00000000e8000000)
  eden space 87424K,  59% used [0x00000000e0000000, 0x00000000e3334960, 0x00000000e5560000)
  from space 21824K, 100% used [0x00000000e5560000, 0x00000000e6ab0000, 0x00000000e6ab0000)
  to   space 21824K,   0% used [0x00000000e6ab0000, 0x00000000e6ab0000, 0x00000000e8000000)
 concurrent mark-sweep generation total 393216K, used 256306K [0x00000000e8000000, 0x0000000100000000, 0x0000000100000000)
 Metaspace       used 35502K, capacity 36087K, committed 36296K, reserved 1081344K
  class space    used 4046K, capacity 4191K, committed 4296K, reserved 1048576K
2016-11-27T22:26:28.337+0530: 135.080: [GC (CMS Final Remark) 2016-11-27T22:26:28.337+0530: 135.080: [ParNew
Desired survivor size 20112992 bytes, new threshold 6 (max 8)
- age   1:   10531552 bytes,   10531552 total
- age   2:    3613320 bytes,   14144872 total
- age   3:        128 bytes,   14145000 total
- age   4:    2564000 bytes,   16709000 total
- age   5:    3023744 bytes,   19732744 total
- age   6:    2417696 bytes,   22150440 total
: 74258K->21824K(109248K), 0.0366007 secs] 330564K->284957K(502464K), 0.0367230 secs] [Times: user=0.13 sys=0.00, real=0.04 secs] 
Heap after GC invocations=47 (full 12):
 par new generation   total 109248K, used 21824K [0x00000000e0000000, 0x00000000e8000000, 0x00000000e8000000)
  eden space 87424K,   0% used [0x00000000e0000000, 0x00000000e0000000, 0x00000000e5560000)
  from space 21824K, 100% used [0x00000000e6ab0000, 0x00000000e8000000, 0x00000000e8000000)
  to   space 21824K,   0% used [0x00000000e5560000, 0x00000000e5560000, 0x00000000e6ab0000)
 concurrent mark-sweep generation total 393216K, used 263133K [0x00000000e8000000, 0x0000000100000000, 0x0000000100000000)
 Metaspace       used 35502K, capacity 36087K, committed 36296K, reserved 1081344K
  class space    used 4046K, capacity 4191K, committed 4296K, reserved 1048576K
}
2016-11-27T22:26:28.374+0530: 135.116: [Rescan (parallel) , 0.0158155 secs]2016-11-27T22:26:28.390+0530: 135.132: [weak refs processing, 0.0040947 secs]2016-11-27T22:26:28.394+0530: 135.136: [class unloading, 0.0068711 secs]2016-11-27T22:26:28.401+0530: 135.143: [scrub symbol table, 0.0072634 secs]2016-11-27T22:26:28.408+0530: 135.151: [scrub string table, 0.0005105 secs][1 CMS-remark: 263133K(393216K)] 284957K(502464K), 0.0723344 secs] [Times: user=0.20 sys=0.00, real=0.07 secs] 
2016-11-27T22:26:28.409+0530: 135.152: Total time for which application threads were stopped: 0.0726035 seconds, Stopping threads took: 0.0001049 seconds
2016-11-27T22:26:28.409+0530: 135.152: [CMS-concurrent-sweep-start]
2016-11-27T22:26:28.629+0530: 135.372: [CMS-concurrent-sweep: 0.220/0.220 secs] [Times: user=0.80 sys=0.01, real=0.22 secs] 
2016-11-27T22:26:28.629+0530: 135.372: [CMS-concurrent-reset-start]
2016-11-27T22:26:28.630+0530: 135.373: [CMS-concurrent-reset: 0.001/0.001 secs] [Times: user=0.00 sys=0.00, real=0.00 secs] 
{Heap before GC invocations=47 (full 12):
 par new generation   total 109248K, used 109248K [0x00000000e0000000, 0x00000000e8000000, 0x00000000e8000000)
  eden space 87424K, 100% used [0x00000000e0000000, 0x00000000e5560000, 0x00000000e5560000)
  from space 21824K, 100% used [0x00000000e6ab0000, 0x00000000e8000000, 0x00000000e8000000)
  to   space 21824K,   0% used [0x00000000e5560000, 0x00000000e5560000, 0x00000000e6ab0000)
 concurrent mark-sweep generation total 393216K, used 254168K [0x00000000e8000000, 0x0000000100000000, 0x0000000100000000)
 Metaspace       used 35503K, capacity 36087K, committed 36296K, reserved 1081344K
  class space    used 4046K, capacity 4191K, committed 4296K, reserved 1048576K
2016-11-27T22:26:28.690+0530: 135.432: [GC (Allocation Failure) 2016-11-27T22:26:28.690+0530: 135.432: [ParNew
Desired survivor size 20112992 bytes, new threshold 5 (max 8)
- age   1:    9812128 bytes,    9812128 total
- age   2:    5151328 bytes,   14963456 total
- age   3:    3184328 bytes,   18147784 total
- age   4:        128 bytes,   18147912 total
- age   5:    2399256 bytes,   20547168 total
- age   6:    1806640 bytes,   22353808 total
: 109248K->21824K(109248K), 0.0435227 secs] 363416K->283486K(502464K), 0.0436142 secs] [Times: user=0.19 sys=0.00, real=0.04 secs] 
Heap after GC invocations=48 (full 12):
 par new generation   total 109248K, used 21824K [0x00000000e0000000, 0x00000000e8000000, 0x00000000e8000000)
  eden space 87424K,   0% used [0x00000000e0000000, 0x00000000e0000000, 0x00000000e5560000)
  from space 21824K, 100% used [0x00000000e5560000, 0x00000000e6ab0000, 0x00000000e6ab0000)
  to   space 21824K,   0% used [0x00000000e6ab0000, 0x00000000e6ab0000, 0x00000000e8000000)
 concurrent mark-sweep generation total 393216K, used 261662K [0x00000000e8000000, 0x0000000100000000, 0x0000000100000000)
 Metaspace       used 35503K, capacity 36087K, committed 36296K, reserved 1081344K
  class space    used 4046K, capacity 4191K, committed 4296K, reserved 1048576K
}
2016-11-27T22:26:28.733+0530: 135.476: Total time for which application threads were stopped: 0.0438405 seconds, Stopping threads took: 0.0000393 seconds
2016-11-27T22:26:28.735+0530: 135.477: [GC (CMS Initial Mark) [1 CMS-initial-mark: 261662K(393216K)] 283486K(502464K), 0.0112969 secs] [Times: user=0.03 sys=0.00, real=0.01 secs] 
2016-11-27T22:26:28.746+0530: 135.489: Total time for which application threads were stopped: 0.0124857 seconds, Stopping threads took: 0.0010473 seconds
2016-11-27T22:26:28.746+0530: 135.489: [CMS-concurrent-mark-start]
2016-11-27T22:26:29.051+0530: 135.794: [CMS-concurrent-mark: 0.305/0.305 secs] [Times: user=1.01 sys=0.02, real=0.31 secs] 
2016-11-27T22:26:29.053+0530: 135.796: Total time for which application threads were stopped: 0.0016189 seconds, Stopping threads took: 0.0015235 seconds
2016-11-27T22:26:29.053+0530: 135.796: [CMS-concurrent-preclean-start]
2016-11-27T22:26:29.061+0530: 135.803: [CMS-concurrent-preclean: 0.007/0.007 secs] [Times: user=0.00 sys=0.00, real=0.01 secs] 
2016-11-27T22:26:29.061+0530: 135.803: [CMS-concurrent-abortable-preclean-start]
{Heap before GC invocations=48 (full 13):
 par new generation   total 109248K, used 109248K [0x00000000e0000000, 0x00000000e8000000, 0x00000000e8000000)
  eden space 87424K, 100% used [0x00000000e0000000, 0x00000000e5560000, 0x00000000e5560000)
  from space 21824K, 100% used [0x00000000e5560000, 0x00000000e6ab0000, 0x00000000e6ab0000)
  to   space 21824K,   0% used [0x00000000e6ab0000, 0x00000000e6ab0000, 0x00000000e8000000)
 concurrent mark-sweep generation total 393216K, used 261662K [0x00000000e8000000, 0x0000000100000000, 0x0000000100000000)
 Metaspace       used 35507K, capacity 36087K, committed 36296K, reserved 1081344K
  class space    used 4046K, capacity 4191K, committed 4296K, reserved 1048576K
2016-11-27T22:26:29.313+0530: 136.056: [GC (Allocation Failure) 2016-11-27T22:26:29.313+0530: 136.056: [ParNew
Desired survivor size 20112992 bytes, new threshold 4 (max 8)
- age   1:   10773720 bytes,   10773720 total
- age   2:    5229672 bytes,   16003392 total
- age   3:    3688432 bytes,   19691824 total
- age   4:    2655696 bytes,   22347520 total
- age   5:        128 bytes,   22347648 total
: 109248K->21824K(109248K), 0.0468503 secs] 370910K->293788K(502464K), 0.0469534 secs] [Times: user=0.17 sys=0.00, real=0.05 secs] 
Heap after GC invocations=49 (full 13):
 par new generation   total 109248K, used 21824K [0x00000000e0000000, 0x00000000e8000000, 0x00000000e8000000)
  eden space 87424K,   0% used [0x00000000e0000000, 0x00000000e0000000, 0x00000000e5560000)
  from space 21824K, 100% used [0x00000000e6ab0000, 0x00000000e8000000, 0x00000000e8000000)
  to   space 21824K,   0% used [0x00000000e5560000, 0x00000000e5560000, 0x00000000e6ab0000)
 concurrent mark-sweep generation total 393216K, used 271964K [0x00000000e8000000, 0x0000000100000000, 0x0000000100000000)
 Metaspace       used 35507K, capacity 36087K, committed 36296K, reserved 1081344K
  class space    used 4046K, capacity 4191K, committed 4296K, reserved 1048576K
}
2016-11-27T22:26:29.360+0530: 136.103: Total time for which application threads were stopped: 0.0471511 seconds, Stopping threads took: 0.0000187 seconds
2016-11-27T22:26:29.553+0530: 136.295: [CMS-concurrent-abortable-preclean: 0.441/0.492 secs] [Times: user=1.12 sys=0.09, real=0.49 secs] 
2016-11-27T22:26:29.553+0530: 136.296: [GC (CMS Final Remark) [YG occupancy: 96082 K (109248 K)]{Heap before GC invocations=49 (full 13):
 par new generation   total 109248K, used 96082K [0x00000000e0000000, 0x00000000e8000000, 0x00000000e8000000)
  eden space 87424K,  84% used [0x00000000e0000000, 0x00000000e4884a00, 0x00000000e5560000)
  from space 21824K, 100% used [0x00000000e6ab0000, 0x00000000e8000000, 0x00000000e8000000)
  to   space 21824K,   0% used [0x00000000e5560000, 0x00000000e5560000, 0x00000000e6ab0000)
 concurrent mark-sweep generation total 393216K, used 271964K [0x00000000e8000000, 0x0000000100000000, 0x0000000100000000)
 Metaspace       used 35507K, capacity 36087K, committed 36296K, reserved 1081344K
  class space    used 4046K, capacity 4191K, committed 4296K, reserved 1048576K
2016-11-27T22:26:29.553+0530: 136.296: [GC (CMS Final Remark) 2016-11-27T22:26:29.553+0530: 136.296: [ParNew
Desired survivor size 20112992 bytes, new threshold 4 (max 8)
- age   1:    7901976 bytes,    7901976 total
- age   2:    6356680 bytes,   14258656 total
- age   3:    4498536 bytes,   18757192 total
- age   4:    3370680 bytes,   22127872 total
: 96082K->21824K(109248K), 0.0444616 secs] 368046K->302474K(502464K), 0.0445406 secs] [Times: user=0.13 sys=0.00, real=0.05 secs] 
Heap after GC invocations=50 (full 13):
 par new generation   total 109248K, used 21824K [0x00000000e0000000, 0x00000000e8000000, 0x00000000e8000000)
  eden space 87424K,   0% used [0x00000000e0000000, 0x00000000e0000000, 0x00000000e5560000)
  from space 21824K, 100% used [0x00000000e5560000, 0x00000000e6ab0000, 0x00000000e6ab0000)
  to   space 21824K,   0% used [0x00000000e6ab0000, 0x00000000e6ab0000, 0x00000000e8000000)
 concurrent mark-sweep generation total 393216K, used 280650K [0x00000000e8000000, 0x0000000100000000, 0x0000000100000000)
 Metaspace       used 35507K, capacity 36087K, committed 36296K, reserved 1081344K
  class space    used 4046K, capacity 4191K, committed 4296K, reserved 1048576K
}
2016-11-27T22:26:29.598+0530: 136.340: [Rescan (parallel) , 0.0191083 secs]2016-11-27T22:26:29.617+0530: 136.359: [weak refs processing, 0.0003320 secs]2016-11-27T22:26:29.617+0530: 136.360: [class unloading, 0.0054909 secs]2016-11-27T22:26:29.623+0530: 136.365: [scrub symbol table, 0.0064338 secs]2016-11-27T22:26:29.629+0530: 136.372: [scrub string table, 0.0005127 secs][1 CMS-remark: 280650K(393216K)] 302474K(502464K), 0.0773903 secs] [Times: user=0.26 sys=0.00, real=0.08 secs] 
2016-11-27T22:26:29.630+0530: 136.373: Total time for which application threads were stopped: 0.0776139 seconds, Stopping threads took: 0.0000486 seconds
2016-11-27T22:26:29.631+0530: 136.374: [CMS-concurrent-sweep-start]
2016-11-27T22:26:29.825+0530: 136.568: [CMS-concurrent-sweep: 0.194/0.194 secs] [Times: user=0.45 sys=0.00, real=0.19 secs] 
2016-11-27T22:26:29.825+0530: 136.568: [CMS-concurrent-reset-start]
2016-11-27T22:26:29.826+0530: 136.568: [CMS-concurrent-reset: 0.001/0.001 secs] [Times: user=0.00 sys=0.00, real=0.00 secs] 
{Heap before GC invocations=50 (full 13):
 par new generation   total 109248K, used 109248K [0x00000000e0000000, 0x00000000e8000000, 0x00000000e8000000)
  eden space 87424K, 100% used [0x00000000e0000000, 0x00000000e5560000, 0x00000000e5560000)
  from space 21824K, 100% used [0x00000000e5560000, 0x00000000e6ab0000, 0x00000000e6ab0000)
  to   space 21824K,   0% used [0x00000000e6ab0000, 0x00000000e6ab0000, 0x00000000e8000000)
 concurrent mark-sweep generation total 393216K, used 280559K [0x00000000e8000000, 0x0000000100000000, 0x0000000100000000)
 Metaspace       used 35507K, capacity 36087K, committed 36296K, reserved 1081344K
  class space    used 4046K, capacity 4191K, committed 4296K, reserved 1048576K
2016-11-27T22:26:29.882+0530: 136.625: [GC (Allocation Failure) 2016-11-27T22:26:29.882+0530: 136.625: [ParNew
Desired survivor size 20112992 bytes, new threshold 8 (max 8)
- age   1:    8128048 bytes,    8128048 total
- age   2:    2398224 bytes,   10526272 total
- age   3:    5226336 bytes,   15752608 total
- age   4:    2538936 bytes,   18291544 total
: 109248K->21824K(109248K), 0.1038441 secs] 389807K->316116K(502464K), 0.1039436 secs] [Times: user=0.13 sys=0.00, real=0.10 secs] 
Heap after GC invocations=51 (full 13):
 par new generation   total 109248K, used 21824K [0x00000000e0000000, 0x00000000e8000000, 0x00000000e8000000)
  eden space 87424K,   0% used [0x00000000e0000000, 0x00000000e0000000, 0x00000000e5560000)
  from space 21824K, 100% used [0x00000000e6ab0000, 0x00000000e8000000, 0x00000000e8000000)
  to   space 21824K,   0% used [0x00000000e5560000, 0x00000000e5560000, 0x00000000e6ab0000)
 concurrent mark-sweep generation total 393216K, used 294292K [0x00000000e8000000, 0x0000000100000000, 0x0000000100000000)
 Metaspace       used 35507K, capacity 36087K, committed 36296K, reserved 1081344K
  class space    used 4046K, capacity 4191K, committed 4296K, reserved 1048576K
}
2016-11-27T22:26:29.986+0530: 136.729: Total time for which application threads were stopped: 0.1041600 seconds, Stopping threads took: 0.0000290 seconds
2016-11-27T22:26:29.986+0530: 136.729: [GC (CMS Initial Mark) [1 CMS-initial-mark: 294292K(393216K)] 317812K(502464K), 0.0050099 secs] [Times: user=0.03 sys=0.00, real=0.00 secs] 
2016-11-27T22:26:29.991+0530: 136.734: Total time for which application threads were stopped: 0.0051598 seconds, Stopping threads took: 0.0000219 seconds
2016-11-27T22:26:29.991+0530: 136.734: [CMS-concurrent-mark-start]
2016-11-27T22:26:30.325+0530: 137.067: [CMS-concurrent-mark: 0.333/0.333 secs] [Times: user=0.94 sys=0.00, real=0.33 secs] 
2016-11-27T22:26:30.325+0530: 137.067: [CMS-concurrent-preclean-start]
2016-11-27T22:26:30.332+0530: 137.075: [CMS-concurrent-preclean: 0.007/0.007 secs] [Times: user=0.03 sys=0.00, real=0.01 secs] 
2016-11-27T22:26:30.332+0530: 137.075: [CMS-concurrent-abortable-preclean-start]
2016-11-27T22:26:30.530+0530: 137.272: [CMS-concurrent-abortable-preclean: 0.196/0.197 secs] [Times: user=0.39 sys=0.03, real=0.20 secs] 
2016-11-27T22:26:30.530+0530: 137.272: [GC (CMS Final Remark) [YG occupancy: 81470 K (109248 K)]{Heap before GC invocations=51 (full 14):
 par new generation   total 109248K, used 81470K [0x00000000e0000000, 0x00000000e8000000, 0x00000000e8000000)
  eden space 87424K,  68% used [0x00000000e0000000, 0x00000000e3a3f810, 0x00000000e5560000)
  from space 21824K, 100% used [0x00000000e6ab0000, 0x00000000e8000000, 0x00000000e8000000)
  to   space 21824K,   0% used [0x00000000e5560000, 0x00000000e5560000, 0x00000000e6ab0000)
 concurrent mark-sweep generation total 393216K, used 294292K [0x00000000e8000000, 0x0000000100000000, 0x0000000100000000)
 Metaspace       used 35507K, capacity 36087K, committed 36296K, reserved 1081344K
  class space    used 4046K, capacity 4191K, committed 4296K, reserved 1048576K
2016-11-27T22:26:30.530+0530: 137.273: [GC (CMS Final Remark) 2016-11-27T22:26:30.530+0530: 137.273: [ParNew
Desired survivor size 20112992 bytes, new threshold 5 (max 8)
- age   1:    7278256 bytes,    7278256 total
- age   2:    6981240 bytes,   14259496 total
- age   3:    1470792 bytes,   15730288 total
- age   4:    4239064 bytes,   19969352 total
- age   5:    2356904 bytes,   22326256 total
: 81470K->21824K(109248K), 0.0340478 secs] 375762K->323677K(502464K), 0.0341344 secs] [Times: user=0.11 sys=0.00, real=0.03 secs] 
Heap after GC invocations=52 (full 14):
 par new generation   total 109248K, used 21824K [0x00000000e0000000, 0x00000000e8000000, 0x00000000e8000000)
  eden space 87424K,   0% used [0x00000000e0000000, 0x00000000e0000000, 0x00000000e5560000)
  from space 21824K, 100% used [0x00000000e5560000, 0x00000000e6ab0000, 0x00000000e6ab0000)
  to   space 21824K,   0% used [0x00000000e6ab0000, 0x00000000e6ab0000, 0x00000000e8000000)
 concurrent mark-sweep generation total 393216K, used 301853K [0x00000000e8000000, 0x0000000100000000, 0x0000000100000000)
 Metaspace       used 35507K, capacity 36087K, committed 36296K, reserved 1081344K
  class space    used 4046K, capacity 4191K, committed 4296K, reserved 1048576K
}
2016-11-27T22:26:30.564+0530: 137.307: [Rescan (parallel) , 0.0168807 secs]2016-11-27T22:26:30.581+0530: 137.324: [weak refs processing, 0.0004614 secs]2016-11-27T22:26:30.581+0530: 137.324: [class unloading, 0.0061313 secs]2016-11-27T22:26:30.588+0530: 137.330: [scrub symbol table, 0.0062647 secs]2016-11-27T22:26:30.594+0530: 137.337: [scrub string table, 0.0005368 secs][1 CMS-remark: 301853K(393216K)] 323677K(502464K), 0.0651799 secs] [Times: user=0.19 sys=0.00, real=0.07 secs] 
2016-11-27T22:26:30.595+0530: 137.338: Total time for which application threads were stopped: 0.0652919 seconds, Stopping threads took: 0.0000232 seconds
2016-11-27T22:26:30.595+0530: 137.338: [CMS-concurrent-sweep-start]
2016-11-27T22:26:30.762+0530: 137.505: [CMS-concurrent-sweep: 0.167/0.167 secs] [Times: user=0.34 sys=0.05, real=0.17 secs] 
2016-11-27T22:26:30.762+0530: 137.505: [CMS-concurrent-reset-start]
2016-11-27T22:26:30.763+0530: 137.506: [CMS-concurrent-reset: 0.001/0.001 secs] [Times: user=0.00 sys=0.00, real=0.00 secs] 
2016-11-27T22:26:30.781+0530: 137.524: Total time for which application threads were stopped: 0.0001325 seconds, Stopping threads took: 0.0000393 seconds
2016-11-27T22:26:30.781+0530: 137.524: Total time for which application threads were stopped: 0.0000593 seconds, Stopping threads took: 0.0000174 seconds
2016-11-27T22:26:30.783+0530: 137.526: Total time for which application threads were stopped: 0.0001624 seconds, Stopping threads took: 0.0000428 seconds
2016-11-27T22:26:30.787+0530: 137.530: Total time for which application threads were stopped: 0.0001178 seconds, Stopping threads took: 0.0000406 seconds
2016-11-27T22:26:30.790+0530: 137.533: Total time for which application threads were stopped: 0.0002312 seconds, Stopping threads took: 0.0001566 seconds
{Heap before GC invocations=52 (full 14):
 par new generation   total 109248K, used 109248K [0x00000000e0000000, 0x00000000e8000000, 0x00000000e8000000)
  eden space 87424K, 100% used [0x00000000e0000000, 0x00000000e5560000, 0x00000000e5560000)
  from space 21824K, 100% used [0x00000000e5560000, 0x00000000e6ab0000, 0x00000000e6ab0000)
  to   space 21824K,   0% used [0x00000000e6ab0000, 0x00000000e6ab0000, 0x00000000e8000000)
 concurrent mark-sweep generation total 393216K, used 285181K [0x00000000e8000000, 0x0000000100000000, 0x0000000100000000)
 Metaspace       used 35524K, capacity 36087K, committed 36296K, reserved 1081344K
  class space    used 4048K, capacity 4191K, committed 4296K, reserved 1048576K
2016-11-27T22:26:30.869+0530: 137.610: [GC (Allocation Failure) 2016-11-27T22:26:30.869+0530: 137.610: [ParNew
Desired survivor size 20112992 bytes, new threshold 5 (max 8)
- age   1:    9456424 bytes,    9456424 total
- age   2:    6211288 bytes,   15667712 total
- age   3:    1519792 bytes,   17187504 total
- age   4:    1172488 bytes,   18359992 total
- age   5:    3954664 bytes,   22314656 total
: 109248K->21824K(109248K), 0.0985338 secs] 394429K->321419K(502464K), 0.0986557 secs] [Times: user=0.27 sys=0.00, real=0.10 secs] 
Heap after GC invocations=53 (full 14):
 par new generation   total 109248K, used 21824K [0x00000000e0000000, 0x00000000e8000000, 0x00000000e8000000)
  eden space 87424K,   0% used [0x00000000e0000000, 0x00000000e0000000, 0x00000000e5560000)
  from space 21824K, 100% used [0x00000000e6ab0000, 0x00000000e8000000, 0x00000000e8000000)
  to   space 21824K,   0% used [0x00000000e5560000, 0x00000000e5560000, 0x00000000e6ab0000)
 concurrent mark-sweep generation total 393216K, used 299595K [0x00000000e8000000, 0x0000000100000000, 0x0000000100000000)
 Metaspace       used 35524K, capacity 36087K, committed 36296K, reserved 1081344K
  class space    used 4048K, capacity 4191K, committed 4296K, reserved 1048576K
}
2016-11-27T22:26:30.967+0530: 137.709: Total time for which application threads were stopped: 0.0989868 seconds, Stopping threads took: 0.0000669 seconds
2016-11-27T22:26:30.984+0530: 137.726: [GC (CMS Initial Mark) [1 CMS-initial-mark: 299595K(393216K)] 326555K(502464K), 0.0070028 secs] [Times: user=0.06 sys=0.00, real=0.01 secs] 
2016-11-27T22:26:30.991+0530: 137.733: Total time for which application threads were stopped: 0.0073696 seconds, Stopping threads took: 0.0001749 seconds
2016-11-27T22:26:30.991+0530: 137.733: [CMS-concurrent-mark-start]
2016-11-27T22:26:31.440+0530: 138.181: [CMS-concurrent-mark: 0.449/0.449 secs] [Times: user=1.36 sys=0.02, real=0.45 secs] 
2016-11-27T22:26:31.440+0530: 138.181: [CMS-concurrent-preclean-start]
2016-11-27T22:26:31.450+0530: 138.192: [CMS-concurrent-preclean: 0.010/0.011 secs] [Times: user=0.06 sys=0.00, real=0.01 secs] 
2016-11-27T22:26:31.450+0530: 138.192: [CMS-concurrent-abortable-preclean-start]
{Heap before GC invocations=53 (full 15):
 par new generation   total 109248K, used 109248K [0x00000000e0000000, 0x00000000e8000000, 0x00000000e8000000)
  eden space 87424K, 100% used [0x00000000e0000000, 0x00000000e5560000, 0x00000000e5560000)
  from space 21824K, 100% used [0x00000000e6ab0000, 0x00000000e8000000, 0x00000000e8000000)
  to   space 21824K,   0% used [0x00000000e5560000, 0x00000000e5560000, 0x00000000e6ab0000)
 concurrent mark-sweep generation total 393216K, used 299595K [0x00000000e8000000, 0x0000000100000000, 0x0000000100000000)
 Metaspace       used 35525K, capacity 36087K, committed 36296K, reserved 1081344K
  class space    used 4048K, capacity 4191K, committed 4296K, reserved 1048576K
2016-11-27T22:26:31.838+0530: 138.580: [GC (Allocation Failure) 2016-11-27T22:26:31.838+0530: 138.580: [ParNew
Desired survivor size 20112992 bytes, new threshold 4 (max 8)
- age   1:    5170144 bytes,    5170144 total
- age   2:    8359032 bytes,   13529176 total
- age   3:    6120456 bytes,   19649632 total
- age   4:    1482192 bytes,   21131824 total
- age   5:    1152280 bytes,   22284104 total
: 109248K->21824K(109248K), 0.0593829 secs] 408843K->329859K(502464K), 0.0595047 secs] [Times: user=0.16 sys=0.00, real=0.06 secs] 
Heap after GC invocations=54 (full 15):
 par new generation   total 109248K, used 21824K [0x00000000e0000000, 0x00000000e8000000, 0x00000000e8000000)
  eden space 87424K,   0% used [0x00000000e0000000, 0x00000000e0000000, 0x00000000e5560000)
  from space 21824K, 100% used [0x00000000e5560000, 0x00000000e6ab0000, 0x00000000e6ab0000)
  to   space 21824K,   0% used [0x00000000e6ab0000, 0x00000000e6ab0000, 0x00000000e8000000)
 concurrent mark-sweep generation total 393216K, used 308035K [0x00000000e8000000, 0x0000000100000000, 0x0000000100000000)
 Metaspace       used 35525K, capacity 36087K, committed 36296K, reserved 1081344K
  class space    used 4048K, capacity 4191K, committed 4296K, reserved 1048576K
}
2016-11-27T22:26:31.898+0530: 138.640: Total time for which application threads were stopped: 0.0598242 seconds, Stopping threads took: 0.0000518 seconds
2016-11-27T22:26:32.107+0530: 138.849: [CMS-concurrent-abortable-preclean: 0.478/0.657 secs] [Times: user=2.06 sys=0.00, real=0.66 secs] 
2016-11-27T22:26:32.108+0530: 138.850: [GC (CMS Final Remark) [YG occupancy: 72312 K (109248 K)]{Heap before GC invocations=54 (full 15):
 par new generation   total 109248K, used 72312K [0x00000000e0000000, 0x00000000e8000000, 0x00000000e8000000)
  eden space 87424K,  57% used [0x00000000e0000000, 0x00000000e314e1f0, 0x00000000e5560000)
  from space 21824K, 100% used [0x00000000e5560000, 0x00000000e6ab0000, 0x00000000e6ab0000)
  to   space 21824K,   0% used [0x00000000e6ab0000, 0x00000000e6ab0000, 0x00000000e8000000)
 concurrent mark-sweep generation total 393216K, used 308035K [0x00000000e8000000, 0x0000000100000000, 0x0000000100000000)
 Metaspace       used 35525K, capacity 36087K, committed 36296K, reserved 1081344K
  class space    used 4048K, capacity 4191K, committed 4296K, reserved 1048576K
2016-11-27T22:26:32.108+0530: 138.850: [GC (CMS Final Remark) 2016-11-27T22:26:32.108+0530: 138.850: [ParNew
Desired survivor size 20112992 bytes, new threshold 8 (max 8)
- age   1:    4710536 bytes,    4710536 total
- age   2:    3167808 bytes,    7878344 total
- age   3:    6215736 bytes,   14094080 total
- age   4:    5991872 bytes,   20085952 total
: 72312K->21824K(109248K), 0.0570241 secs] 380347K->337868K(502464K), 0.0571686 secs] [Times: user=0.22 sys=0.00, real=0.06 secs] 
Heap after GC invocations=55 (full 15):
 par new generation   total 109248K, used 21824K [0x00000000e0000000, 0x00000000e8000000, 0x00000000e8000000)
  eden space 87424K,   0% used [0x00000000e0000000, 0x00000000e0000000, 0x00000000e5560000)
  from space 21824K, 100% used [0x00000000e6ab0000, 0x00000000e8000000, 0x00000000e8000000)
  to   space 21824K,   0% used [0x00000000e5560000, 0x00000000e5560000, 0x00000000e6ab0000)
 concurrent mark-sweep generation total 393216K, used 316044K [0x00000000e8000000, 0x0000000100000000, 0x0000000100000000)
 Metaspace       used 35525K, capacity 36087K, committed 36296K, reserved 1081344K
  class space    used 4048K, capacity 4191K, committed 4296K, reserved 1048576K
}
2016-11-27T22:26:32.165+0530: 138.907: [Rescan (parallel) , 0.0225380 secs]2016-11-27T22:26:32.188+0530: 138.930: [weak refs processing, 0.0008612 secs]2016-11-27T22:26:32.189+0530: 138.931: [class unloading, 0.0082148 secs]2016-11-27T22:26:32.197+0530: 138.939: [scrub symbol table, 0.0090996 secs]2016-11-27T22:26:32.206+0530: 138.948: [scrub string table, 0.0008501 secs][1 CMS-remark: 316044K(393216K)] 337868K(502464K), 0.0999292 secs] [Times: user=0.34 sys=0.00, real=0.10 secs] 
2016-11-27T22:26:32.208+0530: 138.950: Total time for which application threads were stopped: 0.1001224 seconds, Stopping threads took: 0.0000464 seconds
2016-11-27T22:26:32.208+0530: 138.950: [CMS-concurrent-sweep-start]
2016-11-27T22:26:32.305+0530: 139.047: Total time for which application threads were stopped: 0.0019344 seconds, Stopping threads took: 0.0017604 seconds
2016-11-27T22:26:32.473+0530: 139.214: [CMS-concurrent-sweep: 0.263/0.265 secs] [Times: user=0.86 sys=0.02, real=0.27 secs] 
2016-11-27T22:26:32.473+0530: 139.215: [CMS-concurrent-reset-start]
2016-11-27T22:26:32.473+0530: 139.215: [CMS-concurrent-reset: 0.001/0.001 secs] [Times: user=0.00 sys=0.00, real=0.00 secs] 
{Heap before GC invocations=55 (full 15):
 par new generation   total 109248K, used 109248K [0x00000000e0000000, 0x00000000e8000000, 0x00000000e8000000)
  eden space 87424K, 100% used [0x00000000e0000000, 0x00000000e5560000, 0x00000000e5560000)
  from space 21824K, 100% used [0x00000000e6ab0000, 0x00000000e8000000, 0x00000000e8000000)
  to   space 21824K,   0% used [0x00000000e5560000, 0x00000000e5560000, 0x00000000e6ab0000)
 concurrent mark-sweep generation total 393216K, used 307854K [0x00000000e8000000, 0x0000000100000000, 0x0000000100000000)
 Metaspace       used 35525K, capacity 36087K, committed 36296K, reserved 1081344K
  class space    used 4048K, capacity 4191K, committed 4296K, reserved 1048576K
2016-11-27T22:26:32.525+0530: 139.267: [GC (Allocation Failure) 2016-11-27T22:26:32.525+0530: 139.267: [ParNew
Desired survivor size 20112992 bytes, new threshold 5 (max 8)
- age   1:    6872496 bytes,    6872496 total
- age   2:    2753296 bytes,    9625792 total
- age   3:    2277120 bytes,   11902912 total
- age   4:    3123576 bytes,   15026488 total
- age   5:    5883104 bytes,   20909592 total
: 109248K->21824K(109248K), 0.0316181 secs] 417102K->335034K(502464K), 0.0317189 secs] [Times: user=0.13 sys=0.00, real=0.03 secs] 
Heap after GC invocations=56 (full 15):
 par new generation   total 109248K, used 21824K [0x00000000e0000000, 0x00000000e8000000, 0x00000000e8000000)
  eden space 87424K,   0% used [0x00000000e0000000, 0x00000000e0000000, 0x00000000e5560000)
  from space 21824K, 100% used [0x00000000e5560000, 0x00000000e6ab0000, 0x00000000e6ab0000)
  to   space 21824K,   0% used [0x00000000e6ab0000, 0x00000000e6ab0000, 0x00000000e8000000)
 concurrent mark-sweep generation total 393216K, used 313210K [0x00000000e8000000, 0x0000000100000000, 0x0000000100000000)
 Metaspace       used 35525K, capacity 36087K, committed 36296K, reserved 1081344K
  class space    used 4048K, capacity 4191K, committed 4296K, reserved 1048576K
}
2016-11-27T22:26:32.557+0530: 139.299: Total time for which application threads were stopped: 0.0319545 seconds, Stopping threads took: 0.0000268 seconds
2016-11-27T22:26:32.557+0530: 139.299: [GC (CMS Initial Mark) [1 CMS-initial-mark: 313210K(393216K)] 335232K(502464K), 0.0047685 secs] [Times: user=0.00 sys=0.00, real=0.01 secs] 
2016-11-27T22:26:32.562+0530: 139.304: Total time for which application threads were stopped: 0.0049380 seconds, Stopping threads took: 0.0000469 seconds
2016-11-27T22:26:32.562+0530: 139.304: [CMS-concurrent-mark-start]
2016-11-27T22:26:32.696+0530: 139.437: Total time for which application threads were stopped: 0.0025908 seconds, Stopping threads took: 0.0024369 seconds
2016-11-27T22:26:32.828+0530: 139.570: Total time for which application threads were stopped: 0.0002316 seconds, Stopping threads took: 0.0000973 seconds
2016-11-27T22:26:33.051+0530: 139.792: [CMS-concurrent-mark: 0.484/0.488 secs] [Times: user=1.68 sys=0.03, real=0.49 secs] 
2016-11-27T22:26:33.051+0530: 139.792: [CMS-concurrent-preclean-start]
2016-11-27T22:26:33.064+0530: 139.806: [CMS-concurrent-preclean: 0.013/0.013 secs] [Times: user=0.05 sys=0.00, real=0.01 secs] 
2016-11-27T22:26:33.064+0530: 139.806: [CMS-concurrent-abortable-preclean-start]
{Heap before GC invocations=56 (full 16):
 par new generation   total 109248K, used 109248K [0x00000000e0000000, 0x00000000e8000000, 0x00000000e8000000)
  eden space 87424K, 100% used [0x00000000e0000000, 0x00000000e5560000, 0x00000000e5560000)
  from space 21824K, 100% used [0x00000000e5560000, 0x00000000e6ab0000, 0x00000000e6ab0000)
  to   space 21824K,   0% used [0x00000000e6ab0000, 0x00000000e6ab0000, 0x00000000e8000000)
 concurrent mark-sweep generation total 393216K, used 313210K [0x00000000e8000000, 0x0000000100000000, 0x0000000100000000)
 Metaspace       used 35526K, capacity 36087K, committed 36296K, reserved 1081344K
  class space    used 4048K, capacity 4191K, committed 4296K, reserved 1048576K
2016-11-27T22:26:33.424+0530: 140.166: [GC (Allocation Failure) 2016-11-27T22:26:33.424+0530: 140.166: [ParNew
Desired survivor size 20112992 bytes, new threshold 5 (max 8)
- age   1:    9195096 bytes,    9195096 total
- age   2:    4138728 bytes,   13333824 total
- age   3:    2260624 bytes,   15594448 total
- age   4:    1954224 bytes,   17548672 total
- age   5:    3535912 bytes,   21084584 total
: 109248K->21824K(109248K), 0.0535698 secs] 422458K->343991K(502464K), 0.0537072 secs] [Times: user=0.17 sys=0.00, real=0.05 secs] 
Heap after GC invocations=57 (full 16):
 par new generation   total 109248K, used 21824K [0x00000000e0000000, 0x00000000e8000000, 0x00000000e8000000)
  eden space 87424K,   0% used [0x00000000e0000000, 0x00000000e0000000, 0x00000000e5560000)
  from space 21824K, 100% used [0x00000000e6ab0000, 0x00000000e8000000, 0x00000000e8000000)
  to   space 21824K,   0% used [0x00000000e5560000, 0x00000000e5560000, 0x00000000e6ab0000)
 concurrent mark-sweep generation total 393216K, used 322167K [0x00000000e8000000, 0x0000000100000000, 0x0000000100000000)
 Metaspace       used 35526K, capacity 36087K, committed 36296K, reserved 1081344K
  class space    used 4048K, capacity 4191K, committed 4296K, reserved 1048576K
}
2016-11-27T22:26:33.478+0530: 140.220: Total time for which application threads were stopped: 0.0540120 seconds, Stopping threads took: 0.0000464 seconds
2016-11-27T22:26:33.719+0530: 140.460: [CMS-concurrent-abortable-preclean: 0.596/0.655 secs] [Times: user=2.32 sys=0.03, real=0.66 secs] 
2016-11-27T22:26:33.719+0530: 140.461: [GC (CMS Final Remark) [YG occupancy: 72394 K (109248 K)]{Heap before GC invocations=57 (full 16):
 par new generation   total 109248K, used 72394K [0x00000000e0000000, 0x00000000e8000000, 0x00000000e8000000)
  eden space 87424K,  57% used [0x00000000e0000000, 0x00000000e31628f8, 0x00000000e5560000)
  from space 21824K, 100% used [0x00000000e6ab0000, 0x00000000e8000000, 0x00000000e8000000)
  to   space 21824K,   0% used [0x00000000e5560000, 0x00000000e5560000, 0x00000000e6ab0000)
 concurrent mark-sweep generation total 393216K, used 322167K [0x00000000e8000000, 0x0000000100000000, 0x0000000100000000)
 Metaspace       used 35526K, capacity 36087K, committed 36296K, reserved 1081344K
  class space    used 4048K, capacity 4191K, committed 4296K, reserved 1048576K
2016-11-27T22:26:33.719+0530: 140.461: [GC (CMS Final Remark) 2016-11-27T22:26:33.719+0530: 140.461: [ParNew
Desired survivor size 20112992 bytes, new threshold 5 (max 8)
- age   1:    7335824 bytes,    7335824 total
- age   2:    5864152 bytes,   13199976 total
- age   3:    3804640 bytes,   17004616 total
- age   4:    1527928 bytes,   18532544 total
- age   5:    1903520 bytes,   20436064 total
: 72394K->21824K(109248K), 0.0530187 secs] 394562K->348231K(502464K), 0.0531409 secs] [Times: user=0.16 sys=0.00, real=0.05 secs] 
Heap after GC invocations=58 (full 16):
 par new generation   total 109248K, used 21824K [0x00000000e0000000, 0x00000000e8000000, 0x00000000e8000000)
  eden space 87424K,   0% used [0x00000000e0000000, 0x00000000e0000000, 0x00000000e5560000)
  from space 21824K, 100% used [0x00000000e5560000, 0x00000000e6ab0000, 0x00000000e6ab0000)
  to   space 21824K,   0% used [0x00000000e6ab0000, 0x00000000e6ab0000, 0x00000000e8000000)
 concurrent mark-sweep generation total 393216K, used 326407K [0x00000000e8000000, 0x0000000100000000, 0x0000000100000000)
 Metaspace       used 35526K, capacity 36087K, committed 36296K, reserved 1081344K
  class space    used 4048K, capacity 4191K, committed 4296K, reserved 1048576K
}
2016-11-27T22:26:33.772+0530: 140.514: [Rescan (parallel) , 0.0242440 secs]2016-11-27T22:26:33.796+0530: 140.538: [weak refs processing, 0.0006171 secs]2016-11-27T22:26:33.797+0530: 140.539: [class unloading, 0.0114036 secs]2016-11-27T22:26:33.808+0530: 140.550: [scrub symbol table, 0.0085851 secs]2016-11-27T22:26:33.817+0530: 140.559: [scrub string table, 0.0005391 secs][1 CMS-remark: 326407K(393216K)] 348231K(502464K), 0.0994317 secs] [Times: user=0.27 sys=0.00, real=0.10 secs] 
2016-11-27T22:26:33.818+0530: 140.560: Total time for which application threads were stopped: 0.0996097 seconds, Stopping threads took: 0.0000473 seconds
2016-11-27T22:26:33.818+0530: 140.560: [CMS-concurrent-sweep-start]
{Heap before GC invocations=58 (full 16):
 par new generation   total 109248K, used 109248K [0x00000000e0000000, 0x00000000e8000000, 0x00000000e8000000)
  eden space 87424K, 100% used [0x00000000e0000000, 0x00000000e5560000, 0x00000000e5560000)
  from space 21824K, 100% used [0x00000000e5560000, 0x00000000e6ab0000, 0x00000000e6ab0000)
  to   space 21824K,   0% used [0x00000000e6ab0000, 0x00000000e6ab0000, 0x00000000e8000000)
 concurrent mark-sweep generation total 393216K, used 324271K [0x00000000e8000000, 0x0000000100000000, 0x0000000100000000)
 Metaspace       used 35526K, capacity 36087K, committed 36296K, reserved 1081344K
  class space    used 4048K, capacity 4191K, committed 4296K, reserved 1048576K
2016-11-27T22:26:33.973+0530: 140.715: [GC (Allocation Failure) 2016-11-27T22:26:33.973+0530: 140.715: [ParNew
Desired survivor size 20112992 bytes, new threshold 5 (max 8)
- age   1:    6997616 bytes,    6997616 total
- age   2:    4159952 bytes,   11157568 total
- age   3:    4963168 bytes,   16120736 total
- age   4:    3753224 bytes,   19873960 total
- age   5:    1467256 bytes,   21341216 total
: 109248K->21824K(109248K), 0.0328158 secs] 433519K->348411K(502464K), 0.0329184 secs] [Times: user=0.13 sys=0.00, real=0.03 secs] 
Heap after GC invocations=59 (full 16):
 par new generation   total 109248K, used 21824K [0x00000000e0000000, 0x00000000e8000000, 0x00000000e8000000)
  eden space 87424K,   0% used [0x00000000e0000000, 0x00000000e0000000, 0x00000000e5560000)
  from space 21824K, 100% used [0x00000000e6ab0000, 0x00000000e8000000, 0x00000000e8000000)
  to   space 21824K,   0% used [0x00000000e5560000, 0x00000000e5560000, 0x00000000e6ab0000)
 concurrent mark-sweep generation total 393216K, used 326587K [0x00000000e8000000, 0x0000000100000000, 0x0000000100000000)
 Metaspace       used 35526K, capacity 36087K, committed 36296K, reserved 1081344K
  class space    used 4048K, capacity 4191K, committed 4296K, reserved 1048576K
}
2016-11-27T22:26:34.006+0530: 140.748: Total time for which application threads were stopped: 0.0343281 seconds, Stopping threads took: 0.0011682 seconds
2016-11-27T22:26:34.090+0530: 140.832: [CMS-concurrent-sweep: 0.238/0.272 secs] [Times: user=0.78 sys=0.02, real=0.27 secs] 
2016-11-27T22:26:34.090+0530: 140.832: [CMS-concurrent-reset-start]
2016-11-27T22:26:34.091+0530: 140.833: [CMS-concurrent-reset: 0.001/0.001 secs] [Times: user=0.00 sys=0.00, real=0.00 secs] 
{Heap before GC invocations=59 (full 16):
 par new generation   total 109248K, used 109248K [0x00000000e0000000, 0x00000000e8000000, 0x00000000e8000000)
  eden space 87424K, 100% used [0x00000000e0000000, 0x00000000e5560000, 0x00000000e5560000)
  from space 21824K, 100% used [0x00000000e6ab0000, 0x00000000e8000000, 0x00000000e8000000)
  to   space 21824K,   0% used [0x00000000e5560000, 0x00000000e5560000, 0x00000000e6ab0000)
 concurrent mark-sweep generation total 393216K, used 315730K [0x00000000e8000000, 0x0000000100000000, 0x0000000100000000)
 Metaspace       used 35422K, capacity 35919K, committed 36296K, reserved 1081344K
  class space    used 4030K, capacity 4157K, committed 4296K, reserved 1048576K
2016-11-27T22:26:34.102+0530: 140.844: [GC (Allocation Failure) 2016-11-27T22:26:34.102+0530: 140.844: [ParNew
Desired survivor size 20112992 bytes, new threshold 8 (max 8)
- age   1:    2451448 bytes,    2451448 total
- age   2:    5632192 bytes,    8083640 total
- age   3:    2818928 bytes,   10902568 total
- age   4:    4734128 bytes,   15636696 total
- age   5:    3650352 bytes,   19287048 total
: 109248K->21824K(109248K), 0.0338171 secs] 424978K->341914K(502464K), 0.0339023 secs] [Times: user=0.12 sys=0.00, real=0.03 secs] 
Heap after GC invocations=60 (full 16):
 par new generation   total 109248K, used 21824K [0x00000000e0000000, 0x00000000e8000000, 0x00000000e8000000)
  eden space 87424K,   0% used [0x00000000e0000000, 0x00000000e0000000, 0x00000000e5560000)
  from space 21824K, 100% used [0x00000000e5560000, 0x00000000e6ab0000, 0x00000000e6ab0000)
  to   space 21824K,   0% used [0x00000000e6ab0000, 0x00000000e6ab0000, 0x00000000e8000000)
 concurrent mark-sweep generation total 393216K, used 320090K [0x00000000e8000000, 0x0000000100000000, 0x0000000100000000)
 Metaspace       used 35422K, capacity 35919K, committed 36296K, reserved 1081344K
  class space    used 4030K, capacity 4157K, committed 4296K, reserved 1048576K
}
2016-11-27T22:26:34.136+0530: 140.878: Total time for which application threads were stopped: 0.0341978 seconds, Stopping threads took: 0.0000299 seconds
2016-11-27T22:26:34.136+0530: 140.878: [GC (CMS Initial Mark) [1 CMS-initial-mark: 320090K(393216K)] 343674K(502464K), 0.0067154 secs] [Times: user=0.06 sys=0.00, real=0.01 secs] 
2016-11-27T22:26:34.143+0530: 140.885: Total time for which application threads were stopped: 0.0068778 seconds, Stopping threads took: 0.0000326 seconds
2016-11-27T22:26:34.143+0530: 140.885: [CMS-concurrent-mark-start]
2016-11-27T22:26:34.479+0530: 141.221: [CMS-concurrent-mark: 0.336/0.336 secs] [Times: user=1.19 sys=0.00, real=0.34 secs] 
2016-11-27T22:26:34.479+0530: 141.221: [CMS-concurrent-preclean-start]
2016-11-27T22:26:34.489+0530: 141.231: [CMS-concurrent-preclean: 0.009/0.010 secs] [Times: user=0.03 sys=0.00, real=0.01 secs] 
2016-11-27T22:26:34.489+0530: 141.231: [CMS-concurrent-abortable-preclean-start]
{Heap before GC invocations=60 (full 17):
 par new generation   total 109248K, used 109248K [0x00000000e0000000, 0x00000000e8000000, 0x00000000e8000000)
  eden space 87424K, 100% used [0x00000000e0000000, 0x00000000e5560000, 0x00000000e5560000)
  from space 21824K, 100% used [0x00000000e5560000, 0x00000000e6ab0000, 0x00000000e6ab0000)
  to   space 21824K,   0% used [0x00000000e6ab0000, 0x00000000e6ab0000, 0x00000000e8000000)
 concurrent mark-sweep generation total 393216K, used 320090K [0x00000000e8000000, 0x0000000100000000, 0x0000000100000000)
 Metaspace       used 35422K, capacity 35919K, committed 36296K, reserved 1081344K
  class space    used 4030K, capacity 4157K, committed 4296K, reserved 1048576K
2016-11-27T22:26:34.524+0530: 141.266: [GC (Allocation Failure) 2016-11-27T22:26:34.524+0530: 141.266: [ParNew
Desired survivor size 20112992 bytes, new threshold 6 (max 8)
- age   1:    5050072 bytes,    5050072 total
- age   2:    2363072 bytes,    7413144 total
- age   3:    3089872 bytes,   10503016 total
- age   4:    2752600 bytes,   13255616 total
- age   5:    4617968 bytes,   17873584 total
- age   6:    2537944 bytes,   20411528 total
: 109248K->21824K(109248K), 0.0346757 secs] 429338K->345113K(502464K), 0.0347877 secs] [Times: user=0.09 sys=0.00, real=0.04 secs] 
Heap after GC invocations=61 (full 17):
 par new generation   total 109248K, used 21824K [0x00000000e0000000, 0x00000000e8000000, 0x00000000e8000000)
  eden space 87424K,   0% used [0x00000000e0000000, 0x00000000e0000000, 0x00000000e5560000)
  from space 21824K, 100% used [0x00000000e6ab0000, 0x00000000e8000000, 0x00000000e8000000)
  to   space 21824K,   0% used [0x00000000e5560000, 0x00000000e5560000, 0x00000000e6ab0000)
 concurrent mark-sweep generation total 393216K, used 323289K [0x00000000e8000000, 0x0000000100000000, 0x0000000100000000)
 Metaspace       used 35422K, capacity 35919K, committed 36296K, reserved 1081344K
  class space    used 4030K, capacity 4157K, committed 4296K, reserved 1048576K
}
2016-11-27T22:26:34.559+0530: 141.301: Total time for which application threads were stopped: 0.0350858 seconds, Stopping threads took: 0.0000330 seconds
{Heap before GC invocations=61 (full 17):
 par new generation   total 109248K, used 109248K [0x00000000e0000000, 0x00000000e8000000, 0x00000000e8000000)
  eden space 87424K, 100% used [0x00000000e0000000, 0x00000000e5560000, 0x00000000e5560000)
  from space 21824K, 100% used [0x00000000e6ab0000, 0x00000000e8000000, 0x00000000e8000000)
  to   space 21824K,   0% used [0x00000000e5560000, 0x00000000e5560000, 0x00000000e6ab0000)
 concurrent mark-sweep generation total 393216K, used 323289K [0x00000000e8000000, 0x0000000100000000, 0x0000000100000000)
 Metaspace       used 35423K, capacity 35919K, committed 36296K, reserved 1081344K
  class space    used 4030K, capacity 4157K, committed 4296K, reserved 1048576K
2016-11-27T22:26:34.688+0530: 141.430: [GC (Allocation Failure) 2016-11-27T22:26:34.688+0530: 141.430: [ParNew
Desired survivor size 20112992 bytes, new threshold 8 (max 8)
- age   1:    4959880 bytes,    4959880 total
- age   2:    3875320 bytes,    8835200 total
- age   3:    1944168 bytes,   10779368 total
- age   4:    2971192 bytes,   13750560 total
- age   5:    2699808 bytes,   16450368 total
- age   6:    3505816 bytes,   19956184 total
: 109248K->21824K(109248K), 0.0381371 secs] 432537K->349367K(502464K), 0.0382612 secs] [Times: user=0.13 sys=0.00, real=0.04 secs] 
Heap after GC invocations=62 (full 17):
 par new generation   total 109248K, used 21824K [0x00000000e0000000, 0x00000000e8000000, 0x00000000e8000000)
  eden space 87424K,   0% used [0x00000000e0000000, 0x00000000e0000000, 0x00000000e5560000)
  from space 21824K, 100% used [0x00000000e5560000, 0x00000000e6ab0000, 0x00000000e6ab0000)
  to   space 21824K,   0% used [0x00000000e6ab0000, 0x00000000e6ab0000, 0x00000000e8000000)
 concurrent mark-sweep generation total 393216K, used 327543K [0x00000000e8000000, 0x0000000100000000, 0x0000000100000000)
 Metaspace       used 35423K, capacity 35919K, committed 36296K, reserved 1081344K
  class space    used 4030K, capacity 4157K, committed 4296K, reserved 1048576K
}
2016-11-27T22:26:34.727+0530: 141.469: Total time for which application threads were stopped: 0.0386561 seconds, Stopping threads took: 0.0001218 seconds
2016-11-27T22:26:34.786+0530: 141.528: [CMS-concurrent-abortable-preclean: 0.219/0.297 secs] [Times: user=0.91 sys=0.01, real=0.30 secs] 
2016-11-27T22:26:34.787+0530: 141.529: [GC (CMS Final Remark) [YG occupancy: 43748 K (109248 K)]{Heap before GC invocations=62 (full 17):
 par new generation   total 109248K, used 43748K [0x00000000e0000000, 0x00000000e8000000, 0x00000000e8000000)
  eden space 87424K,  25% used [0x00000000e0000000, 0x00000000e15692f8, 0x00000000e5560000)
  from space 21824K, 100% used [0x00000000e5560000, 0x00000000e6ab0000, 0x00000000e6ab0000)
  to   space 21824K,   0% used [0x00000000e6ab0000, 0x00000000e6ab0000, 0x00000000e8000000)
 concurrent mark-sweep generation total 393216K, used 327543K [0x00000000e8000000, 0x0000000100000000, 0x0000000100000000)
 Metaspace       used 35424K, capacity 35919K, committed 36296K, reserved 1081344K
  class space    used 4030K, capacity 4157K, committed 4296K, reserved 1048576K
2016-11-27T22:26:34.787+0530: 141.529: [GC (CMS Final Remark) 2016-11-27T22:26:34.787+0530: 141.529: [ParNew
Desired survivor size 20112992 bytes, new threshold 7 (max 8)
- age   1:    2815128 bytes,    2815128 total
- age   2:    4769688 bytes,    7584816 total
- age   3:    2220272 bytes,    9805088 total
- age   4:    1836000 bytes,   11641088 total
- age   5:    2784832 bytes,   14425920 total
- age   6:    2632456 bytes,   17058376 total
- age   7:    3379976 bytes,   20438352 total
: 43748K->21824K(109248K), 0.0313119 secs] 371292K->352825K(502464K), 0.0313927 secs] [Times: user=0.12 sys=0.00, real=0.03 secs] 
Heap after GC invocations=63 (full 17):
 par new generation   total 109248K, used 21824K [0x00000000e0000000, 0x00000000e8000000, 0x00000000e8000000)
  eden space 87424K,   0% used [0x00000000e0000000, 0x00000000e0000000, 0x00000000e5560000)
  from space 21824K, 100% used [0x00000000e6ab0000, 0x00000000e8000000, 0x00000000e8000000)
  to   space 21824K,   0% used [0x00000000e5560000, 0x00000000e5560000, 0x00000000e6ab0000)
 concurrent mark-sweep generation total 393216K, used 331001K [0x00000000e8000000, 0x0000000100000000, 0x0000000100000000)
 Metaspace       used 35424K, capacity 35919K, committed 36296K, reserved 1081344K
  class space    used 4030K, capacity 4157K, committed 4296K, reserved 1048576K
}
2016-11-27T22:26:34.818+0530: 141.560: [Rescan (parallel) , 0.0165902 secs]2016-11-27T22:26:34.835+0530: 141.577: [weak refs processing, 0.0005850 secs]2016-11-27T22:26:34.836+0530: 141.578: [class unloading, 0.0054816 secs]2016-11-27T22:26:34.841+0530: 141.583: [scrub symbol table, 0.0053789 secs]2016-11-27T22:26:34.847+0530: 141.588: [scrub string table, 0.0004690 secs][1 CMS-remark: 331001K(393216K)] 352825K(502464K), 0.0606368 secs] [Times: user=0.20 sys=0.00, real=0.06 secs] 
2016-11-27T22:26:34.848+0530: 141.589: Total time for which application threads were stopped: 0.0612343 seconds, Stopping threads took: 0.0004569 seconds
2016-11-27T22:26:34.848+0530: 141.589: [CMS-concurrent-sweep-start]
2016-11-27T22:26:35.106+0530: 141.848: [CMS-concurrent-sweep: 0.258/0.258 secs] [Times: user=0.66 sys=0.00, real=0.26 secs] 
2016-11-27T22:26:35.106+0530: 141.848: [CMS-concurrent-reset-start]
2016-11-27T22:26:35.107+0530: 141.848: [CMS-concurrent-reset: 0.001/0.001 secs] [Times: user=0.03 sys=0.00, real=0.00 secs] 
{Heap before GC invocations=63 (full 17):
 par new generation   total 109248K, used 109248K [0x00000000e0000000, 0x00000000e8000000, 0x00000000e8000000)
  eden space 87424K, 100% used [0x00000000e0000000, 0x00000000e5560000, 0x00000000e5560000)
  from space 21824K, 100% used [0x00000000e6ab0000, 0x00000000e8000000, 0x00000000e8000000)
  to   space 21824K,   0% used [0x00000000e5560000, 0x00000000e5560000, 0x00000000e6ab0000)
 concurrent mark-sweep generation total 393216K, used 323557K [0x00000000e8000000, 0x0000000100000000, 0x0000000100000000)
 Metaspace       used 35424K, capacity 35919K, committed 36296K, reserved 1081344K
  class space    used 4030K, capacity 4157K, committed 4296K, reserved 1048576K
2016-11-27T22:26:35.250+0530: 141.992: [GC (Allocation Failure) 2016-11-27T22:26:35.250+0530: 141.992: [ParNew
Desired survivor size 20112992 bytes, new threshold 7 (max 8)
- age   1:    7669712 bytes,    7669712 total
- age   2:     977232 bytes,    8646944 total
- age   3:    4154336 bytes,   12801280 total
- age   4:    2019544 bytes,   14820824 total
- age   5:    1597688 bytes,   16418512 total
- age   6:    2475880 bytes,   18894392 total
- age   7:    2495128 bytes,   21389520 total
: 109248K->21824K(109248K), 0.0553110 secs] 432805K->354525K(502464K), 0.0554243 secs] [Times: user=0.19 sys=0.00, real=0.06 secs] 
Heap after GC invocations=64 (full 17):
 par new generation   total 109248K, used 21824K [0x00000000e0000000, 0x00000000e8000000, 0x00000000e8000000)
  eden space 87424K,   0% used [0x00000000e0000000, 0x00000000e0000000, 0x00000000e5560000)
  from space 21824K, 100% used [0x00000000e5560000, 0x00000000e6ab0000, 0x00000000e6ab0000)
  to   space 21824K,   0% used [0x00000000e6ab0000, 0x00000000e6ab0000, 0x00000000e8000000)
 concurrent mark-sweep generation total 393216K, used 332701K [0x00000000e8000000, 0x0000000100000000, 0x0000000100000000)
 Metaspace       used 35424K, capacity 35919K, committed 36296K, reserved 1081344K
  class space    used 4030K, capacity 4157K, committed 4296K, reserved 1048576K
}
2016-11-27T22:26:35.306+0530: 142.048: Total time for which application threads were stopped: 0.0557242 seconds, Stopping threads took: 0.0000330 seconds
2016-11-27T22:26:35.306+0530: 142.048: [GC (CMS Initial Mark) [1 CMS-initial-mark: 332701K(393216K)] 354525K(502464K), 0.0097195 secs] [Times: user=0.06 sys=0.00, real=0.01 secs] 
2016-11-27T22:26:35.316+0530: 142.058: Total time for which application threads were stopped: 0.0099243 seconds, Stopping threads took: 0.0000884 seconds
2016-11-27T22:26:35.316+0530: 142.058: [CMS-concurrent-mark-start]
2016-11-27T22:26:35.641+0530: 142.383: [CMS-concurrent-mark: 0.325/0.325 secs] [Times: user=1.12 sys=0.02, real=0.33 secs] 
2016-11-27T22:26:35.641+0530: 142.383: [CMS-concurrent-preclean-start]
2016-11-27T22:26:35.647+0530: 142.389: [CMS-concurrent-preclean: 0.006/0.007 secs] [Times: user=0.00 sys=0.00, real=0.01 secs] 
2016-11-27T22:26:35.647+0530: 142.389: [CMS-concurrent-abortable-preclean-start]
2016-11-27T22:26:35.787+0530: 142.529: Total time for which application threads were stopped: 0.0001254 seconds, Stopping threads took: 0.0000518 seconds
2016-11-27T22:26:35.787+0530: 142.529: Total time for which application threads were stopped: 0.0000901 seconds, Stopping threads took: 0.0000277 seconds
2016-11-27T22:26:35.787+0530: 142.529: Total time for which application threads were stopped: 0.0000669 seconds, Stopping threads took: 0.0000187 seconds
2016-11-27T22:26:35.788+0530: 142.529: Total time for which application threads were stopped: 0.0000602 seconds, Stopping threads took: 0.0000228 seconds
2016-11-27T22:26:35.800+0530: 142.541: Total time for which application threads were stopped: 0.0001339 seconds, Stopping threads took: 0.0000428 seconds
2016-11-27T22:26:35.800+0530: 142.542: Total time for which application threads were stopped: 0.0000834 seconds, Stopping threads took: 0.0000165 seconds
2016-11-27T22:26:35.800+0530: 142.542: Total time for which application threads were stopped: 0.0000464 seconds, Stopping threads took: 0.0000085 seconds
2016-11-27T22:26:35.800+0530: 142.542: Total time for which application threads were stopped: 0.0000732 seconds, Stopping threads took: 0.0000134 seconds
2016-11-27T22:26:35.800+0530: 142.542: Total time for which application threads were stopped: 0.0000585 seconds, Stopping threads took: 0.0000107 seconds
2016-11-27T22:26:35.800+0530: 142.542: Total time for which application threads were stopped: 0.0000634 seconds, Stopping threads took: 0.0000143 seconds
2016-11-27T22:26:35.801+0530: 142.543: Total time for which application threads were stopped: 0.0000915 seconds, Stopping threads took: 0.0000174 seconds
2016-11-27T22:26:35.807+0530: 142.549: Total time for which application threads were stopped: 0.0001147 seconds, Stopping threads took: 0.0000250 seconds
2016-11-27T22:26:35.808+0530: 142.550: Total time for which application threads were stopped: 0.0000924 seconds, Stopping threads took: 0.0000161 seconds
2016-11-27T22:26:35.808+0530: 142.550: Total time for which application threads were stopped: 0.0000593 seconds, Stopping threads took: 0.0000089 seconds
{Heap before GC invocations=64 (full 18):
 par new generation   total 109248K, used 109248K [0x00000000e0000000, 0x00000000e8000000, 0x00000000e8000000)
  eden space 87424K, 100% used [0x00000000e0000000, 0x00000000e5560000, 0x00000000e5560000)
  from space 21824K, 100% used [0x00000000e5560000, 0x00000000e6ab0000, 0x00000000e6ab0000)
  to   space 21824K,   0% used [0x00000000e6ab0000, 0x00000000e6ab0000, 0x00000000e8000000)
 concurrent mark-sweep generation total 393216K, used 332701K [0x00000000e8000000, 0x0000000100000000, 0x0000000100000000)
 Metaspace       used 35427K, capacity 35919K, committed 36296K, reserved 1081344K
  class space    used 4030K, capacity 4157K, committed 4296K, reserved 1048576K
2016-11-27T22:26:35.911+0530: 142.653: [GC (Allocation Failure) 2016-11-27T22:26:35.912+0530: 142.653: [ParNew
Desired survivor size 20112992 bytes, new threshold 7 (max 8)
- age   1:    8119808 bytes,    8119808 total
- age   2:    4156120 bytes,   12275928 total
- age   3:     814920 bytes,   13090848 total
- age   4:    3826248 bytes,   16917096 total
- age   5:    1729792 bytes,   18646888 total
- age   6:    1444000 bytes,   20090888 total
- age   7:    2333640 bytes,   22424528 total
: 109248K->21824K(109248K), 0.0724348 secs] 441949K->365625K(502464K), 0.0725473 secs] [Times: user=0.23 sys=0.01, real=0.07 secs] 
Heap after GC invocations=65 (full 18):
 par new generation   total 109248K, used 21824K [0x00000000e0000000, 0x00000000e8000000, 0x00000000e8000000)
  eden space 87424K,   0% used [0x00000000e0000000, 0x00000000e0000000, 0x00000000e5560000)
  from space 21824K, 100% used [0x00000000e6ab0000, 0x00000000e8000000, 0x00000000e8000000)
  to   space 21824K,   0% used [0x00000000e5560000, 0x00000000e5560000, 0x00000000e6ab0000)
 concurrent mark-sweep generation total 393216K, used 343801K [0x00000000e8000000, 0x0000000100000000, 0x0000000100000000)
 Metaspace       used 35427K, capacity 35919K, committed 36296K, reserved 1081344K
  class space    used 4030K, capacity 4157K, committed 4296K, reserved 1048576K
}
2016-11-27T22:26:35.984+0530: 142.726: Total time for which application threads were stopped: 0.0728106 seconds, Stopping threads took: 0.0000263 seconds
{Heap before GC invocations=65 (full 18):
 par new generation   total 109248K, used 109248K [0x00000000e0000000, 0x00000000e8000000, 0x00000000e8000000)
  eden space 87424K, 100% used [0x00000000e0000000, 0x00000000e5560000, 0x00000000e5560000)
  from space 21824K, 100% used [0x00000000e6ab0000, 0x00000000e8000000, 0x00000000e8000000)
  to   space 21824K,   0% used [0x00000000e5560000, 0x00000000e5560000, 0x00000000e6ab0000)
 concurrent mark-sweep generation total 393216K, used 343801K [0x00000000e8000000, 0x0000000100000000, 0x0000000100000000)
 Metaspace       used 35427K, capacity 35919K, committed 36296K, reserved 1081344K
  class space    used 4030K, capacity 4157K, committed 4296K, reserved 1048576K
2016-11-27T22:26:36.267+0530: 143.009: [GC (Allocation Failure) 2016-11-27T22:26:36.267+0530: 143.009: [ParNew
Desired survivor size 20112992 bytes, new threshold 8 (max 8)
- age   1:    4370720 bytes,    4370720 total
- age   2:    4027096 bytes,    8397816 total
- age   3:    3459664 bytes,   11857480 total
- age   4:     716568 bytes,   12574048 total
- age   5:    3613864 bytes,   16187912 total
- age   6:    1101576 bytes,   17289488 total
- age   7:    1100920 bytes,   18390408 total
: 109248K->21824K(109248K), 0.1113788 secs] 453049K->380178K(502464K), 0.1114800 secs] [Times: user=0.30 sys=0.00, real=0.11 secs] 
Heap after GC invocations=66 (full 18):
 par new generation   total 109248K, used 21824K [0x00000000e0000000, 0x00000000e8000000, 0x00000000e8000000)
  eden space 87424K,   0% used [0x00000000e0000000, 0x00000000e0000000, 0x00000000e5560000)
  from space 21824K, 100% used [0x00000000e5560000, 0x00000000e6ab0000, 0x00000000e6ab0000)
  to   space 21824K,   0% used [0x00000000e6ab0000, 0x00000000e6ab0000, 0x00000000e8000000)
 concurrent mark-sweep generation total 393216K, used 358354K [0x00000000e8000000, 0x0000000100000000, 0x0000000100000000)
 Metaspace       used 35427K, capacity 35919K, committed 36296K, reserved 1081344K
  class space    used 4030K, capacity 4157K, committed 4296K, reserved 1048576K
}
2016-11-27T22:26:36.378+0530: 143.120: Total time for which application threads were stopped: 0.1117598 seconds, Stopping threads took: 0.0000330 seconds
2016-11-27T22:26:36.447+0530: 143.189: [CMS-concurrent-abortable-preclean: 0.606/0.800 secs] [Times: user=1.79 sys=0.05, real=0.80 secs] 
2016-11-27T22:26:36.448+0530: 143.190: [GC (CMS Final Remark) [YG occupancy: 42021 K (109248 K)]{Heap before GC invocations=66 (full 18):
 par new generation   total 109248K, used 42021K [0x00000000e0000000, 0x00000000e8000000, 0x00000000e8000000)
  eden space 87424K,  23% used [0x00000000e0000000, 0x00000000e13b9708, 0x00000000e5560000)
  from space 21824K, 100% used [0x00000000e5560000, 0x00000000e6ab0000, 0x00000000e6ab0000)
  to   space 21824K,   0% used [0x00000000e6ab0000, 0x00000000e6ab0000, 0x00000000e8000000)
 concurrent mark-sweep generation total 393216K, used 358354K [0x00000000e8000000, 0x0000000100000000, 0x0000000100000000)
 Metaspace       used 35427K, capacity 35919K, committed 36296K, reserved 1081344K
  class space    used 4030K, capacity 4157K, committed 4296K, reserved 1048576K
2016-11-27T22:26:36.448+0530: 143.190: [GC (CMS Final Remark) 2016-11-27T22:26:36.448+0530: 143.190: [ParNew
Desired survivor size 20112992 bytes, new threshold 7 (max 8)
- age   1:    4399072 bytes,    4399072 total
- age   2:    4051048 bytes,    8450120 total
- age   3:    3776648 bytes,   12226768 total
- age   4:    3201200 bytes,   15427968 total
- age   5:     659536 bytes,   16087504 total
- age   6:    3497360 bytes,   19584864 total
- age   7:    1014984 bytes,   20599848 total
- age   8:    1011848 bytes,   21611696 total
: 42021K->21824K(109248K), 0.0499950 secs] 400376K->382121K(502464K), 0.0500811 secs] [Times: user=0.14 sys=0.00, real=0.05 secs] 
Heap after GC invocations=67 (full 18):
 par new generation   total 109248K, used 21824K [0x00000000e0000000, 0x00000000e8000000, 0x00000000e8000000)
  eden space 87424K,   0% used [0x00000000e0000000, 0x00000000e0000000, 0x00000000e5560000)
  from space 21824K, 100% used [0x00000000e6ab0000, 0x00000000e8000000, 0x00000000e8000000)
  to   space 21824K,   0% used [0x00000000e5560000, 0x00000000e5560000, 0x00000000e6ab0000)
 concurrent mark-sweep generation total 393216K, used 360297K [0x00000000e8000000, 0x0000000100000000, 0x0000000100000000)
 Metaspace       used 35427K, capacity 35919K, committed 36296K, reserved 1081344K
  class space    used 4030K, capacity 4157K, committed 4296K, reserved 1048576K
}
2016-11-27T22:26:36.498+0530: 143.240: [Rescan (parallel) , 0.0277104 secs]2016-11-27T22:26:36.526+0530: 143.268: [weak refs processing, 0.0012495 secs]2016-11-27T22:26:36.527+0530: 143.269: [class unloading, 0.0090068 secs]2016-11-27T22:26:36.536+0530: 143.278: [scrub symbol table, 0.0095245 secs]2016-11-27T22:26:36.546+0530: 143.288: [scrub string table, 0.0011044 secs][1 CMS-remark: 360297K(393216K)] 382121K(502464K), 0.0996909 secs] [Times: user=0.23 sys=0.00, real=0.10 secs] 
2016-11-27T22:26:36.548+0530: 143.289: Total time for which application threads were stopped: 0.0998891 seconds, Stopping threads took: 0.0000303 seconds
2016-11-27T22:26:36.548+0530: 143.290: [CMS-concurrent-sweep-start]
2016-11-27T22:26:36.845+0530: 143.586: [CMS-concurrent-sweep: 0.297/0.297 secs] [Times: user=0.59 sys=0.00, real=0.30 secs] 
2016-11-27T22:26:36.845+0530: 143.587: [CMS-concurrent-reset-start]
2016-11-27T22:26:36.845+0530: 143.587: [CMS-concurrent-reset: 0.001/0.001 secs] [Times: user=0.00 sys=0.00, real=0.00 secs] 
{Heap before GC invocations=67 (full 18):
 par new generation   total 109248K, used 109248K [0x00000000e0000000, 0x00000000e8000000, 0x00000000e8000000)
  eden space 87424K, 100% used [0x00000000e0000000, 0x00000000e5560000, 0x00000000e5560000)
  from space 21824K, 100% used [0x00000000e6ab0000, 0x00000000e8000000, 0x00000000e8000000)
  to   space 21824K,   0% used [0x00000000e5560000, 0x00000000e5560000, 0x00000000e6ab0000)
 concurrent mark-sweep generation total 393216K, used 307597K [0x00000000e8000000, 0x0000000100000000, 0x0000000100000000)
 Metaspace       used 35428K, capacity 35919K, committed 36296K, reserved 1081344K
  class space    used 4030K, capacity 4157K, committed 4296K, reserved 1048576K
2016-11-27T22:26:36.917+0530: 143.659: [GC (Allocation Failure) 2016-11-27T22:26:36.917+0530: 143.659: [ParNew
Desired survivor size 20112992 bytes, new threshold 7 (max 8)
- age   1:    4542632 bytes,    4542632 total
- age   2:    3833432 bytes,    8376064 total
- age   3:    3293208 bytes,   11669272 total
- age   4:    2923696 bytes,   14592968 total
- age   5:    2943912 bytes,   17536880 total
- age   6:     607824 bytes,   18144704 total
- age   7:    3354864 bytes,   21499568 total
: 109248K->21824K(109248K), 0.0642754 secs] 416845K->343837K(502464K), 0.0643682 secs] [Times: user=0.16 sys=0.00, real=0.07 secs] 
Heap after GC invocations=68 (full 18):
 par new generation   total 109248K, used 21824K [0x00000000e0000000, 0x00000000e8000000, 0x00000000e8000000)
  eden space 87424K,   0% used [0x00000000e0000000, 0x00000000e0000000, 0x00000000e5560000)
  from space 21824K, 100% used [0x00000000e5560000, 0x00000000e6ab0000, 0x00000000e6ab0000)
  to   space 21824K,   0% used [0x00000000e6ab0000, 0x00000000e6ab0000, 0x00000000e8000000)
 concurrent mark-sweep generation total 393216K, used 322013K [0x00000000e8000000, 0x0000000100000000, 0x0000000100000000)
 Metaspace       used 35428K, capacity 35919K, committed 36296K, reserved 1081344K
  class space    used 4030K, capacity 4157K, committed 4296K, reserved 1048576K
}
2016-11-27T22:26:36.982+0530: 143.724: Total time for which application threads were stopped: 0.0645806 seconds, Stopping threads took: 0.0000201 seconds
2016-11-27T22:26:36.982+0530: 143.724: [GC (CMS Initial Mark) [1 CMS-initial-mark: 322013K(393216K)] 345422K(502464K), 0.0104995 secs] [Times: user=0.00 sys=0.00, real=0.01 secs] 
2016-11-27T22:26:36.992+0530: 143.734: Total time for which application threads were stopped: 0.0106463 seconds, Stopping threads took: 0.0000205 seconds
2016-11-27T22:26:36.993+0530: 143.734: [CMS-concurrent-mark-start]
2016-11-27T22:26:37.340+0530: 144.082: [CMS-concurrent-mark: 0.348/0.348 secs] [Times: user=0.98 sys=0.00, real=0.35 secs] 
2016-11-27T22:26:37.340+0530: 144.082: [CMS-concurrent-preclean-start]
2016-11-27T22:26:37.347+0530: 144.088: [CMS-concurrent-preclean: 0.006/0.006 secs] [Times: user=0.00 sys=0.00, real=0.01 secs] 
2016-11-27T22:26:37.347+0530: 144.089: [CMS-concurrent-abortable-preclean-start]
2016-11-27T22:26:38.082+0530: 144.824: Total time for which application threads were stopped: 0.0385856 seconds, Stopping threads took: 0.0384946 seconds
{Heap before GC invocations=68 (full 19):
 par new generation   total 109248K, used 109248K [0x00000000e0000000, 0x00000000e8000000, 0x00000000e8000000)
  eden space 87424K, 100% used [0x00000000e0000000, 0x00000000e5560000, 0x00000000e5560000)
  from space 21824K, 100% used [0x00000000e5560000, 0x00000000e6ab0000, 0x00000000e6ab0000)
  to   space 21824K,   0% used [0x00000000e6ab0000, 0x00000000e6ab0000, 0x00000000e8000000)
 concurrent mark-sweep generation total 393216K, used 322013K [0x00000000e8000000, 0x0000000100000000, 0x0000000100000000)
 Metaspace       used 35428K, capacity 35919K, committed 36296K, reserved 1081344K
  class space    used 4030K, capacity 4157K, committed 4296K, reserved 1048576K
2016-11-27T22:26:38.517+0530: 145.259: [GC (Allocation Failure) 2016-11-27T22:26:38.517+0530: 145.259: [ParNew
Desired survivor size 20112992 bytes, new threshold 6 (max 8)
- age   1:   13264296 bytes,   13264296 total
- age   2:    2159048 bytes,   15423344 total
- age   3:     398088 bytes,   15821432 total
- age   4:    1800440 bytes,   17621872 total
- age   5:    1571408 bytes,   19193280 total
- age   6:    1538192 bytes,   20731472 total
- age   7:     310576 bytes,   21042048 total
: 109248K->21824K(109248K), 0.0722702 secs] 431261K->358089K(502464K), 0.0723822 secs] [Times: user=0.27 sys=0.02, real=0.07 secs] 
Heap after GC invocations=69 (full 19):
 par new generation   total 109248K, used 21824K [0x00000000e0000000, 0x00000000e8000000, 0x00000000e8000000)
  eden space 87424K,   0% used [0x00000000e0000000, 0x00000000e0000000, 0x00000000e5560000)
  from space 21824K, 100% used [0x00000000e6ab0000, 0x00000000e8000000, 0x00000000e8000000)
  to   space 21824K,   0% used [0x00000000e5560000, 0x00000000e5560000, 0x00000000e6ab0000)
 concurrent mark-sweep generation total 393216K, used 336265K [0x00000000e8000000, 0x0000000100000000, 0x0000000100000000)
 Metaspace       used 35428K, capacity 35919K, committed 36296K, reserved 1081344K
  class space    used 4030K, capacity 4157K, committed 4296K, reserved 1048576K
}
2016-11-27T22:26:38.589+0530: 145.331: Total time for which application threads were stopped: 0.0726459 seconds, Stopping threads took: 0.0000272 seconds
2016-11-27T22:26:39.695+0530: 146.437: Total time for which application threads were stopped: 0.0066088 seconds, Stopping threads took: 0.0064847 seconds
{Heap before GC invocations=69 (full 19):
 par new generation   total 109248K, used 109248K [0x00000000e0000000, 0x00000000e8000000, 0x00000000e8000000)
  eden space 87424K, 100% used [0x00000000e0000000, 0x00000000e5560000, 0x00000000e5560000)
  from space 21824K, 100% used [0x00000000e6ab0000, 0x00000000e8000000, 0x00000000e8000000)
  to   space 21824K,   0% used [0x00000000e5560000, 0x00000000e5560000, 0x00000000e6ab0000)
 concurrent mark-sweep generation total 393216K, used 336265K [0x00000000e8000000, 0x0000000100000000, 0x0000000100000000)
 Metaspace       used 35429K, capacity 35919K, committed 36296K, reserved 1081344K
  class space    used 4030K, capacity 4157K, committed 4296K, reserved 1048576K
2016-11-27T22:26:40.165+0530: 146.907: [GC (Allocation Failure) 2016-11-27T22:26:40.165+0530: 146.907: [ParNew
Desired survivor size 20112992 bytes, new threshold 8 (max 8)
- age   1:     165312 bytes,     165312 total
- age   2:    9971968 bytes,   10137280 total
- age   3:    2141152 bytes,   12278432 total
- age   4:     394368 bytes,   12672800 total
- age   5:    1794072 bytes,   14466872 total
- age   6:    1566224 bytes,   16033096 total
: 109248K->21824K(109248K), 0.0441145 secs] 445513K->363204K(502464K), 0.0442082 secs] [Times: user=0.11 sys=0.00, real=0.04 secs] 
Heap after GC invocations=70 (full 19):
 par new generation   total 109248K, used 21824K [0x00000000e0000000, 0x00000000e8000000, 0x00000000e8000000)
  eden space 87424K,   0% used [0x00000000e0000000, 0x00000000e0000000, 0x00000000e5560000)
  from space 21824K, 100% used [0x00000000e5560000, 0x00000000e6ab0000, 0x00000000e6ab0000)
  to   space 21824K,   0% used [0x00000000e6ab0000, 0x00000000e6ab0000, 0x00000000e8000000)
 concurrent mark-sweep generation total 393216K, used 341380K [0x00000000e8000000, 0x0000000100000000, 0x0000000100000000)
 Metaspace       used 35429K, capacity 35919K, committed 36296K, reserved 1081344K
  class space    used 4030K, capacity 4157K, committed 4296K, reserved 1048576K
}
2016-11-27T22:26:40.209+0530: 146.951: Total time for which application threads were stopped: 0.0444639 seconds, Stopping threads took: 0.0000232 seconds
2016-11-27T22:26:40.209+0530: 146.951: [CMS-concurrent-abortable-preclean: 2.213/2.863 secs] [Times: user=6.60 sys=0.13, real=2.86 secs] 
2016-11-27T22:26:40.209+0530: 146.951: [GC (CMS Final Remark) [YG occupancy: 23527 K (109248 K)]{Heap before GC invocations=70 (full 19):
 par new generation   total 109248K, used 23527K [0x00000000e0000000, 0x00000000e8000000, 0x00000000e8000000)
  eden space 87424K,   1% used [0x00000000e0000000, 0x00000000e01a9ee8, 0x00000000e5560000)
  from space 21824K, 100% used [0x00000000e5560000, 0x00000000e6ab0000, 0x00000000e6ab0000)
  to   space 21824K,   0% used [0x00000000e6ab0000, 0x00000000e6ab0000, 0x00000000e8000000)
 concurrent mark-sweep generation total 393216K, used 341380K [0x00000000e8000000, 0x0000000100000000, 0x0000000100000000)
 Metaspace       used 35429K, capacity 35919K, committed 36296K, reserved 1081344K
  class space    used 4030K, capacity 4157K, committed 4296K, reserved 1048576K
2016-11-27T22:26:40.209+0530: 146.951: [GC (CMS Final Remark) 2016-11-27T22:26:40.209+0530: 146.951: [ParNew
Desired survivor size 20112992 bytes, new threshold 8 (max 8)
- age   1:      18584 bytes,      18584 total
- age   2:     146336 bytes,     164920 total
- age   3:    9971968 bytes,   10136888 total
- age   4:    2141152 bytes,   12278040 total
- age   5:     394368 bytes,   12672408 total
- age   6:    1794072 bytes,   14466480 total
- age   7:    1566224 bytes,   16032704 total
: 23527K->21824K(109248K), 0.0366329 secs] 364907K->363204K(502464K), 0.0367052 secs] [Times: user=0.09 sys=0.00, real=0.04 secs] 
Heap after GC invocations=71 (full 19):
 par new generation   total 109248K, used 21824K [0x00000000e0000000, 0x00000000e8000000, 0x00000000e8000000)
  eden space 87424K,   0% used [0x00000000e0000000, 0x00000000e0000000, 0x00000000e5560000)
  from space 21824K, 100% used [0x00000000e6ab0000, 0x00000000e8000000, 0x00000000e8000000)
  to   space 21824K,   0% used [0x00000000e5560000, 0x00000000e5560000, 0x00000000e6ab0000)
 concurrent mark-sweep generation total 393216K, used 341380K [0x00000000e8000000, 0x0000000100000000, 0x0000000100000000)
 Metaspace       used 35429K, capacity 35919K, committed 36296K, reserved 1081344K
  class space    used 4030K, capacity 4157K, committed 4296K, reserved 1048576K
}
2016-11-27T22:26:40.246+0530: 146.988: [Rescan (parallel) , 0.0343829 secs]2016-11-27T22:26:40.281+0530: 147.023: [weak refs processing, 0.0492265 secs]2016-11-27T22:26:40.330+0530: 147.072: [class unloading, 0.0086463 secs]2016-11-27T22:26:40.339+0530: 147.081: [scrub symbol table, 0.0096842 secs]2016-11-27T22:26:40.348+0530: 147.090: [scrub string table, 0.0010995 secs][1 CMS-remark: 341380K(393216K)] 363204K(502464K), 0.1408138 secs] [Times: user=0.33 sys=0.00, real=0.14 secs] 
2016-11-27T22:26:40.350+0530: 147.092: Total time for which application threads were stopped: 0.1409986 seconds, Stopping threads took: 0.0000446 seconds
2016-11-27T22:26:40.350+0530: 147.092: [CMS-concurrent-sweep-start]
{Heap before GC invocations=71 (full 19):
 par new generation   total 109248K, used 109248K [0x00000000e0000000, 0x00000000e8000000, 0x00000000e8000000)
  eden space 87424K, 100% used [0x00000000e0000000, 0x00000000e5560000, 0x00000000e5560000)
  from space 21824K, 100% used [0x00000000e6ab0000, 0x00000000e8000000, 0x00000000e8000000)
  to   space 21824K,   0% used [0x00000000e5560000, 0x00000000e5560000, 0x00000000e6ab0000)
 concurrent mark-sweep generation total 393216K, used 337697K [0x00000000e8000000, 0x0000000100000000, 0x0000000100000000)
 Metaspace       used 35429K, capacity 35919K, committed 36296K, reserved 1081344K
  class space    used 4030K, capacity 4157K, committed 4296K, reserved 1048576K
2016-11-27T22:26:40.499+0530: 147.241: [GC (Allocation Failure) 2016-11-27T22:26:40.499+0530: 147.241: [ParNew
Desired survivor size 20112992 bytes, new threshold 8 (max 8)
- age   1:     142496 bytes,     142496 total
- age   3:      52664 bytes,     195160 total
- age   4:   10831824 bytes,   11026984 total
- age   5:    2141176 bytes,   13168160 total
- age   6:     394368 bytes,   13562528 total
- age   7:    1794072 bytes,   15356600 total
- age   8:    1566184 bytes,   16922784 total
: 109248K->21455K(109248K), 0.0224127 secs] 446945K->359153K(502464K), 0.0225166 secs] [Times: user=0.13 sys=0.00, real=0.02 secs] 
Heap after GC invocations=72 (full 19):
 par new generation   total 109248K, used 21455K [0x00000000e0000000, 0x00000000e8000000, 0x00000000e8000000)
  eden space 87424K,   0% used [0x00000000e0000000, 0x00000000e0000000, 0x00000000e5560000)
  from space 21824K,  98% used [0x00000000e5560000, 0x00000000e6a53ef8, 0x00000000e6ab0000)
  to   space 21824K,   0% used [0x00000000e6ab0000, 0x00000000e6ab0000, 0x00000000e8000000)
 concurrent mark-sweep generation total 393216K, used 337697K [0x00000000e8000000, 0x0000000100000000, 0x0000000100000000)
 Metaspace       used 35429K, capacity 35919K, committed 36296K, reserved 1081344K
  class space    used 4030K, capacity 4157K, committed 4296K, reserved 1048576K
}
2016-11-27T22:26:40.522+0530: 147.264: Total time for which application threads were stopped: 0.0228049 seconds, Stopping threads took: 0.0000357 seconds
2016-11-27T22:26:40.682+0530: 147.424: [CMS-concurrent-sweep: 0.309/0.332 secs] [Times: user=0.97 sys=0.05, real=0.33 secs] 
2016-11-27T22:26:40.682+0530: 147.424: [CMS-concurrent-reset-start]
2016-11-27T22:26:40.683+0530: 147.425: [CMS-concurrent-reset: 0.001/0.001 secs] [Times: user=0.00 sys=0.00, real=0.00 secs] 
2016-11-27T22:26:40.686+0530: 147.428: Total time for which application threads were stopped: 0.0002191 seconds, Stopping threads took: 0.0000272 seconds
2016-11-27T22:26:40.686+0530: 147.428: Total time for which application threads were stopped: 0.0001000 seconds, Stopping threads took: 0.0000237 seconds
2016-11-27T22:26:40.686+0530: 147.428: Total time for which application threads were stopped: 0.0000736 seconds, Stopping threads took: 0.0000165 seconds
2016-11-27T22:26:40.696+0530: 147.438: Total time for which application threads were stopped: 0.0001276 seconds, Stopping threads took: 0.0000308 seconds
2016-11-27T22:26:40.704+0530: 147.446: Total time for which application threads were stopped: 0.0001397 seconds, Stopping threads took: 0.0000308 seconds
2016-11-27T22:26:40.705+0530: 147.447: Total time for which application threads were stopped: 0.0001263 seconds, Stopping threads took: 0.0000308 seconds
2016-11-27T22:26:40.710+0530: 147.452: Total time for which application threads were stopped: 0.0001459 seconds, Stopping threads took: 0.0000393 seconds
{Heap before GC invocations=72 (full 19):
 par new generation   total 109248K, used 108879K [0x00000000e0000000, 0x00000000e8000000, 0x00000000e8000000)
  eden space 87424K, 100% used [0x00000000e0000000, 0x00000000e5560000, 0x00000000e5560000)
  from space 21824K,  98% used [0x00000000e5560000, 0x00000000e6a53ef8, 0x00000000e6ab0000)
  to   space 21824K,   0% used [0x00000000e6ab0000, 0x00000000e6ab0000, 0x00000000e8000000)
 concurrent mark-sweep generation total 393216K, used 292003K [0x00000000e8000000, 0x0000000100000000, 0x0000000100000000)
 Metaspace       used 35439K, capacity 35919K, committed 36296K, reserved 1081344K
  class space    used 4030K, capacity 4157K, committed 4296K, reserved 1048576K
2016-11-27T22:26:40.911+0530: 147.653: [GC (Allocation Failure) 2016-11-27T22:26:40.911+0530: 147.653: [ParNew
Desired survivor size 20112992 bytes, new threshold 8 (max 8)
- age   1:    1804312 bytes,    1804312 total
- age   2:         96 bytes,    1804408 total
- age   4:      19128 bytes,    1823536 total
- age   5:    8915536 bytes,   10739072 total
- age   6:    1276672 bytes,   12015744 total
- age   7:     219960 bytes,   12235704 total
- age   8:     935224 bytes,   13170928 total
: 108879K->16505K(109248K), 0.0188570 secs] 400882K->309340K(502464K), 0.0189579 secs] [Times: user=0.06 sys=0.00, real=0.02 secs] 
Heap after GC invocations=73 (full 19):
 par new generation   total 109248K, used 16505K [0x00000000e0000000, 0x00000000e8000000, 0x00000000e8000000)
  eden space 87424K,   0% used [0x00000000e0000000, 0x00000000e0000000, 0x00000000e5560000)
  from space 21824K,  75% used [0x00000000e6ab0000, 0x00000000e7ace5b0, 0x00000000e8000000)
  to   space 21824K,   0% used [0x00000000e5560000, 0x00000000e5560000, 0x00000000e6ab0000)
 concurrent mark-sweep generation total 393216K, used 292835K [0x00000000e8000000, 0x0000000100000000, 0x0000000100000000)
 Metaspace       used 35439K, capacity 35919K, committed 36296K, reserved 1081344K
  class space    used 4030K, capacity 4157K, committed 4296K, reserved 1048576K
}
2016-11-27T22:26:40.930+0530: 147.672: Total time for which application threads were stopped: 0.0192207 seconds, Stopping threads took: 0.0000232 seconds
2016-11-27T22:26:40.931+0530: 147.673: [GC (CMS Initial Mark) [1 CMS-initial-mark: 292835K(393216K)] 311045K(502464K), 0.0058756 secs] [Times: user=0.00 sys=0.00, real=0.01 secs] 
2016-11-27T22:26:40.937+0530: 147.679: Total time for which application threads were stopped: 0.0065891 seconds, Stopping threads took: 0.0005886 seconds
2016-11-27T22:26:40.937+0530: 147.679: [CMS-concurrent-mark-start]
2016-11-27T22:26:41.173+0530: 147.915: [CMS-concurrent-mark: 0.236/0.236 secs] [Times: user=0.87 sys=0.00, real=0.24 secs] 
2016-11-27T22:26:41.173+0530: 147.915: [CMS-concurrent-preclean-start]
2016-11-27T22:26:41.175+0530: 147.917: [CMS-concurrent-preclean: 0.002/0.002 secs] [Times: user=0.03 sys=0.00, real=0.00 secs] 
2016-11-27T22:26:41.175+0530: 147.917: [GC (CMS Final Remark) [YG occupancy: 18210 K (109248 K)]{Heap before GC invocations=73 (full 20):
 par new generation   total 109248K, used 18210K [0x00000000e0000000, 0x00000000e8000000, 0x00000000e8000000)
  eden space 87424K,   1% used [0x00000000e0000000, 0x00000000e01aa550, 0x00000000e5560000)
  from space 21824K,  75% used [0x00000000e6ab0000, 0x00000000e7ace5b0, 0x00000000e8000000)
  to   space 21824K,   0% used [0x00000000e5560000, 0x00000000e5560000, 0x00000000e6ab0000)
 concurrent mark-sweep generation total 393216K, used 292835K [0x00000000e8000000, 0x0000000100000000, 0x0000000100000000)
 Metaspace       used 35439K, capacity 35919K, committed 36296K, reserved 1081344K
  class space    used 4030K, capacity 4157K, committed 4296K, reserved 1048576K
2016-11-27T22:26:41.175+0530: 147.918: [GC (CMS Final Remark) 2016-11-27T22:26:41.175+0530: 147.918: [ParNew
Desired survivor size 20112992 bytes, new threshold 8 (max 8)
- age   1:     274296 bytes,     274296 total
- age   2:    1653040 bytes,    1927336 total
- age   3:         96 bytes,    1927432 total
- age   5:      19128 bytes,    1946560 total
- age   6:    8915536 bytes,   10862096 total
- age   7:    1276672 bytes,   12138768 total
- age   8:     219960 bytes,   12358728 total
: 18210K->13546K(109248K), 0.0221811 secs] 311045K->307318K(502464K), 0.0222694 secs] [Times: user=0.06 sys=0.00, real=0.02 secs] 
Heap after GC invocations=74 (full 20):
 par new generation   total 109248K, used 13546K [0x00000000e0000000, 0x00000000e8000000, 0x00000000e8000000)
  eden space 87424K,   0% used [0x00000000e0000000, 0x00000000e0000000, 0x00000000e5560000)
  from space 21824K,  62% used [0x00000000e5560000, 0x00000000e629aa38, 0x00000000e6ab0000)
  to   space 21824K,   0% used [0x00000000e6ab0000, 0x00000000e6ab0000, 0x00000000e8000000)
 concurrent mark-sweep generation total 393216K, used 293771K [0x00000000e8000000, 0x0000000100000000, 0x0000000100000000)
 Metaspace       used 35439K, capacity 35919K, committed 36296K, reserved 1081344K
  class space    used 4030K, capacity 4157K, committed 4296K, reserved 1048576K
}
2016-11-27T22:26:41.198+0530: 147.940: [Rescan (parallel) , 0.0097989 secs]2016-11-27T22:26:41.208+0530: 147.950: [weak refs processing, 0.0007037 secs]2016-11-27T22:26:41.208+0530: 147.950: [class unloading, 0.0092224 secs]2016-11-27T22:26:41.218+0530: 147.960: [scrub symbol table, 0.0103625 secs]2016-11-27T22:26:41.228+0530: 147.970: [scrub string table, 0.0007796 secs][1 CMS-remark: 293771K(393216K)] 307318K(502464K), 0.0541106 secs] [Times: user=0.14 sys=0.00, real=0.05 secs] 
2016-11-27T22:26:41.230+0530: 147.972: Total time for which application threads were stopped: 0.0542744 seconds, Stopping threads took: 0.0000277 seconds
2016-11-27T22:26:41.230+0530: 147.972: [CMS-concurrent-sweep-start]
{Heap before GC invocations=74 (full 20):
 par new generation   total 109248K, used 100970K [0x00000000e0000000, 0x00000000e8000000, 0x00000000e8000000)
  eden space 87424K, 100% used [0x00000000e0000000, 0x00000000e5560000, 0x00000000e5560000)
  from space 21824K,  62% used [0x00000000e5560000, 0x00000000e629aa38, 0x00000000e6ab0000)
  to   space 21824K,   0% used [0x00000000e6ab0000, 0x00000000e6ab0000, 0x00000000e8000000)
 concurrent mark-sweep generation total 393216K, used 272262K [0x00000000e8000000, 0x0000000100000000, 0x0000000100000000)
 Metaspace       used 35439K, capacity 35919K, committed 36296K, reserved 1081344K
  class space    used 4030K, capacity 4157K, committed 4296K, reserved 1048576K
2016-11-27T22:26:41.519+0530: 148.261: [GC (Allocation Failure) 2016-11-27T22:26:41.519+0530: 148.261: [ParNew
Desired survivor size 20112992 bytes, new threshold 8 (max 8)
- age   1:    8810184 bytes,    8810184 total
- age   2:      66496 bytes,    8876680 total
- age   3:    1471280 bytes,   10347960 total
- age   4:         96 bytes,   10348056 total
- age   6:       2504 bytes,   10350560 total
- age   7:    5170944 bytes,   15521504 total
- age   8:     445872 bytes,   15967376 total
: 100970K->19304K(109248K), 0.0202560 secs] 373232K->291657K(502464K), 0.0203283 secs] [Times: user=0.06 sys=0.00, real=0.02 secs] 
Heap after GC invocations=75 (full 20):
 par new generation   total 109248K, used 19304K [0x00000000e0000000, 0x00000000e8000000, 0x00000000e8000000)
  eden space 87424K,   0% used [0x00000000e0000000, 0x00000000e0000000, 0x00000000e5560000)
  from space 21824K,  88% used [0x00000000e6ab0000, 0x00000000e7d8a2d0, 0x00000000e8000000)
  to   space 21824K,   0% used [0x00000000e5560000, 0x00000000e5560000, 0x00000000e6ab0000)
 concurrent mark-sweep generation total 393216K, used 272352K [0x00000000e8000000, 0x0000000100000000, 0x0000000100000000)
 Metaspace       used 35439K, capacity 35919K, committed 36296K, reserved 1081344K
  class space    used 4030K, capacity 4157K, committed 4296K, reserved 1048576K
}
2016-11-27T22:26:41.539+0530: 148.282: Total time for which application threads were stopped: 0.0205090 seconds, Stopping threads took: 0.0000196 seconds
2016-11-27T22:26:41.596+0530: 148.338: [CMS-concurrent-sweep: 0.345/0.366 secs] [Times: user=0.78 sys=0.02, real=0.37 secs] 
2016-11-27T22:26:41.596+0530: 148.338: [CMS-concurrent-reset-start]
2016-11-27T22:26:41.596+0530: 148.338: [CMS-concurrent-reset: 0.001/0.001 secs] [Times: user=0.00 sys=0.00, real=0.00 secs] 
{Heap before GC invocations=75 (full 20):
 par new generation   total 109248K, used 106728K [0x00000000e0000000, 0x00000000e8000000, 0x00000000e8000000)
  eden space 87424K, 100% used [0x00000000e0000000, 0x00000000e5560000, 0x00000000e5560000)
  from space 21824K,  88% used [0x00000000e6ab0000, 0x00000000e7d8a2d0, 0x00000000e8000000)
  to   space 21824K,   0% used [0x00000000e5560000, 0x00000000e5560000, 0x00000000e6ab0000)
 concurrent mark-sweep generation total 393216K, used 239138K [0x00000000e8000000, 0x0000000100000000, 0x0000000100000000)
 Metaspace       used 35439K, capacity 35919K, committed 36296K, reserved 1081344K
  class space    used 4030K, capacity 4157K, committed 4296K, reserved 1048576K
2016-11-27T22:26:41.723+0530: 148.465: [GC (Allocation Failure) 2016-11-27T22:26:41.723+0530: 148.465: [ParNew
Desired survivor size 20112992 bytes, new threshold 8 (max 8)
- age   1:    9944792 bytes,    9944792 total
- age   2:    5800320 bytes,   15745112 total
- age   3:      56696 bytes,   15801808 total
- age   4:    1335016 bytes,   17136824 total
- age   5:         96 bytes,   17136920 total
- age   7:       2504 bytes,   17139424 total
- age   8:    5170944 bytes,   22310368 total
: 106728K->21824K(109248K), 0.0316694 secs] 345866K->263374K(502464K), 0.0317493 secs] [Times: user=0.09 sys=0.00, real=0.03 secs] 
Heap after GC invocations=76 (full 20):
 par new generation   total 109248K, used 21824K [0x00000000e0000000, 0x00000000e8000000, 0x00000000e8000000)
  eden space 87424K,   0% used [0x00000000e0000000, 0x00000000e0000000, 0x00000000e5560000)
  from space 21824K, 100% used [0x00000000e5560000, 0x00000000e6ab0000, 0x00000000e6ab0000)
  to   space 21824K,   0% used [0x00000000e6ab0000, 0x00000000e6ab0000, 0x00000000e8000000)
 concurrent mark-sweep generation total 393216K, used 241550K [0x00000000e8000000, 0x0000000100000000, 0x0000000100000000)
 Metaspace       used 35439K, capacity 35919K, committed 36296K, reserved 1081344K
  class space    used 4030K, capacity 4157K, committed 4296K, reserved 1048576K
}
2016-11-27T22:26:41.754+0530: 148.496: Total time for which application threads were stopped: 0.0319536 seconds, Stopping threads took: 0.0000196 seconds
2016-11-27T22:26:41.754+0530: 148.497: [GC (CMS Initial Mark) [1 CMS-initial-mark: 241550K(393216K)] 265103K(502464K), 0.0061447 secs] [Times: user=0.00 sys=0.00, real=0.01 secs] 
2016-11-27T22:26:41.761+0530: 148.503: Total time for which application threads were stopped: 0.0062951 seconds, Stopping threads took: 0.0000388 seconds
2016-11-27T22:26:41.761+0530: 148.503: [CMS-concurrent-mark-start]
2016-11-27T22:26:42.026+0530: 148.768: [CMS-concurrent-mark: 0.265/0.265 secs] [Times: user=0.94 sys=0.00, real=0.27 secs] 
2016-11-27T22:26:42.026+0530: 148.768: [CMS-concurrent-preclean-start]
2016-11-27T22:26:42.029+0530: 148.772: [CMS-concurrent-preclean: 0.003/0.003 secs] [Times: user=0.00 sys=0.00, real=0.00 secs] 
2016-11-27T22:26:42.029+0530: 148.772: [CMS-concurrent-abortable-preclean-start]
2016-11-27T22:26:42.199+0530: 148.941: Total time for which application threads were stopped: 0.0001629 seconds, Stopping threads took: 0.0000281 seconds
{Heap before GC invocations=76 (full 21):
 par new generation   total 109248K, used 109179K [0x00000000e0000000, 0x00000000e8000000, 0x00000000e8000000)
  eden space 87424K,  99% used [0x00000000e0000000, 0x00000000e554ed50, 0x00000000e5560000)
  from space 21824K, 100% used [0x00000000e5560000, 0x00000000e6ab0000, 0x00000000e6ab0000)
  to   space 21824K,   0% used [0x00000000e6ab0000, 0x00000000e6ab0000, 0x00000000e8000000)
 concurrent mark-sweep generation total 393216K, used 241550K [0x00000000e8000000, 0x0000000100000000, 0x0000000100000000)
 Metaspace       used 35439K, capacity 35919K, committed 36296K, reserved 1081344K
  class space    used 4030K, capacity 4157K, committed 4296K, reserved 1048576K
2016-11-27T22:26:42.227+0530: 148.969: [GC (Allocation Failure) 2016-11-27T22:26:42.227+0530: 148.969: [ParNew
Desired survivor size 20112992 bytes, new threshold 3 (max 8)
- age   1:    9387608 bytes,    9387608 total
- age   2:    6830240 bytes,   16217848 total
- age   3:    4654048 bytes,   20871896 total
- age   4:      40360 bytes,   20912256 total
- age   5:    1076552 bytes,   21988808 total
- age   6:         96 bytes,   21988904 total
- age   8:       2448 bytes,   21991352 total
: 109179K->21824K(109248K), 0.0298965 secs] 350729K->269448K(502464K), 0.0299982 secs] [Times: user=0.12 sys=0.00, real=0.03 secs] 
Heap after GC invocations=77 (full 21):
 par new generation   total 109248K, used 21824K [0x00000000e0000000, 0x00000000e8000000, 0x00000000e8000000)
  eden space 87424K,   0% used [0x00000000e0000000, 0x00000000e0000000, 0x00000000e5560000)
  from space 21824K, 100% used [0x00000000e6ab0000, 0x00000000e8000000, 0x00000000e8000000)
  to   space 21824K,   0% used [0x00000000e5560000, 0x00000000e5560000, 0x00000000e6ab0000)
 concurrent mark-sweep generation total 393216K, used 247624K [0x00000000e8000000, 0x0000000100000000, 0x0000000100000000)
 Metaspace       used 35439K, capacity 35919K, committed 36296K, reserved 1081344K
  class space    used 4030K, capacity 4157K, committed 4296K, reserved 1048576K
}
2016-11-27T22:26:42.257+0530: 148.999: Total time for which application threads were stopped: 0.0303405 seconds, Stopping threads took: 0.0001111 seconds
2016-11-27T22:26:42.309+0530: 149.051: Total time for which application threads were stopped: 0.0001482 seconds, Stopping threads took: 0.0000446 seconds
2016-11-27T22:26:42.337+0530: 149.079: Total time for which application threads were stopped: 0.0001722 seconds, Stopping threads took: 0.0000433 seconds
2016-11-27T22:26:42.469+0530: 149.211: [CMS-concurrent-abortable-preclean: 0.407/0.439 secs] [Times: user=1.39 sys=0.05, real=0.44 secs] 
2016-11-27T22:26:42.469+0530: 149.211: [GC (CMS Final Remark) [YG occupancy: 88617 K (109248 K)]{Heap before GC invocations=77 (full 21):
 par new generation   total 109248K, used 88617K [0x00000000e0000000, 0x00000000e8000000, 0x00000000e8000000)
  eden space 87424K,  76% used [0x00000000e0000000, 0x00000000e413a440, 0x00000000e5560000)
  from space 21824K, 100% used [0x00000000e6ab0000, 0x00000000e8000000, 0x00000000e8000000)
  to   space 21824K,   0% used [0x00000000e5560000, 0x00000000e5560000, 0x00000000e6ab0000)
 concurrent mark-sweep generation total 393216K, used 247624K [0x00000000e8000000, 0x0000000100000000, 0x0000000100000000)
 Metaspace       used 35439K, capacity 35919K, committed 36296K, reserved 1081344K
  class space    used 4030K, capacity 4157K, committed 4296K, reserved 1048576K
2016-11-27T22:26:42.469+0530: 149.211: [GC (CMS Final Remark) 2016-11-27T22:26:42.469+0530: 149.211: [ParNew
Desired survivor size 20112992 bytes, new threshold 3 (max 8)
- age   1:    7516304 bytes,    7516304 total
- age   2:    8025392 bytes,   15541696 total
- age   3:    5749488 bytes,   21291184 total
: 88617K->21824K(109248K), 0.0333120 secs] 336241K->275196K(502464K), 0.0334632 secs] [Times: user=0.08 sys=0.00, real=0.03 secs] 
Heap after GC invocations=78 (full 21):
 par new generation   total 109248K, used 21824K [0x00000000e0000000, 0x00000000e8000000, 0x00000000e8000000)
  eden space 87424K,   0% used [0x00000000e0000000, 0x00000000e0000000, 0x00000000e5560000)
  from space 21824K, 100% used [0x00000000e5560000, 0x00000000e6ab0000, 0x00000000e6ab0000)
  to   space 21824K,   0% used [0x00000000e6ab0000, 0x00000000e6ab0000, 0x00000000e8000000)
 concurrent mark-sweep generation total 393216K, used 253372K [0x00000000e8000000, 0x0000000100000000, 0x0000000100000000)
 Metaspace       used 35439K, capacity 35919K, committed 36296K, reserved 1081344K
  class space    used 4030K, capacity 4157K, committed 4296K, reserved 1048576K
}
2016-11-27T22:26:42.503+0530: 149.245: [Rescan (parallel) , 0.0110234 secs]2016-11-27T22:26:42.514+0530: 149.256: [weak refs processing, 0.0005328 secs]2016-11-27T22:26:42.514+0530: 149.256: [class unloading, 0.0058435 secs]2016-11-27T22:26:42.520+0530: 149.262: [scrub symbol table, 0.0054682 secs]2016-11-27T22:26:42.526+0530: 149.268: [scrub string table, 0.0004730 secs][1 CMS-remark: 253372K(393216K)] 275196K(502464K), 0.0575024 secs] [Times: user=0.09 sys=0.00, real=0.06 secs] 
2016-11-27T22:26:42.527+0530: 149.269: Total time for which application threads were stopped: 0.0576925 seconds, Stopping threads took: 0.0000768 seconds
2016-11-27T22:26:42.527+0530: 149.269: [CMS-concurrent-sweep-start]
{Heap before GC invocations=78 (full 21):
 par new generation   total 109248K, used 109248K [0x00000000e0000000, 0x00000000e8000000, 0x00000000e8000000)
  eden space 87424K, 100% used [0x00000000e0000000, 0x00000000e5560000, 0x00000000e5560000)
  from space 21824K, 100% used [0x00000000e5560000, 0x00000000e6ab0000, 0x00000000e6ab0000)
  to   space 21824K,   0% used [0x00000000e6ab0000, 0x00000000e6ab0000, 0x00000000e8000000)
 concurrent mark-sweep generation total 393216K, used 253240K [0x00000000e8000000, 0x0000000100000000, 0x0000000100000000)
 Metaspace       used 35439K, capacity 35919K, committed 36296K, reserved 1081344K
  class space    used 4030K, capacity 4157K, committed 4296K, reserved 1048576K
2016-11-27T22:26:42.670+0530: 149.412: [GC (Allocation Failure) 2016-11-27T22:26:42.670+0530: 149.412: [ParNew
Desired survivor size 20112992 bytes, new threshold 8 (max 8)
- age   1:    3770872 bytes,    3770872 total
- age   2:    4875160 bytes,    8646032 total
- age   3:    7768168 bytes,   16414200 total
: 109248K->21824K(109248K), 0.0443523 secs] 362488K->282219K(502464K), 0.0444790 secs] [Times: user=0.13 sys=0.00, real=0.04 secs] 
Heap after GC invocations=79 (full 21):
 par new generation   total 109248K, used 21824K [0x00000000e0000000, 0x00000000e8000000, 0x00000000e8000000)
  eden space 87424K,   0% used [0x00000000e0000000, 0x00000000e0000000, 0x00000000e5560000)
  from space 21824K, 100% used [0x00000000e6ab0000, 0x00000000e8000000, 0x00000000e8000000)
  to   space 21824K,   0% used [0x00000000e5560000, 0x00000000e5560000, 0x00000000e6ab0000)
 concurrent mark-sweep generation total 393216K, used 260395K [0x00000000e8000000, 0x0000000100000000, 0x0000000100000000)
 Metaspace       used 35439K, capacity 35919K, committed 36296K, reserved 1081344K
  class space    used 4030K, capacity 4157K, committed 4296K, reserved 1048576K
}
2016-11-27T22:26:42.715+0530: 149.457: Total time for which application threads were stopped: 0.0448173 seconds, Stopping threads took: 0.0000495 seconds
2016-11-27T22:26:42.799+0530: 149.541: [CMS-concurrent-sweep: 0.227/0.272 secs] [Times: user=0.75 sys=0.03, real=0.27 secs] 
2016-11-27T22:26:42.799+0530: 149.541: [CMS-concurrent-reset-start]
2016-11-27T22:26:42.800+0530: 149.542: [CMS-concurrent-reset: 0.001/0.001 secs] [Times: user=0.00 sys=0.00, real=0.00 secs] 
2016-11-27T22:26:42.806+0530: 149.548: Total time for which application threads were stopped: 0.0000955 seconds, Stopping threads took: 0.0000232 seconds
2016-11-27T22:26:42.815+0530: 149.557: Total time for which application threads were stopped: 0.0000888 seconds, Stopping threads took: 0.0000268 seconds
2016-11-27T22:26:42.815+0530: 149.557: Total time for which application threads were stopped: 0.0000397 seconds, Stopping threads took: 0.0000071 seconds
2016-11-27T22:26:42.815+0530: 149.558: Total time for which application threads were stopped: 0.0000326 seconds, Stopping threads took: 0.0000058 seconds
2016-11-27T22:26:42.816+0530: 149.558: Total time for which application threads were stopped: 0.0000366 seconds, Stopping threads took: 0.0000058 seconds
{Heap before GC invocations=79 (full 21):
 par new generation   total 109248K, used 109248K [0x00000000e0000000, 0x00000000e8000000, 0x00000000e8000000)
  eden space 87424K, 100% used [0x00000000e0000000, 0x00000000e5560000, 0x00000000e5560000)
  from space 21824K, 100% used [0x00000000e6ab0000, 0x00000000e8000000, 0x00000000e8000000)
  to   space 21824K,   0% used [0x00000000e5560000, 0x00000000e5560000, 0x00000000e6ab0000)
 concurrent mark-sweep generation total 393216K, used 256785K [0x00000000e8000000, 0x0000000100000000, 0x0000000100000000)
 Metaspace       used 35451K, capacity 35919K, committed 36296K, reserved 1081344K
  class space    used 4030K, capacity 4157K, committed 4296K, reserved 1048576K
2016-11-27T22:26:42.931+0530: 149.674: [GC (Allocation Failure) 2016-11-27T22:26:42.931+0530: 149.674: [ParNew
Desired survivor size 20112992 bytes, new threshold 4 (max 8)
- age   1:    9133360 bytes,    9133360 total
- age   2:    2531272 bytes,   11664632 total
- age   3:    3880848 bytes,   15545480 total
- age   4:    6733080 bytes,   22278560 total
: 109248K->21824K(109248K), 0.0365494 secs] 366033K->281615K(502464K), 0.0366436 secs] [Times: user=0.09 sys=0.00, real=0.04 secs] 
Heap after GC invocations=80 (full 21):
 par new generation   total 109248K, used 21824K [0x00000000e0000000, 0x00000000e8000000, 0x00000000e8000000)
  eden space 87424K,   0% used [0x00000000e0000000, 0x00000000e0000000, 0x00000000e5560000)
  from space 21824K, 100% used [0x00000000e5560000, 0x00000000e6ab0000, 0x00000000e6ab0000)
  to   space 21824K,   0% used [0x00000000e6ab0000, 0x00000000e6ab0000, 0x00000000e8000000)
 concurrent mark-sweep generation total 393216K, used 259791K [0x00000000e8000000, 0x0000000100000000, 0x0000000100000000)
 Metaspace       used 35451K, capacity 35919K, committed 36296K, reserved 1081344K
  class space    used 4030K, capacity 4157K, committed 4296K, reserved 1048576K
}
2016-11-27T22:26:42.968+0530: 149.710: Total time for which application threads were stopped: 0.0368359 seconds, Stopping threads took: 0.0000210 seconds
2016-11-27T22:26:42.968+0530: 149.710: [GC (CMS Initial Mark) [1 CMS-initial-mark: 259791K(393216K)] 283069K(502464K), 0.0054651 secs] [Times: user=0.06 sys=0.00, real=0.01 secs] 
2016-11-27T22:26:42.974+0530: 149.716: Total time for which application threads were stopped: 0.0056306 seconds, Stopping threads took: 0.0000602 seconds
2016-11-27T22:26:42.974+0530: 149.716: [CMS-concurrent-mark-start]
2016-11-27T22:26:43.155+0530: 149.897: [CMS-concurrent-mark: 0.181/0.181 secs] [Times: user=0.69 sys=0.00, real=0.18 secs] 
2016-11-27T22:26:43.155+0530: 149.897: [CMS-concurrent-preclean-start]
2016-11-27T22:26:43.168+0530: 149.910: [CMS-concurrent-preclean: 0.012/0.013 secs] [Times: user=0.02 sys=0.00, real=0.01 secs] 
2016-11-27T22:26:43.168+0530: 149.910: [CMS-concurrent-abortable-preclean-start]
{Heap before GC invocations=80 (full 22):
 par new generation   total 109248K, used 109248K [0x00000000e0000000, 0x00000000e8000000, 0x00000000e8000000)
  eden space 87424K, 100% used [0x00000000e0000000, 0x00000000e5560000, 0x00000000e5560000)
  from space 21824K, 100% used [0x00000000e5560000, 0x00000000e6ab0000, 0x00000000e6ab0000)
  to   space 21824K,   0% used [0x00000000e6ab0000, 0x00000000e6ab0000, 0x00000000e8000000)
 concurrent mark-sweep generation total 393216K, used 259791K [0x00000000e8000000, 0x0000000100000000, 0x0000000100000000)
 Metaspace       used 35451K, capacity 35919K, committed 36296K, reserved 1081344K
  class space    used 4030K, capacity 4157K, committed 4296K, reserved 1048576K
2016-11-27T22:26:43.348+0530: 150.090: [GC (Allocation Failure) 2016-11-27T22:26:43.348+0530: 150.090: [ParNew
Desired survivor size 20112992 bytes, new threshold 4 (max 8)
- age   1:   10563544 bytes,   10563544 total
- age   2:    5403352 bytes,   15966896 total
- age   3:    1767056 bytes,   17733952 total
- age   4:    3435000 bytes,   21168952 total
: 109248K->21824K(109248K), 0.0453836 secs] 369039K->291614K(502464K), 0.0455130 secs] [Times: user=0.14 sys=0.00, real=0.05 secs] 
Heap after GC invocations=81 (full 22):
 par new generation   total 109248K, used 21824K [0x00000000e0000000, 0x00000000e8000000, 0x00000000e8000000)
  eden space 87424K,   0% used [0x00000000e0000000, 0x00000000e0000000, 0x00000000e5560000)
  from space 21824K, 100% used [0x00000000e6ab0000, 0x00000000e8000000, 0x00000000e8000000)
  to   space 21824K,   0% used [0x00000000e5560000, 0x00000000e5560000, 0x00000000e6ab0000)
 concurrent mark-sweep generation total 393216K, used 269790K [0x00000000e8000000, 0x0000000100000000, 0x0000000100000000)
 Metaspace       used 35451K, capacity 35919K, committed 36296K, reserved 1081344K
  class space    used 4030K, capacity 4157K, committed 4296K, reserved 1048576K
}
2016-11-27T22:26:43.394+0530: 150.136: Total time for which application threads were stopped: 0.0457156 seconds, Stopping threads took: 0.0000187 seconds
2016-11-27T22:26:43.603+0530: 150.345: [CMS-concurrent-abortable-preclean: 0.386/0.435 secs] [Times: user=0.92 sys=0.00, real=0.43 secs] 
2016-11-27T22:26:43.603+0530: 150.345: [GC (CMS Final Remark) [YG occupancy: 102713 K (109248 K)]{Heap before GC invocations=81 (full 22):
 par new generation   total 109248K, used 102713K [0x00000000e0000000, 0x00000000e8000000, 0x00000000e8000000)
  eden space 87424K,  92% used [0x00000000e0000000, 0x00000000e4efe590, 0x00000000e5560000)
  from space 21824K, 100% used [0x00000000e6ab0000, 0x00000000e8000000, 0x00000000e8000000)
  to   space 21824K,   0% used [0x00000000e5560000, 0x00000000e5560000, 0x00000000e6ab0000)
 concurrent mark-sweep generation total 393216K, used 269790K [0x00000000e8000000, 0x0000000100000000, 0x0000000100000000)
 Metaspace       used 35451K, capacity 35919K, committed 36296K, reserved 1081344K
  class space    used 4030K, capacity 4157K, committed 4296K, reserved 1048576K
2016-11-27T22:26:43.603+0530: 150.345: [GC (CMS Final Remark) 2016-11-27T22:26:43.603+0530: 150.345: [ParNew
Desired survivor size 20112992 bytes, new threshold 3 (max 8)
- age   1:    8748032 bytes,    8748032 total
- age   2:    7391232 bytes,   16139264 total
- age   3:    4545576 bytes,   20684840 total
- age   4:    1446192 bytes,   22131032 total
: 102713K->21824K(109248K), 0.0460730 secs] 372503K->300788K(502464K), 0.0461337 secs] [Times: user=0.19 sys=0.00, real=0.05 secs] 
Heap after GC invocations=82 (full 22):
 par new generation   total 109248K, used 21824K [0x00000000e0000000, 0x00000000e8000000, 0x00000000e8000000)
  eden space 87424K,   0% used [0x00000000e0000000, 0x00000000e0000000, 0x00000000e5560000)
  from space 21824K, 100% used [0x00000000e5560000, 0x00000000e6ab0000, 0x00000000e6ab0000)
  to   space 21824K,   0% used [0x00000000e6ab0000, 0x00000000e6ab0000, 0x00000000e8000000)
 concurrent mark-sweep generation total 393216K, used 278964K [0x00000000e8000000, 0x0000000100000000, 0x0000000100000000)
 Metaspace       used 35451K, capacity 35919K, committed 36296K, reserved 1081344K
  class space    used 4030K, capacity 4157K, committed 4296K, reserved 1048576K
}
2016-11-27T22:26:43.649+0530: 150.391: [Rescan (parallel) , 0.0172765 secs]2016-11-27T22:26:43.666+0530: 150.409: [weak refs processing, 0.0004561 secs]2016-11-27T22:26:43.667+0530: 150.409: [class unloading, 0.0054624 secs]2016-11-27T22:26:43.672+0530: 150.415: [scrub symbol table, 0.0054659 secs]2016-11-27T22:26:43.678+0530: 150.420: [scrub string table, 0.0004949 secs][1 CMS-remark: 278964K(393216K)] 300788K(502464K), 0.0759655 secs] [Times: user=0.26 sys=0.00, real=0.08 secs] 
2016-11-27T22:26:43.679+0530: 150.421: Total time for which application threads were stopped: 0.0761243 seconds, Stopping threads took: 0.0000718 seconds
2016-11-27T22:26:43.679+0530: 150.421: [CMS-concurrent-sweep-start]
{Heap before GC invocations=82 (full 22):
 par new generation   total 109248K, used 109248K [0x00000000e0000000, 0x00000000e8000000, 0x00000000e8000000)
  eden space 87424K, 100% used [0x00000000e0000000, 0x00000000e5560000, 0x00000000e5560000)
  from space 21824K, 100% used [0x00000000e5560000, 0x00000000e6ab0000, 0x00000000e6ab0000)
  to   space 21824K,   0% used [0x00000000e6ab0000, 0x00000000e6ab0000, 0x00000000e8000000)
 concurrent mark-sweep generation total 393216K, used 223084K [0x00000000e8000000, 0x0000000100000000, 0x0000000100000000)
 Metaspace       used 35451K, capacity 35919K, committed 36296K, reserved 1081344K
  class space    used 4030K, capacity 4157K, committed 4296K, reserved 1048576K
2016-11-27T22:26:43.932+0530: 150.674: [GC (Allocation Failure) 2016-11-27T22:26:43.932+0530: 150.674: [ParNew
Desired survivor size 20112992 bytes, new threshold 3 (max 8)
- age   1:   10721920 bytes,   10721920 total
- age   2:    5760424 bytes,   16482344 total
- age   3:    5851808 bytes,   22334152 total
: 109248K->21824K(109248K), 0.0832985 secs] 332332K->253828K(502464K), 0.0833944 secs] [Times: user=0.23 sys=0.00, real=0.08 secs] 
Heap after GC invocations=83 (full 22):
 par new generation   total 109248K, used 21824K [0x00000000e0000000, 0x00000000e8000000, 0x00000000e8000000)
  eden space 87424K,   0% used [0x00000000e0000000, 0x00000000e0000000, 0x00000000e5560000)
  from space 21824K, 100% used [0x00000000e6ab0000, 0x00000000e8000000, 0x00000000e8000000)
  to   space 21824K,   0% used [0x00000000e5560000, 0x00000000e5560000, 0x00000000e6ab0000)
 concurrent mark-sweep generation total 393216K, used 232004K [0x00000000e8000000, 0x0000000100000000, 0x0000000100000000)
 Metaspace       used 35451K, capacity 35919K, committed 36296K, reserved 1081344K
  class space    used 4030K, capacity 4157K, committed 4296K, reserved 1048576K
}
2016-11-27T22:26:44.015+0530: 150.757: Total time for which application threads were stopped: 0.0836291 seconds, Stopping threads took: 0.0000361 seconds
2016-11-27T22:26:44.024+0530: 150.766: [CMS-concurrent-sweep: 0.261/0.345 secs] [Times: user=0.70 sys=0.00, real=0.35 secs] 
2016-11-27T22:26:44.024+0530: 150.766: [CMS-concurrent-reset-start]
2016-11-27T22:26:44.025+0530: 150.767: [CMS-concurrent-reset: 0.001/0.001 secs] [Times: user=0.00 sys=0.00, real=0.00 secs] 
{Heap before GC invocations=83 (full 22):
 par new generation   total 109248K, used 109248K [0x00000000e0000000, 0x00000000e8000000, 0x00000000e8000000)
  eden space 87424K, 100% used [0x00000000e0000000, 0x00000000e5560000, 0x00000000e5560000)
  from space 21824K, 100% used [0x00000000e6ab0000, 0x00000000e8000000, 0x00000000e8000000)
  to   space 21824K,   0% used [0x00000000e5560000, 0x00000000e5560000, 0x00000000e6ab0000)
 concurrent mark-sweep generation total 393216K, used 224530K [0x00000000e8000000, 0x0000000100000000, 0x0000000100000000)
 Metaspace       used 35451K, capacity 35919K, committed 36296K, reserved 1081344K
  class space    used 4030K, capacity 4157K, committed 4296K, reserved 1048576K
2016-11-27T22:26:44.201+0530: 150.943: [GC (Allocation Failure) 2016-11-27T22:26:44.201+0530: 150.943: [ParNew
Desired survivor size 20112992 bytes, new threshold 8 (max 8)
- age   1:    9695200 bytes,    9695200 total
- age   2:    5422216 bytes,   15117416 total
- age   3:    4136000 bytes,   19253416 total
: 109248K->21824K(109248K), 0.1369838 secs] 333778K->257168K(502464K), 0.1370663 secs] [Times: user=0.20 sys=0.00, real=0.14 secs] 
Heap after GC invocations=84 (full 22):
 par new generation   total 109248K, used 21824K [0x00000000e0000000, 0x00000000e8000000, 0x00000000e8000000)
  eden space 87424K,   0% used [0x00000000e0000000, 0x00000000e0000000, 0x00000000e5560000)
  from space 21824K, 100% used [0x00000000e5560000, 0x00000000e6ab0000, 0x00000000e6ab0000)
  to   space 21824K,   0% used [0x00000000e6ab0000, 0x00000000e6ab0000, 0x00000000e8000000)
 concurrent mark-sweep generation total 393216K, used 235344K [0x00000000e8000000, 0x0000000100000000, 0x0000000100000000)
 Metaspace       used 35451K, capacity 35919K, committed 36296K, reserved 1081344K
  class space    used 4030K, capacity 4157K, committed 4296K, reserved 1048576K
}
2016-11-27T22:26:44.338+0530: 151.080: Total time for which application threads were stopped: 0.1372832 seconds, Stopping threads took: 0.0000228 seconds
2016-11-27T22:26:44.338+0530: 151.081: [GC (CMS Initial Mark) [1 CMS-initial-mark: 235344K(393216K)] 258858K(502464K), 0.0095030 secs] [Times: user=0.03 sys=0.00, real=0.01 secs] 
2016-11-27T22:26:44.348+0530: 151.090: Total time for which application threads were stopped: 0.0096726 seconds, Stopping threads took: 0.0000388 seconds
2016-11-27T22:26:44.348+0530: 151.090: [CMS-concurrent-mark-start]
2016-11-27T22:26:44.641+0530: 151.383: [CMS-concurrent-mark: 0.292/0.292 secs] [Times: user=0.83 sys=0.00, real=0.29 secs] 
2016-11-27T22:26:44.641+0530: 151.383: [CMS-concurrent-preclean-start]
2016-11-27T22:26:44.652+0530: 151.395: [CMS-concurrent-preclean: 0.011/0.012 secs] [Times: user=0.00 sys=0.00, real=0.01 secs] 
2016-11-27T22:26:44.652+0530: 151.395: [CMS-concurrent-abortable-preclean-start]
2016-11-27T22:26:44.807+0530: 151.549: Total time for which application threads were stopped: 0.0000919 seconds, Stopping threads took: 0.0000214 seconds
2016-11-27T22:26:45.817+0530: 152.559: Total time for which application threads were stopped: 0.0001174 seconds, Stopping threads took: 0.0000286 seconds
2016-11-27T22:26:47.817+0530: 154.559: Total time for which application threads were stopped: 0.0001053 seconds, Stopping threads took: 0.0000272 seconds
2016-11-27T22:26:48.818+0530: 155.559: Total time for which application threads were stopped: 0.0000924 seconds, Stopping threads took: 0.0000214 seconds
2016-11-27T22:26:49.818+0530: 156.559: Total time for which application threads were stopped: 0.0001120 seconds, Stopping threads took: 0.0000286 seconds
2016-11-27T22:26:50.414+0530: 157.156: Total time for which application threads were stopped: 0.0001111 seconds, Stopping threads took: 0.0000460 seconds
 CMS: abort preclean due to time 2016-11-27T22:26:50.821+0530: 157.562: [CMS-concurrent-abortable-preclean: 3.611/6.167 secs] [Times: user=3.73 sys=0.00, real=6.17 secs] 
2016-11-27T22:26:50.821+0530: 157.562: [GC (CMS Final Remark) [YG occupancy: 79831 K (109248 K)]{Heap before GC invocations=84 (full 23):
 par new generation   total 109248K, used 79831K [0x00000000e0000000, 0x00000000e8000000, 0x00000000e8000000)
  eden space 87424K,  66% used [0x00000000e0000000, 0x00000000e38a5da0, 0x00000000e5560000)
  from space 21824K, 100% used [0x00000000e5560000, 0x00000000e6ab0000, 0x00000000e6ab0000)
  to   space 21824K,   0% used [0x00000000e6ab0000, 0x00000000e6ab0000, 0x00000000e8000000)
 concurrent mark-sweep generation total 393216K, used 235344K [0x00000000e8000000, 0x0000000100000000, 0x0000000100000000)
 Metaspace       used 35459K, capacity 35919K, committed 36296K, reserved 1081344K
  class space    used 4030K, capacity 4157K, committed 4296K, reserved 1048576K
2016-11-27T22:26:50.821+0530: 157.562: [GC (CMS Final Remark) 2016-11-27T22:26:50.821+0530: 157.562: [ParNew
Desired survivor size 20112992 bytes, new threshold 4 (max 8)
- age   1:    8299136 bytes,    8299136 total
- age   2:    4803120 bytes,   13102256 total
- age   3:    4698392 bytes,   17800648 total
- age   4:    3610928 bytes,   21411576 total
: 79831K->21824K(109248K), 0.0441872 secs] 315175K->262102K(502464K), 0.0442510 secs] [Times: user=0.11 sys=0.00, real=0.04 secs] 
Heap after GC invocations=85 (full 23):
 par new generation   total 109248K, used 21824K [0x00000000e0000000, 0x00000000e8000000, 0x00000000e8000000)
  eden space 87424K,   0% used [0x00000000e0000000, 0x00000000e0000000, 0x00000000e5560000)
  from space 21824K, 100% used [0x00000000e6ab0000, 0x00000000e8000000, 0x00000000e8000000)
  to   space 21824K,   0% used [0x00000000e5560000, 0x00000000e5560000, 0x00000000e6ab0000)
 concurrent mark-sweep generation total 393216K, used 240278K [0x00000000e8000000, 0x0000000100000000, 0x0000000100000000)
 Metaspace       used 35459K, capacity 35919K, committed 36296K, reserved 1081344K
  class space    used 4030K, capacity 4157K, committed 4296K, reserved 1048576K
}
2016-11-27T22:26:50.865+0530: 157.606: [Rescan (parallel) , 0.0184349 secs]2016-11-27T22:26:50.884+0530: 157.625: [weak refs processing, 0.0015386 secs]2016-11-27T22:26:50.885+0530: 157.627: [class unloading, 0.0067217 secs]2016-11-27T22:26:50.892+0530: 157.633: [scrub symbol table, 0.0089319 secs]2016-11-27T22:26:50.901+0530: 157.642: [scrub string table, 0.0006872 secs][1 CMS-remark: 240278K(393216K)] 262102K(502464K), 0.0814194 secs] [Times: user=0.16 sys=0.00, real=0.08 secs] 
2016-11-27T22:26:50.902+0530: 157.644: Total time for which application threads were stopped: 0.0815474 seconds, Stopping threads took: 0.0000201 seconds
2016-11-27T22:26:50.902+0530: 157.644: [CMS-concurrent-sweep-start]
2016-11-27T22:26:51.033+0530: 157.774: [CMS-concurrent-sweep: 0.131/0.131 secs] [Times: user=0.12 sys=0.00, real=0.13 secs] 
2016-11-27T22:26:51.033+0530: 157.774: [CMS-concurrent-reset-start]
2016-11-27T22:26:51.034+0530: 157.775: [CMS-concurrent-reset: 0.001/0.001 secs] [Times: user=0.02 sys=0.00, real=0.00 secs] 
2016-11-27T22:26:53.034+0530: 159.775: [GC (CMS Initial Mark) [1 CMS-initial-mark: 232767K(393216K)] 257518K(502464K), 0.0125459 secs] [Times: user=0.00 sys=0.00, real=0.01 secs] 
2016-11-27T22:26:53.046+0530: 159.788: Total time for which application threads were stopped: 0.0127021 seconds, Stopping threads took: 0.0000228 seconds
2016-11-27T22:26:53.046+0530: 159.788: [CMS-concurrent-mark-start]
2016-11-27T22:26:53.148+0530: 159.889: [CMS-concurrent-mark: 0.102/0.102 secs] [Times: user=0.22 sys=0.00, real=0.10 secs] 
2016-11-27T22:26:53.148+0530: 159.889: [CMS-concurrent-preclean-start]
2016-11-27T22:26:53.150+0530: 159.891: [CMS-concurrent-preclean: 0.002/0.002 secs] [Times: user=0.00 sys=0.00, real=0.00 secs] 
2016-11-27T22:26:53.150+0530: 159.891: [CMS-concurrent-abortable-preclean-start]
2016-11-27T22:26:54.068+0530: 160.809: Total time for which application threads were stopped: 0.0000884 seconds, Stopping threads took: 0.0000245 seconds
2016-11-27T22:26:55.068+0530: 161.809: Total time for which application threads were stopped: 0.0001062 seconds, Stopping threads took: 0.0000286 seconds
2016-11-27T22:26:56.068+0530: 162.809: Total time for which application threads were stopped: 0.0001455 seconds, Stopping threads took: 0.0000652 seconds
2016-11-27T22:26:56.239+0530: 162.981: Total time for which application threads were stopped: 0.0001446 seconds, Stopping threads took: 0.0000348 seconds
2016-11-27T22:26:56.485+0530: 163.226: Total time for which application threads were stopped: 0.0001459 seconds, Stopping threads took: 0.0000286 seconds
2016-11-27T22:26:56.485+0530: 163.226: Total time for which application threads were stopped: 0.0000683 seconds, Stopping threads took: 0.0000112 seconds
{Heap before GC invocations=85 (full 24):
 par new generation   total 109248K, used 109248K [0x00000000e0000000, 0x00000000e8000000, 0x00000000e8000000)
  eden space 87424K, 100% used [0x00000000e0000000, 0x00000000e5560000, 0x00000000e5560000)
  from space 21824K, 100% used [0x00000000e6ab0000, 0x00000000e8000000, 0x00000000e8000000)
  to   space 21824K,   0% used [0x00000000e5560000, 0x00000000e5560000, 0x00000000e6ab0000)
 concurrent mark-sweep generation total 393216K, used 232767K [0x00000000e8000000, 0x0000000100000000, 0x0000000100000000)
 Metaspace       used 35480K, capacity 35919K, committed 36296K, reserved 1081344K
  class space    used 4031K, capacity 4157K, committed 4296K, reserved 1048576K
2016-11-27T22:26:56.870+0530: 163.612: [GC (Allocation Failure) 2016-11-27T22:26:56.871+0530: 163.612: [ParNew
Desired survivor size 20112992 bytes, new threshold 8 (max 8)
- age   1:     684072 bytes,     684072 total
- age   2:    8071528 bytes,    8755600 total
- age   3:    4402464 bytes,   13158064 total
- age   4:    4556920 bytes,   17714984 total
: 109248K->21824K(109248K), 0.0267621 secs] 342015K->258084K(502464K), 0.0268411 secs] [Times: user=0.05 sys=0.00, real=0.03 secs] 
Heap after GC invocations=86 (full 24):
 par new generation   total 109248K, used 21824K [0x00000000e0000000, 0x00000000e8000000, 0x00000000e8000000)
  eden space 87424K,   0% used [0x00000000e0000000, 0x00000000e0000000, 0x00000000e5560000)
  from space 21824K, 100% used [0x00000000e5560000, 0x00000000e6ab0000, 0x00000000e6ab0000)
  to   space 21824K,   0% used [0x00000000e6ab0000, 0x00000000e6ab0000, 0x00000000e8000000)
 concurrent mark-sweep generation total 393216K, used 236260K [0x00000000e8000000, 0x0000000100000000, 0x0000000100000000)
 Metaspace       used 35480K, capacity 35919K, committed 36296K, reserved 1081344K
  class space    used 4031K, capacity 4157K, committed 4296K, reserved 1048576K
}
2016-11-27T22:26:56.897+0530: 163.639: Total time for which application threads were stopped: 0.0270308 seconds, Stopping threads took: 0.0000205 seconds
2016-11-27T22:26:57.053+0530: 163.795: [CMS-concurrent-abortable-preclean: 2.339/3.904 secs] [Times: user=3.57 sys=0.13, real=3.90 secs] 
2016-11-27T22:26:57.054+0530: 163.796: [GC (CMS Final Remark) [YG occupancy: 106264 K (109248 K)]{Heap before GC invocations=86 (full 24):
 par new generation   total 109248K, used 106264K [0x00000000e0000000, 0x00000000e8000000, 0x00000000e8000000)
  eden space 87424K,  96% used [0x00000000e0000000, 0x00000000e5276160, 0x00000000e5560000)
  from space 21824K, 100% used [0x00000000e5560000, 0x00000000e6ab0000, 0x00000000e6ab0000)
  to   space 21824K,   0% used [0x00000000e6ab0000, 0x00000000e6ab0000, 0x00000000e8000000)
 concurrent mark-sweep generation total 393216K, used 236260K [0x00000000e8000000, 0x0000000100000000, 0x0000000100000000)
 Metaspace       used 35481K, capacity 35919K, committed 36296K, reserved 1081344K
  class space    used 4031K, capacity 4157K, committed 4296K, reserved 1048576K
2016-11-27T22:26:57.054+0530: 163.796: [GC (CMS Final Remark) 2016-11-27T22:26:57.054+0530: 163.796: [ParNew
Desired survivor size 20112992 bytes, new threshold 8 (max 8)
- age   1:     163232 bytes,     163232 total
- age   2:     572040 bytes,     735272 total
- age   3:    7419376 bytes,    8154648 total
- age   4:    4011840 bytes,   12166488 total
- age   5:    4357192 bytes,   16523680 total
: 106264K->21824K(109248K), 0.0269616 secs] 342525K->258084K(502464K), 0.0270406 secs] [Times: user=0.08 sys=0.00, real=0.03 secs] 
Heap after GC invocations=87 (full 24):
 par new generation   total 109248K, used 21824K [0x00000000e0000000, 0x00000000e8000000, 0x00000000e8000000)
  eden space 87424K,   0% used [0x00000000e0000000, 0x00000000e0000000, 0x00000000e5560000)
  from space 21824K, 100% used [0x00000000e6ab0000, 0x00000000e8000000, 0x00000000e8000000)
  to   space 21824K,   0% used [0x00000000e5560000, 0x00000000e5560000, 0x00000000e6ab0000)
 concurrent mark-sweep generation total 393216K, used 236260K [0x00000000e8000000, 0x0000000100000000, 0x0000000100000000)
 Metaspace       used 35481K, capacity 35919K, committed 36296K, reserved 1081344K
  class space    used 4031K, capacity 4157K, committed 4296K, reserved 1048576K
}
2016-11-27T22:26:57.081+0530: 163.823: [Rescan (parallel) , 0.0105339 secs]2016-11-27T22:26:57.092+0530: 163.833: [weak refs processing, 0.0003574 secs]2016-11-27T22:26:57.092+0530: 163.834: [class unloading, 0.0084169 secs]2016-11-27T22:26:57.101+0530: 163.842: [scrub symbol table, 0.0105093 secs]2016-11-27T22:26:57.111+0530: 163.853: [scrub string table, 0.0008711 secs][1 CMS-remark: 236260K(393216K)] 258084K(502464K), 0.0585364 secs] [Times: user=0.16 sys=0.00, real=0.06 secs] 
2016-11-27T22:26:57.113+0530: 163.854: Total time for which application threads were stopped: 0.0589009 seconds, Stopping threads took: 0.0002378 seconds
2016-11-27T22:26:57.113+0530: 163.854: [CMS-concurrent-sweep-start]
2016-11-27T22:26:57.618+0530: 164.360: Total time for which application threads were stopped: 0.0001249 seconds, Stopping threads took: 0.0000272 seconds
2016-11-27T22:26:57.622+0530: 164.363: Total time for which application threads were stopped: 0.0001258 seconds, Stopping threads took: 0.0000254 seconds
2016-11-27T22:26:57.623+0530: 164.364: Total time for which application threads were stopped: 0.0001071 seconds, Stopping threads took: 0.0000192 seconds
2016-11-27T22:26:57.623+0530: 164.365: Total time for which application threads were stopped: 0.0001013 seconds, Stopping threads took: 0.0000170 seconds
2016-11-27T22:26:57.630+0530: 164.372: [CMS-concurrent-sweep: 0.517/0.517 secs] [Times: user=0.64 sys=0.13, real=0.52 secs] 
2016-11-27T22:26:57.630+0530: 164.372: [CMS-concurrent-reset-start]
2016-11-27T22:26:57.632+0530: 164.373: [CMS-concurrent-reset: 0.002/0.002 secs] [Times: user=0.00 sys=0.00, real=0.00 secs] 
2016-11-27T22:26:58.623+0530: 165.364: Total time for which application threads were stopped: 0.0002262 seconds, Stopping threads took: 0.0000509 seconds
2016-11-27T22:26:58.937+0530: 165.679: Total time for which application threads were stopped: 0.0001049 seconds, Stopping threads took: 0.0000228 seconds
2016-11-27T22:26:58.940+0530: 165.682: Total time for which application threads were stopped: 0.0000928 seconds, Stopping threads took: 0.0000232 seconds
2016-11-27T22:26:58.954+0530: 165.696: Total time for which application threads were stopped: 0.0001299 seconds, Stopping threads took: 0.0000241 seconds
2016-11-27T22:26:58.955+0530: 165.696: Total time for which application threads were stopped: 0.0001026 seconds, Stopping threads took: 0.0000272 seconds
2016-11-27T22:26:58.955+0530: 165.697: Total time for which application threads were stopped: 0.0000683 seconds, Stopping threads took: 0.0000129 seconds
2016-11-27T22:26:59.469+0530: 166.211: Total time for which application threads were stopped: 0.0000741 seconds, Stopping threads took: 0.0000178 seconds
2016-11-27T22:26:59.469+0530: 166.211: Total time for which application threads were stopped: 0.0000460 seconds, Stopping threads took: 0.0000103 seconds
2016-11-27T22:26:59.469+0530: 166.211: Total time for which application threads were stopped: 0.0000317 seconds, Stopping threads took: 0.0000058 seconds
2016-11-27T22:26:59.469+0530: 166.211: Total time for which application threads were stopped: 0.0000290 seconds, Stopping threads took: 0.0000058 seconds
2016-11-27T22:26:59.469+0530: 166.211: Total time for which application threads were stopped: 0.0000290 seconds, Stopping threads took: 0.0000058 seconds
2016-11-27T22:26:59.469+0530: 166.211: Total time for which application threads were stopped: 0.0000281 seconds, Stopping threads took: 0.0000054 seconds
2016-11-27T22:26:59.470+0530: 166.212: Total time for which application threads were stopped: 0.0000602 seconds, Stopping threads took: 0.0000170 seconds
2016-11-27T22:26:59.470+0530: 166.212: Total time for which application threads were stopped: 0.0000326 seconds, Stopping threads took: 0.0000067 seconds
2016-11-27T22:26:59.470+0530: 166.212: Total time for which application threads were stopped: 0.0000317 seconds, Stopping threads took: 0.0000067 seconds
2016-11-27T22:26:59.470+0530: 166.212: Total time for which application threads were stopped: 0.0000317 seconds, Stopping threads took: 0.0000062 seconds
2016-11-27T22:26:59.470+0530: 166.212: Total time for which application threads were stopped: 0.0000317 seconds, Stopping threads took: 0.0000067 seconds
2016-11-27T22:26:59.470+0530: 166.212: Total time for which application threads were stopped: 0.0000397 seconds, Stopping threads took: 0.0000138 seconds
2016-11-27T22:26:59.471+0530: 166.212: Total time for which application threads were stopped: 0.0001397 seconds, Stopping threads took: 0.0000201 seconds
2016-11-27T22:26:59.478+0530: 166.220: Total time for which application threads were stopped: 0.0000915 seconds, Stopping threads took: 0.0000250 seconds
2016-11-27T22:26:59.482+0530: 166.224: Total time for which application threads were stopped: 0.0001116 seconds, Stopping threads took: 0.0000237 seconds
2016-11-27T22:26:59.484+0530: 166.225: Total time for which application threads were stopped: 0.0001008 seconds, Stopping threads took: 0.0000237 seconds
2016-11-27T22:26:59.489+0530: 166.230: Total time for which application threads were stopped: 0.0001044 seconds, Stopping threads took: 0.0000232 seconds
2016-11-27T22:26:59.497+0530: 166.238: Total time for which application threads were stopped: 0.0001629 seconds, Stopping threads took: 0.0000723 seconds
2016-11-27T22:27:00.497+0530: 167.238: Total time for which application threads were stopped: 0.0001950 seconds, Stopping threads took: 0.0000446 seconds
2016-11-27T22:27:02.399+0530: 169.140: Total time for which application threads were stopped: 0.0001183 seconds, Stopping threads took: 0.0000375 seconds
2016-11-27T22:27:06.400+0530: 173.140: Total time for which application threads were stopped: 0.0001049 seconds, Stopping threads took: 0.0000232 seconds
2016-11-27T22:28:36.470+0530: 263.208: Total time for which application threads were stopped: 0.0001169 seconds, Stopping threads took: 0.0000384 seconds
2016-11-27T22:29:13.515+0530: 300.252: Total time for which application threads were stopped: 0.0001000 seconds, Stopping threads took: 0.0000290 seconds
2016-11-27T22:32:08.598+0530: 475.331: Total time for which application threads were stopped: 0.0001736 seconds, Stopping threads took: 0.0000411 seconds
2016-11-27T22:32:54.616+0530: 521.348: Total time for which application threads were stopped: 0.0161033 seconds, Stopping threads took: 0.0159766 seconds
2016-11-27T22:32:55.407+0530: 522.139: Total time for which application threads were stopped: 0.0001116 seconds, Stopping threads took: 0.0000643 seconds
2016-11-27T22:32:55.463+0530: 522.195: Total time for which application threads were stopped: 0.0001080 seconds, Stopping threads took: 0.0000254 seconds
2016-11-27T22:32:56.463+0530: 523.194: Total time for which application threads were stopped: 0.0001017 seconds, Stopping threads took: 0.0000245 seconds
2016-11-27T22:33:14.788+0530: 541.520: Total time for which application threads were stopped: 0.0001361 seconds, Stopping threads took: 0.0000312 seconds
2016-11-27T22:33:14.789+0530: 541.520: Total time for which application threads were stopped: 0.0000727 seconds, Stopping threads took: 0.0000187 seconds
2016-11-27T22:33:14.789+0530: 541.520: Total time for which application threads were stopped: 0.0000464 seconds, Stopping threads took: 0.0000129 seconds
2016-11-27T22:33:14.789+0530: 541.520: Total time for which application threads were stopped: 0.0000580 seconds, Stopping threads took: 0.0000192 seconds
2016-11-27T22:33:43.728+0530: 570.459: Total time for which application threads were stopped: 0.0001058 seconds, Stopping threads took: 0.0000277 seconds
2016-11-27T22:33:43.728+0530: 570.460: Total time for which application threads were stopped: 0.0000897 seconds, Stopping threads took: 0.0000228 seconds
2016-11-27T22:33:43.728+0530: 570.460: Total time for which application threads were stopped: 0.0000473 seconds, Stopping threads took: 0.0000107 seconds
2016-11-27T22:33:43.729+0530: 570.460: Total time for which application threads were stopped: 0.0000544 seconds, Stopping threads took: 0.0000094 seconds
2016-11-27T22:33:43.732+0530: 570.463: Total time for which application threads were stopped: 0.0000959 seconds, Stopping threads took: 0.0000263 seconds
2016-11-27T22:34:34.735+0530: 621.464: Total time for which application threads were stopped: 0.0000701 seconds, Stopping threads took: 0.0000196 seconds
2016-11-27T22:34:43.566+0530: 630.295: Total time for which application threads were stopped: 0.0001008 seconds, Stopping threads took: 0.0000219 seconds
2016-11-27T22:34:43.566+0530: 630.295: Total time for which application threads were stopped: 0.0000571 seconds, Stopping threads took: 0.0000107 seconds
2016-11-27T22:34:43.566+0530: 630.295: Total time for which application threads were stopped: 0.0000513 seconds, Stopping threads took: 0.0000094 seconds
2016-11-27T22:34:43.567+0530: 630.296: Total time for which application threads were stopped: 0.0000919 seconds, Stopping threads took: 0.0000268 seconds
2016-11-27T22:34:43.570+0530: 630.299: Total time for which application threads were stopped: 0.0000839 seconds, Stopping threads took: 0.0000187 seconds
2016-11-27T22:34:43.570+0530: 630.299: Total time for which application threads were stopped: 0.0000723 seconds, Stopping threads took: 0.0000156 seconds
2016-11-27T22:34:43.570+0530: 630.299: Total time for which application threads were stopped: 0.0000625 seconds, Stopping threads took: 0.0000129 seconds
2016-11-27T22:34:43.571+0530: 630.300: Total time for which application threads were stopped: 0.0000647 seconds, Stopping threads took: 0.0000129 seconds
2016-11-27T22:34:43.573+0530: 630.302: Total time for which application threads were stopped: 0.0001044 seconds, Stopping threads took: 0.0000277 seconds
2016-11-27T22:34:44.573+0530: 631.302: Total time for which application threads were stopped: 0.0261334 seconds, Stopping threads took: 0.0000210 seconds
2016-11-27T22:34:53.599+0530: 640.328: Total time for which application threads were stopped: 0.0002338 seconds, Stopping threads took: 0.0000585 seconds
2016-11-27T22:36:10.643+0530: 717.369: Total time for which application threads were stopped: 0.0001856 seconds, Stopping threads took: 0.0000281 seconds
2016-11-27T22:36:44.646+0530: 751.372: Total time for which application threads were stopped: 0.0001780 seconds, Stopping threads took: 0.0000361 seconds
2016-11-27T22:36:58.648+0530: 765.374: Total time for which application threads were stopped: 0.0002200 seconds, Stopping threads took: 0.0000268 seconds
2016-11-27T22:36:59.648+0530: 766.374: Total time for which application threads were stopped: 0.0001615 seconds, Stopping threads took: 0.0000419 seconds
2016-11-27T22:37:20.650+0530: 787.375: Total time for which application threads were stopped: 0.0001067 seconds, Stopping threads took: 0.0000290 seconds
2016-11-27T22:38:20.130+0530: 846.853: Total time for which application threads were stopped: 0.0003775 seconds, Stopping threads took: 0.0001004 seconds
2016-11-27T22:38:21.130+0530: 847.853: Total time for which application threads were stopped: 0.0000754 seconds, Stopping threads took: 0.0000196 seconds
2016-11-27T22:38:41.131+0530: 867.854: Total time for which application threads were stopped: 0.0001000 seconds, Stopping threads took: 0.0000241 seconds
2016-11-27T22:38:48.284+0530: 875.007: Total time for which application threads were stopped: 0.0001089 seconds, Stopping threads took: 0.0000272 seconds
2016-11-27T22:38:48.284+0530: 875.007: Total time for which application threads were stopped: 0.0000843 seconds, Stopping threads took: 0.0000214 seconds
2016-11-27T22:38:48.285+0530: 875.007: Total time for which application threads were stopped: 0.0000710 seconds, Stopping threads took: 0.0000143 seconds
2016-11-27T22:38:48.285+0530: 875.008: Total time for which application threads were stopped: 0.0000607 seconds, Stopping threads took: 0.0000116 seconds
2016-11-27T22:38:48.285+0530: 875.008: Total time for which application threads were stopped: 0.0000660 seconds, Stopping threads took: 0.0000170 seconds
2016-11-27T22:38:48.286+0530: 875.009: Total time for which application threads were stopped: 0.0001125 seconds, Stopping threads took: 0.0000317 seconds
2016-11-27T22:38:48.286+0530: 875.009: Total time for which application threads were stopped: 0.0002227 seconds, Stopping threads took: 0.0000290 seconds
2016-11-27T22:38:48.451+0530: 875.173: Total time for which application threads were stopped: 0.0001330 seconds, Stopping threads took: 0.0000402 seconds
2016-11-27T22:38:48.451+0530: 875.174: Total time for which application threads were stopped: 0.0000625 seconds, Stopping threads took: 0.0000187 seconds
2016-11-27T22:38:48.451+0530: 875.174: Total time for which application threads were stopped: 0.0000544 seconds, Stopping threads took: 0.0000245 seconds
2016-11-27T22:38:48.451+0530: 875.174: Total time for which application threads were stopped: 0.0000486 seconds, Stopping threads took: 0.0000080 seconds
2016-11-27T22:38:48.451+0530: 875.174: Total time for which application threads were stopped: 0.0000509 seconds, Stopping threads took: 0.0000089 seconds
2016-11-27T22:38:48.451+0530: 875.174: Total time for which application threads were stopped: 0.0000518 seconds, Stopping threads took: 0.0000085 seconds
2016-11-27T22:38:48.451+0530: 875.174: Total time for which application threads were stopped: 0.0000518 seconds, Stopping threads took: 0.0000085 seconds
2016-11-27T22:38:49.451+0530: 876.173: Total time for which application threads were stopped: 0.0001236 seconds, Stopping threads took: 0.0000317 seconds
2016-11-27T22:38:50.451+0530: 877.173: Total time for which application threads were stopped: 0.0000946 seconds, Stopping threads took: 0.0000241 seconds
2016-11-27T22:39:16.452+0530: 903.174: Total time for which application threads were stopped: 0.0001232 seconds, Stopping threads took: 0.0000241 seconds
2016-11-27T22:39:20.454+0530: 907.175: Total time for which application threads were stopped: 0.0002383 seconds, Stopping threads took: 0.0000286 seconds
2016-11-27T22:39:23.454+0530: 910.175: Total time for which application threads were stopped: 0.0001053 seconds, Stopping threads took: 0.0000245 seconds
2016-11-27T22:39:37.470+0530: 924.192: Total time for which application threads were stopped: 0.0002044 seconds, Stopping threads took: 0.0000469 seconds
2016-11-27T22:40:05.897+0530: 952.619: Total time for which application threads were stopped: 0.0001053 seconds, Stopping threads took: 0.0000268 seconds
2016-11-27T22:40:05.898+0530: 952.619: Total time for which application threads were stopped: 0.0001892 seconds, Stopping threads took: 0.0000134 seconds
2016-11-27T22:40:44.903+0530: 991.623: Total time for which application threads were stopped: 0.0000772 seconds, Stopping threads took: 0.0000214 seconds
2016-11-27T22:41:04.437+0530: 1011.156: Total time for which application threads were stopped: 0.0001294 seconds, Stopping threads took: 0.0000295 seconds
2016-11-27T22:41:04.437+0530: 1011.157: Total time for which application threads were stopped: 0.0000602 seconds, Stopping threads took: 0.0000129 seconds
2016-11-27T22:42:12.444+0530: 1079.162: Total time for which application threads were stopped: 0.0000991 seconds, Stopping threads took: 0.0000237 seconds
2016-11-27T22:42:33.446+0530: 1100.162: Total time for which application threads were stopped: 0.0001227 seconds, Stopping threads took: 0.0000357 seconds
2016-11-27T22:43:26.449+0530: 1153.164: Total time for which application threads were stopped: 0.0000826 seconds, Stopping threads took: 0.0000223 seconds
2016-11-27T22:43:33.449+0530: 1160.164: Total time for which application threads were stopped: 0.0000982 seconds, Stopping threads took: 0.0000250 seconds
2016-11-27T22:43:48.682+0530: 1175.397: Total time for which application threads were stopped: 0.0002561 seconds, Stopping threads took: 0.0000286 seconds
2016-11-27T22:52:17.782+0530: 1684.483: Total time for which application threads were stopped: 0.0001977 seconds, Stopping threads took: 0.0001049 seconds
2016-11-27T22:53:17.787+0530: 1744.487: Total time for which application threads were stopped: 0.0001004 seconds, Stopping threads took: 0.0000290 seconds
2016-11-27T23:00:03.813+0530: 2150.503: Total time for which application threads were stopped: 0.0001343 seconds, Stopping threads took: 0.0000357 seconds
2016-11-27T23:15:17.890+0530: 3064.560: Total time for which application threads were stopped: 0.0001446 seconds, Stopping threads took: 0.0000321 seconds
2016-11-27T23:17:33.898+0530: 3200.565: Total time for which application threads were stopped: 0.0001571 seconds, Stopping threads took: 0.0000406 seconds
2016-11-27T23:25:45.940+0530: 3692.596: Total time for which application threads were stopped: 0.0002624 seconds, Stopping threads took: 0.0001040 seconds
2016-11-27T23:40:42.519+0530: 4589.239: Total time for which application threads were stopped: 0.0001459 seconds, Stopping threads took: 0.0000437 seconds
2016-11-27T23:42:12.526+0530: 4679.243: Total time for which application threads were stopped: 0.0001580 seconds, Stopping threads took: 0.0000406 seconds
2016-11-27T23:44:17.541+0530: 4804.253: Total time for which application threads were stopped: 0.0002093 seconds, Stopping threads took: 0.0000504 seconds
2016-11-27T23:45:42.546+0530: 4889.257: Total time for which application threads were stopped: 0.0005600 seconds, Stopping threads took: 0.0000415 seconds
2016-11-28T11:47:25.907+0530: 48179.611: Total time for which application threads were stopped: 0.0024275 seconds, Stopping threads took: 0.0004070 seconds
2016-11-28T11:48:56.040+0530: 48269.736: Total time for which application threads were stopped: 0.0001731 seconds, Stopping threads took: 0.0000477 seconds
2016-11-28T11:57:25.348+0530: 48779.009: Total time for which application threads were stopped: 0.0001040 seconds, Stopping threads took: 0.0000295 seconds
2016-11-28T11:59:25.536+0530: 48899.1