Java HotSpot(TM) 64-Bit Server VM (25.65-b01) for windows-amd64 JRE (1.8.0_65-b17), built on Oct  6 2015 16:39:20 by "java_re" with MS VC++ 10.0 (VS2010)
Memory: 4k page, physical 8274400k(1089792k free), swap 16854140k(5101896k free)
CommandLine flags: -XX:CMSInitiatingOccupancyFraction=50 -XX:CMSMaxAbortablePrecleanTime=6000 -XX:+CMSParallelRemarkEnabled -XX:+CMSScavengeBeforeRemark -XX:ConcGCThreads=4 -XX:GCLogFileSize=20971520 -XX:InitialHeapSize=536870912 -XX:MaxHeapSize=536870912 -XX:MaxTenuringThreshold=8 -XX:NewRatio=3 -XX:NumberOfGCLogFiles=9 -XX:OldPLABSize=16 -XX:-OmitStackTraceInFastThrow -XX:ParallelGCThreads=4 -XX:+ParallelRefProcEnabled -XX:PretenureSizeThreshold=67108864 -XX:+PrintGC -XX:+PrintGCApplicationStoppedTime -XX:+PrintGCDateStamps -XX:+PrintGCDetails -XX:+PrintGCTimeStamps -XX:+PrintHeapAtGC -XX:+PrintTenuringDistribution -XX:SurvivorRatio=4 -XX:TargetSurvivorRatio=90 -XX:ThreadStackSize=256 -XX:+UseCMSInitiatingOccupancyOnly -XX:+UseCompressedClassPointers -XX:+UseCompressedOops -XX:+UseConcMarkSweepGC -XX:+UseGCLogFileRotation -XX:-UseLargePagesIndividualAllocation -XX:+UseParNewGC 
2016-12-13T13:17:45.872+0530: 0.270: Total time for which application threads were stopped: 0.0006578 seconds, Stopping threads took: 0.0000192 seconds
2016-12-13T13:17:46.109+0530: 0.506: Total time for which application threads were stopped: 0.0002013 seconds, Stopping threads took: 0.0000312 seconds
2016-12-13T13:17:46.969+0530: 1.366: Total time for which application threads were stopped: 0.0002236 seconds, Stopping threads took: 0.0000281 seconds
2016-12-13T13:17:46.974+0530: 1.371: Total time for which application threads were stopped: 0.0001598 seconds, Stopping threads took: 0.0000232 seconds
2016-12-13T13:17:47.170+0530: 1.567: Total time for which application threads were stopped: 0.0001606 seconds, Stopping threads took: 0.0000183 seconds
2016-12-13T13:17:48.170+0530: 2.567: Total time for which application threads were stopped: 0.0001000 seconds, Stopping threads took: 0.0000205 seconds
2016-12-13T13:17:48.595+0530: 2.993: Total time for which application threads were stopped: 0.0001821 seconds, Stopping threads took: 0.0000147 seconds
2016-12-13T13:17:48.914+0530: 3.311: Total time for which application threads were stopped: 0.0003030 seconds, Stopping threads took: 0.0000232 seconds
2016-12-13T13:17:48.915+0530: 3.312: Total time for which application threads were stopped: 0.0001874 seconds, Stopping threads took: 0.0000120 seconds
2016-12-13T13:17:48.917+0530: 3.314: Total time for which application threads were stopped: 0.0001999 seconds, Stopping threads took: 0.0000143 seconds
{Heap before GC invocations=0 (full 0):
 par new generation   total 109248K, used 87424K [0x00000000e0000000, 0x00000000e8000000, 0x00000000e8000000)
  eden space 87424K, 100% used [0x00000000e0000000, 0x00000000e5560000, 0x00000000e5560000)
  from space 21824K,   0% used [0x00000000e5560000, 0x00000000e5560000, 0x00000000e6ab0000)
  to   space 21824K,   0% used [0x00000000e6ab0000, 0x00000000e6ab0000, 0x00000000e8000000)
 concurrent mark-sweep generation total 393216K, used 0K [0x00000000e8000000, 0x0000000100000000, 0x0000000100000000)
 Metaspace       used 18007K, capacity 18290K, committed 18432K, reserved 1064960K
  class space    used 2086K, capacity 2222K, committed 2304K, reserved 1048576K
2016-12-13T13:17:49.265+0530: 3.662: [GC (Allocation Failure) 2016-12-13T13:17:49.265+0530: 3.662: [ParNew
Desired survivor size 20112992 bytes, new threshold 8 (max 8)
- age   1:   10586856 bytes,   10586856 total
: 87424K->10451K(109248K), 0.0131592 secs] 87424K->10451K(502464K), 0.0133435 secs] [Times: user=0.05 sys=0.00, real=0.01 secs] 
Heap after GC invocations=1 (full 0):
 par new generation   total 109248K, used 10451K [0x00000000e0000000, 0x00000000e8000000, 0x00000000e8000000)
  eden space 87424K,   0% used [0x00000000e0000000, 0x00000000e0000000, 0x00000000e5560000)
  from space 21824K,  47% used [0x00000000e6ab0000, 0x00000000e74e4f70, 0x00000000e8000000)
  to   space 21824K,   0% used [0x00000000e5560000, 0x00000000e5560000, 0x00000000e6ab0000)
 concurrent mark-sweep generation total 393216K, used 0K [0x00000000e8000000, 0x0000000100000000, 0x0000000100000000)
 Metaspace       used 18007K, capacity 18290K, committed 18432K, reserved 1064960K
  class space    used 2086K, capacity 2222K, committed 2304K, reserved 1048576K
}
2016-12-13T13:17:49.278+0530: 3.675: Total time for which application threads were stopped: 0.0135188 seconds, Stopping threads took: 0.0000143 seconds
2016-12-13T13:17:49.301+0530: 3.699: Total time for which application threads were stopped: 0.0002860 seconds, Stopping threads took: 0.0000196 seconds
2016-12-13T13:17:49.867+0530: 4.264: Total time for which application threads were stopped: 0.0004297 seconds, Stopping threads took: 0.0000317 seconds
2016-12-13T13:17:49.926+0530: 4.323: Total time for which application threads were stopped: 0.0003208 seconds, Stopping threads took: 0.0001540 seconds
2016-12-13T13:17:49.985+0530: 4.383: Total time for which application threads were stopped: 0.0001955 seconds, Stopping threads took: 0.0000491 seconds
2016-12-13T13:17:49.986+0530: 4.383: Total time for which application threads were stopped: 0.0001169 seconds, Stopping threads took: 0.0000237 seconds
2016-12-13T13:17:49.988+0530: 4.385: Total time for which application threads were stopped: 0.0002048 seconds, Stopping threads took: 0.0000571 seconds
2016-12-13T13:17:49.988+0530: 4.386: Total time for which application threads were stopped: 0.0001348 seconds, Stopping threads took: 0.0000272 seconds
2016-12-13T13:17:49.999+0530: 4.396: Total time for which application threads were stopped: 0.0005047 seconds, Stopping threads took: 0.0003958 seconds
2016-12-13T13:17:49.999+0530: 4.396: Total time for which application threads were stopped: 0.0001040 seconds, Stopping threads took: 0.0000250 seconds
2016-12-13T13:17:50.002+0530: 4.399: Total time for which application threads were stopped: 0.0001424 seconds, Stopping threads took: 0.0000348 seconds
2016-12-13T13:17:50.002+0530: 4.399: Total time for which application threads were stopped: 0.0001049 seconds, Stopping threads took: 0.0000223 seconds
2016-12-13T13:17:50.003+0530: 4.400: Total time for which application threads were stopped: 0.0001147 seconds, Stopping threads took: 0.0000201 seconds
2016-12-13T13:17:50.003+0530: 4.400: Total time for which application threads were stopped: 0.0000861 seconds, Stopping threads took: 0.0000250 seconds
2016-12-13T13:17:50.011+0530: 4.408: Total time for which application threads were stopped: 0.0001656 seconds, Stopping threads took: 0.0000268 seconds
2016-12-13T13:17:50.011+0530: 4.408: Total time for which application threads were stopped: 0.0000870 seconds, Stopping threads took: 0.0000277 seconds
2016-12-13T13:17:50.011+0530: 4.408: Total time for which application threads were stopped: 0.0000567 seconds, Stopping threads took: 0.0000152 seconds
2016-12-13T13:17:50.012+0530: 4.409: Total time for which application threads were stopped: 0.0001098 seconds, Stopping threads took: 0.0000241 seconds
2016-12-13T13:17:50.015+0530: 4.412: Total time for which application threads were stopped: 0.0017408 seconds, Stopping threads took: 0.0016627 seconds
2016-12-13T13:17:50.015+0530: 4.413: Total time for which application threads were stopped: 0.0001223 seconds, Stopping threads took: 0.0000210 seconds
2016-12-13T13:17:50.016+0530: 4.413: Total time for which application threads were stopped: 0.0002106 seconds, Stopping threads took: 0.0000156 seconds
2016-12-13T13:17:50.017+0530: 4.414: Total time for which application threads were stopped: 0.0000924 seconds, Stopping threads took: 0.0000183 seconds
2016-12-13T13:17:50.017+0530: 4.414: Total time for which application threads were stopped: 0.0000634 seconds, Stopping threads took: 0.0000170 seconds
2016-12-13T13:17:50.027+0530: 4.424: Total time for which application threads were stopped: 0.0000741 seconds, Stopping threads took: 0.0000178 seconds
2016-12-13T13:17:50.039+0530: 4.437: Total time for which application threads were stopped: 0.0000897 seconds, Stopping threads took: 0.0000321 seconds
2016-12-13T13:17:50.040+0530: 4.437: Total time for which application threads were stopped: 0.0000607 seconds, Stopping threads took: 0.0000147 seconds
2016-12-13T13:17:50.040+0530: 4.437: Total time for which application threads were stopped: 0.0000607 seconds, Stopping threads took: 0.0000245 seconds
2016-12-13T13:17:50.040+0530: 4.437: Total time for which application threads were stopped: 0.0000683 seconds, Stopping threads took: 0.0000201 seconds
2016-12-13T13:17:50.041+0530: 4.438: Total time for which application threads were stopped: 0.0000942 seconds, Stopping threads took: 0.0000473 seconds
2016-12-13T13:17:50.041+0530: 4.438: Total time for which application threads were stopped: 0.0000580 seconds, Stopping threads took: 0.0000232 seconds
2016-12-13T13:17:50.041+0530: 4.439: Total time for which application threads were stopped: 0.0000732 seconds, Stopping threads took: 0.0000232 seconds
2016-12-13T13:17:50.043+0530: 4.440: Total time for which application threads were stopped: 0.0001299 seconds, Stopping threads took: 0.0000415 seconds
2016-12-13T13:17:50.044+0530: 4.441: Total time for which application threads were stopped: 0.0000977 seconds, Stopping threads took: 0.0000348 seconds
2016-12-13T13:17:50.044+0530: 4.442: Total time for which application threads were stopped: 0.0002834 seconds, Stopping threads took: 0.0000295 seconds
2016-12-13T13:17:50.064+0530: 4.461: Total time for which application threads were stopped: 0.0001946 seconds, Stopping threads took: 0.0000522 seconds
{Heap before GC invocations=1 (full 0):
 par new generation   total 109248K, used 97875K [0x00000000e0000000, 0x00000000e8000000, 0x00000000e8000000)
  eden space 87424K, 100% used [0x00000000e0000000, 0x00000000e5560000, 0x00000000e5560000)
  from space 21824K,  47% used [0x00000000e6ab0000, 0x00000000e74e4f70, 0x00000000e8000000)
  to   space 21824K,   0% used [0x00000000e5560000, 0x00000000e5560000, 0x00000000e6ab0000)
 concurrent mark-sweep generation total 393216K, used 0K [0x00000000e8000000, 0x0000000100000000, 0x0000000100000000)
 Metaspace       used 21112K, capacity 21468K, committed 21884K, reserved 1069056K
  class space    used 2474K, capacity 2581K, committed 2684K, reserved 1048576K
2016-12-13T13:17:50.074+0530: 4.471: [GC (Allocation Failure) 2016-12-13T13:17:50.074+0530: 4.471: [ParNew
Desired survivor size 20112992 bytes, new threshold 8 (max 8)
- age   1:    5501096 bytes,    5501096 total
- age   2:    5145792 bytes,   10646888 total
: 97875K->15118K(109248K), 0.0138513 secs] 97875K->15118K(502464K), 0.0139718 secs] [Times: user=0.05 sys=0.02, real=0.01 secs] 
Heap after GC invocations=2 (full 0):
 par new generation   total 109248K, used 15118K [0x00000000e0000000, 0x00000000e8000000, 0x00000000e8000000)
  eden space 87424K,   0% used [0x00000000e0000000, 0x00000000e0000000, 0x00000000e5560000)
  from space 21824K,  69% used [0x00000000e5560000, 0x00000000e6423940, 0x00000000e6ab0000)
  to   space 21824K,   0% used [0x00000000e6ab0000, 0x00000000e6ab0000, 0x00000000e8000000)
 concurrent mark-sweep generation total 393216K, used 0K [0x00000000e8000000, 0x0000000100000000, 0x0000000100000000)
 Metaspace       used 21112K, capacity 21468K, committed 21884K, reserved 1069056K
  class space    used 2474K, capacity 2581K, committed 2684K, reserved 1048576K
}
2016-12-13T13:17:50.088+0530: 4.485: Total time for which application threads were stopped: 0.0141891 seconds, Stopping threads took: 0.0000540 seconds
2016-12-13T13:17:50.108+0530: 4.506: Total time for which application threads were stopped: 0.0001209 seconds, Stopping threads took: 0.0000433 seconds
2016-12-13T13:17:50.108+0530: 4.506: [GC (CMS Initial Mark) [1 CMS-initial-mark: 0K(393216K)] 27908K(502464K), 0.0046869 secs] [Times: user=0.03 sys=0.00, real=0.00 secs] 
2016-12-13T13:17:50.113+0530: 4.510: Total time for which application threads were stopped: 0.0048181 seconds, Stopping threads took: 0.0000330 seconds
2016-12-13T13:17:50.113+0530: 4.510: [CMS-concurrent-mark-start]
2016-12-13T13:17:50.114+0530: 4.511: [CMS-concurrent-mark: 0.001/0.001 secs] [Times: user=0.00 sys=0.00, real=0.00 secs] 
2016-12-13T13:17:50.114+0530: 4.512: Total time for which application threads were stopped: 0.0003945 seconds, Stopping threads took: 0.0000411 seconds
2016-12-13T13:17:50.115+0530: 4.512: [CMS-concurrent-preclean-start]
2016-12-13T13:17:50.116+0530: 4.513: [CMS-concurrent-preclean: 0.001/0.001 secs] [Times: user=0.00 sys=0.00, real=0.00 secs] 
2016-12-13T13:17:50.116+0530: 4.513: [CMS-concurrent-abortable-preclean-start]
2016-12-13T13:17:50.133+0530: 4.530: Total time for which application threads were stopped: 0.0002231 seconds, Stopping threads took: 0.0000830 seconds
2016-12-13T13:17:50.133+0530: 4.530: Total time for which application threads were stopped: 0.0000977 seconds, Stopping threads took: 0.0000237 seconds
2016-12-13T13:17:50.149+0530: 4.547: Total time for which application threads were stopped: 0.0001937 seconds, Stopping threads took: 0.0000330 seconds
2016-12-13T13:17:50.150+0530: 4.547: Total time for which application threads were stopped: 0.0001392 seconds, Stopping threads took: 0.0000174 seconds
2016-12-13T13:17:50.159+0530: 4.557: Total time for which application threads were stopped: 0.0003869 seconds, Stopping threads took: 0.0000353 seconds
2016-12-13T13:17:50.160+0530: 4.557: Total time for which application threads were stopped: 0.0000928 seconds, Stopping threads took: 0.0000263 seconds
2016-12-13T13:17:50.165+0530: 4.562: Total time for which application threads were stopped: 0.0001455 seconds, Stopping threads took: 0.0000522 seconds
2016-12-13T13:17:50.166+0530: 4.563: Total time for which application threads were stopped: 0.0001299 seconds, Stopping threads took: 0.0000228 seconds
2016-12-13T13:17:50.166+0530: 4.563: Total time for which application threads were stopped: 0.0001017 seconds, Stopping threads took: 0.0000129 seconds
2016-12-13T13:17:50.166+0530: 4.563: Total time for which application threads were stopped: 0.0000808 seconds, Stopping threads took: 0.0000174 seconds
2016-12-13T13:17:50.166+0530: 4.563: Total time for which application threads were stopped: 0.0000562 seconds, Stopping threads took: 0.0000094 seconds
2016-12-13T13:17:50.170+0530: 4.568: Total time for which application threads were stopped: 0.0001254 seconds, Stopping threads took: 0.0000339 seconds
2016-12-13T13:17:50.174+0530: 4.571: Total time for which application threads were stopped: 0.0001615 seconds, Stopping threads took: 0.0000237 seconds
2016-12-13T13:17:50.175+0530: 4.572: Total time for which application threads were stopped: 0.0001388 seconds, Stopping threads took: 0.0000250 seconds
2016-12-13T13:17:50.175+0530: 4.572: Total time for which application threads were stopped: 0.0000968 seconds, Stopping threads took: 0.0000201 seconds
2016-12-13T13:17:50.183+0530: 4.580: Total time for which application threads were stopped: 0.0001111 seconds, Stopping threads took: 0.0000250 seconds
2016-12-13T13:17:50.188+0530: 4.585: Total time for which application threads were stopped: 0.0000986 seconds, Stopping threads took: 0.0000361 seconds
2016-12-13T13:17:50.188+0530: 4.585: Total time for which application threads were stopped: 0.0000652 seconds, Stopping threads took: 0.0000147 seconds
2016-12-13T13:17:50.189+0530: 4.587: Total time for which application threads were stopped: 0.0009085 seconds, Stopping threads took: 0.0008639 seconds
2016-12-13T13:17:50.190+0530: 4.587: Total time for which application threads were stopped: 0.0002026 seconds, Stopping threads took: 0.0000192 seconds
2016-12-13T13:17:50.191+0530: 4.588: Total time for which application threads were stopped: 0.0003579 seconds, Stopping threads took: 0.0003079 seconds
2016-12-13T13:17:50.191+0530: 4.588: Total time for which application threads were stopped: 0.0000821 seconds, Stopping threads took: 0.0000223 seconds
2016-12-13T13:17:50.198+0530: 4.595: Total time for which application threads were stopped: 0.0000991 seconds, Stopping threads took: 0.0000335 seconds
2016-12-13T13:17:50.200+0530: 4.597: Total time for which application threads were stopped: 0.0000977 seconds, Stopping threads took: 0.0000451 seconds
2016-12-13T13:17:50.208+0530: 4.605: Total time for which application threads were stopped: 0.0000897 seconds, Stopping threads took: 0.0000187 seconds
2016-12-13T13:17:50.284+0530: 4.681: Total time for which application threads were stopped: 0.0001334 seconds, Stopping threads took: 0.0000384 seconds
2016-12-13T13:17:50.348+0530: 4.745: Total time for which application threads were stopped: 0.0002017 seconds, Stopping threads took: 0.0000455 seconds
2016-12-13T13:17:50.348+0530: 4.745: Total time for which application threads were stopped: 0.0001174 seconds, Stopping threads took: 0.0000237 seconds
2016-12-13T13:17:50.348+0530: 4.745: Total time for which application threads were stopped: 0.0000991 seconds, Stopping threads took: 0.0000286 seconds
2016-12-13T13:17:50.349+0530: 4.746: Total time for which application threads were stopped: 0.0001205 seconds, Stopping threads took: 0.0000308 seconds
2016-12-13T13:17:50.350+0530: 4.747: Total time for which application threads were stopped: 0.0001111 seconds, Stopping threads took: 0.0000223 seconds
2016-12-13T13:17:50.359+0530: 4.757: Total time for which application threads were stopped: 0.0001562 seconds, Stopping threads took: 0.0000335 seconds
2016-12-13T13:17:50.382+0530: 4.780: Total time for which application threads were stopped: 0.0002093 seconds, Stopping threads took: 0.0000393 seconds
2016-12-13T13:17:50.386+0530: 4.783: Total time for which application threads were stopped: 0.0003731 seconds, Stopping threads took: 0.0000428 seconds
2016-12-13T13:17:50.405+0530: 4.802: Total time for which application threads were stopped: 0.0001102 seconds, Stopping threads took: 0.0000277 seconds
2016-12-13T13:17:50.405+0530: 4.803: Total time for which application threads were stopped: 0.0001370 seconds, Stopping threads took: 0.0000125 seconds
2016-12-13T13:17:50.406+0530: 4.803: Total time for which application threads were stopped: 0.0001098 seconds, Stopping threads took: 0.0000125 seconds
2016-12-13T13:17:50.406+0530: 4.803: Total time for which application threads were stopped: 0.0000973 seconds, Stopping threads took: 0.0000094 seconds
2016-12-13T13:17:50.406+0530: 4.804: Total time for which application threads were stopped: 0.0001303 seconds, Stopping threads took: 0.0000196 seconds
2016-12-13T13:17:50.411+0530: 4.808: Total time for which application threads were stopped: 0.0002499 seconds, Stopping threads took: 0.0001486 seconds
2016-12-13T13:17:50.414+0530: 4.812: Total time for which application threads were stopped: 0.0001415 seconds, Stopping threads took: 0.0000259 seconds
2016-12-13T13:17:50.415+0530: 4.812: Total time for which application threads were stopped: 0.0000933 seconds, Stopping threads took: 0.0000129 seconds
2016-12-13T13:17:50.415+0530: 4.812: Total time for which application threads were stopped: 0.0001013 seconds, Stopping threads took: 0.0000196 seconds
2016-12-13T13:17:50.415+0530: 4.812: Total time for which application threads were stopped: 0.0000660 seconds, Stopping threads took: 0.0000112 seconds
{Heap before GC invocations=2 (full 1):
 par new generation   total 109248K, used 102529K [0x00000000e0000000, 0x00000000e8000000, 0x00000000e8000000)
  eden space 87424K,  99% used [0x00000000e0000000, 0x00000000e555cb28, 0x00000000e5560000)
  from space 21824K,  69% used [0x00000000e5560000, 0x00000000e6423940, 0x00000000e6ab0000)
  to   space 21824K,   0% used [0x00000000e6ab0000, 0x00000000e6ab0000, 0x00000000e8000000)
 concurrent mark-sweep generation total 393216K, used 0K [0x00000000e8000000, 0x0000000100000000, 0x0000000100000000)
 Metaspace       used 21928K, capacity 22260K, committed 22548K, reserved 1069056K
  class space    used 2578K, capacity 2697K, committed 2760K, reserved 1048576K
2016-12-13T13:17:50.477+0530: 4.874: [GC (Allocation Failure) 2016-12-13T13:17:50.477+0530: 4.874: [ParNew
Desired survivor size 20112992 bytes, new threshold 8 (max 8)
- age   1:    3057632 bytes,    3057632 total
- age   2:    2547312 bytes,    5604944 total
- age   3:    5145048 bytes,   10749992 total
: 102529K->12552K(109248K), 0.0127094 secs] 102529K->12552K(502464K), 0.0128316 secs] [Times: user=0.06 sys=0.00, real=0.01 secs] 
Heap after GC invocations=3 (full 1):
 par new generation   total 109248K, used 12552K [0x00000000e0000000, 0x00000000e8000000, 0x00000000e8000000)
  eden space 87424K,   0% used [0x00000000e0000000, 0x00000000e0000000, 0x00000000e5560000)
  from space 21824K,  57% used [0x00000000e6ab0000, 0x00000000e76f2078, 0x00000000e8000000)
  to   space 21824K,   0% used [0x00000000e5560000, 0x00000000e5560000, 0x00000000e6ab0000)
 concurrent mark-sweep generation total 393216K, used 0K [0x00000000e8000000, 0x0000000100000000, 0x0000000100000000)
 Metaspace       used 21928K, capacity 22260K, committed 22548K, reserved 1069056K
  class space    used 2578K, capacity 2697K, committed 2760K, reserved 1048576K
}
2016-12-13T13:17:50.490+0530: 4.887: Total time for which application threads were stopped: 0.0131239 seconds, Stopping threads took: 0.0000397 seconds
2016-12-13T13:17:50.491+0530: 4.889: Total time for which application threads were stopped: 0.0001459 seconds, Stopping threads took: 0.0000491 seconds
2016-12-13T13:17:50.549+0530: 4.947: Total time for which application threads were stopped: 0.0001589 seconds, Stopping threads took: 0.0000419 seconds
2016-12-13T13:17:50.558+0530: 4.955: Total time for which application threads were stopped: 0.0002196 seconds, Stopping threads took: 0.0000384 seconds
2016-12-13T13:17:50.558+0530: 4.955: Total time for which application threads were stopped: 0.0001151 seconds, Stopping threads took: 0.0000134 seconds
2016-12-13T13:17:50.559+0530: 4.956: Total time for which application threads were stopped: 0.0001370 seconds, Stopping threads took: 0.0000219 seconds
2016-12-13T13:17:50.559+0530: 4.956: Total time for which application threads were stopped: 0.0000732 seconds, Stopping threads took: 0.0000107 seconds
2016-12-13T13:17:50.559+0530: 4.956: Total time for which application threads were stopped: 0.0003441 seconds, Stopping threads took: 0.0002785 seconds
2016-12-13T13:17:50.560+0530: 4.957: Total time for which application threads were stopped: 0.0001098 seconds, Stopping threads took: 0.0000250 seconds
2016-12-13T13:17:50.567+0530: 4.964: Total time for which application threads were stopped: 0.0001406 seconds, Stopping threads took: 0.0000406 seconds
2016-12-13T13:17:50.578+0530: 4.975: Total time for which application threads were stopped: 0.0001446 seconds, Stopping threads took: 0.0000348 seconds
2016-12-13T13:17:50.579+0530: 4.976: Total time for which application threads were stopped: 0.0002120 seconds, Stopping threads took: 0.0000419 seconds
2016-12-13T13:17:50.591+0530: 4.988: Total time for which application threads were stopped: 0.0001316 seconds, Stopping threads took: 0.0000437 seconds
2016-12-13T13:17:50.598+0530: 4.995: Total time for which application threads were stopped: 0.0001517 seconds, Stopping threads took: 0.0000576 seconds
2016-12-13T13:17:50.598+0530: 4.996: [CMS-concurrent-abortable-preclean: 0.441/0.482 secs] [Times: user=1.86 sys=0.05, real=0.48 secs] 
2016-12-13T13:17:50.598+0530: 4.996: [GC (CMS Final Remark) [YG occupancy: 69903 K (109248 K)]{Heap before GC invocations=3 (full 1):
 par new generation   total 109248K, used 69903K [0x00000000e0000000, 0x00000000e8000000, 0x00000000e8000000)
  eden space 87424K,  65% used [0x00000000e0000000, 0x00000000e3801d88, 0x00000000e5560000)
  from space 21824K,  57% used [0x00000000e6ab0000, 0x00000000e76f2078, 0x00000000e8000000)
  to   space 21824K,   0% used [0x00000000e5560000, 0x00000000e5560000, 0x00000000e6ab0000)
 concurrent mark-sweep generation total 393216K, used 0K [0x00000000e8000000, 0x0000000100000000, 0x0000000100000000)
 Metaspace       used 22050K, capacity 22356K, committed 22548K, reserved 1069056K
  class space    used 2597K, capacity 2729K, committed 2760K, reserved 1048576K
2016-12-13T13:17:50.598+0530: 4.996: [GC (CMS Final Remark) 2016-12-13T13:17:50.599+0530: 4.996: [ParNew
Desired survivor size 20112992 bytes, new threshold 8 (max 8)
- age   1:     748904 bytes,     748904 total
- age   2:    2472480 bytes,    3221384 total
- age   3:    2514288 bytes,    5735672 total
- age   4:    5145024 bytes,   10880696 total
: 69903K->16219K(109248K), 0.0101412 secs] 69903K->16219K(502464K), 0.0102046 secs] [Times: user=0.05 sys=0.02, real=0.01 secs] 
Heap after GC invocations=4 (full 1):
 par new generation   total 109248K, used 16219K [0x00000000e0000000, 0x00000000e8000000, 0x00000000e8000000)
  eden space 87424K,   0% used [0x00000000e0000000, 0x00000000e0000000, 0x00000000e5560000)
  from space 21824K,  74% used [0x00000000e5560000, 0x00000000e6536ca8, 0x00000000e6ab0000)
  to   space 21824K,   0% used [0x00000000e6ab0000, 0x00000000e6ab0000, 0x00000000e8000000)
 concurrent mark-sweep generation total 393216K, used 0K [0x00000000e8000000, 0x0000000100000000, 0x0000000100000000)
 Metaspace       used 22050K, capacity 22356K, committed 22548K, reserved 1069056K
  class space    used 2597K, capacity 2729K, committed 2760K, reserved 1048576K
}
2016-12-13T13:17:50.609+0530: 5.006: [Rescan (parallel) , 0.0032049 secs]2016-12-13T13:17:50.612+0530: 5.009: [weak refs processing, 0.0002963 secs]2016-12-13T13:17:50.612+0530: 5.010: [class unloading, 0.0030599 secs]2016-12-13T13:17:50.615+0530: 5.013: [scrub symbol table, 0.0034088 secs]2016-12-13T13:17:50.619+0530: 5.016: [scrub string table, 0.0002771 secs][1 CMS-remark: 0K(393216K)] 16219K(502464K), 0.0213428 secs] [Times: user=0.05 sys=0.02, real=0.02 secs] 
2016-12-13T13:17:50.620+0530: 5.017: Total time for which application threads were stopped: 0.0214655 seconds, Stopping threads took: 0.0000370 seconds
2016-12-13T13:17:50.620+0530: 5.017: [CMS-concurrent-sweep-start]
2016-12-13T13:17:50.620+0530: 5.017: [CMS-concurrent-sweep: 0.000/0.000 secs] [Times: user=0.00 sys=0.00, real=0.00 secs] 
2016-12-13T13:17:50.620+0530: 5.017: [CMS-concurrent-reset-start]
2016-12-13T13:17:50.625+0530: 5.022: [CMS-concurrent-reset: 0.005/0.005 secs] [Times: user=0.05 sys=0.01, real=0.01 secs] 
{Heap before GC invocations=4 (full 1):
 par new generation   total 109248K, used 103630K [0x00000000e0000000, 0x00000000e8000000, 0x00000000e8000000)
  eden space 87424K,  99% used [0x00000000e0000000, 0x00000000e555cd30, 0x00000000e5560000)
  from space 21824K,  74% used [0x00000000e5560000, 0x00000000e6536ca8, 0x00000000e6ab0000)
  to   space 21824K,   0% used [0x00000000e6ab0000, 0x00000000e6ab0000, 0x00000000e8000000)
 concurrent mark-sweep generation total 393216K, used 0K [0x00000000e8000000, 0x0000000100000000, 0x0000000100000000)
 Metaspace       used 22152K, capacity 22514K, committed 22804K, reserved 1069056K
  class space    used 2610K, capacity 2734K, committed 2760K, reserved 1048576K
2016-12-13T13:17:50.698+0530: 5.095: [GC (Allocation Failure) 2016-12-13T13:17:50.698+0530: 5.095: [ParNew
Desired survivor size 20112992 bytes, new threshold 8 (max 8)
- age   1:     437112 bytes,     437112 total
- age   2:      45448 bytes,     482560 total
- age   3:    2472048 bytes,    2954608 total
- age   4:    2514088 bytes,    5468696 total
- age   5:    5144864 bytes,   10613560 total
: 103630K->13676K(109248K), 0.0103894 secs] 103630K->13676K(502464K), 0.0104853 secs] [Times: user=0.06 sys=0.00, real=0.01 secs] 
Heap after GC invocations=5 (full 1):
 par new generation   total 109248K, used 13676K [0x00000000e0000000, 0x00000000e8000000, 0x00000000e8000000)
  eden space 87424K,   0% used [0x00000000e0000000, 0x00000000e0000000, 0x00000000e5560000)
  from space 21824K,  62% used [0x00000000e6ab0000, 0x00000000e780b378, 0x00000000e8000000)
  to   space 21824K,   0% used [0x00000000e5560000, 0x00000000e5560000, 0x00000000e6ab0000)
 concurrent mark-sweep generation total 393216K, used 0K [0x00000000e8000000, 0x0000000100000000, 0x0000000100000000)
 Metaspace       used 22152K, capacity 22514K, committed 22804K, reserved 1069056K
  class space    used 2610K, capacity 2734K, committed 2760K, reserved 1048576K
}
2016-12-13T13:17:50.709+0530: 5.106: Total time for which application threads were stopped: 0.0107004 seconds, Stopping threads took: 0.0000326 seconds
2016-12-13T13:17:50.728+0530: 5.125: Total time for which application threads were stopped: 0.0001464 seconds, Stopping threads took: 0.0000245 seconds
2016-12-13T13:17:50.733+0530: 5.130: Total time for which application threads were stopped: 0.0001218 seconds, Stopping threads took: 0.0000268 seconds
2016-12-13T13:17:50.741+0530: 5.138: Total time for which application threads were stopped: 0.0000892 seconds, Stopping threads took: 0.0000250 seconds
{Heap before GC invocations=5 (full 1):
 par new generation   total 109248K, used 101100K [0x00000000e0000000, 0x00000000e8000000, 0x00000000e8000000)
  eden space 87424K, 100% used [0x00000000e0000000, 0x00000000e5560000, 0x00000000e5560000)
  from space 21824K,  62% used [0x00000000e6ab0000, 0x00000000e780b378, 0x00000000e8000000)
  to   space 21824K,   0% used [0x00000000e5560000, 0x00000000e5560000, 0x00000000e6ab0000)
 concurrent mark-sweep generation total 393216K, used 0K [0x00000000e8000000, 0x0000000100000000, 0x0000000100000000)
 Metaspace       used 22841K, capacity 23160K, committed 23368K, reserved 1069056K
  class space    used 2701K, capacity 2799K, committed 2888K, reserved 1048576K
2016-12-13T13:17:50.862+0530: 5.260: [GC (Allocation Failure) 2016-12-13T13:17:50.862+0530: 5.260: [ParNew
Desired survivor size 20112992 bytes, new threshold 8 (max 8)
- age   1:    1344400 bytes,    1344400 total
- age   2:     124456 bytes,    1468856 total
- age   3:      45048 bytes,    1513904 total
- age   4:    2471712 bytes,    3985616 total
- age   5:    2513632 bytes,    6499248 total
- age   6:    5144840 bytes,   11644088 total
: 101100K->15390K(109248K), 0.0106241 secs] 101100K->15390K(502464K), 0.0107580 secs] [Times: user=0.00 sys=0.00, real=0.01 secs] 
Heap after GC invocations=6 (full 1):
 par new generation   total 109248K, used 15390K [0x00000000e0000000, 0x00000000e8000000, 0x00000000e8000000)
  eden space 87424K,   0% used [0x00000000e0000000, 0x00000000e0000000, 0x00000000e5560000)
  from space 21824K,  70% used [0x00000000e5560000, 0x00000000e64679e0, 0x00000000e6ab0000)
  to   space 21824K,   0% used [0x00000000e6ab0000, 0x00000000e6ab0000, 0x00000000e8000000)
 concurrent mark-sweep generation total 393216K, used 0K [0x00000000e8000000, 0x0000000100000000, 0x0000000100000000)
 Metaspace       used 22841K, capacity 23160K, committed 23368K, reserved 1069056K
  class space    used 2701K, capacity 2799K, committed 2888K, reserved 1048576K
}
2016-12-13T13:17:50.873+0530: 5.270: Total time for which application threads were stopped: 0.0110534 seconds, Stopping threads took: 0.0000317 seconds
{Heap before GC invocations=6 (full 1):
 par new generation   total 109248K, used 102814K [0x00000000e0000000, 0x00000000e8000000, 0x00000000e8000000)
  eden space 87424K, 100% used [0x00000000e0000000, 0x00000000e5560000, 0x00000000e5560000)
  from space 21824K,  70% used [0x00000000e5560000, 0x00000000e64679e0, 0x00000000e6ab0000)
  to   space 21824K,   0% used [0x00000000e6ab0000, 0x00000000e6ab0000, 0x00000000e8000000)
 concurrent mark-sweep generation total 393216K, used 0K [0x00000000e8000000, 0x0000000100000000, 0x0000000100000000)
 Metaspace       used 22995K, capacity 23326K, committed 23624K, reserved 1071104K
  class space    used 2723K, capacity 2832K, committed 2888K, reserved 1048576K
2016-12-13T13:17:50.952+0530: 5.349: [GC (Allocation Failure) 2016-12-13T13:17:50.952+0530: 5.349: [ParNew
Desired survivor size 20112992 bytes, new threshold 8 (max 8)
- age   1:     583160 bytes,     583160 total
- age   2:     287728 bytes,     870888 total
- age   3:     124024 bytes,     994912 total
- age   4:      44776 bytes,    1039688 total
- age   5:    2471248 bytes,    3510936 total
- age   6:    2513392 bytes,    6024328 total
- age   7:    5144808 bytes,   11169136 total
: 102814K->13866K(109248K), 0.0109141 secs] 102814K->13866K(502464K), 0.0110739 secs] [Times: user=0.00 sys=0.00, real=0.01 secs] 
Heap after GC invocations=7 (full 1):
 par new generation   total 109248K, used 13866K [0x00000000e0000000, 0x00000000e8000000, 0x00000000e8000000)
  eden space 87424K,   0% used [0x00000000e0000000, 0x00000000e0000000, 0x00000000e5560000)
  from space 21824K,  63% used [0x00000000e6ab0000, 0x00000000e783aae0, 0x00000000e8000000)
  to   space 21824K,   0% used [0x00000000e5560000, 0x00000000e5560000, 0x00000000e6ab0000)
 concurrent mark-sweep generation total 393216K, used 0K [0x00000000e8000000, 0x0000000100000000, 0x0000000100000000)
 Metaspace       used 22995K, capacity 23326K, committed 23624K, reserved 1071104K
  class space    used 2723K, capacity 2832K, committed 2888K, reserved 1048576K
}
2016-12-13T13:17:50.963+0530: 5.360: Total time for which application threads were stopped: 0.0114224 seconds, Stopping threads took: 0.0000701 seconds
2016-12-13T13:17:51.014+0530: 5.411: Total time for which application threads were stopped: 0.0001955 seconds, Stopping threads took: 0.0000745 seconds
2016-12-13T13:17:51.014+0530: 5.411: Total time for which application threads were stopped: 0.0001446 seconds, Stopping threads took: 0.0000598 seconds
2016-12-13T13:17:51.123+0530: 5.520: Total time for which application threads were stopped: 0.0004172 seconds, Stopping threads took: 0.0000263 seconds
2016-12-13T13:17:51.137+0530: 5.534: Total time for which application threads were stopped: 0.0001477 seconds, Stopping threads took: 0.0000424 seconds
{Heap before GC invocations=7 (full 1):
 par new generation   total 109248K, used 101290K [0x00000000e0000000, 0x00000000e8000000, 0x00000000e8000000)
  eden space 87424K, 100% used [0x00000000e0000000, 0x00000000e5560000, 0x00000000e5560000)
  from space 21824K,  63% used [0x00000000e6ab0000, 0x00000000e783aae0, 0x00000000e8000000)
  to   space 21824K,   0% used [0x00000000e5560000, 0x00000000e5560000, 0x00000000e6ab0000)
 concurrent mark-sweep generation total 393216K, used 0K [0x00000000e8000000, 0x0000000100000000, 0x0000000100000000)
 Metaspace       used 23798K, capacity 24168K, committed 24520K, reserved 1071104K
  class space    used 2821K, capacity 2963K, committed 3016K, reserved 1048576K
2016-12-13T13:17:51.161+0530: 5.558: [GC (Allocation Failure) 2016-12-13T13:17:51.161+0530: 5.558: [ParNew
Desired survivor size 20112992 bytes, new threshold 8 (max 8)
- age   1:    1238128 bytes,    1238128 total
- age   2:     112352 bytes,    1350480 total
- age   3:     279112 bytes,    1629592 total
- age   4:     123016 bytes,    1752608 total
- age   5:      42768 bytes,    1795376 total
- age   6:    2465840 bytes,    4261216 total
- age   7:    2497856 bytes,    6759072 total
- age   8:    5141440 bytes,   11900512 total
: 101290K->19134K(109248K), 0.0112100 secs] 101290K->19134K(502464K), 0.0113010 secs] [Times: user=0.06 sys=0.00, real=0.01 secs] 
Heap after GC invocations=8 (full 1):
 par new generation   total 109248K, used 19134K [0x00000000e0000000, 0x00000000e8000000, 0x00000000e8000000)
  eden space 87424K,   0% used [0x00000000e0000000, 0x00000000e0000000, 0x00000000e5560000)
  from space 21824K,  87% used [0x00000000e5560000, 0x00000000e680f940, 0x00000000e6ab0000)
  to   space 21824K,   0% used [0x00000000e6ab0000, 0x00000000e6ab0000, 0x00000000e8000000)
 concurrent mark-sweep generation total 393216K, used 0K [0x00000000e8000000, 0x0000000100000000, 0x0000000100000000)
 Metaspace       used 23798K, capacity 24168K, committed 24520K, reserved 1071104K
  class space    used 2821K, capacity 2963K, committed 3016K, reserved 1048576K
}
2016-12-13T13:17:51.172+0530: 5.569: Total time for which application threads were stopped: 0.0114960 seconds, Stopping threads took: 0.0000178 seconds
2016-12-13T13:17:51.238+0530: 5.635: Total time for which application threads were stopped: 0.0005935 seconds, Stopping threads took: 0.0001977 seconds
2016-12-13T13:17:51.463+0530: 5.860: Total time for which application threads were stopped: 0.0002169 seconds, Stopping threads took: 0.0000254 seconds
2016-12-13T13:17:51.763+0530: 6.160: Total time for which application threads were stopped: 0.0001705 seconds, Stopping threads took: 0.0000308 seconds
2016-12-13T13:17:51.764+0530: 6.160: Total time for which application threads were stopped: 0.0000830 seconds, Stopping threads took: 0.0000134 seconds
2016-12-13T13:17:51.764+0530: 6.160: Total time for which application threads were stopped: 0.0001017 seconds, Stopping threads took: 0.0000321 seconds
2016-12-13T13:17:51.796+0530: 6.192: Total time for which application threads were stopped: 0.0001160 seconds, Stopping threads took: 0.0000295 seconds
2016-12-13T13:17:51.797+0530: 6.194: Total time for which application threads were stopped: 0.0003869 seconds, Stopping threads took: 0.0000312 seconds
2016-12-13T13:17:51.812+0530: 6.208: Total time for which application threads were stopped: 0.0001664 seconds, Stopping threads took: 0.0000477 seconds
2016-12-13T13:17:51.827+0530: 6.223: Total time for which application threads were stopped: 0.0005413 seconds, Stopping threads took: 0.0000406 seconds
2016-12-13T13:17:51.940+0530: 6.337: Total time for which application threads were stopped: 0.0008898 seconds, Stopping threads took: 0.0007479 seconds
2016-12-13T13:17:51.945+0530: 6.341: Total time for which application threads were stopped: 0.0001638 seconds, Stopping threads took: 0.0000397 seconds
2016-12-13T13:17:51.951+0530: 6.347: Total time for which application threads were stopped: 0.0020884 seconds, Stopping threads took: 0.0020121 seconds
2016-12-13T13:17:51.955+0530: 6.351: Total time for which application threads were stopped: 0.0001321 seconds, Stopping threads took: 0.0000357 seconds
2016-12-13T13:17:51.970+0530: 6.367: Total time for which application threads were stopped: 0.0001379 seconds, Stopping threads took: 0.0000308 seconds
2016-12-13T13:17:51.997+0530: 6.394: Total time for which application threads were stopped: 0.0001254 seconds, Stopping threads took: 0.0000406 seconds
2016-12-13T13:17:52.116+0530: 6.513: Total time for which application threads were stopped: 0.0003280 seconds, Stopping threads took: 0.0000562 seconds
{Heap before GC invocations=8 (full 1):
 par new generation   total 109248K, used 106558K [0x00000000e0000000, 0x00000000e8000000, 0x00000000e8000000)
  eden space 87424K, 100% used [0x00000000e0000000, 0x00000000e5560000, 0x00000000e5560000)
  from space 21824K,  87% used [0x00000000e5560000, 0x00000000e680f940, 0x00000000e6ab0000)
  to   space 21824K,   0% used [0x00000000e6ab0000, 0x00000000e6ab0000, 0x00000000e8000000)
 concurrent mark-sweep generation total 393216K, used 0K [0x00000000e8000000, 0x0000000100000000, 0x0000000100000000)
 Metaspace       used 26816K, capacity 27208K, committed 27464K, reserved 1073152K
  class space    used 3199K, capacity 3337K, committed 3400K, reserved 1048576K
2016-12-13T13:17:52.162+0530: 6.558: [GC (Allocation Failure) 2016-12-13T13:17:52.162+0530: 6.558: [ParNew
Desired survivor size 20112992 bytes, new threshold 8 (max 8)
- age   1:    4662608 bytes,    4662608 total
- age   2:     325728 bytes,    4988336 total
- age   3:     112352 bytes,    5100688 total
- age   4:     278968 bytes,    5379656 total
- age   5:     122920 bytes,    5502576 total
- age   6:      38592 bytes,    5541168 total
- age   7:     375168 bytes,    5916336 total
- age   8:    2486560 bytes,    8402896 total
: 106558K->10594K(109248K), 0.0290984 secs] 106558K->16114K(502464K), 0.0292336 secs] [Times: user=0.12 sys=0.00, real=0.03 secs] 
Heap after GC invocations=9 (full 1):
 par new generation   total 109248K, used 10594K [0x00000000e0000000, 0x00000000e8000000, 0x00000000e8000000)
  eden space 87424K,   0% used [0x00000000e0000000, 0x00000000e0000000, 0x00000000e5560000)
  from space 21824K,  48% used [0x00000000e6ab0000, 0x00000000e7508900, 0x00000000e8000000)
  to   space 21824K,   0% used [0x00000000e5560000, 0x00000000e5560000, 0x00000000e6ab0000)
 concurrent mark-sweep generation total 393216K, used 5520K [0x00000000e8000000, 0x0000000100000000, 0x0000000100000000)
 Metaspace       used 26816K, capacity 27208K, committed 27464K, reserved 1073152K
  class space    used 3199K, capacity 3337K, committed 3400K, reserved 1048576K
}
2016-12-13T13:17:52.191+0530: 6.587: Total time for which application threads were stopped: 0.0295179 seconds, Stopping threads took: 0.0000433 seconds
2016-12-13T13:17:52.214+0530: 6.611: Total time for which application threads were stopped: 0.0001281 seconds, Stopping threads took: 0.0000361 seconds
2016-12-13T13:17:52.249+0530: 6.645: Total time for which application threads were stopped: 0.0001807 seconds, Stopping threads took: 0.0000477 seconds
2016-12-13T13:17:52.256+0530: 6.652: Total time for which application threads were stopped: 0.0006145 seconds, Stopping threads took: 0.0004766 seconds
2016-12-13T13:17:52.437+0530: 6.834: Total time for which application threads were stopped: 0.0003066 seconds, Stopping threads took: 0.0001111 seconds
2016-12-13T13:17:52.441+0530: 6.837: Total time for which application threads were stopped: 0.0002106 seconds, Stopping threads took: 0.0001133 seconds
2016-12-13T13:17:52.441+0530: 6.837: Total time for which application threads were stopped: 0.0000933 seconds, Stopping threads took: 0.0000205 seconds
2016-12-13T13:17:52.450+0530: 6.846: Total time for which application threads were stopped: 0.0001218 seconds, Stopping threads took: 0.0000214 seconds
2016-12-13T13:17:52.451+0530: 6.847: Total time for which application threads were stopped: 0.0001174 seconds, Stopping threads took: 0.0000245 seconds
2016-12-13T13:17:52.494+0530: 6.891: Total time for which application threads were stopped: 0.0001888 seconds, Stopping threads took: 0.0000638 seconds
2016-12-13T13:17:52.541+0530: 6.937: Total time for which application threads were stopped: 0.0001714 seconds, Stopping threads took: 0.0000388 seconds
2016-12-13T13:17:52.542+0530: 6.939: Total time for which application threads were stopped: 0.0005350 seconds, Stopping threads took: 0.0000308 seconds
2016-12-13T13:17:52.636+0530: 7.033: Total time for which application threads were stopped: 0.0007747 seconds, Stopping threads took: 0.0000634 seconds
2016-12-13T13:17:52.680+0530: 7.076: Total time for which application threads were stopped: 0.0005150 seconds, Stopping threads took: 0.0000308 seconds
2016-12-13T13:17:52.701+0530: 7.097: Total time for which application threads were stopped: 0.0006212 seconds, Stopping threads took: 0.0005288 seconds
2016-12-13T13:17:53.043+0530: 7.440: Total time for which application threads were stopped: 0.0074424 seconds, Stopping threads took: 0.0072907 seconds
2016-12-13T13:17:53.045+0530: 7.442: Total time for which application threads were stopped: 0.0006743 seconds, Stopping threads took: 0.0005725 seconds
2016-12-13T13:17:53.047+0530: 7.444: Total time for which application threads were stopped: 0.0006935 seconds, Stopping threads took: 0.0005948 seconds
2016-12-13T13:17:53.050+0530: 7.446: Total time for which application threads were stopped: 0.0002887 seconds, Stopping threads took: 0.0002035 seconds
2016-12-13T13:17:53.052+0530: 7.448: Total time for which application threads were stopped: 0.0003860 seconds, Stopping threads took: 0.0002173 seconds
2016-12-13T13:17:53.063+0530: 7.459: Total time for which application threads were stopped: 0.0020772 seconds, Stopping threads took: 0.0019568 seconds
2016-12-13T13:17:53.080+0530: 7.476: Total time for which application threads were stopped: 0.0023441 seconds, Stopping threads took: 0.0022508 seconds
{Heap before GC invocations=9 (full 1):
 par new generation   total 109248K, used 98018K [0x00000000e0000000, 0x00000000e8000000, 0x00000000e8000000)
  eden space 87424K, 100% used [0x00000000e0000000, 0x00000000e5560000, 0x00000000e5560000)
  from space 21824K,  48% used [0x00000000e6ab0000, 0x00000000e7508900, 0x00000000e8000000)
  to   space 21824K,   0% used [0x00000000e5560000, 0x00000000e5560000, 0x00000000e6ab0000)
 concurrent mark-sweep generation total 393216K, used 5520K [0x00000000e8000000, 0x0000000100000000, 0x0000000100000000)
 Metaspace       used 30047K, capacity 30534K, committed 30920K, reserved 1077248K
  class space    used 3537K, capacity 3702K, committed 3784K, reserved 1048576K
2016-12-13T13:17:53.458+0530: 7.854: [GC (Allocation Failure) 2016-12-13T13:17:53.458+0530: 7.854: [ParNew
Desired survivor size 20112992 bytes, new threshold 8 (max 8)
- age   1:   12269832 bytes,   12269832 total
- age   2:    2148760 bytes,   14418592 total
- age   3:     305504 bytes,   14724096 total
- age   4:     112032 bytes,   14836128 total
- age   5:     277488 bytes,   15113616 total
- age   6:     122536 bytes,   15236152 total
- age   7:      37888 bytes,   15274040 total
- age   8:     371408 bytes,   15645448 total
: 98018K->18118K(109248K), 0.0221415 secs] 103538K->26072K(502464K), 0.0222393 secs] [Times: user=0.09 sys=0.00, real=0.02 secs] 
Heap after GC invocations=10 (full 1):
 par new generation   total 109248K, used 18118K [0x00000000e0000000, 0x00000000e8000000, 0x00000000e8000000)
  eden space 87424K,   0% used [0x00000000e0000000, 0x00000000e0000000, 0x00000000e5560000)
  from space 21824K,  83% used [0x00000000e5560000, 0x00000000e67118a0, 0x00000000e6ab0000)
  to   space 21824K,   0% used [0x00000000e6ab0000, 0x00000000e6ab0000, 0x00000000e8000000)
 concurrent mark-sweep generation total 393216K, used 7954K [0x00000000e8000000, 0x0000000100000000, 0x0000000100000000)
 Metaspace       used 30047K, capacity 30534K, committed 30920K, reserved 1077248K
  class space    used 3537K, capacity 3702K, committed 3784K, reserved 1048576K
}
2016-12-13T13:17:53.480+0530: 7.876: Total time for which application threads were stopped: 0.0249578 seconds, Stopping threads took: 0.0022325 seconds
2016-12-13T13:17:53.484+0530: 7.881: Total time for which application threads were stopped: 0.0002548 seconds, Stopping threads took: 0.0001424 seconds
2016-12-13T13:17:53.489+0530: 7.885: Total time for which application threads were stopped: 0.0005020 seconds, Stopping threads took: 0.0003775 seconds
2016-12-13T13:17:53.489+0530: 7.885: Total time for which application threads were stopped: 0.0001165 seconds, Stopping threads took: 0.0000428 seconds
2016-12-13T13:17:53.516+0530: 7.913: Total time for which application threads were stopped: 0.0006792 seconds, Stopping threads took: 0.0005462 seconds
2016-12-13T13:17:53.548+0530: 7.944: Total time for which application threads were stopped: 0.0030724 seconds, Stopping threads took: 0.0029269 seconds
{Heap before GC invocations=10 (full 1):
 par new generation   total 109248K, used 105542K [0x00000000e0000000, 0x00000000e8000000, 0x00000000e8000000)
  eden space 87424K, 100% used [0x00000000e0000000, 0x00000000e5560000, 0x00000000e5560000)
  from space 21824K,  83% used [0x00000000e5560000, 0x00000000e67118a0, 0x00000000e6ab0000)
  to   space 21824K,   0% used [0x00000000e6ab0000, 0x00000000e6ab0000, 0x00000000e8000000)
 concurrent mark-sweep generation total 393216K, used 7954K [0x00000000e8000000, 0x0000000100000000, 0x0000000100000000)
 Metaspace       used 30090K, capacity 30588K, committed 30920K, reserved 1077248K
  class space    used 3542K, capacity 3711K, committed 3784K, reserved 1048576K
2016-12-13T13:17:53.660+0530: 8.056: [GC (Allocation Failure) 2016-12-13T13:17:53.660+0530: 8.056: [ParNew
Desired survivor size 20112992 bytes, new threshold 8 (max 8)
- age   1:     909336 bytes,     909336 total
- age   2:    9111248 bytes,   10020584 total
- age   3:    2144928 bytes,   12165512 total
- age   4:     305504 bytes,   12471016 total
- age   5:     112032 bytes,   12583048 total
- age   6:     277488 bytes,   12860536 total
- age   7:     122224 bytes,   12982760 total
- age   8:      37680 bytes,   13020440 total
: 105542K->18263K(109248K), 0.0154845 secs] 113496K->26586K(502464K), 0.0155885 secs] [Times: user=0.06 sys=0.00, real=0.01 secs] 
Heap after GC invocations=11 (full 1):
 par new generation   total 109248K, used 18263K [0x00000000e0000000, 0x00000000e8000000, 0x00000000e8000000)
  eden space 87424K,   0% used [0x00000000e0000000, 0x00000000e0000000, 0x00000000e5560000)
  from space 21824K,  83% used [0x00000000e6ab0000, 0x00000000e7c85cd0, 0x00000000e8000000)
  to   space 21824K,   0% used [0x00000000e5560000, 0x00000000e5560000, 0x00000000e6ab0000)
 concurrent mark-sweep generation total 393216K, used 8323K [0x00000000e8000000, 0x0000000100000000, 0x0000000100000000)
 Metaspace       used 30090K, capacity 30588K, committed 30920K, reserved 1077248K
  class space    used 3542K, capacity 3711K, committed 3784K, reserved 1048576K
}
2016-12-13T13:17:53.675+0530: 8.072: Total time for which application threads were stopped: 0.0168384 seconds, Stopping threads took: 0.0009541 seconds
2016-12-13T13:17:53.676+0530: 8.072: Total time for which application threads were stopped: 0.0001633 seconds, Stopping threads took: 0.0000531 seconds
{Heap before GC invocations=11 (full 1):
 par new generation   total 109248K, used 105687K [0x00000000e0000000, 0x00000000e8000000, 0x00000000e8000000)
  eden space 87424K, 100% used [0x00000000e0000000, 0x00000000e5560000, 0x00000000e5560000)
  from space 21824K,  83% used [0x00000000e6ab0000, 0x00000000e7c85cd0, 0x00000000e8000000)
  to   space 21824K,   0% used [0x00000000e5560000, 0x00000000e5560000, 0x00000000e6ab0000)
 concurrent mark-sweep generation total 393216K, used 8323K [0x00000000e8000000, 0x0000000100000000, 0x0000000100000000)
 Metaspace       used 30120K, capacity 30658K, committed 30920K, reserved 1077248K
  class space    used 3542K, capacity 3712K, committed 3784K, reserved 1048576K
2016-12-13T13:17:53.832+0530: 8.229: [GC (Allocation Failure) 2016-12-13T13:17:53.832+0530: 8.229: [ParNew
Desired survivor size 20112992 bytes, new threshold 8 (max 8)
- age   1:     159448 bytes,     159448 total
- age   2:     883840 bytes,    1043288 total
- age   3:    9079712 bytes,   10123000 total
- age   4:    2141960 bytes,   12264960 total
- age   5:     305504 bytes,   12570464 total
- age   6:     112032 bytes,   12682496 total
- age   7:     277384 bytes,   12959880 total
- age   8:     122224 bytes,   13082104 total
: 105687K->15880K(109248K), 0.0177220 secs] 114010K->24242K(502464K), 0.0178197 secs] [Times: user=0.06 sys=0.00, real=0.02 secs] 
Heap after GC invocations=12 (full 1):
 par new generation   total 109248K, used 15880K [0x00000000e0000000, 0x00000000e8000000, 0x00000000e8000000)
  eden space 87424K,   0% used [0x00000000e0000000, 0x00000000e0000000, 0x00000000e5560000)
  from space 21824K,  72% used [0x00000000e5560000, 0x00000000e64e20d0, 0x00000000e6ab0000)
  to   space 21824K,   0% used [0x00000000e6ab0000, 0x00000000e6ab0000, 0x00000000e8000000)
 concurrent mark-sweep generation total 393216K, used 8362K [0x00000000e8000000, 0x0000000100000000, 0x0000000100000000)
 Metaspace       used 30120K, capacity 30658K, committed 30920K, reserved 1077248K
  class space    used 3542K, capacity 3712K, committed 3784K, reserved 1048576K
}
2016-12-13T13:17:53.850+0530: 8.247: Total time for which application threads were stopped: 0.0180558 seconds, Stopping threads took: 0.0000241 seconds
2016-12-13T13:17:54.059+0530: 8.455: Total time for which application threads were stopped: 0.0006381 seconds, Stopping threads took: 0.0000303 seconds
2016-12-13T13:17:54.215+0530: 8.611: Total time for which application threads were stopped: 0.0002115 seconds, Stopping threads took: 0.0000870 seconds
2016-12-13T13:17:54.244+0530: 8.641: Total time for which application threads were stopped: 0.0001245 seconds, Stopping threads took: 0.0000312 seconds
2016-12-13T13:17:55.244+0530: 9.640: Total time for which application threads were stopped: 0.0001156 seconds, Stopping threads took: 0.0000272 seconds
2016-12-13T13:18:09.245+0530: 23.641: Total time for which application threads were stopped: 0.0001455 seconds, Stopping threads took: 0.0000482 seconds
2016-12-13T13:18:16.354+0530: 30.749: Total time for which application threads were stopped: 0.0000888 seconds, Stopping threads took: 0.0000295 seconds
2016-12-13T13:18:16.541+0530: 30.936: Total time for which application threads were stopped: 0.0001450 seconds, Stopping threads took: 0.0000299 seconds
2016-12-13T13:18:16.543+0530: 30.938: Total time for which application threads were stopped: 0.0001397 seconds, Stopping threads took: 0.0000321 seconds
2016-12-13T13:18:16.544+0530: 30.939: Total time for which application threads were stopped: 0.0000991 seconds, Stopping threads took: 0.0000317 seconds
2016-12-13T13:18:16.557+0530: 30.952: Total time for which application threads were stopped: 0.0001232 seconds, Stopping threads took: 0.0000263 seconds
2016-12-13T13:18:16.559+0530: 30.954: Total time for which application threads were stopped: 0.0001080 seconds, Stopping threads took: 0.0000339 seconds
2016-12-13T13:18:17.559+0530: 31.954: Total time for which application threads were stopped: 0.0001013 seconds, Stopping threads took: 0.0000228 seconds
2016-12-13T13:18:50.562+0530: 64.955: Total time for which application threads were stopped: 0.0001169 seconds, Stopping threads took: 0.0000317 seconds
2016-12-13T13:19:00.563+0530: 74.956: Total time for which application threads were stopped: 0.0000794 seconds, Stopping threads took: 0.0000223 seconds
2016-12-13T13:19:02.564+0530: 76.956: Total time for which application threads were stopped: 0.0000808 seconds, Stopping threads took: 0.0000205 seconds
2016-12-13T13:19:11.564+0530: 85.956: Total time for which application threads were stopped: 0.0001071 seconds, Stopping threads took: 0.0000237 seconds
2016-12-13T13:20:45.574+0530: 179.960: Total time for which application threads were stopped: 0.0000736 seconds, Stopping threads took: 0.0000205 seconds
2016-12-13T13:22:15.583+0530: 269.963: Total time for which application threads were stopped: 0.0000901 seconds, Stopping threads took: 0.0000281 seconds
2016-12-13T13:37:05.911+0530: 1160.238: Total time for which application threads were stopped: 0.0001517 seconds, Stopping threads took: 0.0000312 seconds
2016-12-13T13:39:54.928+0530: 1329.244: Total time for which application threads were stopped: 0.0002035 seconds, Stopping threads took: 0.0000558 seconds
2016-12-13T13:40:42.935+0530: 1377.249: Total time for which application threads were stopped: 0.0006662 seconds, Stopping threads took: 0.0001606 seconds
2016-12-13T13:47:35.980+0530: 1790.274: Total time for which application threads were stopped: 0.0022549 seconds, Stopping threads took: 0.0000397 seconds
2016-12-13T13:49:27.993+0530: 1902.279: Total time for which application threads were stopped: 0.0001151 seconds, Stopping threads took: 0.0000263 seconds
2016-12-13T13:52:37.014+0530: 2091.290: Total time for which application threads were stopped: 0.0001602 seconds, Stopping threads took: 0.0000411 seconds
2016-12-13T13:52:40.014+0530: 2094.290: Total time for which application threads were stopped: 0.0001669 seconds, Stopping threads took: 0.0000406 seconds
2016-12-13T14:11:05.133+0530: 3199.350: Total time for which application threads were stopped: 0.0001656 seconds, Stopping threads took: 0.0000428 seconds
2016-12-13T14:12:15.140+0530: 3269.354: Total time for which application threads were stopped: 0.0001647 seconds, Stopping threads took: 0.0000388 seconds
2016-12-13T14:19:57.186+0530: 3731.376: Total time for which application threads were stopped: 0.0001651 seconds, Stopping threads took: 0.0000428 seconds
2016-12-13T14:19:58.190+0530: 3732.381: Total time for which application threads were stopped: 0.0000946 seconds, Stopping threads took: 0.0000263 seconds
2016-12-13T14:21:43.202+0530: 3837.386: Total time for which application threads were stopped: 0.0001615 seconds, Stopping threads took: 0.0000402 seconds
2016-12-13T14:36:15.290+0530: 4709.427: Total time for which application threads were stopped: 0.0002200 seconds, Stopping threads took: 0.0000460 seconds
2016-12-13T14:51:05.380+0530: 5599.469: Total time for which application threads were stopped: 0.0001905 seconds, Stopping threads took: 0.0000469 seconds
2016-12-13T15:09:19.489+0530: 6693.522: Total time for which application threads were stopped: 0.0001624 seconds, Stopping threads took: 0.0000402 seconds
2016-12-13T15:18:19.543+0530: 7233.545: Total time for which application threads were stopped: 0.0001972 seconds, Stopping threads took: 0.0000678 seconds
2016-12-13T15:26:19.591+0530: 7713.568: Total time for which application threads were stopped: 0.0001687 seconds, Stopping threads took: 0.0000424 seconds
2016-12-13T16:13:01.910+0530: 10515.738: Total time for which application threads were stopped: 0.0001821 seconds, Stopping threads took: 0.0000473 seconds
2016-12-13T16:13:51.918+0530: 10565.744: Total time for which application threads were stopped: 0.0000830 seconds, Stopping threads took: 0.0000228 seconds
2016-12-13T16:15:40.929+0530: 10674.748: Total time for which application threads were stopped: 0.0000879 seconds, Stopping threads took: 0.0000210 seconds
2016-12-13T16:17:04.938+0530: 10758.752: Total time for which application threads were stopped: 0.0001200 seconds, Stopping threads took: 0.0000241 seconds
2016-12-13T16:18:19.945+0530: 10833.755: Total time for which application threads were stopped: 0.0001718 seconds, Stopping threads took: 0.0000486 seconds
2016-12-13T17:15:18.359+0530: 14251.969: Total time for which application threads were stopped: 0.0000870 seconds, Stopping threads took: 0.0000210 seconds
2016-12-13T17:19:52.386+0530: 14525.980: Total time for which application threads were stopped: 0.0001062 seconds, Stopping threads took: 0.0000250 seconds
2016-12-13T17:22:15.402+0530: 14668.987: Total time for which application threads were stopped: 0.0001120 seconds, Stopping threads took: 0.0000237 seconds
2016-12-13T17:47:17.579+0530: 16171.082: Total time for which application threads were stopped: 0.0000986 seconds, Stopping threads took: 0.0000272 seconds
2016-12-13T17:55:55.632+0530: 16689.106: Total time for which application threads were stopped: 0.0000857 seconds, Stopping threads took: 0.0000214 seconds
2016-12-13T18:17:51.764+0530: 18005.169: Total time for which application threads were stopped: 0.0002441 seconds, Stopping threads took: 0.0000656 seconds
2016-12-13T18:30:36.847+0530: 18770.206: Total time for which application threads were stopped: 0.0000910 seconds, Stopping threads took: 0.0000245 seconds
2016-12-13T18:32:16.857+0530: 18870.210: Total time for which application threads were stopped: 0.0001232 seconds, Stopping threads took: 0.0000295 seconds
2016-12-13T18:35:58.890+0530: 19092.230: Total time for which application threads were stopped: 0.0001227 seconds, Stopping threads took: 0.0000361 seconds
2016-12-13T18:38:58.998+0530: 19272.329: Total time for which application threads were stopped: 0.0002370 seconds, Stopping threads took: 0.0000228 seconds
2016-12-13T18:39:07.998+0530: 19281.328: Total time for which application threads were stopped: 0.0001040 seconds, Stopping threads took: 0.0000223 seconds
2016-12-13T18:39:08.013+0530: 19281.343: Total time for which application threads were stopped: 0.0000897 seconds, Stopping threads took: 0.0000219 seconds
2016-12-13T18:39:08.013+0530: 19281.343: Total time for which application threads were stopped: 0.0000660 seconds, Stopping threads took: 0.0000147 seconds
2016-12-13T18:39:08.034+0530: 19281.364: Total time for which application threads were stopped: 0.0000826 seconds, Stopping threads took: 0.0000219 seconds
2016-12-13T18:39:08.034+0530: 19281.364: Total time for which application threads were stopped: 0.0000339 seconds, Stopping threads took: 0.0000071 seconds
2016-12-13T18:39:08.035+0530: 19281.365: Total time for which application threads were stopped: 0.0001084 seconds, Stopping threads took: 0.0000571 seconds
2016-12-13T18:39:08.035+0530: 19281.365: Total time for which application threads were stopped: 0.0000442 seconds, Stopping threads took: 0.0000129 seconds
2016-12-13T18:39:08.044+0530: 19281.373: Total time for which application threads were stopped: 0.0000879 seconds, Stopping threads took: 0.0000228 seconds
2016-12-13T18:39:08.044+0530: 19281.374: Total time for which application threads were stopped: 0.0000553 seconds, Stopping threads took: 0.0000116 seconds
2016-12-13T18:39:08.071+0530: 19281.401: Total time for which application threads were stopped: 0.0001473 seconds, Stopping threads took: 0.0000477 seconds
2016-12-13T18:39:08.071+0530: 19281.401: Total time for which application threads were stopped: 0.0000955 seconds, Stopping threads took: 0.0000531 seconds
2016-12-13T18:39:08.079+0530: 19281.409: Total time for which application threads were stopped: 0.0000933 seconds, Stopping threads took: 0.0000205 seconds
2016-12-13T18:39:08.079+0530: 19281.409: Total time for which application threads were stopped: 0.0000714 seconds, Stopping threads took: 0.0000192 seconds
2016-12-13T18:39:10.079+0530: 19283.409: Total time for which application threads were stopped: 0.0001557 seconds, Stopping threads took: 0.0000486 seconds
2016-12-13T18:39:11.079+0530: 19284.409: Total time for which application threads were stopped: 0.0000906 seconds, Stopping threads took: 0.0000201 seconds
2016-12-13T18:39:12.079+0530: 19285.409: Total time for which application threads were stopped: 0.0002044 seconds, Stopping threads took: 0.0000446 seconds
2016-12-13T18:39:18.080+0530: 19291.409: Total time for which application threads were stopped: 0.0001932 seconds, Stopping threads took: 0.0000397 seconds
2016-12-13T18:39:21.080+0530: 19294.409: Total time for which application threads were stopped: 0.0001731 seconds, Stopping threads took: 0.0000437 seconds
2016-12-13T18:39:53.344+0530: 19326.672: Total time for which application threads were stopped: 0.0001178 seconds, Stopping threads took: 0.0000254 seconds
2016-12-13T18:39:53.363+0530: 19326.691: Total time for which application threads were stopped: 0.0001513 seconds, Stopping threads took: 0.0000303 seconds
2016-12-13T18:39:53.366+0530: 19326.694: Total time for which application threads were stopped: 0.0002428 seconds, Stopping threads took: 0.0000232 seconds
2016-12-13T18:39:54.367+0530: 19327.694: Total time for which application threads were stopped: 0.0002008 seconds, Stopping threads took: 0.0000326 seconds
2016-12-13T18:40:02.367+0530: 19335.694: Total time for which application threads were stopped: 0.0001490 seconds, Stopping threads took: 0.0000312 seconds
2016-12-13T18:40:07.368+0530: 19340.694: Total time for which application threads were stopped: 0.0001763 seconds, Stopping threads took: 0.0000455 seconds
2016-12-13T18:40:15.715+0530: 19349.041: Total time for which application threads were stopped: 0.0000968 seconds, Stopping threads took: 0.0000223 seconds
2016-12-13T18:40:15.715+0530: 19349.041: Total time for which application threads were stopped: 0.0000433 seconds, Stopping threads took: 0.0000116 seconds
{Heap before GC invocations=12 (full 1):
 par new generation   total 109248K, used 103304K [0x00000000e0000000, 0x00000000e8000000, 0x00000000e8000000)
  eden space 87424K, 100% used [0x00000000e0000000, 0x00000000e5560000, 0x00000000e5560000)
  from space 21824K,  72% used [0x00000000e5560000, 0x00000000e64e20d0, 0x00000000e6ab0000)
  to   space 21824K,   0% used [0x00000000e6ab0000, 0x00000000e6ab0000, 0x00000000e8000000)
 concurrent mark-sweep generation total 393216K, used 8362K [0x00000000e8000000, 0x0000000100000000, 0x0000000100000000)
 Metaspace       used 32628K, capacity 33168K, committed 33480K, reserved 1079296K
  class space    used 3791K, capacity 3949K, committed 4040K, reserved 1048576K
2016-12-13T18:40:15.716+0530: 19349.042: [GC (Allocation Failure) 2016-12-13T18:40:15.716+0530: 19349.042: [ParNew
Desired survivor size 20112992 bytes, new threshold 8 (max 8)
- age   1:    5628512 bytes,    5628512 total
- age   2:     129176 bytes,    5757688 total
- age   3:     172208 bytes,    5929896 total
- age   4:    9071280 bytes,   15001176 total
- age   5:    2140608 bytes,   17141784 total
- age   6:     305440 bytes,   17447224 total
- age   7:     112000 bytes,   17559224 total
- age   8:     277192 bytes,   17836416 total
: 103304K->21824K(109248K), 0.0273027 secs] 111666K->30509K(502464K), 0.0273866 secs] [Times: user=0.06 sys=0.00, real=0.03 secs] 
Heap after GC invocations=13 (full 1):
 par new generation   total 109248K, used 21824K [0x00000000e0000000, 0x00000000e8000000, 0x00000000e8000000)
  eden space 87424K,   0% used [0x00000000e0000000, 0x00000000e0000000, 0x00000000e5560000)
  from space 21824K, 100% used [0x00000000e6ab0000, 0x00000000e8000000, 0x00000000e8000000)
  to   space 21824K,   0% used [0x00000000e5560000, 0x00000000e5560000, 0x00000000e6ab0000)
 concurrent mark-sweep generation total 393216K, used 8685K [0x00000000e8000000, 0x0000000100000000, 0x0000000100000000)
 Metaspace       used 32628K, capacity 33168K, committed 33480K, reserved 1079296K
  class space    used 3791K, capacity 3949K, committed 4040K, reserved 1048576K
}
2016-12-13T18:40:15.743+0530: 19349.069: Total time for which application threads were stopped: 0.0276062 seconds, Stopping threads took: 0.0000071 seconds
2016-12-13T18:40:15.747+0530: 19349.073: Total time for which application threads were stopped: 0.0001709 seconds, Stopping threads took: 0.0001089 seconds
2016-12-13T18:40:15.750+0530: 19349.076: Total time for which application threads were stopped: 0.0001357 seconds, Stopping threads took: 0.0000295 seconds
2016-12-13T18:40:15.751+0530: 19349.077: Total time for which application threads were stopped: 0.0001441 seconds, Stopping threads took: 0.0000250 seconds
2016-12-13T18:40:16.751+0530: 19350.077: Total time for which application threads were stopped: 0.0002137 seconds, Stopping threads took: 0.0000424 seconds
2016-12-13T18:40:18.751+0530: 19352.077: Total time for which application threads were stopped: 0.0001919 seconds, Stopping threads took: 0.0000393 seconds
2016-12-13T18:40:20.751+0530: 19354.077: Total time for which application threads were stopped: 0.0001709 seconds, Stopping threads took: 0.0000428 seconds
2016-12-13T18:40:23.752+0530: 19357.077: Total time for which application threads were stopped: 0.0000812 seconds, Stopping threads took: 0.0000178 seconds
2016-12-13T18:40:24.752+0530: 19358.077: Total time for which application threads were stopped: 0.0001075 seconds, Stopping threads took: 0.0000241 seconds
2016-12-13T18:40:25.752+0530: 19359.077: Total time for which application threads were stopped: 0.0001785 seconds, Stopping threads took: 0.0000460 seconds
2016-12-13T18:40:29.752+0530: 19363.077: Total time for which application threads were stopped: 0.0001749 seconds, Stopping threads took: 0.0000388 seconds
2016-12-13T18:40:30.752+0530: 19364.077: Total time for which application threads were stopped: 0.0000942 seconds, Stopping threads took: 0.0000232 seconds
2016-12-13T18:40:59.755+0530: 19393.079: Total time for which application threads were stopped: 0.0001816 seconds, Stopping threads took: 0.0000509 seconds
2016-12-13T18:41:35.759+0530: 19429.080: Total time for which application threads were stopped: 0.0001696 seconds, Stopping threads took: 0.0000424 seconds
2016-12-13T18:41:39.759+0530: 19433.081: Total time for which application threads were stopped: 0.0002017 seconds, Stopping threads took: 0.0000442 seconds
2016-12-13T18:41:43.760+0530: 19437.081: Total time for which application threads were stopped: 0.0001383 seconds, Stopping threads took: 0.0000366 seconds
2016-12-13T18:41:50.760+0530: 19444.081: Total time for which application threads were stopped: 0.0001700 seconds, Stopping threads took: 0.0000424 seconds
2016-12-13T18:41:52.760+0530: 19446.081: Total time for which application threads were stopped: 0.0001709 seconds, Stopping threads took: 0.0000433 seconds
2016-12-13T18:42:34.765+0530: 19488.083: Total time for which application threads were stopped: 0.0001223 seconds, Stopping threads took: 0.0000272 seconds
2016-12-13T18:47:10.795+0530: 19764.098: Total time for which application threads were stopped: 0.0004391 seconds, Stopping threads took: 0.0000268 seconds
2016-12-13T18:47:31.797+0530: 19785.100: Total time for which application threads were stopped: 0.0007501 seconds, Stopping threads took: 0.0002026 seconds
2016-12-13T20:41:59.621+0530: 26652.549: Total time for which application threads were stopped: 0.0001606 seconds, Stopping threads took: 0.0000504 seconds
2016-12-14T13:27:59.130+0530: 86997.813: Total time for which application threads were stopped: 0.0138383 seconds, Stopping threads took: 0.0051666 seconds
2016-12-14T14:28:19.389+0530: 90617.985: Total time for which application threads were stopped: 0.0000995 seconds, Stopping threads took: 0.0000286 seconds
2016-12-14T16:35:25.588+0530: 98243.986: Total time for which application threads were stopped: 0.0034798 seconds, Stopping threads took: 0.0018456 seconds
2016-12-14T16:35:45.590+0530: 98263.986: Total time for which application threads were stopped: 0.0004449 seconds, Stopping threads took: 0.0001000 seconds
2016-12-16T17:08:21.764+0530: 272989.201: Total time for which application threads were stopped: 0.0130271 seconds, Stopping threads took: 0.0038908 seconds
2016-12-16T17:08:39.766+0530: 273007.202: Total time for which application threads were stopped: 0.0001120 seconds, Stopping threads took: 0.0000277 seconds
2016-12-16T17:10:55.786+0530: 273143.214: Total time for which application threads were stopped: 0.0001580 seconds, Stopping threads took: 0.0000379 seconds
2016-12-16T17:12:35.025+0530: 273242.447: Total time for which application threads were stopped: 0.2188253 seconds, Stopping threads took: 0.2099657 seconds
2016-12-16T17:12:36.025+0530: 273243.447: Total time for which application threads were stopped: 0.0002999 seconds, Stopping threads took: 0.0000540 seconds
2016-12-16T17:21:55.403+0530: 273802.791: Total time for which application threads were stopped: 0.0002436 seconds, Stopping threads took: 0.0000576 seconds
2016-12-16T17:22:16.467+0530: 273823.854: Total time for which application threads were stopped: 0.0272867 seconds, Stopping threads took: 0.0271568 seconds
2016-12-16T17:29:02.893+0530: 274230.254: Total time for which application threads were stopped: 0.0001794 seconds, Stopping threads took: 0.0000540 seconds
2016-12-16T17:34:59.132+0530: 274586.473: Total time for which application threads were stopped: 0.0120806 seconds, Stopping threads took: 0.0107254 seconds
2016-12-16T17:35:00.133+0530: 274587.474: Total time for which application threads were stopped: 0.0016600 seconds, Stopping threads took: 0.0001914 seconds
2016-12-16T17:35:01.384+0530: 274588.725: Total time for which application threads were stopped: 0.0002713 seconds, Stopping threads took: 0.0000558 seconds
2016-12-16T17:35:01.390+0530: 274588.731: Total time for which application threads were stopped: 0.0024731 seconds, Stopping threads took: 0.0018764 seconds
2016-12-16T17:35:01.394+0530: 274588.735: Total time for which application threads were stopped: 0.0001794 seconds, Stopping threads took: 0.0000477 seconds
2016-12-16T17:35:02.395+0530: 274589.734: Total time for which application threads were stopped: 0.0001580 seconds, Stopping threads took: 0.0000326 seconds
2016-12-16T17:38:50.644+0530: 274817.970: Total time for which application threads were stopped: 0.0012709 seconds, Stopping threads took: 0.0004761 seconds
2016-12-16T17:38:51.645+0530: 274818.971: Total time for which application threads were stopped: 0.0001508 seconds, Stopping threads took: 0.0000411 seconds
2016-12-16T17:38:52.646+0530: 274819.972: Total time for which application threads were stopped: 0.0001763 seconds, Stopping threads took: 0.0000321 seconds
2016-12-16T17:38:55.685+0530: 274823.011: Total time for which application threads were stopped: 0.0188987 seconds, Stopping threads took: 0.0115197 seconds
{Heap before GC invocations=13 (full 1):
 par new generation   total 109248K, used 109248K [0x00000000e0000000, 0x00000000e8000000, 0x00000000e8000000)
  eden space 87424K, 100% used [0x00000000e0000000, 0x00000000e5560000, 0x00000000e5560000)
  from space 21824K, 100% used [0x00000000e6ab0000, 0x00000000e8000000, 0x00000000e8000000)
  to   space 21824K,   0% used [0x00000000e5560000, 0x00000000e5560000, 0x00000000e6ab0000)
 concurrent mark-sweep generation total 393216K, used 8685K [0x00000000e8000000, 0x0000000100000000, 0x0000000100000000)
 Metaspace       used 33000K, capacity 33552K, committed 33736K, reserved 1079296K
  class space    used 3791K, capacity 3949K, committed 4040K, reserved 1048576K
2016-12-16T17:38:56.492+0530: 274823.818: [GC (Allocation Failure) 2016-12-16T17:38:56.493+0530: 274823.819: [ParNew
Desired survivor size 20112992 bytes, new threshold 8 (max 8)
- age   1:     796776 bytes,     796776 total
- age   2:    4169232 bytes,    4966008 total
- age   3:     129096 bytes,    5095104 total
- age   4:     171488 bytes,    5266592 total
- age   5:    9022240 bytes,   14288832 total
- age   6:    2109776 bytes,   16398608 total
- age   7:     290464 bytes,   16689072 total
- age   8:     105112 bytes,   16794184 total
: 109248K->21824K(109248K), 0.2112678 secs] 117933K->30786K(502464K), 0.2121509 secs] [Times: user=0.05 sys=0.08, real=0.21 secs] 
Heap after GC invocations=14 (full 1):
 par new generation   total 109248K, used 21824K [0x00000000e0000000, 0x00000000e8000000, 0x00000000e8000000)
  eden space 87424K,   0% used [0x00000000e0000000, 0x00000000e0000000, 0x00000000e5560000)
  from space 21824K, 100% used [0x00000000e5560000, 0x00000000e6ab0000, 0x00000000e6ab0000)
  to   space 21824K,   0% used [0x00000000e6ab0000, 0x00000000e6ab0000, 0x00000000e8000000)
 concurrent mark-sweep generation total 393216K, used 8962K [0x00000000e8000000, 0x0000000100000000, 0x0000000100000000)
 Metaspace       used 33000K, capacity 33552K, committed 33736K, reserved 1079296K
  class space    used 3791K, capacity 3949K, committed 4040K, reserved 1048576K
}
2016-12-16T17:38:56.704+0530: 274824.030: Total time for which application threads were stopped: 0.2195259 seconds, Stopping threads took: 0.0000638 seconds
2016-12-16T17:38:57.704+0530: 274825.030: Total time for which application threads were stopped: 0.0005971 seconds, Stopping threads took: 0.0001691 seconds
2016-12-16T18:41:28.269+0530: 278575.616: Total time for which application threads were stopped: 0.0189139 seconds, Stopping threads took: 0.0001955 seconds
2016-12-16T18:41:51.249+0530: 278598.620: Total time for which application threads were stopped: 0.0001794 seconds, Stopping threads took: 0.0000402 seconds
2016-12-16T18:41:55.257+0530: 278602.632: Total time for which application threads were stopped: 0.0001357 seconds, Stopping threads took: 0.0000357 seconds
2016-12-16T18:41:57.266+0530: 278604.644: Total time for which application threads were stopped: 0.0065321 seconds, Stopping threads took: 0.0063433 seconds
2016-12-16T18:41:58.298+0530: 278605.677: Total time for which application threads were stopped: 0.0319954 seconds, Stopping threads took: 0.0003565 seconds
2016-12-16T18:41:59.297+0530: 278606.677: Total time for which application threads were stopped: 0.0001499 seconds, Stopping threads took: 0.0000303 seconds
2016-12-16T18:42:03.293+0530: 278610.677: Total time for which application threads were stopped: 0.0001486 seconds, Stopping threads took: 0.0000397 seconds
2016-12-16T18:42:04.293+0530: 278611.678: Total time for which application threads were stopped: 0.0002459 seconds, Stopping threads took: 0.0000473 seconds
2016-12-16T18:42:07.290+0530: 278614.678: Total time for which application threads were stopped: 0.0003275 seconds, Stopping threads took: 0.0001495 seconds
2016-12-16T18:42:08.290+0530: 278615.679: Total time for which application threads were stopped: 0.0010763 seconds, Stopping threads took: 0.0002182 seconds
2016-12-16T18:42:10.288+0530: 278617.679: Total time for which application threads were stopped: 0.0002584 seconds, Stopping threads took: 0.0000562 seconds
2016-12-16T18:42:38.261+0530: 278645.681: Total time for which application threads were stopped: 0.0001740 seconds, Stopping threads took: 0.0000393 seconds
2016-12-16T18:47:46.506+0530: 278954.032: Total time for which application threads were stopped: 0.1310540 seconds, Stopping threads took: 0.0571732 seconds
2016-12-16T18:47:51.542+0530: 278959.068: Total time for which application threads were stopped: 0.0001468 seconds, Stopping threads took: 0.0000321 seconds
2016-12-16T18:47:52.541+0530: 278960.068: Total time for which application threads were stopped: 0.0002294 seconds, Stopping threads took: 0.0000513 seconds
2016-12-16T18:47:55.567+0530: 278963.094: Total time for which application threads were stopped: 0.0261653 seconds, Stopping threads took: 0.0134189 seconds
2016-12-16T18:47:56.567+0530: 278964.094: Total time for which application threads were stopped: 0.0002392 seconds, Stopping threads took: 0.0000558 seconds
2016-12-16T18:51:33.644+0530: 279181.202: Total time for which application threads were stopped: 0.0191696 seconds, Stopping threads took: 0.0189688 seconds
2016-12-16T18:51:48.643+0530: 279196.203: Total time for which application threads were stopped: 0.0005315 seconds, Stopping threads took: 0.0001624 seconds
2016-12-16T18:56:56.839+0530: 279504.416: Total time for which application threads were stopped: 0.0002133 seconds, Stopping threads took: 0.0000370 seconds
2016-12-16T18:56:57.839+0530: 279505.416: Total time for which application threads were stopped: 0.0001544 seconds, Stopping threads took: 0.0000375 seconds
2016-12-16T18:56:58.839+0530: 279506.416: Total time for which application threads were stopped: 0.0001281 seconds, Stopping threads took: 0.0000286 seconds
2016-12-16T18:56:59.839+0530: 279507.416: Total time for which application threads were stopped: 0.0001705 seconds, Stopping threads took: 0.0000361 seconds
2016-12-16T18:57:00.839+0530: 279508.416: Total time for which application threads were stopped: 0.0001557 seconds, Stopping threads took: 0.0000277 seconds
2016-12-16T18:57:01.676+0530: 279509.253: Total time for which application threads were stopped: 0.0003927 seconds, Stopping threads took: 0.0000308 seconds
2016-12-16T18:57:01.944+0530: 279509.521: Total time for which application threads were stopped: 0.0001629 seconds, Stopping threads took: 0.0000295 seconds
2016-12-16T18:57:01.944+0530: 279509.521: Total time for which application threads were stopped: 0.0000808 seconds, Stopping threads took: 0.0000129 seconds
2016-12-16T18:57:01.945+0530: 279509.522: Total time for which application threads were stopped: 0.0000937 seconds, Stopping threads took: 0.0000125 seconds
2016-12-16T18:57:01.945+0530: 279509.522: Total time for which application threads were stopped: 0.0000781 seconds, Stopping threads took: 0.0000170 seconds
2016-12-16T18:57:01.945+0530: 279509.522: Total time for which application threads were stopped: 0.0001026 seconds, Stopping threads took: 0.0000134 seconds
2016-12-16T18:57:01.949+0530: 279509.526: Total time for which application threads were stopped: 0.0001258 seconds, Stopping threads took: 0.0000245 seconds
2016-12-16T18:57:01.949+0530: 279509.526: Total time for which application threads were stopped: 0.0001200 seconds, Stopping threads took: 0.0000205 seconds
2016-12-16T18:57:01.950+0530: 279509.527: Total time for which application threads were stopped: 0.0000977 seconds, Stopping threads took: 0.0000187 seconds
2016-12-16T18:57:01.950+0530: 279509.527: Total time for which application threads were stopped: 0.0001531 seconds, Stopping threads took: 0.0000143 seconds
2016-12-16T18:57:01.950+0530: 279509.527: Total time for which application threads were stopped: 0.0000790 seconds, Stopping threads took: 0.0000120 seconds
2016-12-16T18:57:01.950+0530: 279509.527: Total time for which application threads were stopped: 0.0000745 seconds, Stopping threads took: 0.0000112 seconds
2016-12-16T18:57:01.951+0530: 279509.528: Total time for which application threads were stopped: 0.0000714 seconds, Stopping threads took: 0.0000094 seconds
2016-12-16T18:57:01.951+0530: 279509.528: Total time for which application threads were stopped: 0.0000701 seconds, Stopping threads took: 0.0000103 seconds
2016-12-16T18:57:02.951+0530: 279510.528: Total time for which application threads were stopped: 0.0000924 seconds, Stopping threads took: 0.0000223 seconds
2016-12-16T18:57:03.951+0530: 279511.528: Total time for which application threads were stopped: 0.0001343 seconds, Stopping threads took: 0.0000277 seconds
2016-12-16T18:57:04.951+0530: 279512.528: Total time for which application threads were stopped: 0.0001200 seconds, Stopping threads took: 0.0000321 seconds
2016-12-16T18:57:05.930+0530: 279513.507: Total time for which application threads were stopped: 0.0002423 seconds, Stopping threads took: 0.0000330 seconds
2016-12-16T18:57:05.947+0530: 279513.525: Total time for which application threads were stopped: 0.0000982 seconds, Stopping threads took: 0.0000210 seconds
2016-12-16T18:57:06.002+0530: 279513.579: Total time for which application threads were stopped: 0.0001678 seconds, Stopping threads took: 0.0000326 seconds
2016-12-16T18:57:07.002+0530: 279514.579: Total time for which application threads were stopped: 0.0001160 seconds, Stopping threads took: 0.0000268 seconds
2016-12-16T18:57:10.791+0530: 279518.369: Total time for which application threads were stopped: 0.0014463 seconds, Stopping threads took: 0.0000295 seconds
2016-12-16T18:57:11.023+0530: 279518.601: Total time for which application threads were stopped: 0.0018251 seconds, Stopping threads took: 0.0000228 seconds
2016-12-16T18:57:12.023+0530: 279519.600: Total time for which application threads were stopped: 0.0001241 seconds, Stopping threads took: 0.0000237 seconds
2016-12-16T18:57:14.023+0530: 279521.600: Total time for which application threads were stopped: 0.0001611 seconds, Stopping threads took: 0.0000361 seconds
2016-12-16T18:57:16.023+0530: 279523.600: Total time for which application threads were stopped: 0.0001307 seconds, Stopping threads took: 0.0000250 seconds
2016-12-16T18:58:10.518+0530: 279578.097: Total time for which application threads were stopped: 0.0006131 seconds, Stopping threads took: 0.0000290 seconds
2016-12-16T18:58:11.518+0530: 279579.098: Total time for which application threads were stopped: 0.0006163 seconds, Stopping threads took: 0.0001178 seconds
2016-12-17T11:39:50.090+0530: 339660.170: Total time for which application threads were stopped: 0.0174141 seconds, Stopping threads took: 0.0034137 seconds
2016-12-17T11:39:51.109+0530: 339661.189: Total time for which application threads were stopped: 0.0186867 seconds, Stopping threads took: 0.0049952 seconds
2016-12-17T11:39:51.884+0530: 339661.964: Total time for which application threads were stopped: 0.0028742 seconds, Stopping threads took: 0.0000330 seconds
2016-12-17T11:39:52.883+0530: 339662.964: Total time for which application threads were stopped: 0.0001026 seconds, Stopping threads took: 0.0000277 seconds
2016-12-17T11:41:10.063+0530: 339740.154: Total time for which application threads were stopped: 0.0001183 seconds, Stopping threads took: 0.0000277 seconds
2016-12-17T11:41:10.063+0530: 339740.154: Total time for which application threads were stopped: 0.0000714 seconds, Stopping threads took: 0.0000210 seconds
2016-12-17T11:41:10.063+0530: 339740.154: Total time for which application threads were stopped: 0.0000656 seconds, Stopping threads took: 0.0000210 seconds
2016-12-17T11:41:10.065+0530: 339740.156: Total time for which application threads were stopped: 0.0005292 seconds, Stopping threads took: 0.0003980 seconds
2016-12-17T11:41:10.066+0530: 339740.157: Total time for which application threads were stopped: 0.0002387 seconds, Stopping threads took: 0.0001602 seconds
2016-12-17T11:41:10.066+0530: 339740.157: Total time for which application threads were stopped: 0.0003463 seconds, Stopping threads took: 0.0002811 seconds
2016-12-17T11:41:10.067+0530: 339740.158: Total time for which application threads were stopped: 0.0002468 seconds, Stopping threads took: 0.0001816 seconds
2016-12-17T11:41:10.068+0530: 339740.159: Total time for which application threads were stopped: 0.0013293 seconds, Stopping threads took: 0.0012397 seconds
2016-12-17T11:41:10.069+0530: 339740.160: Total time for which application threads were stopped: 0.0002526 seconds, Stopping threads took: 0.0001852 seconds
2016-12-17T11:41:10.069+0530: 339740.160: Total time for which application threads were stopped: 0.0000906 seconds, Stopping threads took: 0.0000357 seconds
2016-12-17T11:41:10.070+0530: 339740.161: Total time for which application threads were stopped: 0.0004128 seconds, Stopping threads took: 0.0003646 seconds
2016-12-17T11:41:10.070+0530: 339740.161: Total time for which application threads were stopped: 0.0003655 seconds, Stopping threads took: 0.0003213 seconds
2016-12-17T11:41:10.071+0530: 339740.162: Total time for which application threads were stopped: 0.0005475 seconds, Stopping threads took: 0.0004998 seconds
2016-12-17T11:41:10.071+0530: 339740.162: Total time for which application threads were stopped: 0.0001517 seconds, Stopping threads took: 0.0001053 seconds
2016-12-17T11:41:10.072+0530: 339740.163: Total time for which application threads were stopped: 0.0001950 seconds, Stopping threads took: 0.0001200 seconds
2016-12-17T11:41:10.073+0530: 339740.164: Total time for which application threads were stopped: 0.0001169 seconds, Stopping threads took: 0.0000504 seconds
2016-12-17T11:41:10.074+0530: 339740.165: Total time for which application threads were stopped: 0.0003882 seconds, Stopping threads took: 0.0003284 seconds
2016-12-17T11:41:10.075+0530: 339740.166: Total time for which application threads were stopped: 0.0002615 seconds, Stopping threads took: 0.0002124 seconds
2016-12-17T11:41:49.937+0530: 339780.030: Total time for which application threads were stopped: 0.0005051 seconds, Stopping threads took: 0.0000205 seconds
2016-12-17T11:41:49.938+0530: 339780.030: Total time for which application threads were stopped: 0.0000768 seconds, Stopping threads took: 0.0000134 seconds
2016-12-17T11:41:49.938+0530: 339780.031: Total time for which application threads were stopped: 0.0000772 seconds, Stopping threads took: 0.0000103 seconds
2016-12-17T11:41:49.939+0530: 339780.032: Total time for which application threads were stopped: 0.0000732 seconds, Stopping threads took: 0.0000125 seconds
2016-12-17T11:41:49.941+0530: 339780.033: Total time for which application threads were stopped: 0.0000933 seconds, Stopping threads took: 0.0000170 seconds
2016-12-17T11:41:49.944+0530: 339780.037: Total time for which application threads were stopped: 0.0005980 seconds, Stopping threads took: 0.0000241 seconds
2016-12-17T11:41:50.944+0530: 339781.036: Total time for which application threads were stopped: 0.0001267 seconds, Stopping threads took: 0.0000299 seconds
2016-12-17T11:41:59.408+0530: 339789.501: Total time for which application threads were stopped: 0.0004168 seconds, Stopping threads took: 0.0001450 seconds
2016-12-17T11:41:59.409+0530: 339789.502: Total time for which application threads were stopped: 0.0001200 seconds, Stopping threads took: 0.0000254 seconds
2016-12-17T11:42:30.412+0530: 339820.506: Total time for which application threads were stopped: 0.0001361 seconds, Stopping threads took: 0.0000330 seconds
2016-12-17T11:42:31.418+0530: 339821.512: Total time for which application threads were stopped: 0.0064085 seconds, Stopping threads took: 0.0000250 seconds
2016-12-17T11:42:33.434+0530: 339823.528: Total time for which application threads were stopped: 0.0100408 seconds, Stopping threads took: 0.0070385 seconds
2016-12-17T11:42:34.434+0530: 339824.528: Total time for which application threads were stopped: 0.0005127 seconds, Stopping threads took: 0.0000277 seconds
2016-12-17T11:42:45.073+0530: 339835.168: Total time for which application threads were stopped: 0.0001178 seconds, Stopping threads took: 0.0000308 seconds
2016-12-17T11:42:45.078+0530: 339835.173: Total time for which application threads were stopped: 0.0001700 seconds, Stopping threads took: 0.0000549 seconds
2016-12-17T11:42:45.079+0530: 339835.174: Total time for which application threads were stopped: 0.0000857 seconds, Stopping threads took: 0.0000161 seconds
2016-12-17T11:42:45.082+0530: 339835.176: Total time for which application threads were stopped: 0.0001897 seconds, Stopping threads took: 0.0000290 seconds
2016-12-17T11:42:45.082+0530: 339835.177: Total time for which application threads were stopped: 0.0000852 seconds, Stopping threads took: 0.0000170 seconds
2016-12-17T11:42:45.082+0530: 339835.177: Total time for which application threads were stopped: 0.0000643 seconds, Stopping threads took: 0.0000143 seconds
{Heap before GC invocations=14 (full 1):
 par new generation   total 109248K, used 109248K [0x00000000e0000000, 0x00000000e8000000, 0x00000000e8000000)
  eden space 87424K, 100% used [0x00000000e0000000, 0x00000000e5560000, 0x00000000e5560000)
  from space 21824K, 100% used [0x00000000e5560000, 0x00000000e6ab0000, 0x00000000e6ab0000)
  to   space 21824K,   0% used [0x00000000e6ab0000, 0x00000000e6ab0000, 0x00000000e8000000)
 concurrent mark-sweep generation total 393216K, used 8962K [0x00000000e8000000, 0x0000000100000000, 0x0000000100000000)
 Metaspace       used 33774K, capacity 34300K, committed 34504K, reserved 1079296K
  class space    used 3821K, capacity 3981K, committed 4040K, reserved 1048576K
2016-12-17T11:43:01.502+0530: 339851.598: [GC (Allocation Failure) 2016-12-17T11:43:01.503+0530: 339851.598: [ParNew
Desired survivor size 20112992 bytes, new threshold 8 (max 8)
- age   1:    2065424 bytes,    2065424 total
- age   2:     444504 bytes,    2509928 total
- age   3:    4167128 bytes,    6677056 total
- age   4:     129096 bytes,    6806152 total
- age   5:     171488 bytes,    6977640 total
- age   6:    9013096 bytes,   15990736 total
- age   7:    2109088 bytes,   18099824 total
- age   8:     290464 bytes,   18390288 total
: 109248K->21824K(109248K), 0.2112870 secs] 118210K->30892K(502464K), 0.2116561 secs] [Times: user=0.09 sys=0.06, real=0.21 secs] 
Heap after GC invocations=15 (full 1):
 par new generation   total 109248K, used 21824K [0x00000000e0000000, 0x00000000e8000000, 0x00000000e8000000)
  eden space 87424K,   0% used [0x00000000e0000000, 0x00000000e0000000, 0x00000000e5560000)
  from space 21824K, 100% used [0x00000000e6ab0000, 0x00000000e8000000, 0x00000000e8000000)
  to   space 21824K,   0% used [0x00000000e5560000, 0x00000000e5560000, 0x00000000e6ab0000)
 concurrent mark-sweep generation total 393216K, used 9068K [0x00000000e8000000, 0x0000000100000000, 0x0000000100000000)
 Metaspace       used 33774K, capacity 34300K, committed 34504K, reserved 1079296K
  class space    used 3821K, capacity 3981K, committed 4040K, reserved 1048576K
}
2016-12-17T11:43:01.714+0530: 339851.809: Total time for which application threads were stopped: 0.2128819 seconds, Stopping threads took: 0.0002611 seconds
2016-12-17T11:43:02.717+0530: 339852.813: Total time for which application threads were stopped: 0.0037810 seconds, Stopping threads took: 0.0000263 seconds
2016-12-17T11:44:43.718+0530: 339953.817: Total time for which application threads were stopped: 0.0003766 seconds, Stopping threads took: 0.0001374 seconds
2016-12-17T11:44:46.174+0530: 339956.273: Total time for which application threads were stopped: 0.0001879 seconds, Stopping threads took: 0.0000513 seconds
2016-12-17T11:44:46.176+0530: 339956.275: Total time for which application threads were stopped: 0.0001526 seconds, Stopping threads took: 0.0000353 seconds
2016-12-17T11:44:46.176+0530: 339956.275: Total time for which application threads were stopped: 0.0000875 seconds, Stopping threads took: 0.0000165 seconds
2016-12-17T11:44:46.176+0530: 339956.275: Total time for which application threads were stopped: 0.0000656 seconds, Stopping threads took: 0.0000174 seconds
2016-12-17T11:44:46.176+0530: 339956.275: Total time for which application threads were stopped: 0.0000652 seconds, Stopping threads took: 0.0000147 seconds
2016-12-17T11:44:46.179+0530: 339956.278: Total time for which application threads were stopped: 0.0004297 seconds, Stopping threads took: 0.0001865 seconds
2016-12-17T11:44:46.180+0530: 339956.280: Total time for which application threads were stopped: 0.0005266 seconds, Stopping threads took: 0.0002169 seconds
2016-12-17T11:44:46.332+0530: 339956.431: Total time for which application threads were stopped: 0.0001865 seconds, Stopping threads took: 0.0000317 seconds
2016-12-17T11:44:46.332+0530: 339956.432: Total time for which application threads were stopped: 0.0001477 seconds, Stopping threads took: 0.0000263 seconds
2016-12-17T11:44:46.333+0530: 339956.432: Total time for which application threads were stopped: 0.0000861 seconds, Stopping threads took: 0.0000125 seconds
2016-12-17T11:44:46.333+0530: 339956.432: Total time for which application threads were stopped: 0.0001267 seconds, Stopping threads took: 0.0000357 seconds
2016-12-17T11:44:46.333+0530: 339956.433: Total time for which application threads were stopped: 0.0000812 seconds, Stopping threads took: 0.0000125 seconds
2016-12-17T11:44:46.333+0530: 339956.433: Total time for which application threads were stopped: 0.0000745 seconds, Stopping threads took: 0.0000120 seconds
2016-12-17T11:44:46.334+0530: 339956.433: Total time for which application threads were stopped: 0.0000937 seconds, Stopping threads took: 0.0000116 seconds
2016-12-17T11:44:46.390+0530: 339956.489: Total time for which application threads were stopped: 0.0002874 seconds, Stopping threads took: 0.0000286 seconds
2016-12-17T11:44:48.390+0530: 339958.489: Total time for which application threads were stopped: 0.0001040 seconds, Stopping threads took: 0.0000259 seconds
2016-12-17T11:44:52.900+0530: 339963.000: Total time for which application threads were stopped: 0.0002499 seconds, Stopping threads took: 0.0000357 seconds
2016-12-17T11:44:52.901+0530: 339963.001: Total time for which application threads were stopped: 0.0002066 seconds, Stopping threads took: 0.0000964 seconds
2016-12-17T11:44:52.902+0530: 339963.002: Total time for which application threads were stopped: 0.0001812 seconds, Stopping threads took: 0.0000370 seconds
2016-12-17T11:44:52.903+0530: 339963.002: Total time for which application threads were stopped: 0.0001678 seconds, Stopping threads took: 0.0000223 seconds
2016-12-17T11:44:52.904+0530: 339963.003: Total time for which application threads were stopped: 0.0010380 seconds, Stopping threads took: 0.0003342 seconds
2016-12-17T11:44:52.905+0530: 339963.005: Total time for which application threads were stopped: 0.0001089 seconds, Stopping threads took: 0.0000219 seconds
2016-12-17T11:44:52.960+0530: 339963.060: Total time for which application threads were stopped: 0.0009291 seconds, Stopping threads took: 0.0000308 seconds
2016-12-17T11:44:53.361+0530: 339963.461: Total time for which application threads were stopped: 0.0001428 seconds, Stopping threads took: 0.0000245 seconds
2016-12-17T11:44:59.855+0530: 339969.955: Total time for which application threads were stopped: 0.0005127 seconds, Stopping threads took: 0.0000308 seconds
2016-12-17T11:44:59.927+0530: 339970.027: Total time for which application threads were stopped: 0.0061943 seconds, Stopping threads took: 0.0059024 seconds
2016-12-17T11:44:59.928+0530: 339970.028: Total time for which application threads were stopped: 0.0006055 seconds, Stopping threads took: 0.0001535 seconds
2016-12-17T11:44:59.957+0530: 339970.057: Total time for which application threads were stopped: 0.0011138 seconds, Stopping threads took: 0.0000303 seconds
2016-12-17T11:45:00.100+0530: 339970.200: Total time for which application threads were stopped: 0.0006792 seconds, Stopping threads took: 0.0000210 seconds
2016-12-17T11:45:00.135+0530: 339970.235: Total time for which application threads were stopped: 0.0006363 seconds, Stopping threads took: 0.0000187 seconds
2016-12-17T11:45:00.667+0530: 339970.767: Total time for which application threads were stopped: 0.0006591 seconds, Stopping threads took: 0.0000241 seconds
2016-12-17T11:45:01.667+0530: 339971.767: Total time for which application threads were stopped: 0.0001236 seconds, Stopping threads took: 0.0000205 seconds
2016-12-17T11:45:03.522+0530: 339973.622: Total time for which application threads were stopped: 0.0013459 seconds, Stopping threads took: 0.0000509 seconds
2016-12-17T11:45:03.823+0530: 339973.923: Total time for which application threads were stopped: 0.0002307 seconds, Stopping threads took: 0.0000406 seconds
2016-12-17T11:45:05.823+0530: 339975.923: Total time for which application threads were stopped: 0.0002142 seconds, Stopping threads took: 0.0000455 seconds
2016-12-17T11:45:07.823+0530: 339977.923: Total time for which application threads were stopped: 0.0002013 seconds, Stopping threads took: 0.0000469 seconds
2016-12-17T11:45:08.823+0530: 339978.923: Total time for which application threads were stopped: 0.0001075 seconds, Stopping threads took: 0.0000321 seconds
2016-12-17T11:45:10.823+0530: 339980.923: Total time for which application threads were stopped: 0.0002039 seconds, Stopping threads took: 0.0000442 seconds
2016-12-17T11:45:11.823+0530: 339981.923: Total time for which application threads were stopped: 0.0001111 seconds, Stopping threads took: 0.0000241 seconds
2016-12-17T11:45:12.823+0530: 339982.923: Total time for which application threads were stopped: 0.0001995 seconds, Stopping threads took: 0.0000473 seconds
2016-12-17T11:45:22.823+0530: 339992.924: Total time for which application threads were stopped: 0.0001977 seconds, Stopping threads took: 0.0000415 seconds
2016-12-17T11:45:31.823+0530: 340001.924: Total time for which application threads were stopped: 0.0001589 seconds, Stopping threads took: 0.0000375 seconds
2016-12-17T11:45:46.823+0530: 340016.924: Total time for which application threads were stopped: 0.0001241 seconds, Stopping threads took: 0.0000277 seconds
2016-12-17T11:45:47.823+0530: 340017.924: Total time for which application threads were stopped: 0.0001330 seconds, Stopping threads took: 0.0000330 seconds
{Heap before GC invocations=15 (full 1):
 par new generation   total 109248K, used 109248K [0x00000000e0000000, 0x00000000e8000000, 0x00000000e8000000)
  eden space 87424K, 100% used [0x00000000e0000000, 0x00000000e5560000, 0x00000000e5560000)
  from space 21824K, 100% used [0x00000000e6ab0000, 0x00000000e8000000, 0x00000000e8000000)
  to   space 21824K,   0% used [0x00000000e5560000, 0x00000000e5560000, 0x00000000e6ab0000)
 concurrent mark-sweep generation total 393216K, used 9068K [0x00000000e8000000, 0x0000000100000000, 0x0000000100000000)
 Metaspace       used 36426K, capacity 37106K, committed 37320K, reserved 1083392K
  class space    used 4087K, capacity 4274K, committed 4296K, reserved 1048576K
2016-12-17T11:45:51.898+0530: 340022.000: [GC (Allocation Failure) 2016-12-17T11:45:51.898+0530: 340022.000: [ParNew
Desired survivor size 20112992 bytes, new threshold 7 (max 8)
- age   1:    5607680 bytes,    5607680 total
- age   2:    1340328 bytes,    6948008 total
- age   3:     444096 bytes,    7392104 total
- age   4:    4164416 bytes,   11556520 total
- age   5:     128080 bytes,   11684600 total
- age   6:     171376 bytes,   11855976 total
- age   7:    8522408 bytes,   20378384 total
- age   8:    1963032 bytes,   22341416 total
: 109248K->21824K(109248K), 0.1939345 secs] 118316K->65087K(502464K), 0.1941028 secs] [Times: user=0.36 sys=0.02, real=0.19 secs] 
Heap after GC invocations=16 (full 1):
 par new generation   total 109248K, used 21824K [0x00000000e0000000, 0x00000000e8000000, 0x00000000e8000000)
  eden space 87424K,   0% used [0x00000000e0000000, 0x00000000e0000000, 0x00000000e5560000)
  from space 21824K, 100% used [0x00000000e5560000, 0x00000000e6ab0000, 0x00000000e6ab0000)
  to   space 21824K,   0% used [0x00000000e6ab0000, 0x00000000e6ab0000, 0x00000000e8000000)
 concurrent mark-sweep generation total 393216K, used 43263K [0x00000000e8000000, 0x0000000100000000, 0x0000000100000000)
 Metaspace       used 36426K, capacity 37106K, committed 37320K, reserved 1083392K
  class space    used 4087K, capacity 4274K, committed 4296K, reserved 1048576K
}
2016-12-17T11:45:52.092+0530: 340022.194: Total time for which application threads were stopped: 0.1952130 seconds, Stopping threads took: 0.0000723 seconds
2016-12-17T11:45:52.093+0530: 340022.195: Total time for which application threads were stopped: 0.0004980 seconds, Stopping threads took: 0.0001946 seconds
2016-12-17T11:45:53.093+0530: 340023.195: Total time for which application threads were stopped: 0.0001660 seconds, Stopping threads took: 0.0000393 seconds
{Heap before GC invocations=16 (full 1):
 par new generation   total 109248K, used 109248K [0x00000000e0000000, 0x00000000e8000000, 0x00000000e8000000)
  eden space 87424K, 100% used [0x00000000e0000000, 0x00000000e5560000, 0x00000000e5560000)
  from space 21824K, 100% used [0x00000000e5560000, 0x00000000e6ab0000, 0x00000000e6ab0000)
  to   space 21824K,   0% used [0x00000000e6ab0000, 0x00000000e6ab0000, 0x00000000e8000000)
 concurrent mark-sweep generation total 393216K, used 43263K [0x00000000e8000000, 0x0000000100000000, 0x0000000100000000)
 Metaspace       used 36426K, capacity 37106K, committed 37320K, reserved 1083392K
  class space    used 4087K, capacity 4274K, committed 4296K, reserved 1048576K
2016-12-17T11:47:08.157+0530: 340098.262: [GC (Allocation Failure) 2016-12-17T11:47:08.157+0530: 340098.262: [ParNew
Desired survivor size 20112992 bytes, new threshold 5 (max 8)
- age   1:   12435584 bytes,   12435584 total
- age   2:    4383800 bytes,   16819384 total
- age   3:    1338056 bytes,   18157440 total
- age   4:     444032 bytes,   18601472 total
- age   5:    3677128 bytes,   22278600 total
- age   6:       7640 bytes,   22286240 total
- age   7:      61440 bytes,   22347680 total
: 109248K->21824K(109248K), 0.2538347 secs] 152511K->130385K(502464K), 0.2540091 secs] [Times: user=0.51 sys=0.06, real=0.25 secs] 
Heap after GC invocations=17 (full 1):
 par new generation   total 109248K, used 21824K [0x00000000e0000000, 0x00000000e8000000, 0x00000000e8000000)
  eden space 87424K,   0% used [0x00000000e0000000, 0x00000000e0000000, 0x00000000e5560000)
  from space 21824K, 100% used [0x00000000e6ab0000, 0x00000000e8000000, 0x00000000e8000000)
  to   space 21824K,   0% used [0x00000000e5560000, 0x00000000e5560000, 0x00000000e6ab0000)
 concurrent mark-sweep generation total 393216K, used 108561K [0x00000000e8000000, 0x0000000100000000, 0x0000000100000000)
 Metaspace       used 36426K, capacity 37106K, committed 37320K, reserved 1083392K
  class space    used 4087K, capacity 4274K, committed 4296K, reserved 1048576K
}
2016-12-17T11:47:08.411+0530: 340098.516: Total time for which application threads were stopped: 0.2543545 seconds, Stopping threads took: 0.0000522 seconds
{Heap before GC invocations=17 (full 1):
 par new generation   total 109248K, used 109248K [0x00000000e0000000, 0x00000000e8000000, 0x00000000e8000000)
  eden space 87424K, 100% used [0x00000000e0000000, 0x00000000e5560000, 0x00000000e5560000)
  from space 21824K, 100% used [0x00000000e6ab0000, 0x00000000e8000000, 0x00000000e8000000)
  to   space 21824K,   0% used [0x00000000e5560000, 0x00000000e5560000, 0x00000000e6ab0000)
 concurrent mark-sweep generation total 393216K, used 108561K [0x00000000e8000000, 0x0000000100000000, 0x0000000100000000)
 Metaspace       used 36426K, capacity 37106K, committed 37320K, reserved 1083392K
  class space    used 4087K, capacity 4274K, committed 4296K, reserved 1048576K
2016-12-17T11:48:28.571+0530: 340178.679: [GC (Allocation Failure) 2016-12-17T11:48:28.571+0530: 340178.679: [ParNew
Desired survivor size 20112992 bytes, new threshold 3 (max 8)
- age   1:    6248040 bytes,    6248040 total
- age   2:    9941072 bytes,   16189112 total
- age   3:    4383800 bytes,   20572912 total
- age   4:    1338056 bytes,   21910968 total
- age   5:     444032 bytes,   22355000 total
: 109248K->21824K(109248K), 0.2222507 secs] 217809K->190451K(502464K), 0.2223944 secs] [Times: user=0.61 sys=0.03, real=0.22 secs] 
Heap after GC invocations=18 (full 1):
 par new generation   total 109248K, used 21824K [0x00000000e0000000, 0x00000000e8000000, 0x00000000e8000000)
  eden space 87424K,   0% used [0x00000000e0000000, 0x00000000e0000000, 0x00000000e5560000)
  from space 21824K, 100% used [0x00000000e5560000, 0x00000000e6ab0000, 0x00000000e6ab0000)
  to   space 21824K,   0% used [0x00000000e6ab0000, 0x00000000e6ab0000, 0x00000000e8000000)
 concurrent mark-sweep generation total 393216K, used 168627K [0x00000000e8000000, 0x0000000100000000, 0x0000000100000000)
 Metaspace       used 36426K, capacity 37106K, committed 37320K, reserved 1083392K
  class space    used 4087K, capacity 4274K, committed 4296K, reserved 1048576K
}
2016-12-17T11:48:28.793+0530: 340178.901: Total time for which application threads were stopped: 0.2228879 seconds, Stopping threads took: 0.0000317 seconds
2016-12-17T11:48:30.004+0530: 340180.112: Total time for which application threads were stopped: 0.0000892 seconds, Stopping threads took: 0.0000174 seconds
2016-12-17T11:48:30.010+0530: 340180.118: Total time for which application threads were stopped: 0.0000790 seconds, Stopping threads took: 0.0000178 seconds
2016-12-17T11:48:30.013+0530: 340180.121: Total time for which application threads were stopped: 0.0000549 seconds, Stopping threads took: 0.0000120 seconds
2016-12-17T11:48:30.046+0530: 340180.154: Total time for which application threads were stopped: 0.0000982 seconds, Stopping threads took: 0.0000219 seconds
2016-12-17T11:48:30.047+0530: 340180.155: Total time for which application threads were stopped: 0.0000643 seconds, Stopping threads took: 0.0000112 seconds
2016-12-17T11:48:30.110+0530: 340180.218: Total time for which application threads were stopped: 0.0000995 seconds, Stopping threads took: 0.0000196 seconds
2016-12-17T11:48:30.129+0530: 340180.237: Total time for which application threads were stopped: 0.0003539 seconds, Stopping threads took: 0.0000170 seconds
2016-12-17T11:48:30.220+0530: 340180.328: Total time for which application threads were stopped: 0.0376497 seconds, Stopping threads took: 0.0001531 seconds
2016-12-17T11:48:30.225+0530: 340180.333: Total time for which application threads were stopped: 0.0002097 seconds, Stopping threads took: 0.0001361 seconds
2016-12-17T11:48:30.230+0530: 340180.338: Total time for which application threads were stopped: 0.0012111 seconds, Stopping threads took: 0.0001504 seconds
2016-12-17T11:48:30.240+0530: 340180.348: Total time for which application threads were stopped: 0.0002057 seconds, Stopping threads took: 0.0001307 seconds
2016-12-17T11:48:30.301+0530: 340180.409: Total time for which application threads were stopped: 0.0032236 seconds, Stopping threads took: 0.0031121 seconds
2016-12-17T11:48:30.311+0530: 340180.419: Total time for which application threads were stopped: 0.0007144 seconds, Stopping threads took: 0.0006176 seconds
2016-12-17T11:48:30.315+0530: 340180.423: Total time for which application threads were stopped: 0.0009483 seconds, Stopping threads took: 0.0008371 seconds
2016-12-17T11:48:30.317+0530: 340180.426: Total time for which application threads were stopped: 0.0024003 seconds, Stopping threads took: 0.0023423 seconds
2016-12-17T11:48:30.319+0530: 340180.427: Total time for which application threads were stopped: 0.0013579 seconds, Stopping threads took: 0.0012887 seconds
2016-12-17T11:48:30.322+0530: 340180.430: Total time for which application threads were stopped: 0.0017493 seconds, Stopping threads took: 0.0016649 seconds
2016-12-17T11:48:30.327+0530: 340180.435: Total time for which application threads were stopped: 0.0049586 seconds, Stopping threads took: 0.0048720 seconds
2016-12-17T11:48:30.329+0530: 340180.437: Total time for which application threads were stopped: 0.0013258 seconds, Stopping threads took: 0.0012504 seconds
2016-12-17T11:48:30.329+0530: 340180.438: Total time for which application threads were stopped: 0.0000808 seconds, Stopping threads took: 0.0000210 seconds
2016-12-17T11:48:30.330+0530: 340180.438: Total time for which application threads were stopped: 0.0000723 seconds, Stopping threads took: 0.0000125 seconds
2016-12-17T11:48:30.330+0530: 340180.439: Total time for which application threads were stopped: 0.0000803 seconds, Stopping threads took: 0.0000223 seconds
2016-12-17T11:48:30.331+0530: 340180.439: Total time for which application threads were stopped: 0.0000602 seconds, Stopping threads took: 0.0000076 seconds
2016-12-17T11:48:30.331+0530: 340180.439: Total time for which application threads were stopped: 0.0000567 seconds, Stopping threads took: 0.0000089 seconds
2016-12-17T11:48:30.332+0530: 340180.440: Total time for which application threads were stopped: 0.0000455 seconds, Stopping threads took: 0.0000112 seconds
2016-12-17T11:48:30.332+0530: 340180.440: Total time for which application threads were stopped: 0.0000549 seconds, Stopping threads took: 0.0000125 seconds
2016-12-17T11:48:30.332+0530: 340180.441: Total time for which application threads were stopped: 0.0000607 seconds, Stopping threads took: 0.0000112 seconds
2016-12-17T11:48:30.335+0530: 340180.443: Total time for which application threads were stopped: 0.0002151 seconds, Stopping threads took: 0.0001272 seconds
2016-12-17T11:48:30.338+0530: 340180.446: Total time for which application threads were stopped: 0.0021308 seconds, Stopping threads took: 0.0020536 seconds
2016-12-17T11:48:30.377+0530: 340180.485: Total time for which application threads were stopped: 0.0383494 seconds, Stopping threads took: 0.0034035 seconds
2016-12-17T11:48:30.799+0530: 340180.907: [GC (CMS Initial Mark) [1 CMS-initial-mark: 168627K(393216K)] 199159K(502464K), 0.0678004 secs] [Times: user=0.19 sys=0.00, real=0.07 secs] 
2016-12-17T11:48:30.867+0530: 340180.975: Total time for which application threads were stopped: 0.0696982 seconds, Stopping threads took: 0.0017055 seconds
2016-12-17T11:48:30.867+0530: 340180.975: [CMS-concurrent-mark-start]
2016-12-17T11:48:31.121+0530: 340181.229: [CMS-concurrent-mark: 0.254/0.254 secs] [Times: user=0.84 sys=0.03, real=0.25 secs] 
2016-12-17T11:48:31.121+0530: 340181.229: [CMS-concurrent-preclean-start]
2016-12-17T11:48:31.124+0530: 340181.232: [CMS-concurrent-preclean: 0.003/0.003 secs] [Times: user=0.00 sys=0.00, real=0.00 secs] 
2016-12-17T11:48:31.124+0530: 340181.232: [CMS-concurrent-abortable-preclean-start]
2016-12-17T11:48:31.390+0530: 340181.498: Total time for which application threads were stopped: 0.0003561 seconds, Stopping threads took: 0.0000312 seconds
{Heap before GC invocations=18 (full 2):
 par new generation   total 109248K, used 109248K [0x00000000e0000000, 0x00000000e8000000, 0x00000000e8000000)
  eden space 87424K, 100% used [0x00000000e0000000, 0x00000000e5560000, 0x00000000e5560000)
  from space 21824K, 100% used [0x00000000e5560000, 0x00000000e6ab0000, 0x00000000e6ab0000)
  to   space 21824K,   0% used [0x00000000e6ab0000, 0x00000000e6ab0000, 0x00000000e8000000)
 concurrent mark-sweep generation total 393216K, used 168627K [0x00000000e8000000, 0x0000000100000000, 0x0000000100000000)
 Metaspace       used 37170K, capacity 37780K, committed 38168K, reserved 1083392K
  class space    used 4131K, capacity 4307K, committed 4424K, reserved 1048576K
2016-12-17T11:48:32.109+0530: 340182.217: [GC (Allocation Failure) 2016-12-17T11:48:32.109+0530: 340182.217: [ParNew
Desired survivor size 20112992 bytes, new threshold 3 (max 8)
- age   1:    6264656 bytes,    6264656 total
- age   2:    5424848 bytes,   11689504 total
- age   3:    9321800 bytes,   21011304 total
: 109248K->21824K(109248K), 0.0584521 secs] 277875K->200962K(502464K), 0.0585917 secs] [Times: user=0.19 sys=0.01, real=0.06 secs] 
Heap after GC invocations=19 (full 2):
 par new generation   total 109248K, used 21824K [0x00000000e0000000, 0x00000000e8000000, 0x00000000e8000000)
  eden space 87424K,   0% used [0x00000000e0000000, 0x00000000e0000000, 0x00000000e5560000)
  from space 21824K, 100% used [0x00000000e6ab0000, 0x00000000e8000000, 0x00000000e8000000)
  to   space 21824K,   0% used [0x00000000e5560000, 0x00000000e5560000, 0x00000000e6ab0000)
 concurrent mark-sweep generation total 393216K, used 179138K [0x00000000e8000000, 0x0000000100000000, 0x0000000100000000)
 Metaspace       used 37170K, capacity 37780K, committed 38168K, reserved 1083392K
  class space    used 4131K, capacity 4307K, committed 4424K, reserved 1048576K
}
2016-12-17T11:48:32.167+0530: 340182.276: Total time for which application threads were stopped: 0.0589554 seconds, Stopping threads took: 0.0000353 seconds
2016-12-17T11:48:32.674+0530: 340182.782: [CMS-concurrent-abortable-preclean: 1.367/1.550 secs] [Times: user=5.52 sys=0.16, real=1.55 secs] 
2016-12-17T11:48:32.695+0530: 340182.804: [GC (CMS Final Remark) [YG occupancy: 87665 K (109248 K)]{Heap before GC invocations=19 (full 2):
 par new generation   total 109248K, used 87665K [0x00000000e0000000, 0x00000000e8000000, 0x00000000e8000000)
  eden space 87424K,  75% used [0x00000000e0000000, 0x00000000e404c798, 0x00000000e5560000)
  from space 21824K, 100% used [0x00000000e6ab0000, 0x00000000e8000000, 0x00000000e8000000)
  to   space 21824K,   0% used [0x00000000e5560000, 0x00000000e5560000, 0x00000000e6ab0000)
 concurrent mark-sweep generation total 393216K, used 179138K [0x00000000e8000000, 0x0000000100000000, 0x0000000100000000)
 Metaspace       used 37181K, capacity 37780K, committed 38168K, reserved 1083392K
  class space    used 4132K, capacity 4307K, committed 4424K, reserved 1048576K
2016-12-17T11:48:32.696+0530: 340182.804: [GC (CMS Final Remark) 2016-12-17T11:48:32.696+0530: 340182.804: [ParNew
Desired survivor size 20112992 bytes, new threshold 8 (max 8)
- age   1:    8108880 bytes,    8108880 total
- age   2:    5219832 bytes,   13328712 total
- age   3:    5385592 bytes,   18714304 total
: 87665K->21824K(109248K), 0.0603861 secs] 266804K->211121K(502464K), 0.0604789 secs] [Times: user=0.17 sys=0.00, real=0.06 secs] 
Heap after GC invocations=20 (full 2):
 par new generation   total 109248K, used 21824K [0x00000000e0000000, 0x00000000e8000000, 0x00000000e8000000)
  eden space 87424K,   0% used [0x00000000e0000000, 0x00000000e0000000, 0x00000000e5560000)
  from space 21824K, 100% used [0x00000000e5560000, 0x00000000e6ab0000, 0x00000000e6ab0000)
  to   space 21824K,   0% used [0x00000000e6ab0000, 0x00000000e6ab0000, 0x00000000e8000000)
 concurrent mark-sweep generation total 393216K, used 189297K [0x00000000e8000000, 0x0000000100000000, 0x0000000100000000)
 Metaspace       used 37181K, capacity 37780K, committed 38168K, reserved 1083392K
  class space    used 4132K, capacity 4307K, committed 4424K, reserved 1048576K
}
2016-12-17T11:48:32.756+0530: 340182.864: [Rescan (parallel) , 0.0195623 secs]2016-12-17T11:48:32.776+0530: 340182.884: [weak refs processing, 0.0008264 secs]2016-12-17T11:48:32.777+0530: 340182.885: [class unloading, 0.1490361 secs]2016-12-17T11:48:32.926+0530: 340183.034: [scrub symbol table, 0.0430626 secs]2016-12-17T11:48:32.969+0530: 340183.077: [scrub string table, 0.0009558 secs][1 CMS-remark: 189297K(393216K)] 211121K(502464K), 0.2762881 secs] [Times: user=0.50 sys=0.03, real=0.28 secs] 
2016-12-17T11:48:32.972+0530: 340183.080: Total time for which application threads were stopped: 0.2780615 seconds, Stopping threads took: 0.0015012 seconds
2016-12-17T11:48:32.976+0530: 340183.085: [CMS-concurrent-sweep-start]
2016-12-17T11:48:32.978+0530: 340183.087: Total time for which application threads were stopped: 0.0007202 seconds, Stopping threads took: 0.0003762 seconds
2016-12-17T11:48:33.168+0530: 340183.276: [CMS-concurrent-sweep: 0.191/0.191 secs] [Times: user=0.69 sys=0.00, real=0.19 secs] 
2016-12-17T11:48:33.168+0530: 340183.276: [CMS-concurrent-reset-start]
{Heap before GC invocations=20 (full 2):
 par new generation   total 109248K, used 109236K [0x00000000e0000000, 0x00000000e8000000, 0x00000000e8000000)
  eden space 87424K,  99% used [0x00000000e0000000, 0x00000000e555d098, 0x00000000e5560000)
  from space 21824K, 100% used [0x00000000e5560000, 0x00000000e6ab0000, 0x00000000e6ab0000)
  to   space 21824K,   0% used [0x00000000e6ab0000, 0x00000000e6ab0000, 0x00000000e8000000)
 concurrent mark-sweep generation total 393216K, used 185934K [0x00000000e8000000, 0x0000000100000000, 0x0000000100000000)
 Metaspace       used 37089K, capacity 37628K, committed 38168K, reserved 1083392K
  class space    used 4110K, capacity 4267K, committed 4424K, reserved 1048576K
2016-12-17T11:48:33.727+0530: 340183.836: [GC (Allocation Failure) 2016-12-17T11:48:33.728+0530: 340183.836: [ParNew
Desired survivor size 20112992 bytes, new threshold 3 (max 8)
- age   1:   10316360 bytes,   10316360 total
- age   2:    5460912 bytes,   15777272 total
- age   3:    4657800 bytes,   20435072 total
- age   4:     523592 bytes,   20958664 total
: 109236K->21824K(109248K), 0.0347474 secs] 295170K->213145K(502464K), 0.0349027 secs] [Times: user=0.13 sys=0.00, real=0.04 secs] 
Heap after GC invocations=21 (full 2):
 par new generation   total 109248K, used 21824K [0x00000000e0000000, 0x00000000e8000000, 0x00000000e8000000)
  eden space 87424K,   0% used [0x00000000e0000000, 0x00000000e0000000, 0x00000000e5560000)
  from space 21824K, 100% used [0x00000000e6ab0000, 0x00000000e8000000, 0x00000000e8000000)
  to   space 21824K,   0% used [0x00000000e5560000, 0x00000000e5560000, 0x00000000e6ab0000)
 concurrent mark-sweep generation total 393216K, used 191321K [0x00000000e8000000, 0x0000000100000000, 0x0000000100000000)
 Metaspace       used 37089K, capacity 37628K, committed 38168K, reserved 1083392K
  class space    used 4110K, capacity 4267K, committed 4424K, reserved 1048576K
}
2016-12-17T11:48:33.762+0530: 340183.871: Total time for which application threads were stopped: 0.0648534 seconds, Stopping threads took: 0.0000254 seconds
2016-12-17T11:48:34.013+0530: 340184.121: [CMS-concurrent-reset: 0.780/0.845 secs] [Times: user=2.04 sys=0.03, real=0.85 secs] 
{Heap before GC invocations=21 (full 2):
 par new generation   total 109248K, used 109248K [0x00000000e0000000, 0x00000000e8000000, 0x00000000e8000000)
  eden space 87424K, 100% used [0x00000000e0000000, 0x00000000e5560000, 0x00000000e5560000)
  from space 21824K, 100% used [0x00000000e6ab0000, 0x00000000e8000000, 0x00000000e8000000)
  to   space 21824K,   0% used [0x00000000e5560000, 0x00000000e5560000, 0x00000000e6ab0000)
 concurrent mark-sweep generation total 393216K, used 191321K [0x00000000e8000000, 0x0000000100000000, 0x0000000100000000)
 Metaspace       used 37104K, capacity 37628K, committed 38168K, reserved 1083392K
  class space    used 4110K, capacity 4267K, committed 4424K, reserved 1048576K
2016-12-17T11:48:34.342+0530: 340184.450: [GC (Allocation Failure) 2016-12-17T11:48:34.342+0530: 340184.450: [ParNew
Desired survivor size 20112992 bytes, new threshold 3 (max 8)
- age   1:   10944872 bytes,   10944872 total
- age   2:    6343016 bytes,   17287888 total
- age   3:    3887832 bytes,   21175720 total
: 109248K->21824K(109248K), 0.0779197 secs] 300569K->221689K(502464K), 0.0780929 secs] [Times: user=0.25 sys=0.00, real=0.08 secs] 
Heap after GC invocations=22 (full 2):
 par new generation   total 109248K, used 21824K [0x00000000e0000000, 0x00000000e8000000, 0x00000000e8000000)
  eden space 87424K,   0% used [0x00000000e0000000, 0x00000000e0000000, 0x00000000e5560000)
  from space 21824K, 100% used [0x00000000e5560000, 0x00000000e6ab0000, 0x00000000e6ab0000)
  to   space 21824K,   0% used [0x00000000e6ab0000, 0x00000000e6ab0000, 0x00000000e8000000)
 concurrent mark-sweep generation total 393216K, used 199865K [0x00000000e8000000, 0x0000000100000000, 0x0000000100000000)
 Metaspace       used 37104K, capacity 37628K, committed 38168K, reserved 1083392K
  class space    used 4110K, capacity 4267K, committed 4424K, reserved 1048576K
}
2016-12-17T11:48:34.420+0530: 340184.528: Total time for which application threads were stopped: 0.0784285 seconds, Stopping threads took: 0.0000339 seconds
2016-12-17T11:48:34.421+0530: 340184.529: [GC (CMS Initial Mark) [1 CMS-initial-mark: 199865K(393216K)] 221690K(502464K), 0.0081626 secs] [Times: user=0.05 sys=0.00, real=0.01 secs] 
2016-12-17T11:48:34.429+0530: 340184.537: Total time for which application threads were stopped: 0.0091095 seconds, Stopping threads took: 0.0007176 seconds
2016-12-17T11:48:34.429+0530: 340184.537: [CMS-concurrent-mark-start]
2016-12-17T11:48:34.694+0530: 340184.802: [CMS-concurrent-mark: 0.265/0.265 secs] [Times: user=0.95 sys=0.00, real=0.27 secs] 
2016-12-17T11:48:34.694+0530: 340184.802: [CMS-concurrent-preclean-start]
2016-12-17T11:48:34.698+0530: 340184.806: [CMS-concurrent-preclean: 0.004/0.004 secs] [Times: user=0.00 sys=0.00, real=0.00 secs] 
2016-12-17T11:48:34.698+0530: 340184.806: [CMS-concurrent-abortable-preclean-start]
{Heap before GC invocations=22 (full 3):
 par new generation   total 109248K, used 109248K [0x00000000e0000000, 0x00000000e8000000, 0x00000000e8000000)
  eden space 87424K, 100% used [0x00000000e0000000, 0x00000000e5560000, 0x00000000e5560000)
  from space 21824K, 100% used [0x00000000e5560000, 0x00000000e6ab0000, 0x00000000e6ab0000)
  to   space 21824K,   0% used [0x00000000e6ab0000, 0x00000000e6ab0000, 0x00000000e8000000)
 concurrent mark-sweep generation total 393216K, used 199865K [0x00000000e8000000, 0x0000000100000000, 0x0000000100000000)
 Metaspace       used 37104K, capacity 37628K, committed 38168K, reserved 1083392K
  class space    used 4110K, capacity 4267K, committed 4424K, reserved 1048576K
2016-12-17T11:48:35.032+0530: 340185.140: [GC (Allocation Failure) 2016-12-17T11:48:35.032+0530: 340185.140: [ParNew
Desired survivor size 20112992 bytes, new threshold 3 (max 8)
- age   1:   10886224 bytes,   10886224 total
- age   2:    6954600 bytes,   17840824 total
- age   3:    4248688 bytes,   22089512 total
: 109248K->21824K(109248K), 0.0734703 secs] 309113K->229532K(502464K), 0.0736635 secs] [Times: user=0.28 sys=0.00, real=0.07 secs] 
Heap after GC invocations=23 (full 3):
 par new generation   total 109248K, used 21824K [0x00000000e0000000, 0x00000000e8000000, 0x00000000e8000000)
  eden space 87424K,   0% used [0x00000000e0000000, 0x00000000e0000000, 0x00000000e5560000)
  from space 21824K, 100% used [0x00000000e6ab0000, 0x00000000e8000000, 0x00000000e8000000)
  to   space 21824K,   0% used [0x00000000e5560000, 0x00000000e5560000, 0x00000000e6ab0000)
 concurrent mark-sweep generation total 393216K, used 207708K [0x00000000e8000000, 0x0000000100000000, 0x0000000100000000)
 Metaspace       used 37104K, capacity 37628K, committed 38168K, reserved 1083392K
  class space    used 4110K, capacity 4267K, committed 4424K, reserved 1048576K
}
2016-12-17T11:48:35.106+0530: 340185.214: Total time for which application threads were stopped: 0.0740192 seconds, Stopping threads took: 0.0000451 seconds
2016-12-17T11:48:35.297+0530: 340185.405: [CMS-concurrent-abortable-preclean: 0.524/0.599 secs] [Times: user=2.22 sys=0.03, real=0.60 secs] 
2016-12-17T11:48:35.298+0530: 340185.406: [GC (CMS Final Remark) [YG occupancy: 66197 K (109248 K)]{Heap before GC invocations=23 (full 3):
 par new generation   total 109248K, used 66197K [0x00000000e0000000, 0x00000000e8000000, 0x00000000e8000000)
  eden space 87424K,  50% used [0x00000000e0000000, 0x00000000e2b55520, 0x00000000e5560000)
  from space 21824K, 100% used [0x00000000e6ab0000, 0x00000000e8000000, 0x00000000e8000000)
  to   space 21824K,   0% used [0x00000000e5560000, 0x00000000e5560000, 0x00000000e6ab0000)
 concurrent mark-sweep generation total 393216K, used 207708K [0x00000000e8000000, 0x0000000100000000, 0x0000000100000000)
 Metaspace       used 37104K, capacity 37628K, committed 38168K, reserved 1083392K
  class space    used 4110K, capacity 4267K, committed 4424K, reserved 1048576K
2016-12-17T11:48:35.298+0530: 340185.406: [GC (CMS Final Remark) 2016-12-17T11:48:35.298+0530: 340185.406: [ParNew
Desired survivor size 20112992 bytes, new threshold 8 (max 8)
- age   1:    4661872 bytes,    4661872 total
- age   2:    8134200 bytes,   12796072 total
- age   3:    6375496 bytes,   19171568 total
: 66197K->21824K(109248K), 0.0466704 secs] 273906K->236255K(502464K), 0.0467869 secs] [Times: user=0.17 sys=0.00, real=0.05 secs] 
Heap after GC invocations=24 (full 3):
 par new generation   total 109248K, used 21824K [0x00000000e0000000, 0x00000000e8000000, 0x00000000e8000000)
  eden space 87424K,   0% used [0x00000000e0000000, 0x00000000e0000000, 0x00000000e5560000)
  from space 21824K, 100% used [0x00000000e5560000, 0x00000000e6ab0000, 0x00000000e6ab0000)
  to   space 21824K,   0% used [0x00000000e6ab0000, 0x00000000e6ab0000, 0x00000000e8000000)
 concurrent mark-sweep generation total 393216K, used 214431K [0x00000000e8000000, 0x0000000100000000, 0x0000000100000000)
 Metaspace       used 37104K, capacity 37628K, committed 38168K, reserved 1083392K
  class space    used 4110K, capacity 4267K, committed 4424K, reserved 1048576K
}
2016-12-17T11:48:35.345+0530: 340185.453: [Rescan (parallel) , 0.0127861 secs]2016-12-17T11:48:35.357+0530: 340185.466: [weak refs processing, 0.0006292 secs]2016-12-17T11:48:35.358+0530: 340185.466: [class unloading, 0.0105268 secs]2016-12-17T11:48:35.369+0530: 340185.477: [scrub symbol table, 0.0065106 secs]2016-12-17T11:48:35.375+0530: 340185.484: [scrub string table, 0.0005230 secs][1 CMS-remark: 214431K(393216K)] 236255K(502464K), 0.0789041 secs] [Times: user=0.26 sys=0.00, real=0.08 secs] 
2016-12-17T11:48:35.377+0530: 340185.485: Total time for which application threads were stopped: 0.0791210 seconds, Stopping threads took: 0.0000312 seconds
2016-12-17T11:48:35.377+0530: 340185.485: [CMS-concurrent-sweep-start]
2016-12-17T11:48:35.384+0530: 340185.492: Total time for which application threads were stopped: 0.0003927 seconds, Stopping threads took: 0.0002057 seconds
2016-12-17T11:48:35.384+0530: 340185.492: Total time for which application threads were stopped: 0.0002544 seconds, Stopping threads took: 0.0000549 seconds
2016-12-17T11:48:35.555+0530: 340185.663: [CMS-concurrent-sweep: 0.178/0.179 secs] [Times: user=0.75 sys=0.00, real=0.18 secs] 
2016-12-17T11:48:35.555+0530: 340185.664: [CMS-concurrent-reset-start]
2016-12-17T11:48:35.556+0530: 340185.664: [CMS-concurrent-reset: 0.001/0.001 secs] [Times: user=0.00 sys=0.00, real=0.00 secs] 
{Heap before GC invocations=24 (full 3):
 par new generation   total 109248K, used 109248K [0x00000000e0000000, 0x00000000e8000000, 0x00000000e8000000)
  eden space 87424K, 100% used [0x00000000e0000000, 0x00000000e5560000, 0x00000000e5560000)
  from space 21824K, 100% used [0x00000000e5560000, 0x00000000e6ab0000, 0x00000000e6ab0000)
  to   space 21824K,   0% used [0x00000000e6ab0000, 0x00000000e6ab0000, 0x00000000e8000000)
 concurrent mark-sweep generation total 393216K, used 213243K [0x00000000e8000000, 0x0000000100000000, 0x0000000100000000)
 Metaspace       used 37059K, capacity 37556K, committed 38168K, reserved 1083392K
  class space    used 4103K, capacity 4255K, committed 4424K, reserved 1048576K
2016-12-17T11:48:35.700+0530: 340185.809: [GC (Allocation Failure) 2016-12-17T11:48:35.701+0530: 340185.809: [ParNew
Desired survivor size 20112992 bytes, new threshold 4 (max 8)
- age   1:   12381880 bytes,   12381880 total
- age   2:    1566104 bytes,   13947984 total
- age   3:    4956968 bytes,   18904952 total
- age   4:    3896432 bytes,   22801384 total
: 109248K->21824K(109248K), 0.0553061 secs] 322491K->240980K(502464K), 0.0554346 secs] [Times: user=0.23 sys=0.00, real=0.06 secs] 
Heap after GC invocations=25 (full 3):
 par new generation   total 109248K, used 21824K [0x00000000e0000000, 0x00000000e8000000, 0x00000000e8000000)
  eden space 87424K,   0% used [0x00000000e0000000, 0x00000000e0000000, 0x00000000e5560000)
  from space 21824K, 100% used [0x00000000e6ab0000, 0x00000000e8000000, 0x00000000e8000000)
  to   space 21824K,   0% used [0x00000000e5560000, 0x00000000e5560000, 0x00000000e6ab0000)
 concurrent mark-sweep generation total 393216K, used 219156K [0x00000000e8000000, 0x0000000100000000, 0x0000000100000000)
 Metaspace       used 37059K, capacity 37556K, committed 38168K, reserved 1083392K
  class space    used 4103K, capacity 4255K, committed 4424K, reserved 1048576K
}
2016-12-17T11:48:35.756+0530: 340185.864: Total time for which application threads were stopped: 0.0559634 seconds, Stopping threads took: 0.0000290 seconds
2016-12-17T11:48:35.756+0530: 340185.865: [GC (CMS Initial Mark) [1 CMS-initial-mark: 219156K(393216K)] 242686K(502464K), 0.0111645 secs] [Times: user=0.02 sys=0.02, real=0.01 secs] 
2016-12-17T11:48:35.768+0530: 340185.876: Total time for which application threads were stopped: 0.0114246 seconds, Stopping threads took: 0.0000527 seconds
2016-12-17T11:48:35.768+0530: 340185.876: [CMS-concurrent-mark-start]
2016-12-17T11:48:36.067+0530: 340186.176: [CMS-concurrent-mark: 0.300/0.300 secs] [Times: user=1.12 sys=0.05, real=0.30 secs] 
2016-12-17T11:48:36.068+0530: 340186.176: [CMS-concurrent-preclean-start]
2016-12-17T11:48:36.077+0530: 340186.185: [CMS-concurrent-preclean: 0.009/0.009 secs] [Times: user=0.00 sys=0.00, real=0.01 secs] 
2016-12-17T11:48:36.077+0530: 340186.185: [CMS-concurrent-abortable-preclean-start]
{Heap before GC invocations=25 (full 4):
 par new generation   total 109248K, used 108429K [0x00000000e0000000, 0x00000000e8000000, 0x00000000e8000000)
  eden space 87424K,  99% used [0x00000000e0000000, 0x00000000e54936d8, 0x00000000e5560000)
  from space 21824K, 100% used [0x00000000e6ab0000, 0x00000000e8000000, 0x00000000e8000000)
  to   space 21824K,   0% used [0x00000000e5560000, 0x00000000e5560000, 0x00000000e6ab0000)
 concurrent mark-sweep generation total 393216K, used 219156K [0x00000000e8000000, 0x0000000100000000, 0x0000000100000000)
 Metaspace       used 37059K, capacity 37556K, committed 38168K, reserved 1083392K
  class space    used 4103K, capacity 4255K, committed 4424K, reserved 1048576K
2016-12-17T11:48:36.317+0530: 340186.425: [GC (Allocation Failure) 2016-12-17T11:48:36.317+0530: 340186.425: [ParNew
Desired survivor size 20112992 bytes, new threshold 4 (max 8)
- age   1:    9771688 bytes,    9771688 total
- age   2:    6315864 bytes,   16087552 total
- age   3:    1451560 bytes,   17539112 total
- age   4:    4786776 bytes,   22325888 total
: 108429K->21824K(109248K), 0.0526643 secs] 327586K->248435K(502464K), 0.0528576 secs] [Times: user=0.16 sys=0.02, real=0.05 secs] 
Heap after GC invocations=26 (full 4):
 par new generation   total 109248K, used 21824K [0x00000000e0000000, 0x00000000e8000000, 0x00000000e8000000)
  eden space 87424K,   0% used [0x00000000e0000000, 0x00000000e0000000, 0x00000000e5560000)
  from space 21824K, 100% used [0x00000000e5560000, 0x00000000e6ab0000, 0x00000000e6ab0000)
  to   space 21824K,   0% used [0x00000000e6ab0000, 0x00000000e6ab0000, 0x00000000e8000000)
 concurrent mark-sweep generation total 393216K, used 226611K [0x00000000e8000000, 0x0000000100000000, 0x0000000100000000)
 Metaspace       used 37059K, capacity 37556K, committed 38168K, reserved 1083392K
  class space    used 4103K, capacity 4255K, committed 4424K, reserved 1048576K
}
2016-12-17T11:48:36.370+0530: 340186.478: Total time for which application threads were stopped: 0.0532306 seconds, Stopping threads took: 0.0000402 seconds
2016-12-17T11:48:36.590+0530: 340186.698: [CMS-concurrent-abortable-preclean: 0.457/0.513 secs] [Times: user=1.93 sys=0.06, real=0.51 secs] 
2016-12-17T11:48:36.592+0530: 340186.701: [GC (CMS Final Remark) [YG occupancy: 75264 K (109248 K)]{Heap before GC invocations=26 (full 4):
 par new generation   total 109248K, used 75264K [0x00000000e0000000, 0x00000000e8000000, 0x00000000e8000000)
  eden space 87424K,  61% used [0x00000000e0000000, 0x00000000e3430208, 0x00000000e5560000)
  from space 21824K, 100% used [0x00000000e5560000, 0x00000000e6ab0000, 0x00000000e6ab0000)
  to   space 21824K,   0% used [0x00000000e6ab0000, 0x00000000e6ab0000, 0x00000000e8000000)
 concurrent mark-sweep generation total 393216K, used 226611K [0x00000000e8000000, 0x0000000100000000, 0x0000000100000000)
 Metaspace       used 37060K, capacity 37556K, committed 38168K, reserved 1083392K
  class space    used 4103K, capacity 4255K, committed 4424K, reserved 1048576K
2016-12-17T11:48:36.593+0530: 340186.701: [GC (CMS Final Remark) 2016-12-17T11:48:36.593+0530: 340186.701: [ParNew
Desired survivor size 20112992 bytes, new threshold 4 (max 8)
- age   1:    8945096 bytes,    8945096 total
- age   2:    4665632 bytes,   13610728 total
- age   3:    6178992 bytes,   19789720 total
- age   4:    1389160 bytes,   21178880 total
: 75264K->21824K(109248K), 0.0388800 secs] 301876K->256006K(502464K), 0.0390652 secs] [Times: user=0.16 sys=0.00, real=0.04 secs] 
Heap after GC invocations=27 (full 4):
 par new generation   total 109248K, used 21824K [0x00000000e0000000, 0x00000000e8000000, 0x00000000e8000000)
  eden space 87424K,   0% used [0x00000000e0000000, 0x00000000e0000000, 0x00000000e5560000)
  from space 21824K, 100% used [0x00000000e6ab0000, 0x00000000e8000000, 0x00000000e8000000)
  to   space 21824K,   0% used [0x00000000e5560000, 0x00000000e5560000, 0x00000000e6ab0000)
 concurrent mark-sweep generation total 393216K, used 234182K [0x00000000e8000000, 0x0000000100000000, 0x0000000100000000)
 Metaspace       used 37060K, capacity 37556K, committed 38168K, reserved 1083392K
  class space    used 4103K, capacity 4255K, committed 4424K, reserved 1048576K
}
2016-12-17T11:48:36.632+0530: 340186.740: [Rescan (parallel) , 0.0168996 secs]2016-12-17T11:48:36.649+0530: 340186.757: [weak refs processing, 0.0005408 secs]2016-12-17T11:48:36.649+0530: 340186.758: [class unloading, 0.0126821 secs]2016-12-17T11:48:36.662+0530: 340186.770: [scrub symbol table, 0.0094527 secs]2016-12-17T11:48:36.672+0530: 340186.780: [scrub string table, 0.0007617 secs][1 CMS-remark: 234182K(393216K)] 256006K(502464K), 0.0806632 secs] [Times: user=0.23 sys=0.02, real=0.08 secs] 
2016-12-17T11:48:36.673+0530: 340186.782: Total time for which application threads were stopped: 0.0831693 seconds, Stopping threads took: 0.0023044 seconds
2016-12-17T11:48:36.673+0530: 340186.782: [CMS-concurrent-sweep-start]
2016-12-17T11:48:36.859+0530: 340186.967: [CMS-concurrent-sweep: 0.186/0.186 secs] [Times: user=0.64 sys=0.03, real=0.19 secs] 
2016-12-17T11:48:36.859+0530: 340186.967: [CMS-concurrent-reset-start]
2016-12-17T11:48:36.860+0530: 340186.968: [CMS-concurrent-reset: 0.001/0.001 secs] [Times: user=0.06 sys=0.00, real=0.00 secs] 
{Heap before GC invocations=27 (full 4):
 par new generation   total 109248K, used 109248K [0x00000000e0000000, 0x00000000e8000000, 0x00000000e8000000)
  eden space 87424K, 100% used [0x00000000e0000000, 0x00000000e5560000, 0x00000000e5560000)
  from space 21824K, 100% used [0x00000000e6ab0000, 0x00000000e8000000, 0x00000000e8000000)
  to   space 21824K,   0% used [0x00000000e5560000, 0x00000000e5560000, 0x00000000e6ab0000)
 concurrent mark-sweep generation total 393216K, used 234162K [0x00000000e8000000, 0x0000000100000000, 0x0000000100000000)
 Metaspace       used 37060K, capacity 37556K, committed 38168K, reserved 1083392K
  class space    used 4103K, capacity 4255K, committed 4424K, reserved 1048576K
2016-12-17T11:48:37.051+0530: 340187.159: [GC (Allocation Failure) 2016-12-17T11:48:37.051+0530: 340187.159: [ParNew
Desired survivor size 20112992 bytes, new threshold 4 (max 8)
- age   1:   10991376 bytes,   10991376 total
- age   2:    2568888 bytes,   13560264 total
- age   3:    3280016 bytes,   16840280 total
- age   4:    5500320 bytes,   22340600 total
: 109248K->21824K(109248K), 0.0757501 secs] 343410K->262423K(502464K), 0.0759349 secs] [Times: user=0.20 sys=0.03, real=0.07 secs] 
Heap after GC invocations=28 (full 4):
 par new generation   total 109248K, used 21824K [0x00000000e0000000, 0x00000000e8000000, 0x00000000e8000000)
  eden space 87424K,   0% used [0x00000000e0000000, 0x00000000e0000000, 0x00000000e5560000)
  from space 21824K, 100% used [0x00000000e5560000, 0x00000000e6ab0000, 0x00000000e6ab0000)
  to   space 21824K,   0% used [0x00000000e6ab0000, 0x00000000e6ab0000, 0x00000000e8000000)
 concurrent mark-sweep generation total 393216K, used 240599K [0x00000000e8000000, 0x0000000100000000, 0x0000000100000000)
 Metaspace       used 37060K, capacity 37556K, committed 38168K, reserved 1083392K
  class space    used 4103K, capacity 4255K, committed 4424K, reserved 1048576K
}
2016-12-17T11:48:37.127+0530: 340187.235: Total time for which application threads were stopped: 0.0763267 seconds, Stopping threads took: 0.0000402 seconds
2016-12-17T11:48:37.128+0530: 340187.237: [GC (CMS Initial Mark) [1 CMS-initial-mark: 240599K(393216K)] 264152K(502464K), 0.0149892 secs] [Times: user=0.03 sys=0.02, real=0.01 secs] 
2016-12-17T11:48:37.143+0530: 340187.252: Total time for which application threads were stopped: 0.0153917 seconds, Stopping threads took: 0.0000875 seconds
2016-12-17T11:48:37.144+0530: 340187.252: [CMS-concurrent-mark-start]
2016-12-17T11:48:37.425+0530: 340187.534: [CMS-concurrent-mark: 0.281/0.281 secs] [Times: user=1.03 sys=0.00, real=0.28 secs] 
2016-12-17T11:48:37.425+0530: 340187.534: [CMS-concurrent-preclean-start]
2016-12-17T11:48:37.429+0530: 340187.538: [CMS-concurrent-preclean: 0.004/0.004 secs] [Times: user=0.00 sys=0.00, real=0.00 secs] 
2016-12-17T11:48:37.430+0530: 340187.538: [CMS-concurrent-abortable-preclean-start]
2016-12-17T11:48:37.624+0530: 340187.733: [CMS-concurrent-abortable-preclean: 0.194/0.195 secs] [Times: user=0.50 sys=0.03, real=0.19 secs] 
2016-12-17T11:48:37.625+0530: 340187.734: [GC (CMS Final Remark) [YG occupancy: 65699 K (109248 K)]{Heap before GC invocations=28 (full 5):
 par new generation   total 109248K, used 65699K [0x00000000e0000000, 0x00000000e8000000, 0x00000000e8000000)
  eden space 87424K,  50% used [0x00000000e0000000, 0x00000000e2ad8d10, 0x00000000e5560000)
  from space 21824K, 100% used [0x00000000e5560000, 0x00000000e6ab0000, 0x00000000e6ab0000)
  to   space 21824K,   0% used [0x00000000e6ab0000, 0x00000000e6ab0000, 0x00000000e8000000)
 concurrent mark-sweep generation total 393216K, used 240599K [0x00000000e8000000, 0x0000000100000000, 0x0000000100000000)
 Metaspace       used 37060K, capacity 37556K, committed 38168K, reserved 1083392K
  class space    used 4103K, capacity 4255K, committed 4424K, reserved 1048576K
2016-12-17T11:48:37.625+0530: 340187.734: [GC (CMS Final Remark) 2016-12-17T11:48:37.625+0530: 340187.734: [ParNew
Desired survivor size 20112992 bytes, new threshold 4 (max 8)
- age   1:    5157400 bytes,    5157400 total
- age   2:   10191824 bytes,   15349224 total
- age   3:    2447120 bytes,   17796344 total
- age   4:    3086048 bytes,   20882392 total
: 65699K->21824K(109248K), 0.0600331 secs] 306298K->271370K(502464K), 0.0601603 secs] [Times: user=0.13 sys=0.00, real=0.06 secs] 
Heap after GC invocations=29 (full 5):
 par new generation   total 109248K, used 21824K [0x00000000e0000000, 0x00000000e8000000, 0x00000000e8000000)
  eden space 87424K,   0% used [0x00000000e0000000, 0x00000000e0000000, 0x00000000e5560000)
  from space 21824K, 100% used [0x00000000e6ab0000, 0x00000000e8000000, 0x00000000e8000000)
  to   space 21824K,   0% used [0x00000000e5560000, 0x00000000e5560000, 0x00000000e6ab0000)
 concurrent mark-sweep generation total 393216K, used 249546K [0x00000000e8000000, 0x0000000100000000, 0x0000000100000000)
 Metaspace       used 37060K, capacity 37556K, committed 38168K, reserved 1083392K
  class space    used 4103K, capacity 4255K, committed 4424K, reserved 1048576K
}
2016-12-17T11:48:37.686+0530: 340187.794: [Rescan (parallel) , 0.0183895 secs]2016-12-17T11:48:37.704+0530: 340187.813: [weak refs processing, 0.0009567 secs]2016-12-17T11:48:37.705+0530: 340187.814: [class unloading, 0.0151780 secs]2016-12-17T11:48:37.720+0530: 340187.829: [scrub symbol table, 0.0112872 secs]2016-12-17T11:48:37.732+0530: 340187.840: [scrub string table, 0.0012057 secs][1 CMS-remark: 249546K(393216K)] 271370K(502464K), 0.1084394 secs] [Times: user=0.20 sys=0.01, real=0.11 secs] 
2016-12-17T11:48:37.734+0530: 340187.842: Total time for which application threads were stopped: 0.1091025 seconds, Stopping threads took: 0.0004681 seconds
2016-12-17T11:48:37.734+0530: 340187.842: [CMS-concurrent-sweep-start]
2016-12-17T11:48:37.921+0530: 340188.029: [CMS-concurrent-sweep: 0.187/0.187 secs] [Times: user=0.34 sys=0.00, real=0.19 secs] 
2016-12-17T11:48:37.921+0530: 340188.029: [CMS-concurrent-reset-start]
2016-12-17T11:48:37.922+0530: 340188.030: [CMS-concurrent-reset: 0.001/0.001 secs] [Times: user=0.00 sys=0.00, real=0.00 secs] 
{Heap before GC invocations=29 (full 5):
 par new generation   total 109248K, used 109248K [0x00000000e0000000, 0x00000000e8000000, 0x00000000e8000000)
  eden space 87424K, 100% used [0x00000000e0000000, 0x00000000e5560000, 0x00000000e5560000)
  from space 21824K, 100% used [0x00000000e6ab0000, 0x00000000e8000000, 0x00000000e8000000)
  to   space 21824K,   0% used [0x00000000e5560000, 0x00000000e5560000, 0x00000000e6ab0000)
 concurrent mark-sweep generation total 393216K, used 248521K [0x00000000e8000000, 0x0000000100000000, 0x0000000100000000)
 Metaspace       used 37060K, capacity 37556K, committed 38168K, reserved 1083392K
  class space    used 4103K, capacity 4255K, committed 4424K, reserved 1048576K
2016-12-17T11:48:38.043+0530: 340188.151: [GC (Allocation Failure) 2016-12-17T11:48:38.043+0530: 340188.151: [ParNew
Desired survivor size 20112992 bytes, new threshold 8 (max 8)
- age   1:   11766712 bytes,   11766712 total
- age   2:    2233776 bytes,   14000488 total
- age   3:    3589680 bytes,   17590168 total
- age   4:    2106080 bytes,   19696248 total
: 109248K->21824K(109248K), 0.0558527 secs] 357769K->279382K(502464K), 0.0560326 secs] [Times: user=0.20 sys=0.00, real=0.06 secs] 
Heap after GC invocations=30 (full 5):
 par new generation   total 109248K, used 21824K [0x00000000e0000000, 0x00000000e8000000, 0x00000000e8000000)
  eden space 87424K,   0% used [0x00000000e0000000, 0x00000000e0000000, 0x00000000e5560000)
  from space 21824K, 100% used [0x00000000e5560000, 0x00000000e6ab0000, 0x00000000e6ab0000)
  to   space 21824K,   0% used [0x00000000e6ab0000, 0x00000000e6ab0000, 0x00000000e8000000)
 concurrent mark-sweep generation total 393216K, used 257558K [0x00000000e8000000, 0x0000000100000000, 0x0000000100000000)
 Metaspace       used 37060K, capacity 37556K, committed 38168K, reserved 1083392K
  class space    used 4103K, capacity 4255K, committed 4424K, reserved 1048576K
}
2016-12-17T11:48:38.099+0530: 340188.207: Total time for which application threads were stopped: 0.0563320 seconds, Stopping threads took: 0.0000272 seconds
2016-12-17T11:48:38.101+0530: 340188.209: [GC (CMS Initial Mark) [1 CMS-initial-mark: 257558K(393216K)] 281107K(502464K), 0.0053348 secs] [Times: user=0.00 sys=0.00, real=0.00 secs] 
2016-12-17T11:48:38.106+0530: 340188.215: Total time for which application threads were stopped: 0.0057351 seconds, Stopping threads took: 0.0000977 seconds
2016-12-17T11:48:38.106+0530: 340188.215: [CMS-concurrent-mark-start]
2016-12-17T11:48:38.354+0530: 340188.463: [CMS-concurrent-mark: 0.248/0.248 secs] [Times: user=0.81 sys=0.00, real=0.25 secs] 
2016-12-17T11:48:38.354+0530: 340188.463: [CMS-concurrent-preclean-start]
2016-12-17T11:48:38.357+0530: 340188.466: [CMS-concurrent-preclean: 0.003/0.003 secs] [Times: user=0.03 sys=0.00, real=0.00 secs] 
2016-12-17T11:48:38.358+0530: 340188.466: [GC (CMS Final Remark) [YG occupancy: 23601 K (109248 K)]{Heap before GC invocations=30 (full 6):
 par new generation   total 109248K, used 23601K [0x00000000e0000000, 0x00000000e8000000, 0x00000000e8000000)
  eden space 87424K,   2% used [0x00000000e0000000, 0x00000000e01bc6a8, 0x00000000e5560000)
  from space 21824K, 100% used [0x00000000e5560000, 0x00000000e6ab0000, 0x00000000e6ab0000)
  to   space 21824K,   0% used [0x00000000e6ab0000, 0x00000000e6ab0000, 0x00000000e8000000)
 concurrent mark-sweep generation total 393216K, used 257558K [0x00000000e8000000, 0x0000000100000000, 0x0000000100000000)
 Metaspace       used 37060K, capacity 37556K, committed 38168K, reserved 1083392K
  class space    used 4103K, capacity 4255K, committed 4424K, reserved 1048576K
2016-12-17T11:48:38.358+0530: 340188.466: [GC (CMS Final Remark) 2016-12-17T11:48:38.358+0530: 340188.466: [ParNew
Desired survivor size 20112992 bytes, new threshold 8 (max 8)
- age   1:     112600 bytes,     112600 total
- age   2:   10300360 bytes,   10412960 total
- age   3:    2113000 bytes,   12525960 total
- age   4:    3465136 bytes,   15991096 total
- age   5:    2048368 bytes,   18039464 total
: 23601K->21824K(109248K), 0.0302680 secs] 281160K->281147K(502464K), 0.0303782 secs] [Times: user=0.08 sys=0.00, real=0.03 secs] 
Heap after GC invocations=31 (full 6):
 par new generation   total 109248K, used 21824K [0x00000000e0000000, 0x00000000e8000000, 0x00000000e8000000)
  eden space 87424K,   0% used [0x00000000e0000000, 0x00000000e0000000, 0x00000000e5560000)
  from space 21824K, 100% used [0x00000000e6ab0000, 0x00000000e8000000, 0x00000000e8000000)
  to   space 21824K,   0% used [0x00000000e5560000, 0x00000000e5560000, 0x00000000e6ab0000)
 concurrent mark-sweep generation total 393216K, used 259323K [0x00000000e8000000, 0x0000000100000000, 0x0000000100000000)
 Metaspace       used 37060K, capacity 37556K, committed 38168K, reserved 1083392K
  class space    used 4103K, capacity 4255K, committed 4424K, reserved 1048576K
}
2016-12-17T11:48:38.388+0530: 340188.497: [Rescan (parallel) , 0.0218916 secs]2016-12-17T11:48:38.410+0530: 340188.519: [weak refs processing, 0.0008438 secs]2016-12-17T11:48:38.411+0530: 340188.520: [class unloading, 0.0124309 secs]2016-12-17T11:48:38.424+0530: 340188.532: [scrub symbol table, 0.0114420 secs]2016-12-17T11:48:38.435+0530: 340188.543: [scrub string table, 0.0007684 secs][1 CMS-remark: 259323K(393216K)] 281147K(502464K), 0.0790416 secs] [Times: user=0.16 sys=0.00, real=0.08 secs] 
2016-12-17T11:48:38.437+0530: 340188.545: Total time for which application threads were stopped: 0.0792808 seconds, Stopping threads took: 0.0000312 seconds
2016-12-17T11:48:38.437+0530: 340188.545: [CMS-concurrent-sweep-start]
2016-12-17T11:48:38.590+0530: 340188.698: [CMS-concurrent-sweep: 0.153/0.153 secs] [Times: user=0.26 sys=0.00, real=0.15 secs] 
2016-12-17T11:48:38.590+0530: 340188.698: [CMS-concurrent-reset-start]
2016-12-17T11:48:38.591+0530: 340188.699: [CMS-concurrent-reset: 0.001/0.001 secs] [Times: user=0.03 sys=0.00, real=0.00 secs] 
2016-12-17T11:48:38.607+0530: 340188.716: Total time for which application threads were stopped: 0.0001111 seconds, Stopping threads took: 0.0000214 seconds
2016-12-17T11:48:38.608+0530: 340188.716: Total time for which application threads were stopped: 0.0000629 seconds, Stopping threads took: 0.0000138 seconds
2016-12-17T11:48:39.361+0530: 340189.469: Total time for which application threads were stopped: 0.0002517 seconds, Stopping threads took: 0.0000268 seconds
{Heap before GC invocations=31 (full 6):
 par new generation   total 109248K, used 109248K [0x00000000e0000000, 0x00000000e8000000, 0x00000000e8000000)
  eden space 87424K, 100% used [0x00000000e0000000, 0x00000000e5560000, 0x00000000e5560000)
  from space 21824K, 100% used [0x00000000e6ab0000, 0x00000000e8000000, 0x00000000e8000000)
  to   space 21824K,   0% used [0x00000000e5560000, 0x00000000e5560000, 0x00000000e6ab0000)
 concurrent mark-sweep generation total 393216K, used 257274K [0x00000000e8000000, 0x0000000100000000, 0x0000000100000000)
 Metaspace       used 37252K, capacity 37780K, committed 38424K, reserved 1083392K
  class space    used 4120K, capacity 4287K, committed 4424K, reserved 1048576K
2016-12-17T11:48:40.192+0530: 340190.300: [GC (Allocation Failure) 2016-12-17T11:48:40.192+0530: 340190.300: [ParNew
Desired survivor size 20112992 bytes, new threshold 5 (max 8)
- age   1:   13075368 bytes,   13075368 total
- age   2:      53768 bytes,   13129136 total
- age   3:    3954464 bytes,   17083600 total
- age   4:    1387136 bytes,   18470736 total
- age   5:    2240584 bytes,   20711320 total
- age   6:    1284216 bytes,   21995536 total
: 109248K->21824K(109248K), 0.0549058 secs] 366522K->286842K(502464K), 0.0550656 secs] [Times: user=0.25 sys=0.00, real=0.06 secs] 
Heap after GC invocations=32 (full 6):
 par new generation   total 109248K, used 21824K [0x00000000e0000000, 0x00000000e8000000, 0x00000000e8000000)
  eden space 87424K,   0% used [0x00000000e0000000, 0x00000000e0000000, 0x00000000e5560000)
  from space 21824K, 100% used [0x00000000e5560000, 0x00000000e6ab0000, 0x00000000e6ab0000)
  to   space 21824K,   0% used [0x00000000e6ab0000, 0x00000000e6ab0000, 0x00000000e8000000)
 concurrent mark-sweep generation total 393216K, used 265018K [0x00000000e8000000, 0x0000000100000000, 0x0000000100000000)
 Metaspace       used 37252K, capacity 37780K, committed 38424K, reserved 1083392K
  class space    used 4120K, capacity 4287K, committed 4424K, reserved 1048576K
}
2016-12-17T11:48:40.247+0530: 340190.355: Total time for which application threads were stopped: 0.0555475 seconds, Stopping threads took: 0.0000415 seconds
2016-12-17T11:48:40.247+0530: 340190.356: [GC (CMS Initial Mark) [1 CMS-initial-mark: 265018K(393216K)] 287674K(502464K), 0.0147081 secs] [Times: user=0.05 sys=0.00, real=0.02 secs] 
2016-12-17T11:48:40.262+0530: 340190.371: Total time for which application threads were stopped: 0.0150343 seconds, Stopping threads took: 0.0001245 seconds
2016-12-17T11:48:40.262+0530: 340190.371: [CMS-concurrent-mark-start]
2016-12-17T11:48:40.551+0530: 340190.660: [CMS-concurrent-mark: 0.289/0.289 secs] [Times: user=1.03 sys=0.00, real=0.29 secs] 
2016-12-17T11:48:40.551+0530: 340190.660: [CMS-concurrent-preclean-start]
2016-12-17T11:48:40.553+0530: 340190.661: [CMS-concurrent-preclean: 0.002/0.002 secs] [Times: user=0.00 sys=0.00, real=0.00 secs] 
2016-12-17T11:48:40.553+0530: 340190.661: [CMS-concurrent-abortable-preclean-start]
2016-12-17T11:48:41.267+0530: 340191.375: Total time for which application threads were stopped: 0.0051456 seconds, Stopping threads took: 0.0050300 seconds
{Heap before GC invocations=32 (full 7):
 par new generation   total 109248K, used 109248K [0x00000000e0000000, 0x00000000e8000000, 0x00000000e8000000)
  eden space 87424K, 100% used [0x00000000e0000000, 0x00000000e5560000, 0x00000000e5560000)
  from space 21824K, 100% used [0x00000000e5560000, 0x00000000e6ab0000, 0x00000000e6ab0000)
  to   space 21824K,   0% used [0x00000000e6ab0000, 0x00000000e6ab0000, 0x00000000e8000000)
 concurrent mark-sweep generation total 393216K, used 265018K [0x00000000e8000000, 0x0000000100000000, 0x0000000100000000)
 Metaspace       used 37407K, capacity 37972K, committed 38424K, reserved 1083392K
  class space    used 4128K, capacity 4287K, committed 4424K, reserved 1048576K
2016-12-17T11:48:41.879+0530: 340191.988: [GC (Allocation Failure) 2016-12-17T11:48:41.879+0530: 340191.988: [ParNew
Desired survivor size 20112992 bytes, new threshold 8 (max 8)
- age   1:     189072 bytes,     189072 total
- age   2:   13038688 bytes,   13227760 total
- age   3:      53328 bytes,   13281088 total
- age   4:    3939056 bytes,   17220144 total
- age   5:    1382608 bytes,   18602752 total
: 109248K->21824K(109248K), 0.0330365 secs] 374266K->290485K(502464K), 0.0331882 secs] [Times: user=0.13 sys=0.00, real=0.03 secs] 
Heap after GC invocations=33 (full 7):
 par new generation   total 109248K, used 21824K [0x00000000e0000000, 0x00000000e8000000, 0x00000000e8000000)
  eden space 87424K,   0% used [0x00000000e0000000, 0x00000000e0000000, 0x00000000e5560000)
  from space 21824K, 100% used [0x00000000e6ab0000, 0x00000000e8000000, 0x00000000e8000000)
  to   space 21824K,   0% used [0x00000000e5560000, 0x00000000e5560000, 0x00000000e6ab0000)
 concurrent mark-sweep generation total 393216K, used 268661K [0x00000000e8000000, 0x0000000100000000, 0x0000000100000000)
 Metaspace       used 37407K, capacity 37972K, committed 38424K, reserved 1083392K
  class space    used 4128K, capacity 4287K, committed 4424K, reserved 1048576K
}
2016-12-17T11:48:41.912+0530: 340192.021: Total time for which application threads were stopped: 0.0335291 seconds, Stopping threads took: 0.0000330 seconds
2016-12-17T11:48:41.928+0530: 340192.037: Total time for which application threads were stopped: 0.0001986 seconds, Stopping threads took: 0.0000361 seconds
2016-12-17T11:48:41.951+0530: 340192.059: [CMS-concurrent-abortable-preclean: 0.957/1.398 secs] [Times: user=3.88 sys=0.09, real=1.40 secs] 
2016-12-17T11:48:41.960+0530: 340192.068: [GC (CMS Final Remark) [YG occupancy: 27135 K (109248 K)]{Heap before GC invocations=33 (full 7):
 par new generation   total 109248K, used 27135K [0x00000000e0000000, 0x00000000e8000000, 0x00000000e8000000)
  eden space 87424K,   6% used [0x00000000e0000000, 0x00000000e052fe18, 0x00000000e5560000)
  from space 21824K, 100% used [0x00000000e6ab0000, 0x00000000e8000000, 0x00000000e8000000)
  to   space 21824K,   0% used [0x00000000e5560000, 0x00000000e5560000, 0x00000000e6ab0000)
 concurrent mark-sweep generation total 393216K, used 268661K [0x00000000e8000000, 0x0000000100000000, 0x0000000100000000)
 Metaspace       used 37411K, capacity 37972K, committed 38424K, reserved 1083392K
  class space    used 4129K, capacity 4287K, committed 4424K, reserved 1048576K
2016-12-17T11:48:41.960+0530: 340192.069: [GC (CMS Final Remark) 2016-12-17T11:48:41.960+0530: 340192.069: [ParNew
Desired survivor size 20112992 bytes, new threshold 8 (max 8)
- age   1:     111712 bytes,     111712 total
- age   2:      62080 bytes,     173792 total
- age   3:   13038688 bytes,   13212480 total
- age   4:      53328 bytes,   13265808 total
- age   5:    3939056 bytes,   17204864 total
- age   6:    1382608 bytes,   18587472 total
: 27135K->21824K(109248K), 0.0223522 secs] 295797K->290485K(502464K), 0.0225124 secs] [Times: user=0.06 sys=0.00, real=0.02 secs] 
Heap after GC invocations=34 (full 7):
 par new generation   total 109248K, used 21824K [0x00000000e0000000, 0x00000000e8000000, 0x00000000e8000000)
  eden space 87424K,   0% used [0x00000000e0000000, 0x00000000e0000000, 0x00000000e5560000)
  from space 21824K, 100% used [0x00000000e5560000, 0x00000000e6ab0000, 0x00000000e6ab0000)
  to   space 21824K,   0% used [0x00000000e6ab0000, 0x00000000e6ab0000, 0x00000000e8000000)
 concurrent mark-sweep generation total 393216K, used 268661K [0x00000000e8000000, 0x0000000100000000, 0x0000000100000000)
 Metaspace       used 37411K, capacity 37972K, committed 38424K, reserved 1083392K
  class space    used 4129K, capacity 4287K, committed 4424K, reserved 1048576K
}
2016-12-17T11:48:41.983+0530: 340192.091: [Rescan (parallel) , 0.0118035 secs]2016-12-17T11:48:41.995+0530: 340192.103: [weak refs processing, 0.0037721 secs]2016-12-17T11:48:41.998+0530: 340192.107: [class unloading, 0.0143185 secs]2016-12-17T11:48:42.013+0530: 340192.121: [scrub symbol table, 0.0140824 secs]2016-12-17T11:48:42.027+0530: 340192.136: [scrub string table, 0.0009982 secs][1 CMS-remark: 268661K(393216K)] 290485K(502464K), 0.0700713 secs] [Times: user=0.20 sys=0.00, real=0.07 secs] 
2016-12-17T11:48:42.030+0530: 340192.139: Total time for which application threads were stopped: 0.0714493 seconds, Stopping threads took: 0.0009300 seconds
2016-12-17T11:48:42.030+0530: 340192.139: [CMS-concurrent-sweep-start]
2016-12-17T11:48:42.284+0530: 340192.393: [CMS-concurrent-sweep: 0.254/0.254 secs] [Times: user=0.91 sys=0.00, real=0.25 secs] 
2016-12-17T11:48:42.284+0530: 340192.393: [CMS-concurrent-reset-start]
2016-12-17T11:48:42.285+0530: 340192.394: [CMS-concurrent-reset: 0.001/0.001 secs] [Times: user=0.00 sys=0.00, real=0.00 secs] 
{Heap before GC invocations=34 (full 7):
 par new generation   total 109248K, used 109248K [0x00000000e0000000, 0x00000000e8000000, 0x00000000e8000000)
  eden space 87424K, 100% used [0x00000000e0000000, 0x00000000e5560000, 0x00000000e5560000)
  from space 21824K, 100% used [0x00000000e5560000, 0x00000000e6ab0000, 0x00000000e6ab0000)
  to   space 21824K,   0% used [0x00000000e6ab0000, 0x00000000e6ab0000, 0x00000000e8000000)
 concurrent mark-sweep generation total 393216K, used 253497K [0x00000000e8000000, 0x0000000100000000, 0x0000000100000000)
 Metaspace       used 37412K, capacity 37972K, committed 38424K, reserved 1083392K
  class space    used 4129K, capacity 4287K, committed 4424K, reserved 1048576K
2016-12-17T11:48:42.450+0530: 340192.558: [GC (Allocation Failure) 2016-12-17T11:48:42.450+0530: 340192.558: [ParNew
Desired survivor size 20112992 bytes, new threshold 8 (max 8)
- age   1:      58360 bytes,      58360 total
- age   2:      83128 bytes,     141488 total
- age   3:      62032 bytes,     203520 total
- age   4:   12586656 bytes,   12790176 total
- age   5:      42968 bytes,   12833144 total
- age   6:    2927608 bytes,   15760752 total
- age   7:    1236456 bytes,   16997208 total
: 109248K->21824K(109248K), 0.0195815 secs] 362745K->275321K(502464K), 0.0197617 secs] [Times: user=0.06 sys=0.00, real=0.02 secs] 
Heap after GC invocations=35 (full 7):
 par new generation   total 109248K, used 21824K [0x00000000e0000000, 0x00000000e8000000, 0x00000000e8000000)
  eden space 87424K,   0% used [0x00000000e0000000, 0x00000000e0000000, 0x00000000e5560000)
  from space 21824K, 100% used [0x00000000e6ab0000, 0x00000000e8000000, 0x00000000e8000000)
  to   space 21824K,   0% used [0x00000000e5560000, 0x00000000e5560000, 0x00000000e6ab0000)
 concurrent mark-sweep generation total 393216K, used 253497K [0x00000000e8000000, 0x0000000100000000, 0x0000000100000000)
 Metaspace       used 37412K, capacity 37972K, committed 38424K, reserved 1083392K
  class space    used 4129K, capacity 4287K, committed 4424K, reserved 1048576K
}
2016-12-17T11:48:42.470+0530: 340192.578: Total time for which application threads were stopped: 0.0206136 seconds, Stopping threads took: 0.0004360 seconds
2016-12-17T11:48:42.470+0530: 340192.579: [GC (CMS Initial Mark) [1 CMS-initial-mark: 253497K(393216K)] 275321K(502464K), 0.0111243 secs] [Times: user=0.05 sys=0.00, real=0.01 secs] 
2016-12-17T11:48:42.482+0530: 340192.590: Total time for which application threads were stopped: 0.0121792 seconds, Stopping threads took: 0.0008358 seconds
2016-12-17T11:48:42.482+0530: 340192.590: [CMS-concurrent-mark-start]
2016-12-17T11:48:42.811+0530: 340192.920: [CMS-concurrent-mark: 0.330/0.330 secs] [Times: user=1.26 sys=0.00, real=0.33 secs] 
2016-12-17T11:48:42.812+0530: 340192.920: [CMS-concurrent-preclean-start]
2016-12-17T11:48:42.813+0530: 340192.922: [CMS-concurrent-preclean: 0.002/0.002 secs] [Times: user=0.00 sys=0.00, real=0.00 secs] 
2016-12-17T11:48:42.813+0530: 340192.922: [CMS-concurrent-abortable-preclean-start]
2016-12-17T11:48:42.913+0530: 340193.022: Total time for which application threads were stopped: 0.0002173 seconds, Stopping threads took: 0.0000446 seconds
2016-12-17T11:48:42.935+0530: 340193.044: Total time for which application threads were stopped: 0.0001544 seconds, Stopping threads took: 0.0000366 seconds
2016-12-17T11:48:42.947+0530: 340193.056: Total time for which application threads were stopped: 0.0001937 seconds, Stopping threads took: 0.0000375 seconds
2016-12-17T11:48:42.972+0530: 340193.081: Total time for which application threads were stopped: 0.0001624 seconds, Stopping threads took: 0.0000451 seconds
2016-12-17T11:48:42.976+0530: 340193.085: Total time for which application threads were stopped: 0.0002093 seconds, Stopping threads took: 0.0000857 seconds
2016-12-17T11:48:42.980+0530: 340193.089: Total time for which application threads were stopped: 0.0001834 seconds, Stopping threads took: 0.0000486 seconds
2016-12-17T11:48:42.983+0530: 340193.092: Total time for which application threads were stopped: 0.0001624 seconds, Stopping threads took: 0.0000393 seconds
2016-12-17T11:48:42.988+0530: 340193.097: Total time for which application threads were stopped: 0.0001419 seconds, Stopping threads took: 0.0000375 seconds
2016-12-17T11:48:42.994+0530: 340193.103: Total time for which application threads were stopped: 0.0001678 seconds, Stopping threads took: 0.0000428 seconds
2016-12-17T11:48:43.000+0530: 340193.109: Total time for which application threads were stopped: 0.0001651 seconds, Stopping threads took: 0.0000419 seconds
{Heap before GC invocations=35 (full 8):
 par new generation   total 109248K, used 109248K [0x00000000e0000000, 0x00000000e8000000, 0x00000000e8000000)
  eden space 87424K, 100% used [0x00000000e0000000, 0x00000000e5560000, 0x00000000e5560000)
  from space 21824K, 100% used [0x00000000e6ab0000, 0x00000000e8000000, 0x00000000e8000000)
  to   space 21824K,   0% used [0x00000000e5560000, 0x00000000e5560000, 0x00000000e6ab0000)
 concurrent mark-sweep generation total 393216K, used 253497K [0x00000000e8000000, 0x0000000100000000, 0x0000000100000000)
 Metaspace       used 37448K, capacity 38036K, committed 38680K, reserved 1083392K
  class space    used 4135K, capacity 4287K, committed 4424K, reserved 1048576K
2016-12-17T11:48:43.589+0530: 340193.698: [GC (Allocation Failure) 2016-12-17T11:48:43.589+0530: 340193.698: [ParNew
Desired survivor size 20112992 bytes, new threshold 8 (max 8)
- age   1:    5022976 bytes,    5022976 total
- age   2:       2304 bytes,    5025280 total
- age   3:        368 bytes,    5025648 total
- age   4:      29128 bytes,    5054776 total
- age   5:   11165184 bytes,   16219960 total
- age   6:      29752 bytes,   16249712 total
- age   7:    2040456 bytes,   18290168 total
- age   8:     805816 bytes,   19095984 total
: 109248K->21824K(109248K), 0.0355796 secs] 362745K->276209K(502464K), 0.0358768 secs] [Times: user=0.09 sys=0.00, real=0.04 secs] 
Heap after GC invocations=36 (full 8):
 par new generation   total 109248K, used 21824K [0x00000000e0000000, 0x00000000e8000000, 0x00000000e8000000)
  eden space 87424K,   0% used [0x00000000e0000000, 0x00000000e0000000, 0x00000000e5560000)
  from space 21824K, 100% used [0x00000000e5560000, 0x00000000e6ab0000, 0x00000000e6ab0000)
  to   space 21824K,   0% used [0x00000000e6ab0000, 0x00000000e6ab0000, 0x00000000e8000000)
 concurrent mark-sweep generation total 393216K, used 254385K [0x00000000e8000000, 0x0000000100000000, 0x0000000100000000)
 Metaspace       used 37448K, capacity 38036K, committed 38680K, reserved 1083392K
  class space    used 4135K, capacity 4287K, committed 4424K, reserved 1048576K
}
2016-12-17T11:48:43.625+0530: 340193.734: Total time for which application threads were stopped: 0.0365613 seconds, Stopping threads took: 0.0000888 seconds
2016-12-17T11:48:43.912+0530: 340194.020: [CMS-concurrent-abortable-preclean: 0.854/1.098 secs] [Times: user=3.50 sys=0.08, real=1.10 secs] 
2016-12-17T11:48:43.912+0530: 340194.021: [GC (CMS Final Remark) [YG occupancy: 86330 K (109248 K)]{Heap before GC invocations=36 (full 8):
 par new generation   total 109248K, used 86330K [0x00000000e0000000, 0x00000000e8000000, 0x00000000e8000000)
  eden space 87424K,  73% used [0x00000000e0000000, 0x00000000e3efe9a0, 0x00000000e5560000)
  from space 21824K, 100% used [0x00000000e5560000, 0x00000000e6ab0000, 0x00000000e6ab0000)
  to   space 21824K,   0% used [0x00000000e6ab0000, 0x00000000e6ab0000, 0x00000000e8000000)
 concurrent mark-sweep generation total 393216K, used 254385K [0x00000000e8000000, 0x0000000100000000, 0x0000000100000000)
 Metaspace       used 37448K, capacity 38036K, committed 38680K, reserved 1083392K
  class space    used 4135K, capacity 4287K, committed 4424K, reserved 1048576K
2016-12-17T11:48:43.913+0530: 340194.021: [GC (CMS Final Remark) 2016-12-17T11:48:43.913+0530: 340194.021: [ParNew
Desired survivor size 20112992 bytes, new threshold 8 (max 8)
- age   1:    5230312 bytes,    5230312 total
- age   2:    3452320 bytes,    8682632 total
- age   3:        800 bytes,    8683432 total
- age   4:        368 bytes,    8683800 total
- age   5:      27088 bytes,    8710888 total
- age   6:    9140968 bytes,   17851856 total
- age   7:      22856 bytes,   17874712 total
- age   8:    1534392 bytes,   19409104 total
: 86330K->21824K(109248K), 0.0335220 secs] 340715K->282088K(502464K), 0.0336550 secs] [Times: user=0.12 sys=0.00, real=0.03 secs] 
Heap after GC invocations=37 (full 8):
 par new generation   total 109248K, used 21824K [0x00000000e0000000, 0x00000000e8000000, 0x00000000e8000000)
  eden space 87424K,   0% used [0x00000000e0000000, 0x00000000e0000000, 0x00000000e5560000)
  from space 21824K, 100% used [0x00000000e6ab0000, 0x00000000e8000000, 0x00000000e8000000)
  to   space 21824K,   0% used [0x00000000e5560000, 0x00000000e5560000, 0x00000000e6ab0000)
 concurrent mark-sweep generation total 393216K, used 260264K [0x00000000e8000000, 0x0000000100000000, 0x0000000100000000)
 Metaspace       used 37448K, capacity 38036K, committed 38680K, reserved 1083392K
  class space    used 4135K, capacity 4287K, committed 4424K, reserved 1048576K
}
2016-12-17T11:48:43.946+0530: 340194.055: [Rescan (parallel) , 0.0177626 secs]2016-12-17T11:48:43.964+0530: 340194.073: [weak refs processing, 0.0125273 secs]2016-12-17T11:48:43.977+0530: 340194.086: [class unloading, 0.0115291 secs]2016-12-17T11:48:43.988+0530: 340194.097: [scrub symbol table, 0.0095611 secs]2016-12-17T11:48:43.998+0530: 340194.107: [scrub string table, 0.0009438 secs][1 CMS-remark: 260264K(393216K)] 282088K(502464K), 0.0873001 secs] [Times: user=0.23 sys=0.00, real=0.09 secs] 
2016-12-17T11:48:44.000+0530: 340194.109: Total time for which application threads were stopped: 0.0881226 seconds, Stopping threads took: 0.0006118 seconds
2016-12-17T11:48:44.000+0530: 340194.109: [CMS-concurrent-sweep-start]
2016-12-17T11:48:44.224+0530: 340194.333: [CMS-concurrent-sweep: 0.224/0.224 secs] [Times: user=0.87 sys=0.00, real=0.22 secs] 
2016-12-17T11:48:44.225+0530: 340194.333: [CMS-concurrent-reset-start]
2016-12-17T11:48:44.225+0530: 340194.334: [CMS-concurrent-reset: 0.001/0.001 secs] [Times: user=0.00 sys=0.00, real=0.00 secs] 
{Heap before GC invocations=37 (full 8):
 par new generation   total 109248K, used 109248K [0x00000000e0000000, 0x00000000e8000000, 0x00000000e8000000)
  eden space 87424K, 100% used [0x00000000e0000000, 0x00000000e5560000, 0x00000000e5560000)
  from space 21824K, 100% used [0x00000000e6ab0000, 0x00000000e8000000, 0x00000000e8000000)
  to   space 21824K,   0% used [0x00000000e5560000, 0x00000000e5560000, 0x00000000e6ab0000)
 concurrent mark-sweep generation total 393216K, used 254601K [0x00000000e8000000, 0x0000000100000000, 0x0000000100000000)
 Metaspace       used 37448K, capacity 38036K, committed 38680K, reserved 1083392K
  class space    used 4135K, capacity 4287K, committed 4424K, reserved 1048576K
2016-12-17T11:48:44.332+0530: 340194.441: [GC (Allocation Failure) 2016-12-17T11:48:44.332+0530: 340194.441: [ParNew
Desired survivor size 20112992 bytes, new threshold 7 (max 8)
- age   1:    6168744 bytes,    6168744 total
- age   2:    3293184 bytes,    9461928 total
- age   3:    3072312 bytes,   12534240 total
- age   4:        768 bytes,   12535008 total
- age   5:        368 bytes,   12535376 total
- age   6:       5752 bytes,   12541128 total
- age   7:    8704592 bytes,   21245720 total
- age   8:      12216 bytes,   21257936 total
: 109248K->21824K(109248K), 0.0495634 secs] 363849K->284147K(502464K), 0.0497455 secs] [Times: user=0.19 sys=0.00, real=0.05 secs] 
Heap after GC invocations=38 (full 8):
 par new generation   total 109248K, used 21824K [0x00000000e0000000, 0x00000000e8000000, 0x00000000e8000000)
  eden space 87424K,   0% used [0x00000000e0000000, 0x00000000e0000000, 0x00000000e5560000)
  from space 21824K, 100% used [0x00000000e5560000, 0x00000000e6ab0000, 0x00000000e6ab0000)
  to   space 21824K,   0% used [0x00000000e6ab0000, 0x00000000e6ab0000, 0x00000000e8000000)
 concurrent mark-sweep generation total 393216K, used 262323K [0x00000000e8000000, 0x0000000100000000, 0x0000000100000000)
 Metaspace       used 37448K, capacity 38036K, committed 38680K, reserved 1083392K
  class space    used 4135K, capacity 4287K, committed 4424K, reserved 1048576K
}
2016-12-17T11:48:44.382+0530: 340194.491: Total time for which application threads were stopped: 0.0500953 seconds, Stopping threads took: 0.0000295 seconds
2016-12-17T11:48:44.383+0530: 340194.491: [GC (CMS Initial Mark) [1 CMS-initial-mark: 262323K(393216K)] 285881K(502464K), 0.0083848 secs] [Times: user=0.00 sys=0.00, real=0.01 secs] 
2016-12-17T11:48:44.391+0530: 340194.500: Total time for which application threads were stopped: 0.0086321 seconds, Stopping threads took: 0.0000504 seconds
2016-12-17T11:48:44.391+0530: 340194.500: [CMS-concurrent-mark-start]
2016-12-17T11:48:44.615+0530: 340194.724: [CMS-concurrent-mark: 0.223/0.223 secs] [Times: user=0.86 sys=0.00, real=0.22 secs] 
2016-12-17T11:48:44.615+0530: 340194.724: [CMS-concurrent-preclean-start]
2016-12-17T11:48:44.620+0530: 340194.729: [CMS-concurrent-preclean: 0.005/0.005 secs] [Times: user=0.00 sys=0.00, real=0.00 secs] 
2016-12-17T11:48:44.620+0530: 340194.729: [CMS-concurrent-abortable-preclean-start]
2016-12-17T11:48:44.777+0530: 340194.885: [CMS-concurrent-abortable-preclean: 0.155/0.156 secs] [Times: user=0.34 sys=0.02, real=0.16 secs] 
2016-12-17T11:48:44.777+0530: 340194.885: [GC (CMS Final Remark) [YG occupancy: 73841 K (109248 K)]{Heap before GC invocations=38 (full 9):
 par new generation   total 109248K, used 73841K [0x00000000e0000000, 0x00000000e8000000, 0x00000000e8000000)
  eden space 87424K,  59% used [0x00000000e0000000, 0x00000000e32cc5a8, 0x00000000e5560000)
  from space 21824K, 100% used [0x00000000e5560000, 0x00000000e6ab0000, 0x00000000e6ab0000)
  to   space 21824K,   0% used [0x00000000e6ab0000, 0x00000000e6ab0000, 0x00000000e8000000)
 concurrent mark-sweep generation total 393216K, used 262323K [0x00000000e8000000, 0x0000000100000000, 0x0000000100000000)
 Metaspace       used 37448K, capacity 38036K, committed 38680K, reserved 1083392K
  class space    used 4135K, capacity 4287K, committed 4424K, reserved 1048576K
2016-12-17T11:48:44.777+0530: 340194.886: [GC (CMS Final Remark) 2016-12-17T11:48:44.777+0530: 340194.886: [ParNew
Desired survivor size 20112992 bytes, new threshold 8 (max 8)
- age   1:    7028344 bytes,    7028344 total
- age   2:    5660216 bytes,   12688560 total
- age   3:    3225728 bytes,   15914288 total
- age   4:    3022000 bytes,   18936288 total
- age   5:        768 bytes,   18937056 total
- age   6:        368 bytes,   18937424 total
- age   7:       5752 bytes,   18943176 total
: 73841K->21824K(109248K), 0.0400438 secs] 336164K->292965K(502464K), 0.0401277 secs] [Times: user=0.17 sys=0.00, real=0.04 secs] 
Heap after GC invocations=39 (full 9):
 par new generation   total 109248K, used 21824K [0x00000000e0000000, 0x00000000e8000000, 0x00000000e8000000)
  eden space 87424K,   0% used [0x00000000e0000000, 0x00000000e0000000, 0x00000000e5560000)
  from space 21824K, 100% used [0x00000000e6ab0000, 0x00000000e8000000, 0x00000000e8000000)
  to   space 21824K,   0% used [0x00000000e5560000, 0x00000000e5560000, 0x00000000e6ab0000)
 concurrent mark-sweep generation total 393216K, used 271141K [0x00000000e8000000, 0x0000000100000000, 0x0000000100000000)
 Metaspace       used 37448K, capacity 38036K, committed 38680K, reserved 1083392K
  class space    used 4135K, capacity 4287K, committed 4424K, reserved 1048576K
}
2016-12-17T11:48:44.817+0530: 340194.926: [Rescan (parallel) , 0.0127839 secs]2016-12-17T11:48:44.830+0530: 340194.939: [weak refs processing, 0.0018224 secs]2016-12-17T11:48:44.832+0530: 340194.940: [class unloading, 0.0080002 secs]2016-12-17T11:48:44.840+0530: 340194.948: [scrub symbol table, 0.0078632 secs]2016-12-17T11:48:44.848+0530: 340194.956: [scrub string table, 0.0005123 secs][1 CMS-remark: 271141K(393216K)] 292965K(502464K), 0.0721057 secs] [Times: user=0.22 sys=0.00, real=0.07 secs] 
2016-12-17T11:48:44.849+0530: 340194.958: Total time for which application threads were stopped: 0.0722788 seconds, Stopping threads took: 0.0000254 seconds
2016-12-17T11:48:44.849+0530: 340194.958: [CMS-concurrent-sweep-start]
2016-12-17T11:48:45.007+0530: 340195.116: [CMS-concurrent-sweep: 0.158/0.158 secs] [Times: user=0.31 sys=0.00, real=0.16 secs] 
2016-12-17T11:48:45.007+0530: 340195.116: [CMS-concurrent-reset-start]
2016-12-17T11:48:45.008+0530: 340195.116: [CMS-concurrent-reset: 0.001/0.001 secs] [Times: user=0.00 sys=0.00, real=0.00 secs] 
{Heap before GC invocations=39 (full 9):
 par new generation   total 109248K, used 109248K [0x00000000e0000000, 0x00000000e8000000, 0x00000000e8000000)
  eden space 87424K, 100% used [0x00000000e0000000, 0x00000000e5560000, 0x00000000e5560000)
  from space 21824K, 100% used [0x00000000e6ab0000, 0x00000000e8000000, 0x00000000e8000000)
  to   space 21824K,   0% used [0x00000000e5560000, 0x00000000e5560000, 0x00000000e6ab0000)
 concurrent mark-sweep generation total 393216K, used 229861K [0x00000000e8000000, 0x0000000100000000, 0x0000000100000000)
 Metaspace       used 37448K, capacity 38036K, committed 38680K, reserved 1083392K
  class space    used 4135K, capacity 4287K, committed 4424K, reserved 1048576K
2016-12-17T11:48:45.065+0530: 340195.174: [GC (Allocation Failure) 2016-12-17T11:48:45.065+0530: 340195.174: [ParNew
Desired survivor size 20112992 bytes, new threshold 5 (max 8)
- age   1:    9124696 bytes,    9124696 total
- age   2:    3459696 bytes,   12584392 total
- age   3:    4518008 bytes,   17102400 total
- age   4:    2637448 bytes,   19739848 total
- age   5:    2580848 bytes,   22320696 total
- age   6:        768 bytes,   22321464 total
- age   7:        368 bytes,   22321832 total
- age   8:       5720 bytes,   22327552 total
: 109248K->21824K(109248K), 0.0553155 secs] 339109K->257705K(502464K), 0.0554391 secs] [Times: user=0.14 sys=0.00, real=0.06 secs] 
Heap after GC invocations=40 (full 9):
 par new generation   total 109248K, used 21824K [0x00000000e0000000, 0x00000000e8000000, 0x00000000e8000000)
  eden space 87424K,   0% used [0x00000000e0000000, 0x00000000e0000000, 0x00000000e5560000)
  from space 21824K, 100% used [0x00000000e5560000, 0x00000000e6ab0000, 0x00000000e6ab0000)
  to   space 21824K,   0% used [0x00000000e6ab0000, 0x00000000e6ab0000, 0x00000000e8000000)
 concurrent mark-sweep generation total 393216K, used 235881K [0x00000000e8000000, 0x0000000100000000, 0x0000000100000000)
 Metaspace       used 37448K, capacity 38036K, committed 38680K, reserved 1083392K
  class space    used 4135K, capacity 4287K, committed 4424K, reserved 1048576K
}
2016-12-17T11:48:45.121+0530: 340195.229: Total time for which application threads were stopped: 0.0557028 seconds, Stopping threads took: 0.0000317 seconds
2016-12-17T11:48:45.121+0530: 340195.230: [GC (CMS Initial Mark) [1 CMS-initial-mark: 235881K(393216K)] 259434K(502464K), 0.0061162 secs] [Times: user=0.03 sys=0.00, real=0.01 secs] 
2016-12-17T11:48:45.127+0530: 340195.236: Total time for which application threads were stopped: 0.0063005 seconds, Stopping threads took: 0.0000277 seconds
2016-12-17T11:48:45.127+0530: 340195.236: [CMS-concurrent-mark-start]
2016-12-17T11:48:45.347+0530: 340195.456: [CMS-concurrent-mark: 0.220/0.220 secs] [Times: user=0.86 sys=0.00, real=0.22 secs] 
2016-12-17T11:48:45.347+0530: 340195.456: [CMS-concurrent-preclean-start]
2016-12-17T11:48:45.349+0530: 340195.458: Total time for which application threads were stopped: 0.0002222 seconds, Stopping threads took: 0.0000745 seconds
2016-12-17T11:48:45.352+0530: 340195.461: Total time for which application threads were stopped: 0.0010754 seconds, Stopping threads took: 0.0000768 seconds
2016-12-17T11:48:45.358+0530: 340195.467: Total time for which application threads were stopped: 0.0001446 seconds, Stopping threads took: 0.0000544 seconds
2016-12-17T11:48:45.360+0530: 340195.469: [CMS-concurrent-preclean: 0.011/0.013 secs] [Times: user=0.00 sys=0.00, real=0.01 secs] 
2016-12-17T11:48:45.361+0530: 340195.469: [CMS-concurrent-abortable-preclean-start]
{Heap before GC invocations=40 (full 10):
 par new generation   total 109248K, used 109248K [0x00000000e0000000, 0x00000000e8000000, 0x00000000e8000000)
  eden space 87424K, 100% used [0x00000000e0000000, 0x00000000e5560000, 0x00000000e5560000)
  from space 21824K, 100% used [0x00000000e5560000, 0x00000000e6ab0000, 0x00000000e6ab0000)
  to   space 21824K,   0% used [0x00000000e6ab0000, 0x00000000e6ab0000, 0x00000000e8000000)
 concurrent mark-sweep generation total 393216K, used 235881K [0x00000000e8000000, 0x0000000100000000, 0x0000000100000000)
 Metaspace       used 37457K, capacity 38036K, committed 38680K, reserved 1083392K
  class space    used 4136K, capacity 4287K, committed 4424K, reserved 1048576K
2016-12-17T11:48:45.942+0530: 340196.051: [GC (Allocation Failure) 2016-12-17T11:48:45.942+0530: 340196.051: [ParNew
Desired survivor size 20112992 bytes, new threshold 5 (max 8)
- age   1:    9485440 bytes,    9485440 total
- age   2:    5671288 bytes,   15156728 total
- age   3:    1939400 bytes,   17096128 total
- age   4:    3006568 bytes,   20102696 total
- age   5:    1496648 bytes,   21599344 total
: 109248K->21824K(109248K), 0.0577858 secs] 345129K->268358K(502464K), 0.0579523 secs] [Times: user=0.19 sys=0.00, real=0.06 secs] 
Heap after GC invocations=41 (full 10):
 par new generation   total 109248K, used 21824K [0x00000000e0000000, 0x00000000e8000000, 0x00000000e8000000)
  eden space 87424K,   0% used [0x00000000e0000000, 0x00000000e0000000, 0x00000000e5560000)
  from space 21824K, 100% used [0x00000000e6ab0000, 0x00000000e8000000, 0x00000000e8000000)
  to   space 21824K,   0% used [0x00000000e5560000, 0x00000000e5560000, 0x00000000e6ab0000)
 concurrent mark-sweep generation total 393216K, used 246534K [0x00000000e8000000, 0x0000000100000000, 0x0000000100000000)
 Metaspace       used 37457K, capacity 38036K, committed 38680K, reserved 1083392K
  class space    used 4136K, capacity 4287K, committed 4424K, reserved 1048576K
}
2016-12-17T11:48:46.000+0530: 340196.109: Total time for which application threads were stopped: 0.0583182 seconds, Stopping threads took: 0.0000455 seconds
2016-12-17T11:48:46.245+0530: 340196.354: [CMS-concurrent-abortable-preclean: 0.825/0.885 secs] [Times: user=3.37 sys=0.00, real=0.88 secs] 
2016-12-17T11:48:46.246+0530: 340196.355: [GC (CMS Final Remark) [YG occupancy: 72415 K (109248 K)]{Heap before GC invocations=41 (full 10):
 par new generation   total 109248K, used 72415K [0x00000000e0000000, 0x00000000e8000000, 0x00000000e8000000)
  eden space 87424K,  57% used [0x00000000e0000000, 0x00000000e3167d60, 0x00000000e5560000)
  from space 21824K, 100% used [0x00000000e6ab0000, 0x00000000e8000000, 0x00000000e8000000)
  to   space 21824K,   0% used [0x00000000e5560000, 0x00000000e5560000, 0x00000000e6ab0000)
 concurrent mark-sweep generation total 393216K, used 246534K [0x00000000e8000000, 0x0000000100000000, 0x0000000100000000)
 Metaspace       used 37457K, capacity 38036K, committed 38680K, reserved 1083392K
  class space    used 4136K, capacity 4287K, committed 4424K, reserved 1048576K
2016-12-17T11:48:46.246+0530: 340196.355: [GC (CMS Final Remark) 2016-12-17T11:48:46.246+0530: 340196.355: [ParNew
Desired survivor size 20112992 bytes, new threshold 8 (max 8)
- age   1:    4406472 bytes,    4406472 total
- age   2:    6436816 bytes,   10843288 total
- age   3:    3742968 bytes,   14586256 total
- age   4:    1552688 bytes,   16138944 total
- age   5:    2584536 bytes,   18723480 total
: 72415K->21824K(109248K), 0.0940161 secs] 318949K->275886K(502464K), 0.0941410 secs] [Times: user=0.30 sys=0.00, real=0.09 secs] 
Heap after GC invocations=42 (full 10):
 par new generation   total 109248K, used 21824K [0x00000000e0000000, 0x00000000e8000000, 0x00000000e8000000)
  eden space 87424K,   0% used [0x00000000e0000000, 0x00000000e0000000, 0x00000000e5560000)
  from space 21824K, 100% used [0x00000000e5560000, 0x00000000e6ab0000, 0x00000000e6ab0000)
  to   space 21824K,   0% used [0x00000000e6ab0000, 0x00000000e6ab0000, 0x00000000e8000000)
 concurrent mark-sweep generation total 393216K, used 254062K [0x00000000e8000000, 0x0000000100000000, 0x0000000100000000)
 Metaspace       used 37457K, capacity 38036K, committed 38680K, reserved 1083392K
  class space    used 4136K, capacity 4287K, committed 4424K, reserved 1048576K
}
2016-12-17T11:48:46.340+0530: 340196.449: [Rescan (parallel) , 0.0176247 secs]2016-12-17T11:48:46.358+0530: 340196.467: [weak refs processing, 0.0216319 secs]2016-12-17T11:48:46.380+0530: 340196.488: [class unloading, 0.0140070 secs]2016-12-17T11:48:46.394+0530: 340196.503: [scrub symbol table, 0.0137281 secs]2016-12-17T11:48:46.408+0530: 340196.516: [scrub string table, 0.0013624 secs][1 CMS-remark: 254062K(393216K)] 275886K(502464K), 0.1641070 secs] [Times: user=0.51 sys=0.00, real=0.16 secs] 
2016-12-17T11:48:46.410+0530: 340196.519: Total time for which application threads were stopped: 0.1643894 seconds, Stopping threads took: 0.0000477 seconds
2016-12-17T11:48:46.410+0530: 340196.519: [CMS-concurrent-sweep-start]
2016-12-17T11:48:46.611+0530: 340196.720: [CMS-concurrent-sweep: 0.201/0.201 secs] [Times: user=0.78 sys=0.02, real=0.20 secs] 
2016-12-17T11:48:46.611+0530: 340196.720: [CMS-concurrent-reset-start]
2016-12-17T11:48:46.612+0530: 340196.721: [CMS-concurrent-reset: 0.001/0.001 secs] [Times: user=0.00 sys=0.00, real=0.00 secs] 
2016-12-17T11:48:46.615+0530: 340196.723: Total time for which application threads were stopped: 0.0002062 seconds, Stopping threads took: 0.0000370 seconds
2016-12-17T11:48:46.824+0530: 340196.933: Total time for which application threads were stopped: 0.0012008 seconds, Stopping threads took: 0.0000732 seconds
2016-12-17T11:48:46.825+0530: 340196.934: Total time for which application threads were stopped: 0.0001830 seconds, Stopping threads took: 0.0000317 seconds
{Heap before GC invocations=42 (full 10):
 par new generation   total 109248K, used 109248K [0x00000000e0000000, 0x00000000e8000000, 0x00000000e8000000)
  eden space 87424K, 100% used [0x00000000e0000000, 0x00000000e5560000, 0x00000000e5560000)
  from space 21824K, 100% used [0x00000000e5560000, 0x00000000e6ab0000, 0x00000000e6ab0000)
  to   space 21824K,   0% used [0x00000000e6ab0000, 0x00000000e6ab0000, 0x00000000e8000000)
 concurrent mark-sweep generation total 393216K, used 246418K [0x00000000e8000000, 0x0000000100000000, 0x0000000100000000)
 Metaspace       used 37457K, capacity 38036K, committed 38680K, reserved 1083392K
  class space    used 4136K, capacity 4287K, committed 4424K, reserved 1048576K
2016-12-17T11:48:46.837+0530: 340196.946: [GC (Allocation Failure) 2016-12-17T11:48:46.838+0530: 340196.946: [ParNew
Desired survivor size 20112992 bytes, new threshold 6 (max 8)
- age   1:    7050664 bytes,    7050664 total
- age   2:    3087712 bytes,   10138376 total
- age   3:    4876048 bytes,   15014424 total
- age   4:    3503976 bytes,   18518400 total
- age   5:    1424512 bytes,   19942912 total
- age   6:    2352888 bytes,   22295800 total
: 109248K->21824K(109248K), 0.0489574 secs] 355666K->272722K(502464K), 0.0492957 secs] [Times: user=0.17 sys=0.00, real=0.05 secs] 
Heap after GC invocations=43 (full 10):
 par new generation   total 109248K, used 21824K [0x00000000e0000000, 0x00000000e8000000, 0x00000000e8000000)
  eden space 87424K,   0% used [0x00000000e0000000, 0x00000000e0000000, 0x00000000e5560000)
  from space 21824K, 100% used [0x00000000e6ab0000, 0x00000000e8000000, 0x00000000e8000000)
  to   space 21824K,   0% used [0x00000000e5560000, 0x00000000e5560000, 0x00000000e6ab0000)
 concurrent mark-sweep generation total 393216K, used 250898K [0x00000000e8000000, 0x0000000100000000, 0x0000000100000000)
 Metaspace       used 37457K, capacity 38036K, committed 38680K, reserved 1083392K
  class space    used 4136K, capacity 4287K, committed 4424K, reserved 1048576K
}
2016-12-17T11:48:46.887+0530: 340196.996: Total time for which application threads were stopped: 0.0511244 seconds, Stopping threads took: 0.0013811 seconds
2016-12-17T11:48:46.908+0530: 340197.017: [GC (CMS Initial Mark) [1 CMS-initial-mark: 250898K(393216K)] 276275K(502464K), 0.0076253 secs] [Times: user=0.00 sys=0.00, real=0.01 secs] 
2016-12-17T11:48:46.916+0530: 340197.025: Total time for which application threads were stopped: 0.0082778 seconds, Stopping threads took: 0.0004681 seconds
2016-12-17T11:48:46.916+0530: 340197.025: [CMS-concurrent-mark-start]
2016-12-17T11:48:47.263+0530: 340197.371: [CMS-concurrent-mark: 0.347/0.347 secs] [Times: user=1.33 sys=0.00, real=0.35 secs] 
2016-12-17T11:48:47.263+0530: 340197.371: [CMS-concurrent-preclean-start]
2016-12-17T11:48:47.266+0530: 340197.375: [CMS-concurrent-preclean: 0.004/0.004 secs] [Times: user=0.06 sys=0.00, real=0.00 secs] 
2016-12-17T11:48:47.267+0530: 340197.375: [CMS-concurrent-abortable-preclean-start]
{Heap before GC invocations=43 (full 11):
 par new generation   total 109248K, used 109248K [0x00000000e0000000, 0x00000000e8000000, 0x00000000e8000000)
  eden space 87424K, 100% used [0x00000000e0000000, 0x00000000e5560000, 0x00000000e5560000)
  from space 21824K, 100% used [0x00000000e6ab0000, 0x00000000e8000000, 0x00000000e8000000)
  to   space 21824K,   0% used [0x00000000e5560000, 0x00000000e5560000, 0x00000000e6ab0000)
 concurrent mark-sweep generation total 393216K, used 250898K [0x00000000e8000000, 0x0000000100000000, 0x0000000100000000)
 Metaspace       used 37460K, capacity 38036K, committed 38680K, reserved 1083392K
  class space    used 4136K, capacity 4287K, committed 4424K, reserved 1048576K
2016-12-17T11:48:47.584+0530: 340197.692: [GC (Allocation Failure) 2016-12-17T11:48:47.584+0530: 340197.692: [ParNew
Desired survivor size 20112992 bytes, new threshold 8 (max 8)
- age   1:    8073488 bytes,    8073488 total
- age   2:    3465352 bytes,   11538840 total
- age   3:    1887424 bytes,   13426264 total
- age   4:    3166704 bytes,   16592968 total
- age   5:    2553216 bytes,   19146184 total
- age   6:     865856 bytes,   20012040 total
: 109248K->21824K(109248K), 0.0735591 secs] 360146K->283504K(502464K), 0.0737327 secs] [Times: user=0.28 sys=0.00, real=0.07 secs] 
Heap after GC invocations=44 (full 11):
 par new generation   total 109248K, used 21824K [0x00000000e0000000, 0x00000000e8000000, 0x00000000e8000000)
  eden space 87424K,   0% used [0x00000000e0000000, 0x00000000e0000000, 0x00000000e5560000)
  from space 21824K, 100% used [0x00000000e5560000, 0x00000000e6ab0000, 0x00000000e6ab0000)
  to   space 21824K,   0% used [0x00000000e6ab0000, 0x00000000e6ab0000, 0x00000000e8000000)
 concurrent mark-sweep generation total 393216K, used 261680K [0x00000000e8000000, 0x0000000100000000, 0x0000000100000000)
 Metaspace       used 37460K, capacity 38036K, committed 38680K, reserved 1083392K
  class space    used 4136K, capacity 4287K, committed 4424K, reserved 1048576K
}
2016-12-17T11:48:47.657+0530: 340197.766: Total time for which application threads were stopped: 0.0740709 seconds, Stopping threads took: 0.0000370 seconds
2016-12-17T11:48:47.926+0530: 340198.035: [CMS-concurrent-abortable-preclean: 0.584/0.660 secs] [Times: user=2.43 sys=0.02, real=0.66 secs] 
2016-12-17T11:48:47.936+0530: 340198.045: [GC (CMS Final Remark) [YG occupancy: 79942 K (109248 K)]{Heap before GC invocations=44 (full 11):
 par new generation   total 109248K, used 79942K [0x00000000e0000000, 0x00000000e8000000, 0x00000000e8000000)
  eden space 87424K,  66% used [0x00000000e0000000, 0x00000000e38c1a08, 0x00000000e5560000)
  from space 21824K, 100% used [0x00000000e5560000, 0x00000000e6ab0000, 0x00000000e6ab0000)
  to   space 21824K,   0% used [0x00000000e6ab0000, 0x00000000e6ab0000, 0x00000000e8000000)
 concurrent mark-sweep generation total 393216K, used 261680K [0x00000000e8000000, 0x0000000100000000, 0x0000000100000000)
 Metaspace       used 37460K, capacity 38036K, committed 38680K, reserved 1083392K
  class space    used 4136K, capacity 4287K, committed 4424K, reserved 1048576K
2016-12-17T11:48:47.936+0530: 340198.045: [GC (CMS Final Remark) 2016-12-17T11:48:47.936+0530: 340198.045: [ParNew
Desired survivor size 20112992 bytes, new threshold 6 (max 8)
- age   1:    6252744 bytes,    6252744 total
- age   2:    5403096 bytes,   11655840 total
- age   3:    2641464 bytes,   14297304 total
- age   4:    1697472 bytes,   15994776 total
- age   5:    2935360 bytes,   18930136 total
- age   6:    2508296 bytes,   21438432 total
- age   7:     845656 bytes,   22284088 total
: 79942K->21824K(109248K), 0.0514068 secs] 341623K->286531K(502464K), 0.0515340 secs] [Times: user=0.16 sys=0.00, real=0.05 secs] 
Heap after GC invocations=45 (full 11):
 par new generation   total 109248K, used 21824K [0x00000000e0000000, 0x00000000e8000000, 0x00000000e8000000)
  eden space 87424K,   0% used [0x00000000e0000000, 0x00000000e0000000, 0x00000000e5560000)
  from space 21824K, 100% used [0x00000000e6ab0000, 0x00000000e8000000, 0x00000000e8000000)
  to   space 21824K,   0% used [0x00000000e5560000, 0x00000000e5560000, 0x00000000e6ab0000)
 concurrent mark-sweep generation total 393216K, used 264707K [0x00000000e8000000, 0x0000000100000000, 0x0000000100000000)
 Metaspace       used 37460K, capacity 38036K, committed 38680K, reserved 1083392K
  class space    used 4136K, capacity 4287K, committed 4424K, reserved 1048576K
}
2016-12-17T11:48:47.988+0530: 340198.097: [Rescan (parallel) , 0.0171994 secs]2016-12-17T11:48:48.005+0530: 340198.114: [weak refs processing, 0.0026400 secs]2016-12-17T11:48:48.008+0530: 340198.117: [class unloading, 0.0104295 secs]2016-12-17T11:48:48.018+0530: 340198.127: [scrub symbol table, 0.0103479 secs]2016-12-17T11:48:48.029+0530: 340198.138: [scrub string table, 0.0007653 secs][1 CMS-remark: 264707K(393216K)] 286531K(502464K), 0.0944101 secs] [Times: user=0.28 sys=0.00, real=0.09 secs] 
2016-12-17T11:48:48.030+0530: 340198.139: Total time for which application threads were stopped: 0.0953441 seconds, Stopping threads took: 0.0006863 seconds
2016-12-17T11:48:48.031+0530: 340198.139: [CMS-concurrent-sweep-start]
2016-12-17T11:48:48.250+0530: 340198.359: [CMS-concurrent-sweep: 0.220/0.220 secs] [Times: user=0.75 sys=0.00, real=0.22 secs] 
2016-12-17T11:48:48.250+0530: 340198.359: [CMS-concurrent-reset-start]
2016-12-17T11:48:48.251+0530: 340198.360: [CMS-concurrent-reset: 0.001/0.001 secs] [Times: user=0.00 sys=0.00, real=0.00 secs] 
{Heap before GC invocations=45 (full 11):
 par new generation   total 109248K, used 109248K [0x00000000e0000000, 0x00000000e8000000, 0x00000000e8000000)
  eden space 87424K, 100% used [0x00000000e0000000, 0x00000000e5560000, 0x00000000e5560000)
  from space 21824K, 100% used [0x00000000e6ab0000, 0x00000000e8000000, 0x00000000e8000000)
  to   space 21824K,   0% used [0x00000000e5560000, 0x00000000e5560000, 0x00000000e6ab0000)
 concurrent mark-sweep generation total 393216K, used 255603K [0x00000000e8000000, 0x0000000100000000, 0x0000000100000000)
 Metaspace       used 37463K, capacity 38036K, committed 38680K, reserved 1083392K
  class space    used 4136K, capacity 4287K, committed 4424K, reserved 1048576K
2016-12-17T11:48:48.387+0530: 340198.496: [GC (Allocation Failure) 2016-12-17T11:48:48.387+0530: 340198.496: [ParNew
Desired survivor size 20112992 bytes, new threshold 6 (max 8)
- age   1:    4939784 bytes,    4939784 total
- age   2:    4106888 bytes,    9046672 total
- age   3:    5095472 bytes,   14142144 total
- age   4:    2374128 bytes,   16516272 total
- age   5:    1529096 bytes,   18045368 total
- age   6:    2678536 bytes,   20723904 total
: 109248K->21824K(109248K), 0.0645441 secs] 364851K->284928K(502464K), 0.0647003 secs] [Times: user=0.19 sys=0.00, real=0.06 secs] 
Heap after GC invocations=46 (full 11):
 par new generation   total 109248K, used 21824K [0x00000000e0000000, 0x00000000e8000000, 0x00000000e8000000)
  eden space 87424K,   0% used [0x00000000e0000000, 0x00000000e0000000, 0x00000000e5560000)
  from space 21824K, 100% used [0x00000000e5560000, 0x00000000e6ab0000, 0x00000000e6ab0000)
  to   space 21824K,   0% used [0x00000000e6ab0000, 0x00000000e6ab0000, 0x00000000e8000000)
 concurrent mark-sweep generation total 393216K, used 263104K [0x00000000e8000000, 0x0000000100000000, 0x0000000100000000)
 Metaspace       used 37463K, capacity 38036K, committed 38680K, reserved 1083392K
  class space    used 4136K, capacity 4287K, committed 4424K, reserved 1048576K
}
2016-12-17T11:48:48.452+0530: 340198.561: Total time for which application threads were stopped: 0.0650845 seconds, Stopping threads took: 0.0000424 seconds
2016-12-17T11:48:48.454+0530: 340198.563: [GC (CMS Initial Mark) [1 CMS-initial-mark: 263104K(393216K)] 285604K(502464K), 0.0076677 secs] [Times: user=0.00 sys=0.00, real=0.01 secs] 
2016-12-17T11:48:48.461+0530: 340198.570: Total time for which application threads were stopped: 0.0079462 seconds, Stopping threads took: 0.0000598 seconds
2016-12-17T11:48:48.461+0530: 340198.570: [CMS-concurrent-mark-start]
2016-12-17T11:48:48.807+0530: 340198.915: [CMS-concurrent-mark: 0.345/0.345 secs] [Times: user=1.29 sys=0.00, real=0.35 secs] 
2016-12-17T11:48:48.807+0530: 340198.916: [CMS-concurrent-preclean-start]
2016-12-17T11:48:48.809+0530: 340198.918: [CMS-concurrent-preclean: 0.003/0.003 secs] [Times: user=0.03 sys=0.00, real=0.00 secs] 
2016-12-17T11:48:48.810+0530: 340198.918: [CMS-concurrent-abortable-preclean-start]
{Heap before GC invocations=46 (full 12):
 par new generation   total 109248K, used 109248K [0x00000000e0000000, 0x00000000e8000000, 0x00000000e8000000)
  eden space 87424K, 100% used [0x00000000e0000000, 0x00000000e5560000, 0x00000000e5560000)
  from space 21824K, 100% used [0x00000000e5560000, 0x00000000e6ab0000, 0x00000000e6ab0000)
  to   space 21824K,   0% used [0x00000000e6ab0000, 0x00000000e6ab0000, 0x00000000e8000000)
 concurrent mark-sweep generation total 393216K, used 263104K [0x00000000e8000000, 0x0000000100000000, 0x0000000100000000)
 Metaspace       used 37463K, capacity 38036K, committed 38680K, reserved 1083392K
  class space    used 4136K, capacity 4287K, committed 4424K, reserved 1048576K
2016-12-17T11:48:49.206+0530: 340199.315: [GC (Allocation Failure) 2016-12-17T11:48:49.207+0530: 340199.315: [ParNew
Desired survivor size 20112992 bytes, new threshold 6 (max 8)
- age   1:    7890584 bytes,    7890584 total
- age   2:    2969992 bytes,   10860576 total
- age   3:    3584808 bytes,   14445384 total
- age   4:    3263680 bytes,   17709064 total
- age   5:    1704696 bytes,   19413760 total
- age   6:    1100576 bytes,   20514336 total
: 109248K->21824K(109248K), 0.0495643 secs] 372352K->293813K(502464K), 0.0497656 secs] [Times: user=0.19 sys=0.00, real=0.05 secs] 
Heap after GC invocations=47 (full 12):
 par new generation   total 109248K, used 21824K [0x00000000e0000000, 0x00000000e8000000, 0x00000000e8000000)
  eden space 87424K,   0% used [0x00000000e0000000, 0x00000000e0000000, 0x00000000e5560000)
  from space 21824K, 100% used [0x00000000e6ab0000, 0x00000000e8000000, 0x00000000e8000000)
  to   space 21824K,   0% used [0x00000000e5560000, 0x00000000e5560000, 0x00000000e6ab0000)
 concurrent mark-sweep generation total 393216K, used 271989K [0x00000000e8000000, 0x0000000100000000, 0x0000000100000000)
 Metaspace       used 37463K, capacity 38036K, committed 38680K, reserved 1083392K
  class space    used 4136K, capacity 4287K, committed 4424K, reserved 1048576K
}
2016-12-17T11:48:49.256+0530: 340199.365: Total time for which application threads were stopped: 0.0502082 seconds, Stopping threads took: 0.0000388 seconds
2016-12-17T11:48:49.498+0530: 340199.607: [CMS-concurrent-abortable-preclean: 0.630/0.688 secs] [Times: user=2.51 sys=0.03, real=0.69 secs] 
2016-12-17T11:48:49.514+0530: 340199.623: [GC (CMS Final Remark) [YG occupancy: 106570 K (109248 K)]{Heap before GC invocations=47 (full 12):
 par new generation   total 109248K, used 106570K [0x00000000e0000000, 0x00000000e8000000, 0x00000000e8000000)
  eden space 87424K,  96% used [0x00000000e0000000, 0x00000000e52c28f0, 0x00000000e5560000)
  from space 21824K, 100% used [0x00000000e6ab0000, 0x00000000e8000000, 0x00000000e8000000)
  to   space 21824K,   0% used [0x00000000e5560000, 0x00000000e5560000, 0x00000000e6ab0000)
 concurrent mark-sweep generation total 393216K, used 271989K [0x00000000e8000000, 0x0000000100000000, 0x0000000100000000)
 Metaspace       used 37463K, capacity 38036K, committed 38680K, reserved 1083392K
  class space    used 4136K, capacity 4287K, committed 4424K, reserved 1048576K
2016-12-17T11:48:49.514+0530: 340199.623: [GC (CMS Final Remark) 2016-12-17T11:48:49.514+0530: 340199.623: [ParNew
Desired survivor size 20112992 bytes, new threshold 5 (max 8)
- age   1:    8094400 bytes,    8094400 total
- age   2:    4481056 bytes,   12575456 total
- age   3:    2610520 bytes,   15185976 total
- age   4:    3297312 bytes,   18483288 total
- age   5:    1942192 bytes,   20425480 total
- age   6:    1503504 bytes,   21928984 total
: 106570K->21824K(109248K), 0.0448596 secs] 378560K->299431K(502464K), 0.0449975 secs] [Times: user=0.16 sys=0.00, real=0.05 secs] 
Heap after GC invocations=48 (full 12):
 par new generation   total 109248K, used 21824K [0x00000000e0000000, 0x00000000e8000000, 0x00000000e8000000)
  eden space 87424K,   0% used [0x00000000e0000000, 0x00000000e0000000, 0x00000000e5560000)
  from space 21824K, 100% used [0x00000000e5560000, 0x00000000e6ab0000, 0x00000000e6ab0000)
  to   space 21824K,   0% used [0x00000000e6ab0000, 0x00000000e6ab0000, 0x00000000e8000000)
 concurrent mark-sweep generation total 393216K, used 277607K [0x00000000e8000000, 0x0000000100000000, 0x0000000100000000)
 Metaspace       used 37463K, capacity 38036K, committed 38680K, reserved 1083392K
  class space    used 4136K, capacity 4287K, committed 4424K, reserved 1048576K
}
2016-12-17T11:48:49.559+0530: 340199.668: [Rescan (parallel) , 0.0166702 secs]2016-12-17T11:48:49.576+0530: 340199.685: [weak refs processing, 0.0006346 secs]2016-12-17T11:48:49.577+0530: 340199.685: [class unloading, 0.0174065 secs]2016-12-17T11:48:49.594+0530: 340199.703: [scrub symbol table, 0.0093737 secs]2016-12-17T11:48:49.603+0530: 340199.712: [scrub string table, 0.0008434 secs][1 CMS-remark: 277607K(393216K)] 299431K(502464K), 0.0915506 secs] [Times: user=0.28 sys=0.00, real=0.09 secs] 
2016-12-17T11:48:49.606+0530: 340199.714: Total time for which application threads were stopped: 0.1076335 seconds, Stopping threads took: 0.0045476 seconds
2016-12-17T11:48:49.613+0530: 340199.722: [CMS-concurrent-sweep-start]
2016-12-17T11:48:49.825+0530: 340199.934: [CMS-concurrent-sweep: 0.212/0.212 secs] [Times: user=0.81 sys=0.00, real=0.21 secs] 
2016-12-17T11:48:49.825+0530: 340199.934: [CMS-concurrent-reset-start]
2016-12-17T11:48:49.826+0530: 340199.935: [CMS-concurrent-reset: 0.001/0.001 secs] [Times: user=0.00 sys=0.00, real=0.00 secs] 
{Heap before GC invocations=48 (full 12):
 par new generation   total 109248K, used 109248K [0x00000000e0000000, 0x00000000e8000000, 0x00000000e8000000)
  eden space 87424K, 100% used [0x00000000e0000000, 0x00000000e5560000, 0x00000000e5560000)
  from space 21824K, 100% used [0x00000000e5560000, 0x00000000e6ab0000, 0x00000000e6ab0000)
  to   space 21824K,   0% used [0x00000000e6ab0000, 0x00000000e6ab0000, 0x00000000e8000000)
 concurrent mark-sweep generation total 393216K, used 275121K [0x00000000e8000000, 0x0000000100000000, 0x0000000100000000)
 Metaspace       used 37465K, capacity 38036K, committed 38680K, reserved 1083392K
  class space    used 4136K, capacity 4287K, committed 4424K, reserved 1048576K
2016-12-17T11:48:49.886+0530: 340199.995: [GC (Allocation Failure) 2016-12-17T11:48:49.886+0530: 340199.995: [ParNew
Desired survivor size 20112992 bytes, new threshold 5 (max 8)
- age   1:    9343392 bytes,    9343392 total
- age   2:    4011016 bytes,   13354408 total
- age   3:    3634120 bytes,   16988528 total
- age   4:    1765712 bytes,   18754240 total
- age   5:    2843360 bytes,   21597600 total
: 109248K->21824K(109248K), 0.0720356 secs] 384369K->306281K(502464K), 0.0721534 secs] [Times: user=0.13 sys=0.00, real=0.07 secs] 
Heap after GC invocations=49 (full 12):
 par new generation   total 109248K, used 21824K [0x00000000e0000000, 0x00000000e8000000, 0x00000000e8000000)
  eden space 87424K,   0% used [0x00000000e0000000, 0x00000000e0000000, 0x00000000e5560000)
  from space 21824K, 100% used [0x00000000e6ab0000, 0x00000000e8000000, 0x00000000e8000000)
  to   space 21824K,   0% used [0x00000000e5560000, 0x00000000e5560000, 0x00000000e6ab0000)
 concurrent mark-sweep generation total 393216K, used 284457K [0x00000000e8000000, 0x0000000100000000, 0x0000000100000000)
 Metaspace       used 37465K, capacity 38036K, committed 38680K, reserved 1083392K
  class space    used 4136K, capacity 4287K, committed 4424K, reserved 1048576K
}
2016-12-17T11:48:49.958+0530: 340200.067: Total time for which application threads were stopped: 0.0724105 seconds, Stopping threads took: 0.0000214 seconds
2016-12-17T11:48:49.959+0530: 340200.067: [GC (CMS Initial Mark) [1 CMS-initial-mark: 284457K(393216K)] 308020K(502464K), 0.0065396 secs] [Times: user=0.05 sys=0.00, real=0.01 secs] 
2016-12-17T11:48:49.965+0530: 340200.074: Total time for which application threads were stopped: 0.0067547 seconds, Stopping threads took: 0.0000446 seconds
2016-12-17T11:48:49.965+0530: 340200.074: [CMS-concurrent-mark-start]
2016-12-17T11:48:50.081+0530: 340200.190: Total time for which application threads were stopped: 0.0001968 seconds, Stopping threads took: 0.0000451 seconds
2016-12-17T11:48:50.265+0530: 340200.373: [CMS-concurrent-mark: 0.299/0.299 secs] [Times: user=1.14 sys=0.00, real=0.30 secs] 
2016-12-17T11:48:50.265+0530: 340200.374: [CMS-concurrent-preclean-start]
2016-12-17T11:48:50.272+0530: 340200.381: Total time for which application threads were stopped: 0.0002053 seconds, Stopping threads took: 0.0000415 seconds
2016-12-17T11:48:50.276+0530: 340200.385: Total time for which application threads were stopped: 0.0001593 seconds, Stopping threads took: 0.0000397 seconds
2016-12-17T11:48:50.286+0530: 340200.395: [CMS-concurrent-preclean: 0.019/0.021 secs] [Times: user=0.03 sys=0.00, real=0.02 secs] 
2016-12-17T11:48:50.286+0530: 340200.395: [CMS-concurrent-abortable-preclean-start]
2016-12-17T11:48:50.330+0530: 340200.439: Total time for which application threads were stopped: 0.0001419 seconds, Stopping threads took: 0.0000214 seconds
{Heap before GC invocations=49 (full 13):
 par new generation   total 109248K, used 109248K [0x00000000e0000000, 0x00000000e8000000, 0x00000000e8000000)
  eden space 87424K, 100% used [0x00000000e0000000, 0x00000000e5560000, 0x00000000e5560000)
  from space 21824K, 100% used [0x00000000e6ab0000, 0x00000000e8000000, 0x00000000e8000000)
  to   space 21824K,   0% used [0x00000000e5560000, 0x00000000e5560000, 0x00000000e6ab0000)
 concurrent mark-sweep generation total 393216K, used 284457K [0x00000000e8000000, 0x0000000100000000, 0x0000000100000000)
 Metaspace       used 37517K, capacity 38068K, committed 38680K, reserved 1083392K
  class space    used 4145K, capacity 4319K, committed 4424K, reserved 1048576K
2016-12-17T11:48:50.342+0530: 340200.451: [GC (Allocation Failure) 2016-12-17T11:48:50.342+0530: 340200.451: [ParNew
Desired survivor size 20112992 bytes, new threshold 4 (max 8)
- age   1:    8788512 bytes,    8788512 total
- age   2:    4670576 bytes,   13459088 total
- age   3:    3849344 bytes,   17308432 total
- age   4:    3394160 bytes,   20702592 total
- age   5:    1645064 bytes,   22347656 total
: 109248K->21824K(109248K), 0.0547001 secs] 393705K->315497K(502464K), 0.0548371 secs] [Times: user=0.19 sys=0.00, real=0.06 secs] 
Heap after GC invocations=50 (full 13):
 par new generation   total 109248K, used 21824K [0x00000000e0000000, 0x00000000e8000000, 0x00000000e8000000)
  eden space 87424K,   0% used [0x00000000e0000000, 0x00000000e0000000, 0x00000000e5560000)
  from space 21824K, 100% used [0x00000000e5560000, 0x00000000e6ab0000, 0x00000000e6ab0000)
  to   space 21824K,   0% used [0x00000000e6ab0000, 0x00000000e6ab0000, 0x00000000e8000000)
 concurrent mark-sweep generation total 393216K, used 293673K [0x00000000e8000000, 0x0000000100000000, 0x0000000100000000)
 Metaspace       used 37517K, capacity 38068K, committed 38680K, reserved 1083392K
  class space    used 4145K, capacity 4319K, committed 4424K, reserved 1048576K
}
2016-12-17T11:48:50.397+0530: 340200.506: Total time for which application threads were stopped: 0.0616137 seconds, Stopping threads took: 0.0065138 seconds
2016-12-17T11:48:50.577+0530: 340200.686: [CMS-concurrent-abortable-preclean: 0.227/0.291 secs] [Times: user=0.66 sys=0.00, real=0.29 secs] 
2016-12-17T11:48:50.593+0530: 340200.702: [GC (CMS Final Remark) [YG occupancy: 95333 K (109248 K)]{Heap before GC invocations=50 (full 13):
 par new generation   total 109248K, used 95333K [0x00000000e0000000, 0x00000000e8000000, 0x00000000e8000000)
  eden space 87424K,  84% used [0x00000000e0000000, 0x00000000e47c9430, 0x00000000e5560000)
  from space 21824K, 100% used [0x00000000e5560000, 0x00000000e6ab0000, 0x00000000e6ab0000)
  to   space 21824K,   0% used [0x00000000e6ab0000, 0x00000000e6ab0000, 0x00000000e8000000)
 concurrent mark-sweep generation total 393216K, used 293673K [0x00000000e8000000, 0x0000000100000000, 0x0000000100000000)
 Metaspace       used 37517K, capacity 38068K, committed 38680K, reserved 1083392K
  class space    used 4145K, capacity 4319K, committed 4424K, reserved 1048576K
2016-12-17T11:48:50.593+0530: 340200.702: [GC (CMS Final Remark) 2016-12-17T11:48:50.593+0530: 340200.702: [ParNew
Desired survivor size 20112992 bytes, new threshold 4 (max 8)
- age   1:    8191248 bytes,    8191248 total
- age   2:    7287288 bytes,   15478536 total
- age   3:    3962112 bytes,   19440648 total
- age   4:    2554432 bytes,   21995080 total
: 95333K->21824K(109248K), 0.0660783 secs] 389006K->327653K(502464K), 0.0661939 secs] [Times: user=0.19 sys=0.00, real=0.07 secs] 
Heap after GC invocations=51 (full 13):
 par new generation   total 109248K, used 21824K [0x00000000e0000000, 0x00000000e8000000, 0x00000000e8000000)
  eden space 87424K,   0% used [0x00000000e0000000, 0x00000000e0000000, 0x00000000e5560000)
  from space 21824K, 100% used [0x00000000e6ab0000, 0x00000000e8000000, 0x00000000e8000000)
  to   space 21824K,   0% used [0x00000000e5560000, 0x00000000e5560000, 0x00000000e6ab0000)
 concurrent mark-sweep generation total 393216K, used 305829K [0x00000000e8000000, 0x0000000100000000, 0x0000000100000000)
 Metaspace       used 37517K, capacity 38068K, committed 38680K, reserved 1083392K
  class space    used 4145K, capacity 4319K, committed 4424K, reserved 1048576K
}
2016-12-17T11:48:50.659+0530: 340200.768: [Rescan (parallel) , 0.0201611 secs]2016-12-17T11:48:50.679+0530: 340200.788: [weak refs processing, 0.0003034 secs]2016-12-17T11:48:50.680+0530: 340200.789: [class unloading, 0.0071657 secs]2016-12-17T11:48:50.687+0530: 340200.796: [scrub symbol table, 0.0071323 secs]2016-12-17T11:48:50.694+0530: 340200.803: [scrub string table, 0.0005167 secs][1 CMS-remark: 305829K(393216K)] 327653K(502464K), 0.1024393 secs] [Times: user=0.25 sys=0.02, real=0.10 secs] 
2016-12-17T11:48:50.695+0530: 340200.804: Total time for which application threads were stopped: 0.1179443 seconds, Stopping threads took: 0.0153431 seconds
2016-12-17T11:48:50.695+0530: 340200.804: [CMS-concurrent-sweep-start]
2016-12-17T11:48:50.945+0530: 340201.054: [CMS-concurrent-sweep: 0.250/0.250 secs] [Times: user=0.94 sys=0.02, real=0.25 secs] 
2016-12-17T11:48:50.945+0530: 340201.054: [CMS-concurrent-reset-start]
2016-12-17T11:48:50.946+0530: 340201.055: [CMS-concurrent-reset: 0.001/0.001 secs] [Times: user=0.06 sys=0.00, real=0.00 secs] 
{Heap before GC invocations=51 (full 13):
 par new generation   total 109248K, used 109248K [0x00000000e0000000, 0x00000000e8000000, 0x00000000e8000000)
  eden space 87424K, 100% used [0x00000000e0000000, 0x00000000e5560000, 0x00000000e5560000)
  from space 21824K, 100% used [0x00000000e6ab0000, 0x00000000e8000000, 0x00000000e8000000)
  to   space 21824K,   0% used [0x00000000e5560000, 0x00000000e5560000, 0x00000000e6ab0000)
 concurrent mark-sweep generation total 393216K, used 291881K [0x00000000e8000000, 0x0000000100000000, 0x0000000100000000)
 Metaspace       used 37550K, capacity 38132K, committed 38680K, reserved 1083392K
  class space    used 4145K, capacity 4319K, committed 4424K, reserved 1048576K
2016-12-17T11:48:51.045+0530: 340201.154: [GC (Allocation Failure) 2016-12-17T11:48:51.045+0530: 340201.154: [ParNew
Desired survivor size 20112992 bytes, new threshold 4 (max 8)
- age   1:    6664536 bytes,    6664536 total
- age   2:    3239336 bytes,    9903872 total
- age   3:    6874624 bytes,   16778496 total
- age   4:    3577600 bytes,   20356096 total
: 109248K->21824K(109248K), 0.0422513 secs] 401129K->328879K(502464K), 0.0423705 secs] [Times: user=0.19 sys=0.00, real=0.04 secs] 
Heap after GC invocations=52 (full 13):
 par new generation   total 109248K, used 21824K [0x00000000e0000000, 0x00000000e8000000, 0x00000000e8000000)
  eden space 87424K,   0% used [0x00000000e0000000, 0x00000000e0000000, 0x00000000e5560000)
  from space 21824K, 100% used [0x00000000e5560000, 0x00000000e6ab0000, 0x00000000e6ab0000)
  to   space 21824K,   0% used [0x00000000e6ab0000, 0x00000000e6ab0000, 0x00000000e8000000)
 concurrent mark-sweep generation total 393216K, used 307055K [0x00000000e8000000, 0x0000000100000000, 0x0000000100000000)
 Metaspace       used 37550K, capacity 38132K, committed 38680K, reserved 1083392K
  class space    used 4145K, capacity 4319K, committed 4424K, reserved 1048576K
}
2016-12-17T11:48:51.088+0530: 340201.197: Total time for which application threads were stopped: 0.0427087 seconds, Stopping threads took: 0.0000419 seconds
2016-12-17T11:48:51.088+0530: 340201.197: [GC (CMS Initial Mark) [1 CMS-initial-mark: 307055K(393216K)] 330528K(502464K), 0.0043116 secs] [Times: user=0.00 sys=0.00, real=0.00 secs] 
2016-12-17T11:48:51.092+0530: 340201.201: Total time for which application threads were stopped: 0.0047239 seconds, Stopping threads took: 0.0000634 seconds
2016-12-17T11:48:51.092+0530: 340201.201: [CMS-concurrent-mark-start]
2016-12-17T11:48:51.414+0530: 340201.523: [CMS-concurrent-mark: 0.322/0.322 secs] [Times: user=1.19 sys=0.00, real=0.32 secs] 
2016-12-17T11:48:51.414+0530: 340201.523: [CMS-concurrent-preclean-start]
2016-12-17T11:48:51.450+0530: 340201.559: [CMS-concurrent-preclean: 0.034/0.035 secs] [Times: user=0.11 sys=0.00, real=0.04 secs] 
2016-12-17T11:48:51.450+0530: 340201.559: [CMS-concurrent-abortable-preclean-start]
{Heap before GC invocations=52 (full 14):
 par new generation   total 109248K, used 109248K [0x00000000e0000000, 0x00000000e8000000, 0x00000000e8000000)
  eden space 87424K, 100% used [0x00000000e0000000, 0x00000000e5560000, 0x00000000e5560000)
  from space 21824K, 100% used [0x00000000e5560000, 0x00000000e6ab0000, 0x00000000e6ab0000)
  to   space 21824K,   0% used [0x00000000e6ab0000, 0x00000000e6ab0000, 0x00000000e8000000)
 concurrent mark-sweep generation total 393216K, used 307055K [0x00000000e8000000, 0x0000000100000000, 0x0000000100000000)
 Metaspace       used 37550K, capacity 38132K, committed 38680K, reserved 1083392K
  class space    used 4145K, capacity 4319K, committed 4424K, reserved 1048576K
2016-12-17T11:48:51.519+0530: 340201.628: [GC (Allocation Failure) 2016-12-17T11:48:51.519+0530: 340201.628: [ParNew
Desired survivor size 20112992 bytes, new threshold 4 (max 8)
- age   1:   10865784 bytes,   10865784 total
- age   2:    3564440 bytes,   14430224 total
- age   3:    2099328 bytes,   16529552 total
- age   4:    5818136 bytes,   22347688 total
: 109248K->21824K(109248K), 0.0652697 secs] 416303K->343878K(502464K), 0.0654696 secs] [Times: user=0.23 sys=0.00, real=0.07 secs] 
Heap after GC invocations=53 (full 14):
 par new generation   total 109248K, used 21824K [0x00000000e0000000, 0x00000000e8000000, 0x00000000e8000000)
  eden space 87424K,   0% used [0x00000000e0000000, 0x00000000e0000000, 0x00000000e5560000)
  from space 21824K, 100% used [0x00000000e6ab0000, 0x00000000e8000000, 0x00000000e8000000)
  to   space 21824K,   0% used [0x00000000e5560000, 0x00000000e5560000, 0x00000000e6ab0000)
 concurrent mark-sweep generation total 393216K, used 322054K [0x00000000e8000000, 0x0000000100000000, 0x0000000100000000)
 Metaspace       used 37550K, capacity 38132K, committed 38680K, reserved 1083392K
  class space    used 4145K, capacity 4319K, committed 4424K, reserved 1048576K
}
2016-12-17T11:48:51.584+0530: 340201.693: Total time for which application threads were stopped: 0.0695643 seconds, Stopping threads took: 0.0037913 seconds
2016-12-17T11:48:51.679+0530: 340201.788: Total time for which application threads were stopped: 0.0097669 seconds, Stopping threads took: 0.0096620 seconds
2016-12-17T11:48:51.765+0530: 340201.874: Total time for which application threads were stopped: 0.0001486 seconds, Stopping threads took: 0.0000335 seconds
2016-12-17T11:48:51.768+0530: 340201.877: [CMS-concurrent-abortable-preclean: 0.236/0.318 secs] [Times: user=0.89 sys=0.00, real=0.32 secs] 
2016-12-17T11:48:51.772+0530: 340201.881: [GC (CMS Final Remark) [YG occupancy: 67744 K (109248 K)]{Heap before GC invocations=53 (full 14):
 par new generation   total 109248K, used 67744K [0x00000000e0000000, 0x00000000e8000000, 0x00000000e8000000)
  eden space 87424K,  52% used [0x00000000e0000000, 0x00000000e2cd83c0, 0x00000000e5560000)
  from space 21824K, 100% used [0x00000000e6ab0000, 0x00000000e8000000, 0x00000000e8000000)
  to   space 21824K,   0% used [0x00000000e5560000, 0x00000000e5560000, 0x00000000e6ab0000)
 concurrent mark-sweep generation total 393216K, used 322054K [0x00000000e8000000, 0x0000000100000000, 0x0000000100000000)
 Metaspace       used 37554K, capacity 38132K, committed 38680K, reserved 1083392K
  class space    used 4146K, capacity 4319K, committed 4424K, reserved 1048576K
2016-12-17T11:48:51.772+0530: 340201.881: [GC (CMS Final Remark) 2016-12-17T11:48:51.772+0530: 340201.881: [ParNew
Desired survivor size 20112992 bytes, new threshold 8 (max 8)
- age   1:    4921072 bytes,    4921072 total
- age   2:    9607912 bytes,   14528984 total
- age   3:    3332408 bytes,   17861392 total
- age   4:    2014296 bytes,   19875688 total
: 67744K->21824K(109248K), 0.0402807 secs] 389799K->353747K(502464K), 0.0403762 secs] [Times: user=0.13 sys=0.00, real=0.04 secs] 
Heap after GC invocations=54 (full 14):
 par new generation   total 109248K, used 21824K [0x00000000e0000000, 0x00000000e8000000, 0x00000000e8000000)
  eden space 87424K,   0% used [0x00000000e0000000, 0x00000000e0000000, 0x00000000e5560000)
  from space 21824K, 100% used [0x00000000e5560000, 0x00000000e6ab0000, 0x00000000e6ab0000)
  to   space 21824K,   0% used [0x00000000e6ab0000, 0x00000000e6ab0000, 0x00000000e8000000)
 concurrent mark-sweep generation total 393216K, used 331923K [0x00000000e8000000, 0x0000000100000000, 0x0000000100000000)
 Metaspace       used 37554K, capacity 38132K, committed 38680K, reserved 1083392K
  class space    used 4146K, capacity 4319K, committed 4424K, reserved 1048576K
}
2016-12-17T11:48:51.812+0530: 340201.921: [Rescan (parallel) , 0.0203762 secs]2016-12-17T11:48:51.833+0530: 340201.942: [weak refs processing, 0.0007385 secs]2016-12-17T11:48:51.833+0530: 340201.942: [class unloading, 0.0071751 secs]2016-12-17T11:48:51.841+0530: 340201.950: [scrub symbol table, 0.0062349 secs]2016-12-17T11:48:51.847+0530: 340201.956: [scrub string table, 0.0005141 secs][1 CMS-remark: 331923K(393216K)] 353747K(502464K), 0.0764079 secs] [Times: user=0.20 sys=0.00, real=0.08 secs] 
2016-12-17T11:48:51.848+0530: 340201.957: Total time for which application threads were stopped: 0.0765716 seconds, Stopping threads took: 0.0000290 seconds
2016-12-17T11:48:51.848+0530: 340201.957: [CMS-concurrent-sweep-start]
2016-12-17T11:48:51.859+0530: 340201.968: Total time for which application threads were stopped: 0.0002079 seconds, Stopping threads took: 0.0000625 seconds
2016-12-17T11:48:52.056+0530: 340202.165: [CMS-concurrent-sweep: 0.208/0.208 secs] [Times: user=0.62 sys=0.05, real=0.21 secs] 
2016-12-17T11:48:52.056+0530: 340202.165: [CMS-concurrent-reset-start]
2016-12-17T11:48:52.057+0530: 340202.166: [CMS-concurrent-reset: 0.001/0.001 secs] [Times: user=0.00 sys=0.00, real=0.00 secs] 
2016-12-17T11:48:52.859+0530: 340202.968: Total time for which application threads were stopped: 0.0007207 seconds, Stopping threads took: 0.0001187 seconds
{Heap before GC invocations=54 (full 14):
 par new generation   total 109248K, used 109248K [0x00000000e0000000, 0x00000000e8000000, 0x00000000e8000000)
  eden space 87424K, 100% used [0x00000000e0000000, 0x00000000e5560000, 0x00000000e5560000)
  from space 21824K, 100% used [0x00000000e5560000, 0x00000000e6ab0000, 0x00000000e6ab0000)
  to   space 21824K,   0% used [0x00000000e6ab0000, 0x00000000e6ab0000, 0x00000000e8000000)
 concurrent mark-sweep generation total 393216K, used 310898K [0x00000000e8000000, 0x0000000100000000, 0x0000000100000000)
 Metaspace       used 37558K, capacity 38132K, committed 38680K, reserved 1083392K
  class space    used 4146K, capacity 4319K, committed 4424K, reserved 1048576K
2016-12-17T11:48:53.379+0530: 340203.488: [GC (Allocation Failure) 2016-12-17T11:48:53.379+0530: 340203.488: [ParNew
Desired survivor size 20112992 bytes, new threshold 8 (max 8)
- age   1:     996000 bytes,     996000 total
- age   2:    3907176 bytes,    4903176 total
- age   3:    7248168 bytes,   12151344 total
- age   4:    3171336 bytes,   15322680 total
- age   5:    1978728 bytes,   17301408 total
: 109248K->21824K(109248K), 0.0263094 secs] 420146K->335434K(502464K), 0.0265191 secs] [Times: user=0.06 sys=0.00, real=0.03 secs] 
Heap after GC invocations=55 (full 14):
 par new generation   total 109248K, used 21824K [0x00000000e0000000, 0x00000000e8000000, 0x00000000e8000000)
  eden space 87424K,   0% used [0x00000000e0000000, 0x00000000e0000000, 0x00000000e5560000)
  from space 21824K, 100% used [0x00000000e6ab0000, 0x00000000e8000000, 0x00000000e8000000)
  to   space 21824K,   0% used [0x00000000e5560000, 0x00000000e5560000, 0x00000000e6ab0000)
 concurrent mark-sweep generation total 393216K, used 313610K [0x00000000e8000000, 0x0000000100000000, 0x0000000100000000)
 Metaspace       used 37558K, capacity 38132K, committed 38680K, reserved 1083392K
  class space    used 4146K, capacity 4319K, committed 4424K, reserved 1048576K
}
2016-12-17T11:48:53.406+0530: 340203.515: Total time for which application threads were stopped: 0.0273857 seconds, Stopping threads took: 0.0000335 seconds
2016-12-17T11:48:53.409+0530: 340203.518: [GC (CMS Initial Mark) [1 CMS-initial-mark: 313610K(393216K)] 337170K(502464K), 0.0200920 secs] [Times: user=0.05 sys=0.02, real=0.02 secs] 
2016-12-17T11:48:53.429+0530: 340203.538: Total time for which application threads were stopped: 0.0206506 seconds, Stopping threads took: 0.0003191 seconds
2016-12-17T11:48:53.429+0530: 340203.538: [CMS-concurrent-mark-start]
2016-12-17T11:48:53.713+0530: 340203.822: [CMS-concurrent-mark: 0.284/0.284 secs] [Times: user=1.06 sys=0.00, real=0.28 secs] 
2016-12-17T11:48:53.713+0530: 340203.822: [CMS-concurrent-preclean-start]
2016-12-17T11:48:53.715+0530: 340203.824: [CMS-concurrent-preclean: 0.002/0.002 secs] [Times: user=0.00 sys=0.00, real=0.00 secs] 
2016-12-17T11:48:53.715+0530: 340203.824: [CMS-concurrent-abortable-preclean-start]
{Heap before GC invocations=55 (full 15):
 par new generation   total 109248K, used 109248K [0x00000000e0000000, 0x00000000e8000000, 0x00000000e8000000)
  eden space 87424K, 100% used [0x00000000e0000000, 0x00000000e5560000, 0x00000000e5560000)
  from space 21824K, 100% used [0x00000000e6ab0000, 0x00000000e8000000, 0x00000000e8000000)
  to   space 21824K,   0% used [0x00000000e5560000, 0x00000000e5560000, 0x00000000e6ab0000)
 concurrent mark-sweep generation total 393216K, used 313610K [0x00000000e8000000, 0x0000000100000000, 0x0000000100000000)
 Metaspace       used 37558K, capacity 38132K, committed 38680K, reserved 1083392K
  class space    used 4146K, capacity 4319K, committed 4424K, reserved 1048576K
2016-12-17T11:48:53.893+0530: 340204.002: [GC (Allocation Failure) 2016-12-17T11:48:53.893+0530: 340204.002: [ParNew
Desired survivor size 20112992 bytes, new threshold 8 (max 8)
- age   1:     129968 bytes,     129968 total
- age   2:     889800 bytes,    1019768 total
- age   3:    3907176 bytes,    4926944 total
- age   4:    7248168 bytes,   12175112 total
- age   5:    3171336 bytes,   15346448 total
- age   6:    1978728 bytes,   17325176 total
: 109248K->20081K(109248K), 0.0227712 secs] 422858K->333691K(502464K), 0.0229131 secs] [Times: user=0.13 sys=0.00, real=0.02 secs] 
Heap after GC invocations=56 (full 15):
 par new generation   total 109248K, used 20081K [0x00000000e0000000, 0x00000000e8000000, 0x00000000e8000000)
  eden space 87424K,   0% used [0x00000000e0000000, 0x00000000e0000000, 0x00000000e5560000)
  from space 21824K,  92% used [0x00000000e5560000, 0x00000000e68fc750, 0x00000000e6ab0000)
  to   space 21824K,   0% used [0x00000000e6ab0000, 0x00000000e6ab0000, 0x00000000e8000000)
 concurrent mark-sweep generation total 393216K, used 313610K [0x00000000e8000000, 0x0000000100000000, 0x0000000100000000)
 Metaspace       used 37558K, capacity 38132K, committed 38680K, reserved 1083392K
  class space    used 4146K, capacity 4319K, committed 4424K, reserved 1048576K
}
2016-12-17T11:48:53.916+0530: 340204.025: Total time for which application threads were stopped: 0.0232482 seconds, Stopping threads took: 0.0000384 seconds
2016-12-17T11:48:54.067+0530: 340204.177: [CMS-concurrent-abortable-preclean: 0.317/0.353 secs] [Times: user=1.14 sys=0.08, real=0.35 secs] 
2016-12-17T11:48:54.073+0530: 340204.182: [GC (CMS Final Remark) [YG occupancy: 82756 K (109248 K)]{Heap before GC invocations=56 (full 15):
 par new generation   total 109248K, used 82756K [0x00000000e0000000, 0x00000000e8000000, 0x00000000e8000000)
  eden space 87424K,  71% used [0x00000000e0000000, 0x00000000e3d349d8, 0x00000000e5560000)
  from space 21824K,  92% used [0x00000000e5560000, 0x00000000e68fc750, 0x00000000e6ab0000)
  to   space 21824K,   0% used [0x00000000e6ab0000, 0x00000000e6ab0000, 0x00000000e8000000)
 concurrent mark-sweep generation total 393216K, used 313610K [0x00000000e8000000, 0x0000000100000000, 0x0000000100000000)
 Metaspace       used 37558K, capacity 38132K, committed 38680K, reserved 1083392K
  class space    used 4146K, capacity 4319K, committed 4424K, reserved 1048576K
2016-12-17T11:48:54.073+0530: 340204.182: [GC (CMS Final Remark) 2016-12-17T11:48:54.073+0530: 340204.182: [ParNew
Desired survivor size 20112992 bytes, new threshold 8 (max 8)
- age   1:      63768 bytes,      63768 total
- age   2:      96408 bytes,     160176 total
- age   3:     889800 bytes,    1049976 total
- age   4:    3907176 bytes,    4957152 total
- age   5:    7248168 bytes,   12205320 total
- age   6:    3171336 bytes,   15376656 total
- age   7:    1978752 bytes,   17355408 total
: 82756K->21459K(109248K), 0.0227025 secs] 396366K->335069K(502464K), 0.0228537 secs] [Times: user=0.06 sys=0.00, real=0.02 secs] 
Heap after GC invocations=57 (full 15):
 par new generation   total 109248K, used 21459K [0x00000000e0000000, 0x00000000e8000000, 0x00000000e8000000)
  eden space 87424K,   0% used [0x00000000e0000000, 0x00000000e0000000, 0x00000000e5560000)
  from space 21824K,  98% used [0x00000000e6ab0000, 0x00000000e7fa4d00, 0x00000000e8000000)
  to   space 21824K,   0% used [0x00000000e5560000, 0x00000000e5560000, 0x00000000e6ab0000)
 concurrent mark-sweep generation total 393216K, used 313610K [0x00000000e8000000, 0x0000000100000000, 0x0000000100000000)
 Metaspace       used 37558K, capacity 38132K, committed 38680K, reserved 1083392K
  class space    used 4146K, capacity 4319K, committed 4424K, reserved 1048576K
}
2016-12-17T11:48:54.096+0530: 340204.205: [Rescan (parallel) , 0.0197559 secs]2016-12-17T11:48:54.116+0530: 340204.225: [weak refs processing, 0.0004654 secs]2016-12-17T11:48:54.117+0530: 340204.226: [class unloading, 0.0116634 secs]2016-12-17T11:48:54.128+0530: 340204.237: [scrub symbol table, 0.0134532 secs]2016-12-17T11:48:54.142+0530: 340204.251: [scrub string table, 0.0008702 secs][1 CMS-remark: 313610K(393216K)] 335069K(502464K), 0.0705737 secs] [Times: user=0.27 sys=0.00, real=0.07 secs] 
2016-12-17T11:48:54.144+0530: 340204.253: Total time for which application threads were stopped: 0.0744940 seconds, Stopping threads took: 0.0036797 seconds
2016-12-17T11:48:54.144+0530: 340204.253: [CMS-concurrent-sweep-start]
2016-12-17T11:48:54.195+0530: 340204.304: Total time for which application threads were stopped: 0.0001852 seconds, Stopping threads took: 0.0000335 seconds
2016-12-17T11:48:54.195+0530: 340204.304: Total time for which application threads were stopped: 0.0001174 seconds, Stopping threads took: 0.0000178 seconds
2016-12-17T11:48:54.405+0530: 340204.515: [CMS-concurrent-sweep: 0.261/0.261 secs] [Times: user=0.94 sys=0.00, real=0.26 secs] 
2016-12-17T11:48:54.406+0530: 340204.515: [CMS-concurrent-reset-start]
2016-12-17T11:48:54.406+0530: 340204.515: [CMS-concurrent-reset: 0.001/0.001 secs] [Times: user=0.00 sys=0.00, real=0.00 secs] 
{Heap before GC invocations=57 (full 15):
 par new generation   total 109248K, used 108883K [0x00000000e0000000, 0x00000000e8000000, 0x00000000e8000000)
  eden space 87424K, 100% used [0x00000000e0000000, 0x00000000e5560000, 0x00000000e5560000)
  from space 21824K,  98% used [0x00000000e6ab0000, 0x00000000e7fa4d00, 0x00000000e8000000)
  to   space 21824K,   0% used [0x00000000e5560000, 0x00000000e5560000, 0x00000000e6ab0000)
 concurrent mark-sweep generation total 393216K, used 290349K [0x00000000e8000000, 0x0000000100000000, 0x0000000100000000)
 Metaspace       used 37560K, capacity 38132K, committed 38680K, reserved 1083392K
  class space    used 4146K, capacity 4319K, committed 4424K, reserved 1048576K
2016-12-17T11:48:54.507+0530: 340204.616: [GC (Allocation Failure) 2016-12-17T11:48:54.507+0530: 340204.616: [ParNew
Desired survivor size 20112992 bytes, new threshold 8 (max 8)
- age   1:    7664968 bytes,    7664968 total
- age   2:         32 bytes,    7665000 total
- age   3:         32 bytes,    7665032 total
- age   4:     713776 bytes,    8378808 total
- age   5:    2966760 bytes,   11345568 total
- age   6:    5302344 bytes,   16647912 total
- age   7:    1630552 bytes,   18278464 total
- age   8:    1282680 bytes,   19561144 total
: 108883K->21824K(109248K), 0.0383753 secs] 399232K->312173K(502464K), 0.0385172 secs] [Times: user=0.12 sys=0.00, real=0.04 secs] 
Heap after GC invocations=58 (full 15):
 par new generation   total 109248K, used 21824K [0x00000000e0000000, 0x00000000e8000000, 0x00000000e8000000)
  eden space 87424K,   0% used [0x00000000e0000000, 0x00000000e0000000, 0x00000000e5560000)
  from space 21824K, 100% used [0x00000000e5560000, 0x00000000e6ab0000, 0x00000000e6ab0000)
  to   space 21824K,   0% used [0x00000000e6ab0000, 0x00000000e6ab0000, 0x00000000e8000000)
 concurrent mark-sweep generation total 393216K, used 290349K [0x00000000e8000000, 0x0000000100000000, 0x0000000100000000)
 Metaspace       used 37560K, capacity 38132K, committed 38680K, reserved 1083392K
  class space    used 4146K, capacity 4319K, committed 4424K, reserved 1048576K
}
2016-12-17T11:48:54.545+0530: 340204.654: Total time for which application threads were stopped: 0.0388519 seconds, Stopping threads took: 0.0000402 seconds
2016-12-17T11:48:54.548+0530: 340204.657: [GC (CMS Initial Mark) [1 CMS-initial-mark: 290349K(393216K)] 313895K(502464K), 0.0038827 secs] [Times: user=0.06 sys=0.00, real=0.00 secs] 
2016-12-17T11:48:54.552+0530: 340204.661: Total time for which application threads were stopped: 0.0062563 seconds, Stopping threads took: 0.0021964 seconds
2016-12-17T11:48:54.552+0530: 340204.661: [CMS-concurrent-mark-start]
2016-12-17T11:48:54.819+0530: 340204.929: [CMS-concurrent-mark: 0.268/0.268 secs] [Times: user=1.01 sys=0.00, real=0.27 secs] 
2016-12-17T11:48:54.820+0530: 340204.929: [CMS-concurrent-preclean-start]
2016-12-17T11:48:54.823+0530: 340204.932: [CMS-concurrent-preclean: 0.003/0.003 secs] [Times: user=0.00 sys=0.00, real=0.00 secs] 
2016-12-17T11:48:54.823+0530: 340204.932: [CMS-concurrent-abortable-preclean-start]
2016-12-17T11:48:54.954+0530: 340205.063: [CMS-concurrent-abortable-preclean: 0.131/0.131 secs] [Times: user=0.23 sys=0.02, real=0.13 secs] 
2016-12-17T11:48:54.954+0530: 340205.063: [GC (CMS Final Remark) [YG occupancy: 76037 K (109248 K)]{Heap before GC invocations=58 (full 16):
 par new generation   total 109248K, used 76037K [0x00000000e0000000, 0x00000000e8000000, 0x00000000e8000000)
  eden space 87424K,  62% used [0x00000000e0000000, 0x00000000e34f1508, 0x00000000e5560000)
  from space 21824K, 100% used [0x00000000e5560000, 0x00000000e6ab0000, 0x00000000e6ab0000)
  to   space 21824K,   0% used [0x00000000e6ab0000, 0x00000000e6ab0000, 0x00000000e8000000)
 concurrent mark-sweep generation total 393216K, used 290349K [0x00000000e8000000, 0x0000000100000000, 0x0000000100000000)
 Metaspace       used 37560K, capacity 38132K, committed 38680K, reserved 1083392K
  class space    used 4146K, capacity 4319K, committed 4424K, reserved 1048576K
2016-12-17T11:48:54.954+0530: 340205.063: [GC (CMS Final Remark) 2016-12-17T11:48:54.954+0530: 340205.064: [ParNew
Desired survivor size 20112992 bytes, new threshold 8 (max 8)
- age   1:    6319104 bytes,    6319104 total
- age   2:    6413440 bytes,   12732544 total
- age   3:         32 bytes,   12732576 total
- age   4:         32 bytes,   12732608 total
- age   5:     713776 bytes,   13446384 total
- age   6:    2966760 bytes,   16413144 total
- age   7:    2722776 bytes,   19135920 total
- age   8:    1630552 bytes,   20766472 total
: 76037K->21824K(109248K), 0.0325813 secs] 366386K->315960K(502464K), 0.0326657 secs] [Times: user=0.17 sys=0.00, real=0.03 secs] 
Heap after GC invocations=59 (full 16):
 par new generation   total 109248K, used 21824K [0x00000000e0000000, 0x00000000e8000000, 0x00000000e8000000)
  eden space 87424K,   0% used [0x00000000e0000000, 0x00000000e0000000, 0x00000000e5560000)
  from space 21824K, 100% used [0x00000000e6ab0000, 0x00000000e8000000, 0x00000000e8000000)
  to   space 21824K,   0% used [0x00000000e5560000, 0x00000000e5560000, 0x00000000e6ab0000)
 concurrent mark-sweep generation total 393216K, used 294136K [0x00000000e8000000, 0x0000000100000000, 0x0000000100000000)
 Metaspace       used 37560K, capacity 38132K, committed 38680K, reserved 1083392K
  class space    used 4146K, capacity 4319K, committed 4424K, reserved 1048576K
}
2016-12-17T11:48:54.987+0530: 340205.096: [Rescan (parallel) , 0.0143087 secs]2016-12-17T11:48:55.001+0530: 340205.111: [weak refs processing, 0.0003574 secs]2016-12-17T11:48:55.002+0530: 340205.111: [class unloading, 0.0086218 secs]2016-12-17T11:48:55.011+0530: 340205.120: [scrub symbol table, 0.0076450 secs]2016-12-17T11:48:55.018+0530: 340205.127: [scrub string table, 0.0005301 secs][1 CMS-remark: 294136K(393216K)] 315960K(502464K), 0.0650966 secs] [Times: user=0.25 sys=0.00, real=0.07 secs] 
2016-12-17T11:48:55.019+0530: 340205.129: Total time for which application threads were stopped: 0.0652488 seconds, Stopping threads took: 0.0000286 seconds
2016-12-17T11:48:55.020+0530: 340205.129: [CMS-concurrent-sweep-start]
2016-12-17T11:48:55.234+0530: 340205.344: [CMS-concurrent-sweep: 0.215/0.215 secs] [Times: user=0.44 sys=0.09, real=0.21 secs] 
2016-12-17T11:48:55.235+0530: 340205.344: [CMS-concurrent-reset-start]
2016-12-17T11:48:55.235+0530: 340205.344: [CMS-concurrent-reset: 0.001/0.001 secs] [Times: user=0.00 sys=0.00, real=0.00 secs] 
2016-12-17T11:48:55.255+0530: 340205.364: Total time for which application threads were stopped: 0.0000910 seconds, Stopping threads took: 0.0000205 seconds
2016-12-17T11:48:55.255+0530: 340205.364: Total time for which application threads were stopped: 0.0000397 seconds, Stopping threads took: 0.0000076 seconds
2016-12-17T11:48:55.259+0530: 340205.368: Total time for which application threads were stopped: 0.0000950 seconds, Stopping threads took: 0.0000201 seconds
{Heap before GC invocations=59 (full 16):
 par new generation   total 109248K, used 109248K [0x00000000e0000000, 0x00000000e8000000, 0x00000000e8000000)
  eden space 87424K, 100% used [0x00000000e0000000, 0x00000000e5560000, 0x00000000e5560000)
  from space 21824K, 100% used [0x00000000e6ab0000, 0x00000000e8000000, 0x00000000e8000000)
  to   space 21824K,   0% used [0x00000000e5560000, 0x00000000e5560000, 0x00000000e6ab0000)
 concurrent mark-sweep generation total 393216K, used 264847K [0x00000000e8000000, 0x0000000100000000, 0x0000000100000000)
 Metaspace       used 37578K, capacity 38132K, committed 38680K, reserved 1083392K
  class space    used 4148K, capacity 4319K, committed 4424K, reserved 1048576K
2016-12-17T11:48:55.260+0530: 340205.369: [GC (Allocation Failure) 2016-12-17T11:48:55.260+0530: 340205.369: [ParNew
Desired survivor size 20112992 bytes, new threshold 8 (max 8)
- age   1:    8246328 bytes,    8246328 total
- age   2:    3633280 bytes,   11879608 total
- age   3:    5235784 bytes,   17115392 total
- age   4:         32 bytes,   17115424 total
- age   5:         32 bytes,   17115456 total
- age   6:     650496 bytes,   17765952 total
- age   7:    1523512 bytes,   19289464 total
- age   8:     633784 bytes,   19923248 total
: 109248K->21824K(109248K), 0.0382570 secs] 374095K->290817K(502464K), 0.0383579 secs] [Times: user=0.14 sys=0.00, real=0.04 secs] 
Heap after GC invocations=60 (full 16):
 par new generation   total 109248K, used 21824K [0x00000000e0000000, 0x00000000e8000000, 0x00000000e8000000)
  eden space 87424K,   0% used [0x00000000e0000000, 0x00000000e0000000, 0x00000000e5560000)
  from space 21824K, 100% used [0x00000000e5560000, 0x00000000e6ab0000, 0x00000000e6ab0000)
  to   space 21824K,   0% used [0x00000000e6ab0000, 0x00000000e6ab0000, 0x00000000e8000000)
 concurrent mark-sweep generation total 393216K, used 268993K [0x00000000e8000000, 0x0000000100000000, 0x0000000100000000)
 Metaspace       used 37578K, capacity 38132K, committed 38680K, reserved 1083392K
  class space    used 4148K, capacity 4319K, committed 4424K, reserved 1048576K
}
2016-12-17T11:48:55.298+0530: 340205.407: Total time for which application threads were stopped: 0.0386011 seconds, Stopping threads took: 0.0000576 seconds
2016-12-17T11:48:55.298+0530: 340205.407: [GC (CMS Initial Mark) [1 CMS-initial-mark: 268993K(393216K)] 292541K(502464K), 0.0064999 secs] [Times: user=0.00 sys=0.00, real=0.01 secs] 
2016-12-17T11:48:55.305+0530: 340205.414: Total time for which application threads were stopped: 0.0066990 seconds, Stopping threads took: 0.0000477 seconds
2016-12-17T11:48:55.305+0530: 340205.414: [CMS-concurrent-mark-start]
2016-12-17T11:48:55.547+0530: 340205.656: [CMS-concurrent-mark: 0.242/0.242 secs] [Times: user=0.90 sys=0.01, real=0.24 secs] 
2016-12-17T11:48:55.547+0530: 340205.656: [CMS-concurrent-preclean-start]
2016-12-17T11:48:55.558+0530: 340205.667: [CMS-concurrent-preclean: 0.011/0.011 secs] [Times: user=0.00 sys=0.00, real=0.01 secs] 
2016-12-17T11:48:55.558+0530: 340205.667: [CMS-concurrent-abortable-preclean-start]
2016-12-17T11:48:55.701+0530: 340205.810: Total time for which application threads were stopped: 0.0001816 seconds, Stopping threads took: 0.0000353 seconds
{Heap before GC invocations=60 (full 17):
 par new generation   total 109248K, used 109248K [0x00000000e0000000, 0x00000000e8000000, 0x00000000e8000000)
  eden space 87424K, 100% used [0x00000000e0000000, 0x00000000e5560000, 0x00000000e5560000)
  from space 21824K, 100% used [0x00000000e5560000, 0x00000000e6ab0000, 0x00000000e6ab0000)
  to   space 21824K,   0% used [0x00000000e6ab0000, 0x00000000e6ab0000, 0x00000000e8000000)
 concurrent mark-sweep generation total 393216K, used 268993K [0x00000000e8000000, 0x0000000100000000, 0x0000000100000000)
 Metaspace       used 37578K, capacity 38132K, committed 38680K, reserved 1083392K
  class space    used 4148K, capacity 4319K, committed 4424K, reserved 1048576K
2016-12-17T11:48:55.738+0530: 340205.847: [GC (Allocation Failure) 2016-12-17T11:48:55.738+0530: 340205.847: [ParNew
Desired survivor size 20112992 bytes, new threshold 4 (max 8)
- age   1:    8810600 bytes,    8810600 total
- age   2:    5140168 bytes,   13950768 total
- age   3:    2600824 bytes,   16551592 total
- age   4:    3766952 bytes,   20318544 total
- age   5:         32 bytes,   20318576 total
- age   6:         32 bytes,   20318608 total
- age   7:     648960 bytes,   20967568 total
- age   8:    1348416 bytes,   22315984 total
: 109248K->21824K(109248K), 0.0417614 secs] 378241K->294879K(502464K), 0.0419037 secs] [Times: user=0.13 sys=0.00, real=0.04 secs] 
Heap after GC invocations=61 (full 17):
 par new generation   total 109248K, used 21824K [0x00000000e0000000, 0x00000000e8000000, 0x00000000e8000000)
  eden space 87424K,   0% used [0x00000000e0000000, 0x00000000e0000000, 0x00000000e5560000)
  from space 21824K, 100% used [0x00000000e6ab0000, 0x00000000e8000000, 0x00000000e8000000)
  to   space 21824K,   0% used [0x00000000e5560000, 0x00000000e5560000, 0x00000000e6ab0000)
 concurrent mark-sweep generation total 393216K, used 273055K [0x00000000e8000000, 0x0000000100000000, 0x0000000100000000)
 Metaspace       used 37578K, capacity 38132K, committed 38680K, reserved 1083392K
  class space    used 4148K, capacity 4319K, committed 4424K, reserved 1048576K
}
2016-12-17T11:48:55.780+0530: 340205.889: Total time for which application threads were stopped: 0.0422147 seconds, Stopping threads took: 0.0000393 seconds
2016-12-17T11:48:55.820+0530: 340205.930: Total time for which application threads were stopped: 0.0001977 seconds, Stopping threads took: 0.0000388 seconds
2016-12-17T11:48:55.821+0530: 340205.930: Total time for which application threads were stopped: 0.0001232 seconds, Stopping threads took: 0.0000464 seconds
{Heap before GC invocations=61 (full 17):
 par new generation   total 109248K, used 109248K [0x00000000e0000000, 0x00000000e8000000, 0x00000000e8000000)
  eden space 87424K, 100% used [0x00000000e0000000, 0x00000000e5560000, 0x00000000e5560000)
  from space 21824K, 100% used [0x00000000e6ab0000, 0x00000000e8000000, 0x00000000e8000000)
  to   space 21824K,   0% used [0x00000000e5560000, 0x00000000e5560000, 0x00000000e6ab0000)
 concurrent mark-sweep generation total 393216K, used 273055K [0x00000000e8000000, 0x0000000100000000, 0x0000000100000000)
 Metaspace       used 37579K, capacity 38132K, committed 38680K, reserved 1083392K
  class space    used 4148K, capacity 4319K, committed 4424K, reserved 1048576K
2016-12-17T11:48:56.072+0530: 340206.182: [GC (Allocation Failure) 2016-12-17T11:48:56.072+0530: 340206.182: [ParNew
Desired survivor size 20112992 bytes, new threshold 8 (max 8)
- age   1:    6169144 bytes,    6169144 total
- age   2:    6449096 bytes,   12618240 total
- age   3:    3999224 bytes,   16617464 total
- age   4:    2256112 bytes,   18873576 total
: 109248K->21824K(109248K), 0.0526023 secs] 382303K->304494K(502464K), 0.0527567 secs] [Times: user=0.22 sys=0.00, real=0.05 secs] 
Heap after GC invocations=62 (full 17):
 par new generation   total 109248K, used 21824K [0x00000000e0000000, 0x00000000e8000000, 0x00000000e8000000)
  eden space 87424K,   0% used [0x00000000e0000000, 0x00000000e0000000, 0x00000000e5560000)
  from space 21824K, 100% used [0x00000000e5560000, 0x00000000e6ab0000, 0x00000000e6ab0000)
  to   space 21824K,   0% used [0x00000000e6ab0000, 0x00000000e6ab0000, 0x00000000e8000000)
 concurrent mark-sweep generation total 393216K, used 282670K [0x00000000e8000000, 0x0000000100000000, 0x0000000100000000)
 Metaspace       used 37579K, capacity 38132K, committed 38680K, reserved 1083392K
  class space    used 4148K, capacity 4319K, committed 4424K, reserved 1048576K
}
2016-12-17T11:48:56.125+0530: 340206.234: Total time for which application threads were stopped: 0.0531146 seconds, Stopping threads took: 0.0000353 seconds
2016-12-17T11:48:56.125+0530: 340206.235: [CMS-concurrent-abortable-preclean: 0.469/0.567 secs] [Times: user=2.04 sys=0.06, real=0.57 secs] 
2016-12-17T11:48:56.128+0530: 340206.238: [GC (CMS Final Remark) [YG occupancy: 23511 K (109248 K)]{Heap before GC invocations=62 (full 17):
 par new generation   total 109248K, used 23511K [0x00000000e0000000, 0x00000000e8000000, 0x00000000e8000000)
  eden space 87424K,   1% used [0x00000000e0000000, 0x00000000e01a5c70, 0x00000000e5560000)
  from space 21824K, 100% used [0x00000000e5560000, 0x00000000e6ab0000, 0x00000000e6ab0000)
  to   space 21824K,   0% used [0x00000000e6ab0000, 0x00000000e6ab0000, 0x00000000e8000000)
 concurrent mark-sweep generation total 393216K, used 282670K [0x00000000e8000000, 0x0000000100000000, 0x0000000100000000)
 Metaspace       used 37579K, capacity 38132K, committed 38680K, reserved 1083392K
  class space    used 4148K, capacity 4319K, committed 4424K, reserved 1048576K
2016-12-17T11:48:56.129+0530: 340206.238: [GC (CMS Final Remark) 2016-12-17T11:48:56.129+0530: 340206.238: [ParNew
Desired survivor size 20112992 bytes, new threshold 8 (max 8)
- age   1:      39288 bytes,      39288 total
- age   2:    6162232 bytes,    6201520 total
- age   3:    6359696 bytes,   12561216 total
- age   4:    3745152 bytes,   16306368 total
- age   5:    2102856 bytes,   18409224 total
: 23511K->21824K(109248K), 0.0446298 secs] 306181K->305016K(502464K), 0.0447378 secs] [Times: user=0.17 sys=0.00, real=0.04 secs] 
Heap after GC invocations=63 (full 17):
 par new generation   total 109248K, used 21824K [0x00000000e0000000, 0x00000000e8000000, 0x00000000e8000000)
  eden space 87424K,   0% used [0x00000000e0000000, 0x00000000e0000000, 0x00000000e5560000)
  from space 21824K, 100% used [0x00000000e6ab0000, 0x00000000e8000000, 0x00000000e8000000)
  to   space 21824K,   0% used [0x00000000e5560000, 0x00000000e5560000, 0x00000000e6ab0000)
 concurrent mark-sweep generation total 393216K, used 283192K [0x00000000e8000000, 0x0000000100000000, 0x0000000100000000)
 Metaspace       used 37579K, capacity 38132K, committed 38680K, reserved 1083392K
  class space    used 4148K, capacity 4319K, committed 4424K, reserved 1048576K
}
2016-12-17T11:48:56.173+0530: 340206.283: [Rescan (parallel) , 0.0234575 secs]2016-12-17T11:48:56.197+0530: 340206.306: [weak refs processing, 0.0007381 secs]2016-12-17T11:48:56.198+0530: 340206.307: [class unloading, 0.0087882 secs]2016-12-17T11:48:56.207+0530: 340206.316: [scrub symbol table, 0.0082550 secs]2016-12-17T11:48:56.215+0530: 340206.324: [scrub string table, 0.0005881 secs][1 CMS-remark: 283192K(393216K)] 305016K(502464K), 0.0879316 secs] [Times: user=0.26 sys=0.00, real=0.09 secs] 
2016-12-17T11:48:56.216+0530: 340206.326: Total time for which application threads were stopped: 0.0881444 seconds, Stopping threads took: 0.0000419 seconds
2016-12-17T11:48:56.216+0530: 340206.326: [CMS-concurrent-sweep-start]
{Heap before GC invocations=63 (full 17):
 par new generation   total 109248K, used 109248K [0x00000000e0000000, 0x00000000e8000000, 0x00000000e8000000)
  eden space 87424K, 100% used [0x00000000e0000000, 0x00000000e5560000, 0x00000000e5560000)
  from space 21824K, 100% used [0x00000000e6ab0000, 0x00000000e8000000, 0x00000000e8000000)
  to   space 21824K,   0% used [0x00000000e5560000, 0x00000000e5560000, 0x00000000e6ab0000)
 concurrent mark-sweep generation total 393216K, used 283050K [0x00000000e8000000, 0x0000000100000000, 0x0000000100000000)
 Metaspace       used 37579K, capacity 38132K, committed 38680K, reserved 1083392K
  class space    used 4148K, capacity 4319K, committed 4424K, reserved 1048576K
2016-12-17T11:48:56.332+0530: 340206.441: [GC (Allocation Failure) 2016-12-17T11:48:56.332+0530: 340206.441: [ParNew
Desired survivor size 20112992 bytes, new threshold 6 (max 8)
- age   1:    4062928 bytes,    4062928 total
- age   2:      37072 bytes,    4100000 total
- age   3:    5911728 bytes,   10011728 total
- age   4:    6182728 bytes,   16194456 total
- age   5:    2962384 bytes,   19156840 total
- age   6:    1943816 bytes,   21100656 total
: 109248K->21824K(109248K), 0.0503162 secs] 392298K->306206K(502464K), 0.0504300 secs] [Times: user=0.17 sys=0.00, real=0.05 secs] 
Heap after GC invocations=64 (full 17):
 par new generation   total 109248K, used 21824K [0x00000000e0000000, 0x00000000e8000000, 0x00000000e8000000)
  eden space 87424K,   0% used [0x00000000e0000000, 0x00000000e0000000, 0x00000000e5560000)
  from space 21824K, 100% used [0x00000000e5560000, 0x00000000e6ab0000, 0x00000000e6ab0000)
  to   space 21824K,   0% used [0x00000000e6ab0000, 0x00000000e6ab0000, 0x00000000e8000000)
 concurrent mark-sweep generation total 393216K, used 284382K [0x00000000e8000000, 0x0000000100000000, 0x0000000100000000)
 Metaspace       used 37579K, capacity 38132K, committed 38680K, reserved 1083392K
  class space    used 4148K, capacity 4319K, committed 4424K, reserved 1048576K
}
2016-12-17T11:48:56.383+0530: 340206.492: Total time for which application threads were stopped: 0.0512538 seconds, Stopping threads took: 0.0005507 seconds
2016-12-17T11:48:56.403+0530: 340206.513: Total time for which application threads were stopped: 0.0001660 seconds, Stopping threads took: 0.0000339 seconds
2016-12-17T11:48:56.415+0530: 340206.524: Total time for which application threads were stopped: 0.0009353 seconds, Stopping threads took: 0.0007698 seconds
2016-12-17T11:48:56.415+0530: 340206.524: Total time for which application threads were stopped: 0.0002004 seconds, Stopping threads took: 0.0000901 seconds
2016-12-17T11:48:56.427+0530: 340206.536: Total time for which application threads were stopped: 0.0001968 seconds, Stopping threads took: 0.0000495 seconds
2016-12-17T11:48:56.500+0530: 340206.609: [CMS-concurrent-sweep: 0.230/0.283 secs] [Times: user=1.12 sys=0.03, real=0.28 secs] 
2016-12-17T11:48:56.500+0530: 340206.609: [CMS-concurrent-reset-start]
2016-12-17T11:48:56.501+0530: 340206.610: [CMS-concurrent-reset: 0.001/0.001 secs] [Times: user=0.00 sys=0.00, real=0.00 secs] 
{Heap before GC invocations=64 (full 17):
 par new generation   total 109248K, used 109248K [0x00000000e0000000, 0x00000000e8000000, 0x00000000e8000000)
  eden space 87424K, 100% used [0x00000000e0000000, 0x00000000e5560000, 0x00000000e5560000)
  from space 21824K, 100% used [0x00000000e5560000, 0x00000000e6ab0000, 0x00000000e6ab0000)
  to   space 21824K,   0% used [0x00000000e6ab0000, 0x00000000e6ab0000, 0x00000000e8000000)
 concurrent mark-sweep generation total 393216K, used 271359K [0x00000000e8000000, 0x0000000100000000, 0x0000000100000000)
 Metaspace       used 37582K, capacity 38132K, committed 38680K, reserved 1083392K
  class space    used 4148K, capacity 4319K, committed 4424K, reserved 1048576K
2016-12-17T11:48:56.736+0530: 340206.845: [GC (Allocation Failure) 2016-12-17T11:48:56.736+0530: 340206.845: [ParNew
Desired survivor size 20112992 bytes, new threshold 6 (max 8)
- age   1:    9511592 bytes,    9511592 total
- age   2:    2107272 bytes,   11618864 total
- age   3:      25712 bytes,   11644576 total
- age   4:    3977984 bytes,   15622560 total
- age   5:    4039896 bytes,   19662456 total
- age   6:    2506560 bytes,   22169016 total
: 109248K->21824K(109248K), 0.0503684 secs] 380607K->300555K(502464K), 0.0505072 secs] [Times: user=0.19 sys=0.00, real=0.05 secs] 
Heap after GC invocations=65 (full 17):
 par new generation   total 109248K, used 21824K [0x00000000e0000000, 0x00000000e8000000, 0x00000000e8000000)
  eden space 87424K,   0% used [0x00000000e0000000, 0x00000000e0000000, 0x00000000e5560000)
  from space 21824K, 100% used [0x00000000e6ab0000, 0x00000000e8000000, 0x00000000e8000000)
  to   space 21824K,   0% used [0x00000000e5560000, 0x00000000e5560000, 0x00000000e6ab0000)
 concurrent mark-sweep generation total 393216K, used 278731K [0x00000000e8000000, 0x0000000100000000, 0x0000000100000000)
 Metaspace       used 37582K, capacity 38132K, committed 38680K, reserved 1083392K
  class space    used 4148K, capacity 4319K, committed 4424K, reserved 1048576K
}
2016-12-17T11:48:56.786+0530: 340206.896: Total time for which application threads were stopped: 0.0567117 seconds, Stopping threads took: 0.0058551 seconds
2016-12-17T11:48:56.787+0530: 340206.896: [GC (CMS Initial Mark) [1 CMS-initial-mark: 278731K(393216K)] 300555K(502464K), 0.0082818 secs] [Times: user=0.03 sys=0.00, real=0.01 secs] 
2016-12-17T11:48:56.795+0530: 340206.904: Total time for which application threads were stopped: 0.0085370 seconds, Stopping threads took: 0.0000607 seconds
2016-12-17T11:48:56.795+0530: 340206.904: [CMS-concurrent-mark-start]
2016-12-17T11:48:57.071+0530: 340207.180: [CMS-concurrent-mark: 0.276/0.276 secs] [Times: user=1.05 sys=0.00, real=0.28 secs] 
2016-12-17T11:48:57.071+0530: 340207.180: [CMS-concurrent-preclean-start]
2016-12-17T11:48:57.075+0530: 340207.185: [CMS-concurrent-preclean: 0.004/0.004 secs] [Times: user=0.00 sys=0.00, real=0.00 secs] 
2016-12-17T11:48:57.076+0530: 340207.185: [CMS-concurrent-abortable-preclean-start]
2016-12-17T11:48:57.099+0530: 340207.208: Total time for which application threads were stopped: 0.0002624 seconds, Stopping threads took: 0.0001589 seconds
2016-12-17T11:48:57.101+0530: 340207.210: Total time for which application threads were stopped: 0.0001330 seconds, Stopping threads took: 0.0000348 seconds
2016-12-17T11:48:57.101+0530: 340207.210: Total time for which application threads were stopped: 0.0000857 seconds, Stopping threads took: 0.0000241 seconds
2016-12-17T11:48:57.101+0530: 340207.211: Total time for which application threads were stopped: 0.0000781 seconds, Stopping threads took: 0.0000196 seconds
2016-12-17T11:48:57.124+0530: 340207.233: Total time for which application threads were stopped: 0.0001794 seconds, Stopping threads took: 0.0000254 seconds
2016-12-17T11:48:57.125+0530: 340207.234: Total time for which application threads were stopped: 0.0001941 seconds, Stopping threads took: 0.0000228 seconds
2016-12-17T11:48:57.125+0530: 340207.235: Total time for which application threads were stopped: 0.0001428 seconds, Stopping threads took: 0.0000424 seconds
2016-12-17T11:48:57.126+0530: 340207.235: Total time for which application threads were stopped: 0.0001004 seconds, Stopping threads took: 0.0000178 seconds
2016-12-17T11:48:57.126+0530: 340207.235: Total time for which application threads were stopped: 0.0000607 seconds, Stopping threads took: 0.0000107 seconds
2016-12-17T11:48:57.126+0530: 340207.235: Total time for which application threads were stopped: 0.0002414 seconds, Stopping threads took: 0.0000112 seconds
2016-12-17T11:48:57.127+0530: 340207.236: Total time for which application threads were stopped: 0.0000830 seconds, Stopping threads took: 0.0000170 seconds
2016-12-17T11:48:57.280+0530: 340207.389: [CMS-concurrent-abortable-preclean: 0.202/0.204 secs] [Times: user=0.64 sys=0.03, real=0.20 secs] 
2016-12-17T11:48:57.282+0530: 340207.392: [GC (CMS Final Remark) [YG occupancy: 81471 K (109248 K)]{Heap before GC invocations=65 (full 18):
 par new generation   total 109248K, used 81471K [0x00000000e0000000, 0x00000000e8000000, 0x00000000e8000000)
  eden space 87424K,  68% used [0x00000000e0000000, 0x00000000e3a3ff40, 0x00000000e5560000)
  from space 21824K, 100% used [0x00000000e6ab0000, 0x00000000e8000000, 0x00000000e8000000)
  to   space 21824K,   0% used [0x00000000e5560000, 0x00000000e5560000, 0x00000000e6ab0000)
 concurrent mark-sweep generation total 393216K, used 278731K [0x00000000e8000000, 0x0000000100000000, 0x0000000100000000)
 Metaspace       used 37588K, capacity 38132K, committed 38680K, reserved 1083392K
  class space    used 4149K, capacity 4319K, committed 4424K, reserved 1048576K
2016-12-17T11:48:57.282+0530: 340207.392: [GC (CMS Final Remark) 2016-12-17T11:48:57.282+0530: 340207.392: [ParNew
Desired survivor size 20112992 bytes, new threshold 6 (max 8)
- age   1:    7465464 bytes,    7465464 total
- age   2:    6103456 bytes,   13568920 total
- age   3:    1239488 bytes,   14808408 total
- age   4:      18904 bytes,   14827312 total
- age   5:    3065344 bytes,   17892656 total
- age   6:    3227832 bytes,   21120488 total
: 81471K->21824K(109248K), 0.0543605 secs] 360203K->307310K(502464K), 0.0544761 secs] [Times: user=0.19 sys=0.00, real=0.05 secs] 
Heap after GC invocations=66 (full 18):
 par new generation   total 109248K, used 21824K [0x00000000e0000000, 0x00000000e8000000, 0x00000000e8000000)
  eden space 87424K,   0% used [0x00000000e0000000, 0x00000000e0000000, 0x00000000e5560000)
  from space 21824K, 100% used [0x00000000e5560000, 0x00000000e6ab0000, 0x00000000e6ab0000)
  to   space 21824K,   0% used [0x00000000e6ab0000, 0x00000000e6ab0000, 0x00000000e8000000)
 concurrent mark-sweep generation total 393216K, used 285486K [0x00000000e8000000, 0x0000000100000000, 0x0000000100000000)
 Metaspace       used 37588K, capacity 38132K, committed 38680K, reserved 1083392K
  class space    used 4149K, capacity 4319K, committed 4424K, reserved 1048576K
}
2016-12-17T11:48:57.337+0530: 340207.446: [Rescan (parallel) , 0.0202240 secs]2016-12-17T11:48:57.357+0530: 340207.467: [weak refs processing, 0.0005574 secs]2016-12-17T11:48:57.358+0530: 340207.467: [class unloading, 0.0097249 secs]2016-12-17T11:48:57.368+0530: 340207.477: [scrub symbol table, 0.0093233 secs]2016-12-17T11:48:57.377+0530: 340207.486: [scrub string table, 0.0005283 secs][1 CMS-remark: 285486K(393216K)] 307310K(502464K), 0.0960103 secs] [Times: user=0.33 sys=0.00, real=0.10 secs] 
2016-12-17T11:48:57.378+0530: 340207.488: Total time for which application threads were stopped: 0.0962415 seconds, Stopping threads took: 0.0000607 seconds
2016-12-17T11:48:57.378+0530: 340207.488: [CMS-concurrent-sweep-start]
2016-12-17T11:48:57.536+0530: 340207.645: [CMS-concurrent-sweep: 0.157/0.157 secs] [Times: user=0.34 sys=0.00, real=0.16 secs] 
2016-12-17T11:48:57.536+0530: 340207.645: [CMS-concurrent-reset-start]
2016-12-17T11:48:57.536+0530: 340207.646: [CMS-concurrent-reset: 0.001/0.001 secs] [Times: user=0.00 sys=0.00, real=0.00 secs] 
{Heap before GC invocations=66 (full 18):
 par new generation   total 109248K, used 109248K [0x00000000e0000000, 0x00000000e8000000, 0x00000000e8000000)
  eden space 87424K, 100% used [0x00000000e0000000, 0x00000000e5560000, 0x00000000e5560000)
  from space 21824K, 100% used [0x00000000e5560000, 0x00000000e6ab0000, 0x00000000e6ab0000)
  to   space 21824K,   0% used [0x00000000e6ab0000, 0x00000000e6ab0000, 0x00000000e8000000)
 concurrent mark-sweep generation total 393216K, used 270428K [0x00000000e8000000, 0x0000000100000000, 0x0000000100000000)
 Metaspace       used 37588K, capacity 38132K, committed 38680K, reserved 1083392K
  class space    used 4149K, capacity 4319K, committed 4424K, reserved 1048576K
2016-12-17T11:48:57.587+0530: 340207.697: [GC (Allocation Failure) 2016-12-17T11:48:57.587+0530: 340207.697: [ParNew
Desired survivor size 20112992 bytes, new threshold 8 (max 8)
- age   1:    7478760 bytes,    7478760 total
- age   2:    3661512 bytes,   11140272 total
- age   3:    4270464 bytes,   15410736 total
- age   4:     864120 bytes,   16274856 total
- age   5:      17384 bytes,   16292240 total
- age   6:    2509944 bytes,   18802184 total
: 109248K->21824K(109248K), 0.0526090 secs] 379676K->301326K(502464K), 0.0527085 secs] [Times: user=0.11 sys=0.00, real=0.05 secs] 
Heap after GC invocations=67 (full 18):
 par new generation   total 109248K, used 21824K [0x00000000e0000000, 0x00000000e8000000, 0x00000000e8000000)
  eden space 87424K,   0% used [0x00000000e0000000, 0x00000000e0000000, 0x00000000e5560000)
  from space 21824K, 100% used [0x00000000e6ab0000, 0x00000000e8000000, 0x00000000e8000000)
  to   space 21824K,   0% used [0x00000000e5560000, 0x00000000e5560000, 0x00000000e6ab0000)
 concurrent mark-sweep generation total 393216K, used 279502K [0x00000000e8000000, 0x0000000100000000, 0x0000000100000000)
 Metaspace       used 37588K, capacity 38132K, committed 38680K, reserved 1083392K
  class space    used 4149K, capacity 4319K, committed 4424K, reserved 1048576K
}
2016-12-17T11:48:57.640+0530: 340207.749: Total time for which application threads were stopped: 0.0529379 seconds, Stopping threads took: 0.0000201 seconds
2016-12-17T11:48:57.640+0530: 340207.750: [GC (CMS Initial Mark) [1 CMS-initial-mark: 279502K(393216K)] 301358K(502464K), 0.0084808 secs] [Times: user=0.00 sys=0.00, real=0.01 secs] 
2016-12-17T11:48:57.649+0530: 340207.758: Total time for which application threads were stopped: 0.0086312 seconds, Stopping threads took: 0.0000219 seconds
2016-12-17T11:48:57.649+0530: 340207.758: [CMS-concurrent-mark-start]
2016-12-17T11:48:57.878+0530: 340207.988: [CMS-concurrent-mark: 0.230/0.230 secs] [Times: user=0.80 sys=0.00, real=0.23 secs] 
2016-12-17T11:48:57.879+0530: 340207.988: [CMS-concurrent-preclean-start]
2016-12-17T11:48:57.883+0530: 340207.992: [CMS-concurrent-preclean: 0.004/0.005 secs] [Times: user=0.00 sys=0.00, real=0.00 secs] 
2016-12-17T11:48:57.883+0530: 340207.992: [CMS-concurrent-abortable-preclean-start]
{Heap before GC invocations=67 (full 19):
 par new generation   total 109248K, used 109248K [0x00000000e0000000, 0x00000000e8000000, 0x00000000e8000000)
  eden space 87424K, 100% used [0x00000000e0000000, 0x00000000e5560000, 0x00000000e5560000)
  from space 21824K, 100% used [0x00000000e6ab0000, 0x00000000e8000000, 0x00000000e8000000)
  to   space 21824K,   0% used [0x00000000e5560000, 0x00000000e5560000, 0x00000000e6ab0000)
 concurrent mark-sweep generation total 393216K, used 279502K [0x00000000e8000000, 0x0000000100000000, 0x0000000100000000)
 Metaspace       used 37588K, capacity 38132K, committed 38680K, reserved 1083392K
  class space    used 4149K, capacity 4319K, committed 4424K, reserved 1048576K
2016-12-17T11:48:58.089+0530: 340208.198: [GC (Allocation Failure) 2016-12-17T11:48:58.089+0530: 340208.198: [ParNew
Desired survivor size 20112992 bytes, new threshold 5 (max 8)
- age   1:   11387216 bytes,   11387216 total
- age   2:    3831144 bytes,   15218360 total
- age   3:    2877720 bytes,   18096080 total
- age   4:    1738848 bytes,   19834928 total
- age   5:     581960 bytes,   20416888 total
- age   6:      11792 bytes,   20428680 total
- age   7:    1676016 bytes,   22104696 total
: 109248K->21824K(109248K), 0.0555149 secs] 388750K->309843K(502464K), 0.0557139 secs] [Times: user=0.23 sys=0.00, real=0.06 secs] 
Heap after GC invocations=68 (full 19):
 par new generation   total 109248K, used 21824K [0x00000000e0000000, 0x00000000e8000000, 0x00000000e8000000)
  eden space 87424K,   0% used [0x00000000e0000000, 0x00000000e0000000, 0x00000000e5560000)
  from space 21824K, 100% used [0x00000000e5560000, 0x00000000e6ab0000, 0x00000000e6ab0000)
  to   space 21824K,   0% used [0x00000000e6ab0000, 0x00000000e6ab0000, 0x00000000e8000000)
 concurrent mark-sweep generation total 393216K, used 288019K [0x00000000e8000000, 0x0000000100000000, 0x0000000100000000)
 Metaspace       used 37588K, capacity 38132K, committed 38680K, reserved 1083392K
  class space    used 4149K, capacity 4319K, committed 4424K, reserved 1048576K
}
2016-12-17T11:48:58.145+0530: 340208.254: Total time for which application threads were stopped: 0.0559826 seconds, Stopping threads took: 0.0000366 seconds
{Heap before GC invocations=68 (full 19):
 par new generation   total 109248K, used 109248K [0x00000000e0000000, 0x00000000e8000000, 0x00000000e8000000)
  eden space 87424K, 100% used [0x00000000e0000000, 0x00000000e5560000, 0x00000000e5560000)
  from space 21824K, 100% used [0x00000000e5560000, 0x00000000e6ab0000, 0x00000000e6ab0000)
  to   space 21824K,   0% used [0x00000000e6ab0000, 0x00000000e6ab0000, 0x00000000e8000000)
 concurrent mark-sweep generation total 393216K, used 288019K [0x00000000e8000000, 0x0000000100000000, 0x0000000100000000)
 Metaspace       used 37588K, capacity 38132K, committed 38680K, reserved 1083392K
  class space    used 4149K, capacity 4319K, committed 4424K, reserved 1048576K
2016-12-17T11:48:58.364+0530: 340208.473: [GC (Allocation Failure) 2016-12-17T11:48:58.364+0530: 340208.473: [ParNew
Desired survivor size 20112992 bytes, new threshold 4 (max 8)
- age   1:    8968560 bytes,    8968560 total
- age   2:    7826864 bytes,   16795424 total
- age   3:    2704272 bytes,   19499696 total
- age   4:    1458808 bytes,   20958504 total
- age   5:    1146280 bytes,   22104784 total
: 109248K->21824K(109248K), 0.0818765 secs] 397267K->319415K(502464K), 0.0820390 secs] [Times: user=0.23 sys=0.00, real=0.08 secs] 
Heap after GC invocations=69 (full 19):
 par new generation   total 109248K, used 21824K [0x00000000e0000000, 0x00000000e8000000, 0x00000000e8000000)
  eden space 87424K,   0% used [0x00000000e0000000, 0x00000000e0000000, 0x00000000e5560000)
  from space 21824K, 100% used [0x00000000e6ab0000, 0x00000000e8000000, 0x00000000e8000000)
  to   space 21824K,   0% used [0x00000000e5560000, 0x00000000e5560000, 0x00000000e6ab0000)
 concurrent mark-sweep generation total 393216K, used 297591K [0x00000000e8000000, 0x0000000100000000, 0x0000000100000000)
 Metaspace       used 37588K, capacity 38132K, committed 38680K, reserved 1083392K
  class space    used 4149K, capacity 4319K, committed 4424K, reserved 1048576K
}
2016-12-17T11:48:58.446+0530: 340208.555: Total time for which application threads were stopped: 0.0822648 seconds, Stopping threads took: 0.0000254 seconds
2016-12-17T11:48:58.446+0530: 340208.555: [CMS-concurrent-abortable-preclean: 0.421/0.563 secs] [Times: user=1.30 sys=0.00, real=0.56 secs] 
2016-12-17T11:48:58.446+0530: 340208.555: [GC (CMS Final Remark) [YG occupancy: 23533 K (109248 K)]{Heap before GC invocations=69 (full 19):
 par new generation   total 109248K, used 23533K [0x00000000e0000000, 0x00000000e8000000, 0x00000000e8000000)
  eden space 87424K,   1% used [0x00000000e0000000, 0x00000000e01ab560, 0x00000000e5560000)
  from space 21824K, 100% used [0x00000000e6ab0000, 0x00000000e8000000, 0x00000000e8000000)
  to   space 21824K,   0% used [0x00000000e5560000, 0x00000000e5560000, 0x00000000e6ab0000)
 concurrent mark-sweep generation total 393216K, used 297591K [0x00000000e8000000, 0x0000000100000000, 0x0000000100000000)
 Metaspace       used 37588K, capacity 38132K, committed 38680K, reserved 1083392K
  class space    used 4149K, capacity 4319K, committed 4424K, reserved 1048576K
2016-12-17T11:48:58.446+0530: 340208.555: [GC (CMS Final Remark) 2016-12-17T11:48:58.446+0530: 340208.555: [ParNew
Desired survivor size 20112992 bytes, new threshold 8 (max 8)
- age   1:       1560 bytes,       1560 total
- age   2:    8591072 bytes,    8592632 total
- age   3:    7810008 bytes,   16402640 total
- age   4:    2677016 bytes,   19079656 total
: 23533K->21824K(109248K), 0.0311337 secs] 321124K->322468K(502464K), 0.0312297 secs] [Times: user=0.13 sys=0.00, real=0.03 secs] 
Heap after GC invocations=70 (full 19):
 par new generation   total 109248K, used 21824K [0x00000000e0000000, 0x00000000e8000000, 0x00000000e8000000)
  eden space 87424K,   0% used [0x00000000e0000000, 0x00000000e0000000, 0x00000000e5560000)
  from space 21824K, 100% used [0x00000000e5560000, 0x00000000e6ab0000, 0x00000000e6ab0000)
  to   space 21824K,   0% used [0x00000000e6ab0000, 0x00000000e6ab0000, 0x00000000e8000000)
 concurrent mark-sweep generation total 393216K, used 300644K [0x00000000e8000000, 0x0000000100000000, 0x0000000100000000)
 Metaspace       used 37588K, capacity 38132K, committed 38680K, reserved 1083392K
  class space    used 4149K, capacity 4319K, committed 4424K, reserved 1048576K
}
2016-12-17T11:48:58.478+0530: 340208.587: [Rescan (parallel) , 0.0303305 secs]2016-12-17T11:48:58.508+0530: 340208.617: [weak refs processing, 0.0004092 secs]2016-12-17T11:48:58.508+0530: 340208.618: [class unloading, 0.0076218 secs]2016-12-17T11:48:58.516+0530: 340208.625: [scrub symbol table, 0.0112064 secs]2016-12-17T11:48:58.527+0530: 340208.637: [scrub string table, 0.0008675 secs][1 CMS-remark: 300644K(393216K)] 322468K(502464K), 0.0831657 secs] [Times: user=0.25 sys=0.01, real=0.08 secs] 
2016-12-17T11:48:58.529+0530: 340208.639: Total time for which application threads were stopped: 0.0833505 seconds, Stopping threads took: 0.0000397 seconds
2016-12-17T11:48:58.529+0530: 340208.639: [CMS-concurrent-sweep-start]
2016-12-17T11:48:58.743+0530: 340208.852: [CMS-concurrent-sweep: 0.214/0.214 secs] [Times: user=0.40 sys=0.00, real=0.21 secs] 
2016-12-17T11:48:58.743+0530: 340208.852: [CMS-concurrent-reset-start]
2016-12-17T11:48:58.744+0530: 340208.853: [CMS-concurrent-reset: 0.001/0.001 secs] [Times: user=0.00 sys=0.00, real=0.00 secs] 
{Heap before GC invocations=70 (full 19):
 par new generation   total 109248K, used 109248K [0x00000000e0000000, 0x00000000e8000000, 0x00000000e8000000)
  eden space 87424K, 100% used [0x00000000e0000000, 0x00000000e5560000, 0x00000000e5560000)
  from space 21824K, 100% used [0x00000000e5560000, 0x00000000e6ab0000, 0x00000000e6ab0000)
  to   space 21824K,   0% used [0x00000000e6ab0000, 0x00000000e6ab0000, 0x00000000e8000000)
 concurrent mark-sweep generation total 393216K, used 261583K [0x00000000e8000000, 0x0000000100000000, 0x0000000100000000)
 Metaspace       used 37588K, capacity 38132K, committed 38680K, reserved 1083392K
  class space    used 4149K, capacity 4319K, committed 4424K, reserved 1048576K
2016-12-17T11:48:58.776+0530: 340208.886: [GC (Allocation Failure) 2016-12-17T11:48:58.776+0530: 340208.886: [ParNew
Desired survivor size 20112992 bytes, new threshold 5 (max 8)
- age   1:   10103128 bytes,   10103128 total
- age   2:        632 bytes,   10103760 total
- age   3:    2959576 bytes,   13063336 total
- age   4:    6448672 bytes,   19512008 total
- age   5:    2224336 bytes,   21736344 total
: 109248K->21824K(109248K), 0.0496777 secs] 370831K->296209K(502464K), 0.0497830 secs] [Times: user=0.19 sys=0.00, real=0.05 secs] 
Heap after GC invocations=71 (full 19):
 par new generation   total 109248K, used 21824K [0x00000000e0000000, 0x00000000e8000000, 0x00000000e8000000)
  eden space 87424K,   0% used [0x00000000e0000000, 0x00000000e0000000, 0x00000000e5560000)
  from space 21824K, 100% used [0x00000000e6ab0000, 0x00000000e8000000, 0x00000000e8000000)
  to   space 21824K,   0% used [0x00000000e5560000, 0x00000000e5560000, 0x00000000e6ab0000)
 concurrent mark-sweep generation total 393216K, used 274385K [0x00000000e8000000, 0x0000000100000000, 0x0000000100000000)
 Metaspace       used 37588K, capacity 38132K, committed 38680K, reserved 1083392K
  class space    used 4149K, capacity 4319K, committed 4424K, reserved 1048576K
}
2016-12-17T11:48:58.826+0530: 340208.936: Total time for which application threads were stopped: 0.0500030 seconds, Stopping threads took: 0.0000219 seconds
2016-12-17T11:48:58.826+0530: 340208.936: [GC (CMS Initial Mark) [1 CMS-initial-mark: 274385K(393216K)] 297918K(502464K), 0.0076843 secs] [Times: user=0.00 sys=0.00, real=0.01 secs] 
2016-12-17T11:48:58.834+0530: 340208.943: Total time for which application threads were stopped: 0.0078663 seconds, Stopping threads took: 0.0000388 seconds
2016-12-17T11:48:58.834+0530: 340208.943: [CMS-concurrent-mark-start]
2016-12-17T11:48:59.091+0530: 340209.201: [CMS-concurrent-mark: 0.257/0.257 secs] [Times: user=1.06 sys=0.00, real=0.26 secs] 
2016-12-17T11:48:59.091+0530: 340209.201: [CMS-concurrent-preclean-start]
2016-12-17T11:48:59.098+0530: 340209.207: [CMS-concurrent-preclean: 0.006/0.007 secs] [Times: user=0.00 sys=0.00, real=0.01 secs] 
2016-12-17T11:48:59.098+0530: 340209.207: [CMS-concurrent-abortable-preclean-start]
2016-12-17T11:48:59.263+0530: 340209.372: [CMS-concurrent-abortable-preclean: 0.163/0.165 secs] [Times: user=0.31 sys=0.03, real=0.16 secs] 
2016-12-17T11:48:59.263+0530: 340209.372: [GC (CMS Final Remark) [YG occupancy: 91486 K (109248 K)]{Heap before GC invocations=71 (full 20):
 par new generation   total 109248K, used 91486K [0x00000000e0000000, 0x00000000e8000000, 0x00000000e8000000)
  eden space 87424K,  79% used [0x00000000e0000000, 0x00000000e4407870, 0x00000000e5560000)
  from space 21824K, 100% used [0x00000000e6ab0000, 0x00000000e8000000, 0x00000000e8000000)
  to   space 21824K,   0% used [0x00000000e5560000, 0x00000000e5560000, 0x00000000e6ab0000)
 concurrent mark-sweep generation total 393216K, used 274385K [0x00000000e8000000, 0x0000000100000000, 0x0000000100000000)
 Metaspace       used 37588K, capacity 38132K, committed 38680K, reserved 1083392K
  class space    used 4149K, capacity 4319K, committed 4424K, reserved 1048576K
2016-12-17T11:48:59.263+0530: 340209.372: [GC (CMS Final Remark) 2016-12-17T11:48:59.263+0530: 340209.372: [ParNew
Desired survivor size 20112992 bytes, new threshold 5 (max 8)
- age   1:    9316632 bytes,    9316632 total
- age   2:    3363072 bytes,   12679704 total
- age   3:        104 bytes,   12679808 total
- age   4:    2407944 bytes,   15087752 total
- age   5:    6392032 bytes,   21479784 total
: 91486K->21824K(109248K), 0.0430760 secs] 365872K->303815K(502464K), 0.0431550 secs] [Times: user=0.11 sys=0.00, real=0.04 secs] 
Heap after GC invocations=72 (full 20):
 par new generation   total 109248K, used 21824K [0x00000000e0000000, 0x00000000e8000000, 0x00000000e8000000)
  eden space 87424K,   0% used [0x00000000e0000000, 0x00000000e0000000, 0x00000000e5560000)
  from space 21824K, 100% used [0x00000000e5560000, 0x00000000e6ab0000, 0x00000000e6ab0000)
  to   space 21824K,   0% used [0x00000000e6ab0000, 0x00000000e6ab0000, 0x00000000e8000000)
 concurrent mark-sweep generation total 393216K, used 281991K [0x00000000e8000000, 0x0000000100000000, 0x0000000100000000)
 Metaspace       used 37588K, capacity 38132K, committed 38680K, reserved 1083392K
  class space    used 4149K, capacity 4319K, committed 4424K, reserved 1048576K
}
2016-12-17T11:48:59.306+0530: 340209.415: [Rescan (parallel) , 0.0223861 secs]2016-12-17T11:48:59.329+0530: 340209.438: [weak refs processing, 0.0004061 secs]2016-12-17T11:48:59.329+0530: 340209.438: [class unloading, 0.0088695 secs]2016-12-17T11:48:59.338+0530: 340209.447: [scrub symbol table, 0.0083866 secs]2016-12-17T11:48:59.346+0530: 340209.456: [scrub string table, 0.0005524 secs][1 CMS-remark: 281991K(393216K)] 303815K(502464K), 0.0847967 secs] [Times: user=0.25 sys=0.00, real=0.09 secs] 
2016-12-17T11:48:59.348+0530: 340209.457: Total time for which application threads were stopped: 0.0849453 seconds, Stopping threads took: 0.0000223 seconds
2016-12-17T11:48:59.348+0530: 340209.457: [CMS-concurrent-sweep-start]
2016-12-17T11:48:59.511+0530: 340209.620: [CMS-concurrent-sweep: 0.163/0.163 secs] [Times: user=0.34 sys=0.00, real=0.16 secs] 
2016-12-17T11:48:59.511+0530: 340209.620: [CMS-concurrent-reset-start]
2016-12-17T11:48:59.511+0530: 340209.621: [CMS-concurrent-reset: 0.001/0.001 secs] [Times: user=0.00 sys=0.00, real=0.00 secs] 
{Heap before GC invocations=72 (full 20):
 par new generation   total 109248K, used 109248K [0x00000000e0000000, 0x00000000e8000000, 0x00000000e8000000)
  eden space 87424K, 100% used [0x00000000e0000000, 0x00000000e5560000, 0x00000000e5560000)
  from space 21824K, 100% used [0x00000000e5560000, 0x00000000e6ab0000, 0x00000000e6ab0000)
  to   space 21824K,   0% used [0x00000000e6ab0000, 0x00000000e6ab0000, 0x00000000e8000000)
 concurrent mark-sweep generation total 393216K, used 273460K [0x00000000e8000000, 0x0000000100000000, 0x0000000100000000)
 Metaspace       used 37588K, capacity 38132K, committed 38680K, reserved 1083392K
  class space    used 4149K, capacity 4319K, committed 4424K, reserved 1048576K
2016-12-17T11:48:59.604+0530: 340209.713: [GC (Allocation Failure) 2016-12-17T11:48:59.604+0530: 340209.713: [ParNew
Desired survivor size 20112992 bytes, new threshold 5 (max 8)
- age   1:   10853248 bytes,   10853248 total
- age   2:    4679696 bytes,   15532944 total
- age   3:    2828152 bytes,   18361096 total
- age   4:        104 bytes,   18361200 total
- age   5:    2261048 bytes,   20622248 total
: 109248K->21824K(109248K), 0.0536086 secs] 382708K->308220K(502464K), 0.0537335 secs] [Times: user=0.16 sys=0.00, real=0.05 secs] 
Heap after GC invocations=73 (full 20):
 par new generation   total 109248K, used 21824K [0x00000000e0000000, 0x00000000e8000000, 0x00000000e8000000)
  eden space 87424K,   0% used [0x00000000e0000000, 0x00000000e0000000, 0x00000000e5560000)
  from space 21824K, 100% used [0x00000000e6ab0000, 0x00000000e8000000, 0x00000000e8000000)
  to   space 21824K,   0% used [0x00000000e5560000, 0x00000000e5560000, 0x00000000e6ab0000)
 concurrent mark-sweep generation total 393216K, used 286396K [0x00000000e8000000, 0x0000000100000000, 0x0000000100000000)
 Metaspace       used 37588K, capacity 38132K, committed 38680K, reserved 1083392K
  class space    used 4149K, capacity 4319K, committed 4424K, reserved 1048576K
}
2016-12-17T11:48:59.658+0530: 340209.767: Total time for which application threads were stopped: 0.0539732 seconds, Stopping threads took: 0.0000210 seconds
2016-12-17T11:48:59.658+0530: 340209.767: [GC (CMS Initial Mark) [1 CMS-initial-mark: 286396K(393216K)] 309942K(502464K), 0.0052871 secs] [Times: user=0.00 sys=0.00, real=0.01 secs] 
2016-12-17T11:48:59.663+0530: 340209.773: Total time for which application threads were stopped: 0.0054776 seconds, Stopping threads took: 0.0000442 seconds
2016-12-17T11:48:59.663+0530: 340209.773: [CMS-concurrent-mark-start]
2016-12-17T11:48:59.955+0530: 340210.064: [CMS-concurrent-mark: 0.291/0.291 secs] [Times: user=1.17 sys=0.00, real=0.29 secs] 
2016-12-17T11:48:59.955+0530: 340210.064: [CMS-concurrent-preclean-start]
2016-12-17T11:48:59.987+0530: 340210.096: [CMS-concurrent-preclean: 0.031/0.032 secs] [Times: user=0.06 sys=0.00, real=0.03 secs] 
2016-12-17T11:48:59.987+0530: 340210.096: [CMS-concurrent-abortable-preclean-start]
{Heap before GC invocations=73 (full 21):
 par new generation   total 109248K, used 109248K [0x00000000e0000000, 0x00000000e8000000, 0x00000000e8000000)
  eden space 87424K, 100% used [0x00000000e0000000, 0x00000000e5560000, 0x00000000e5560000)
  from space 21824K, 100% used [0x00000000e6ab0000, 0x00000000e8000000, 0x00000000e8000000)
  to   space 21824K,   0% used [0x00000000e5560000, 0x00000000e5560000, 0x00000000e6ab0000)
 concurrent mark-sweep generation total 393216K, used 286396K [0x00000000e8000000, 0x0000000100000000, 0x0000000100000000)
 Metaspace       used 37588K, capacity 38132K, committed 38680K, reserved 1083392K
  class space    used 4149K, capacity 4319K, committed 4424K, reserved 1048576K
2016-12-17T11:49:00.053+0530: 340210.163: [GC (Allocation Failure) 2016-12-17T11:49:00.053+0530: 340210.163: [ParNew
Desired survivor size 20112992 bytes, new threshold 4 (max 8)
- age   1:    7790160 bytes,    7790160 total
- age   2:    7064296 bytes,   14854456 total
- age   3:    3948024 bytes,   18802480 total
- age   4:    2388824 bytes,   21191304 total
- age   5:        104 bytes,   21191408 total
: 109248K->21824K(109248K), 0.0556765 secs] 395644K->316979K(502464K), 0.0557867 secs] [Times: user=0.23 sys=0.00, real=0.06 secs] 
Heap after GC invocations=74 (full 21):
 par new generation   total 109248K, used 21824K [0x00000000e0000000, 0x00000000e8000000, 0x00000000e8000000)
  eden space 87424K,   0% used [0x00000000e0000000, 0x00000000e0000000, 0x00000000e5560000)
  from space 21824K, 100% used [0x00000000e5560000, 0x00000000e6ab0000, 0x00000000e6ab0000)
  to   space 21824K,   0% used [0x00000000e6ab0000, 0x00000000e6ab0000, 0x00000000e8000000)
 concurrent mark-sweep generation total 393216K, used 295155K [0x00000000e8000000, 0x0000000100000000, 0x0000000100000000)
 Metaspace       used 37588K, capacity 38132K, committed 38680K, reserved 1083392K
  class space    used 4149K, capacity 4319K, committed 4424K, reserved 1048576K
}
2016-12-17T11:49:00.109+0530: 340210.218: Total time for which application threads were stopped: 0.0560018 seconds, Stopping threads took: 0.0000357 seconds
2016-12-17T11:49:00.334+0530: 340210.444: [CMS-concurrent-abortable-preclean: 0.287/0.347 secs] [Times: user=0.78 sys=0.00, real=0.35 secs] 
2016-12-17T11:49:00.334+0530: 340210.444: [GC (CMS Final Remark) [YG occupancy: 66389 K (109248 K)]{Heap before GC invocations=74 (full 21):
 par new generation   total 109248K, used 66389K [0x00000000e0000000, 0x00000000e8000000, 0x00000000e8000000)
  eden space 87424K,  50% used [0x00000000e0000000, 0x00000000e2b855e8, 0x00000000e5560000)
  from space 21824K, 100% used [0x00000000e5560000, 0x00000000e6ab0000, 0x00000000e6ab0000)
  to   space 21824K,   0% used [0x00000000e6ab0000, 0x00000000e6ab0000, 0x00000000e8000000)
 concurrent mark-sweep generation total 393216K, used 295155K [0x00000000e8000000, 0x0000000100000000, 0x0000000100000000)
 Metaspace       used 37588K, capacity 38132K, committed 38680K, reserved 1083392K
  class space    used 4149K, capacity 4319K, committed 4424K, reserved 1048576K
2016-12-17T11:49:00.334+0530: 340210.444: [GC (CMS Final Remark) 2016-12-17T11:49:00.335+0530: 340210.444: [ParNew
Desired survivor size 20112992 bytes, new threshold 4 (max 8)
- age   1:    7136720 bytes,    7136720 total
- age   2:    6137128 bytes,   13273848 total
- age   3:    5909448 bytes,   19183296 total
- age   4:    3172256 bytes,   22355552 total
: 66389K->21824K(109248K), 0.0513613 secs] 361545K->327303K(502464K), 0.0514528 secs] [Times: user=0.23 sys=0.00, real=0.05 secs] 
Heap after GC invocations=75 (full 21):
 par new generation   total 109248K, used 21824K [0x00000000e0000000, 0x00000000e8000000, 0x00000000e8000000)
  eden space 87424K,   0% used [0x00000000e0000000, 0x00000000e0000000, 0x00000000e5560000)
  from space 21824K, 100% used [0x00000000e6ab0000, 0x00000000e8000000, 0x00000000e8000000)
  to   space 21824K,   0% used [0x00000000e5560000, 0x00000000e5560000, 0x00000000e6ab0000)
 concurrent mark-sweep generation total 393216K, used 305479K [0x00000000e8000000, 0x0000000100000000, 0x0000000100000000)
 Metaspace       used 37588K, capacity 38132K, committed 38680K, reserved 1083392K
  class space    used 4149K, capacity 4319K, committed 4424K, reserved 1048576K
}
2016-12-17T11:49:00.386+0530: 340210.495: [Rescan (parallel) , 0.0271872 secs]2016-12-17T11:49:00.413+0530: 340210.523: [weak refs processing, 0.0003195 secs]2016-12-17T11:49:00.414+0530: 340210.523: [class unloading, 0.0082697 secs]2016-12-17T11:49:00.422+0530: 340210.531: [scrub symbol table, 0.0058832 secs]2016-12-17T11:49:00.428+0530: 340210.537: [scrub string table, 0.0005422 secs][1 CMS-remark: 305479K(393216K)] 327303K(502464K), 0.0946787 secs] [Times: user=0.30 sys=0.01, real=0.09 secs] 
2016-12-17T11:49:00.429+0530: 340210.538: Total time for which application threads were stopped: 0.0948510 seconds, Stopping threads took: 0.0000411 seconds
2016-12-17T11:49:00.429+0530: 340210.539: [CMS-concurrent-sweep-start]
2016-12-17T11:49:00.590+0530: 340210.700: [CMS-concurrent-sweep: 0.161/0.161 secs] [Times: user=0.36 sys=0.00, real=0.16 secs] 
2016-12-17T11:49:00.591+0530: 340210.700: [CMS-concurrent-reset-start]
2016-12-17T11:49:00.591+0530: 340210.701: [CMS-concurrent-reset: 0.001/0.001 secs] [Times: user=0.00 sys=0.00, real=0.00 secs] 
2016-12-17T11:49:01.436+0530: 340211.545: Total time for which application threads were stopped: 0.0021045 seconds, Stopping threads took: 0.0019054 seconds
{Heap before GC invocations=75 (full 21):
 par new generation   total 109248K, used 109248K [0x00000000e0000000, 0x00000000e8000000, 0x00000000e8000000)
  eden space 87424K, 100% used [0x00000000e0000000, 0x00000000e5560000, 0x00000000e5560000)
  from space 21824K, 100% used [0x00000000e6ab0000, 0x00000000e8000000, 0x00000000e8000000)
  to   space 21824K,   0% used [0x00000000e5560000, 0x00000000e5560000, 0x00000000e6ab0000)
 concurrent mark-sweep generation total 393216K, used 301541K [0x00000000e8000000, 0x0000000100000000, 0x0000000100000000)
 Metaspace       used 37591K, capacity 38132K, committed 38680K, reserved 1083392K
  class space    used 4149K, capacity 4319K, committed 4424K, reserved 1048576K
2016-12-17T11:49:02.029+0530: 340212.138: [GC (Allocation Failure) 2016-12-17T11:49:02.029+0530: 340212.138: [ParNew
Desired survivor size 20112992 bytes, new threshold 8 (max 8)
- age   1:     789120 bytes,     789120 total
- age   2:    6130856 bytes,    6919976 total
- age   3:    5829656 bytes,   12749632 total
- age   4:    5644864 bytes,   18394496 total
: 109248K->21824K(109248K), 0.0371178 secs] 410789K->325808K(502464K), 0.0372633 secs] [Times: user=0.11 sys=0.00, real=0.04 secs] 
Heap after GC invocations=76 (full 21):
 par new generation   total 109248K, used 21824K [0x00000000e0000000, 0x00000000e8000000, 0x00000000e8000000)
  eden space 87424K,   0% used [0x00000000e0000000, 0x00000000e0000000, 0x00000000e5560000)
  from space 21824K, 100% used [0x00000000e5560000, 0x00000000e6ab0000, 0x00000000e6ab0000)
  to   space 21824K,   0% used [0x00000000e6ab0000, 0x00000000e6ab0000, 0x00000000e8000000)
 concurrent mark-sweep generation total 393216K, used 303984K [0x00000000e8000000, 0x0000000100000000, 0x0000000100000000)
 Metaspace       used 37591K, capacity 38132K, committed 38680K, reserved 1083392K
  class space    used 4149K, capacity 4319K, committed 4424K, reserved 1048576K
}
2016-12-17T11:49:02.066+0530: 340212.176: Total time for which application threads were stopped: 0.0375837 seconds, Stopping threads took: 0.0000277 seconds
2016-12-17T11:49:02.067+0530: 340212.176: [GC (CMS Initial Mark) [1 CMS-initial-mark: 303984K(393216K)] 327566K(502464K), 0.0099770 secs] [Times: user=0.05 sys=0.00, real=0.01 secs] 
2016-12-17T11:49:02.077+0530: 340212.186: Total time for which application threads were stopped: 0.0102301 seconds, Stopping threads took: 0.0000741 seconds
2016-12-17T11:49:02.077+0530: 340212.186: [CMS-concurrent-mark-start]
2016-12-17T11:49:02.361+0530: 340212.470: [CMS-concurrent-mark: 0.284/0.284 secs] [Times: user=1.09 sys=0.00, real=0.28 secs] 
2016-12-17T11:49:02.361+0530: 340212.470: [CMS-concurrent-preclean-start]
2016-12-17T11:49:02.363+0530: 340212.472: [CMS-concurrent-preclean: 0.002/0.002 secs] [Times: user=0.00 sys=0.00, real=0.00 secs] 
2016-12-17T11:49:02.363+0530: 340212.472: [CMS-concurrent-abortable-preclean-start]
{Heap before GC invocations=76 (full 22):
 par new generation   total 109248K, used 109248K [0x00000000e0000000, 0x00000000e8000000, 0x00000000e8000000)
  eden space 87424K, 100% used [0x00000000e0000000, 0x00000000e5560000, 0x00000000e5560000)
  from space 21824K, 100% used [0x00000000e5560000, 0x00000000e6ab0000, 0x00000000e6ab0000)
  to   space 21824K,   0% used [0x00000000e6ab0000, 0x00000000e6ab0000, 0x00000000e8000000)
 concurrent mark-sweep generation total 393216K, used 303984K [0x00000000e8000000, 0x0000000100000000, 0x0000000100000000)
 Metaspace       used 37594K, capacity 38132K, committed 38680K, reserved 1083392K
  class space    used 4149K, capacity 4319K, committed 4424K, reserved 1048576K
2016-12-17T11:49:02.405+0530: 340212.514: [GC (Allocation Failure) 2016-12-17T11:49:02.405+0530: 340212.514: [ParNew
Desired survivor size 20112992 bytes, new threshold 8 (max 8)
- age   1:     113088 bytes,     113088 total
- age   2:     546080 bytes,     659168 total
- age   3:    6083776 bytes,    6742944 total
- age   4:    5722056 bytes,   12465000 total
- age   5:    5556688 bytes,   18021688 total
: 109248K->21824K(109248K), 0.0201522 secs] 413232K->326215K(502464K), 0.0202428 secs] [Times: user=0.06 sys=0.00, real=0.02 secs] 
Heap after GC invocations=77 (full 22):
 par new generation   total 109248K, used 21824K [0x00000000e0000000, 0x00000000e8000000, 0x00000000e8000000)
  eden space 87424K,   0% used [0x00000000e0000000, 0x00000000e0000000, 0x00000000e5560000)
  from space 21824K, 100% used [0x00000000e6ab0000, 0x00000000e8000000, 0x00000000e8000000)
  to   space 21824K,   0% used [0x00000000e5560000, 0x00000000e5560000, 0x00000000e6ab0000)
 concurrent mark-sweep generation total 393216K, used 304391K [0x00000000e8000000, 0x0000000100000000, 0x0000000100000000)
 Metaspace       used 37594K, capacity 38132K, committed 38680K, reserved 1083392K
  class space    used 4149K, capacity 4319K, committed 4424K, reserved 1048576K
}
2016-12-17T11:49:02.425+0530: 340212.535: Total time for which application threads were stopped: 0.0204708 seconds, Stopping threads took: 0.0000205 seconds
2016-12-17T11:49:02.447+0530: 340212.556: Total time for which application threads were stopped: 0.0001200 seconds, Stopping threads took: 0.0000205 seconds
2016-12-17T11:49:02.584+0530: 340212.694: Total time for which application threads were stopped: 0.0001905 seconds, Stopping threads took: 0.0000402 seconds
2016-12-17T11:49:02.584+0530: 340212.694: [CMS-concurrent-abortable-preclean: 0.152/0.222 secs] [Times: user=0.67 sys=0.05, real=0.22 secs] 
2016-12-17T11:49:02.586+0530: 340212.695: [GC (CMS Final Remark) [YG occupancy: 101127 K (109248 K)]{Heap before GC invocations=77 (full 22):
 par new generation   total 109248K, used 101127K [0x00000000e0000000, 0x00000000e8000000, 0x00000000e8000000)
  eden space 87424K,  90% used [0x00000000e0000000, 0x00000000e4d71cd8, 0x00000000e5560000)
  from space 21824K, 100% used [0x00000000e6ab0000, 0x00000000e8000000, 0x00000000e8000000)
  to   space 21824K,   0% used [0x00000000e5560000, 0x00000000e5560000, 0x00000000e6ab0000)
 concurrent mark-sweep generation total 393216K, used 304391K [0x00000000e8000000, 0x0000000100000000, 0x0000000100000000)
 Metaspace       used 37597K, capacity 38132K, committed 38680K, reserved 1083392K
  class space    used 4149K, capacity 4319K, committed 4424K, reserved 1048576K
2016-12-17T11:49:02.586+0530: 340212.695: [GC (CMS Final Remark) 2016-12-17T11:49:02.586+0530: 340212.695: [ParNew
Desired survivor size 20112992 bytes, new threshold 8 (max 8)
- age   1:       4608 bytes,       4608 total
- age   2:         24 bytes,       4632 total
- age   3:     511824 bytes,     516456 total
- age   4:    5564552 bytes,    6081008 total
- age   5:    4116336 bytes,   10197344 total
- age   6:    4964304 bytes,   15161648 total
: 101127K->21824K(109248K), 0.0438100 secs] 405518K->327143K(502464K), 0.0439537 secs] [Times: user=0.17 sys=0.00, real=0.04 secs] 
Heap after GC invocations=78 (full 22):
 par new generation   total 109248K, used 21824K [0x00000000e0000000, 0x00000000e8000000, 0x00000000e8000000)
  eden space 87424K,   0% used [0x00000000e0000000, 0x00000000e0000000, 0x00000000e5560000)
  from space 21824K, 100% used [0x00000000e5560000, 0x00000000e6ab0000, 0x00000000e6ab0000)
  to   space 21824K,   0% used [0x00000000e6ab0000, 0x00000000e6ab0000, 0x00000000e8000000)
 concurrent mark-sweep generation total 393216K, used 305319K [0x00000000e8000000, 0x0000000100000000, 0x0000000100000000)
 Metaspace       used 37597K, capacity 38132K, committed 38680K, reserved 1083392K
  class space    used 4149K, capacity 4319K, committed 4424K, reserved 1048576K
}
2016-12-17T11:49:02.630+0530: 340212.740: [Rescan (parallel) , 0.0116370 secs]2016-12-17T11:49:02.642+0530: 340212.751: [weak refs processing, 0.0003954 secs]2016-12-17T11:49:02.642+0530: 340212.752: [class unloading, 0.0101243 secs]2016-12-17T11:49:02.652+0530: 340212.762: [scrub symbol table, 0.0098231 secs]2016-12-17T11:49:02.662+0530: 340212.772: [scrub string table, 0.0005792 secs][1 CMS-remark: 305319K(393216K)] 327143K(502464K), 0.0776324 secs] [Times: user=0.23 sys=0.00, real=0.08 secs] 
2016-12-17T11:49:02.664+0530: 340212.773: Total time for which application threads were stopped: 0.0779291 seconds, Stopping threads took: 0.0000353 seconds
2016-12-17T11:49:02.664+0530: 340212.773: [CMS-concurrent-sweep-start]
2016-12-17T11:49:02.805+0530: 340212.914: Total time for which application threads were stopped: 0.0002923 seconds, Stopping threads took: 0.0001276 seconds
2016-12-17T11:49:02.830+0530: 340212.940: Total time for which application threads were stopped: 0.0001700 seconds, Stopping threads took: 0.0000375 seconds
2016-12-17T11:49:02.831+0530: 340212.940: Total time for which application threads were stopped: 0.0001357 seconds, Stopping threads took: 0.0000317 seconds
2016-12-17T11:49:02.918+0530: 340213.028: [CMS-concurrent-sweep: 0.254/0.255 secs] [Times: user=0.95 sys=0.03, real=0.25 secs] 
2016-12-17T11:49:02.918+0530: 340213.028: [CMS-concurrent-reset-start]
2016-12-17T11:49:02.919+0530: 340213.029: [CMS-concurrent-reset: 0.001/0.001 secs] [Times: user=0.00 sys=0.00, real=0.00 secs] 
2016-12-17T11:49:02.927+0530: 340213.037: Total time for which application threads were stopped: 0.0007832 seconds, Stopping threads took: 0.0005944 seconds
{Heap before GC invocations=78 (full 22):
 par new generation   total 109248K, used 109248K [0x00000000e0000000, 0x00000000e8000000, 0x00000000e8000000)
  eden space 87424K, 100% used [0x00000000e0000000, 0x00000000e5560000, 0x00000000e5560000)
  from space 21824K, 100% used [0x00000000e5560000, 0x00000000e6ab0000, 0x00000000e6ab0000)
  to   space 21824K,   0% used [0x00000000e6ab0000, 0x00000000e6ab0000, 0x00000000e8000000)
 concurrent mark-sweep generation total 393216K, used 285865K [0x00000000e8000000, 0x0000000100000000, 0x0000000100000000)
 Metaspace       used 37603K, capacity 38132K, committed 38680K, reserved 1083392K
  class space    used 4149K, capacity 4319K, committed 4424K, reserved 1048576K
2016-12-17T11:49:03.003+0530: 340213.112: [GC (Allocation Failure) 2016-12-17T11:49:03.003+0530: 340213.112: [ParNew
Desired survivor size 20112992 bytes, new threshold 8 (max 8)
- age   1:    8855672 bytes,    8855672 total
- age   2:       4144 bytes,    8859816 total
- age   3:         24 bytes,    8859840 total
- age   4:     510808 bytes,    9370648 total
- age   5:    5296496 bytes,   14667144 total
- age   6:    3064200 bytes,   17731344 total
- age   7:    2012304 bytes,   19743648 total
: 109248K->21824K(109248K), 0.0235802 secs] 395113K->307690K(502464K), 0.0237957 secs] [Times: user=0.13 sys=0.00, real=0.02 secs] 
Heap after GC invocations=79 (full 22):
 par new generation   total 109248K, used 21824K [0x00000000e0000000, 0x00000000e8000000, 0x00000000e8000000)
  eden space 87424K,   0% used [0x00000000e0000000, 0x00000000e0000000, 0x00000000e5560000)
  from space 21824K, 100% used [0x00000000e6ab0000, 0x00000000e8000000, 0x00000000e8000000)
  to   space 21824K,   0% used [0x00000000e5560000, 0x00000000e5560000, 0x00000000e6ab0000)
 concurrent mark-sweep generation total 393216K, used 285866K [0x00000000e8000000, 0x0000000100000000, 0x0000000100000000)
 Metaspace       used 37603K, capacity 38132K, committed 38680K, reserved 1083392K
  class space    used 4149K, capacity 4319K, committed 4424K, reserved 1048576K
}
2016-12-17T11:49:03.027+0530: 340213.136: Total time for which application threads were stopped: 0.0241916 seconds, Stopping threads took: 0.0000535 seconds
2016-12-17T11:49:03.027+0530: 340213.136: [GC (CMS Initial Mark) [1 CMS-initial-mark: 285866K(393216K)] 309420K(502464K), 0.0050867 secs] [Times: user=0.00 sys=0.00, real=0.01 secs] 
2016-12-17T11:49:03.032+0530: 340213.142: Total time for which application threads were stopped: 0.0053473 seconds, Stopping threads took: 0.0000419 seconds
2016-12-17T11:49:03.032+0530: 340213.142: [CMS-concurrent-mark-start]
2016-12-17T11:49:03.414+0530: 340213.523: [CMS-concurrent-mark: 0.382/0.382 secs] [Times: user=1.42 sys=0.01, real=0.38 secs] 
2016-12-17T11:49:03.414+0530: 340213.523: [CMS-concurrent-preclean-start]
2016-12-17T11:49:03.416+0530: 340213.526: [CMS-concurrent-preclean: 0.002/0.002 secs] [Times: user=0.00 sys=0.00, real=0.00 secs] 
2016-12-17T11:49:03.416+0530: 340213.526: [CMS-concurrent-abortable-preclean-start]
{Heap before GC invocations=79 (full 23):
 par new generation   total 109248K, used 109248K [0x00000000e0000000, 0x00000000e8000000, 0x00000000e8000000)
  eden space 87424K, 100% used [0x00000000e0000000, 0x00000000e5560000, 0x00000000e5560000)
  from space 21824K, 100% used [0x00000000e6ab0000, 0x00000000e8000000, 0x00000000e8000000)
  to   space 21824K,   0% used [0x00000000e5560000, 0x00000000e5560000, 0x00000000e6ab0000)
 concurrent mark-sweep generation total 393216K, used 285866K [0x00000000e8000000, 0x0000000100000000, 0x0000000100000000)
 Metaspace       used 37603K, capacity 38132K, committed 38680K, reserved 1083392K
  class space    used 4149K, capacity 4319K, committed 4424K, reserved 1048576K
2016-12-17T11:49:03.741+0530: 340213.851: [GC (Allocation Failure) 2016-12-17T11:49:03.741+0530: 340213.851: [ParNew
Desired survivor size 20112992 bytes, new threshold 8 (max 8)
- age   1:    5594864 bytes,    5594864 total
- age   2:    5014008 bytes,   10608872 total
- age   3:       3752 bytes,   10612624 total
- age   4:         24 bytes,   10612648 total
- age   5:     494384 bytes,   11107032 total
- age   6:    4967464 bytes,   16074496 total
- age   7:    2356800 bytes,   18431296 total
- age   8:    1386464 bytes,   19817760 total
: 109248K->21824K(109248K), 0.0454107 secs] 395114K->315893K(502464K), 0.0456062 secs] [Times: user=0.19 sys=0.00, real=0.05 secs] 
Heap after GC invocations=80 (full 23):
 par new generation   total 109248K, used 21824K [0x00000000e0000000, 0x00000000e8000000, 0x00000000e8000000)
  eden space 87424K,   0% used [0x00000000e0000000, 0x00000000e0000000, 0x00000000e5560000)
  from space 21824K, 100% used [0x00000000e5560000, 0x00000000e6ab0000, 0x00000000e6ab0000)
  to   space 21824K,   0% used [0x00000000e6ab0000, 0x00000000e6ab0000, 0x00000000e8000000)
 concurrent mark-sweep generation total 393216K, used 294069K [0x00000000e8000000, 0x0000000100000000, 0x0000000100000000)
 Metaspace       used 37603K, capacity 38132K, committed 38680K, reserved 1083392K
  class space    used 4149K, capacity 4319K, committed 4424K, reserved 1048576K
}
2016-12-17T11:49:03.787+0530: 340213.897: Total time for which application threads were stopped: 0.0459752 seconds, Stopping threads took: 0.0000763 seconds
2016-12-17T11:49:04.010+0530: 340214.120: [CMS-concurrent-abortable-preclean: 0.443/0.594 secs] [Times: user=1.95 sys=0.02, real=0.59 secs] 
2016-12-17T11:49:04.010+0530: 340214.120: [GC (CMS Final Remark) [YG occupancy: 87412 K (109248 K)]{Heap before GC invocations=80 (full 23):
 par new generation   total 109248K, used 87412K [0x00000000e0000000, 0x00000000e8000000, 0x00000000e8000000)
  eden space 87424K,  75% used [0x00000000e0000000, 0x00000000e400d088, 0x00000000e5560000)
  from space 21824K, 100% used [0x00000000e5560000, 0x00000000e6ab0000, 0x00000000e6ab0000)
  to   space 21824K,   0% used [0x00000000e6ab0000, 0x00000000e6ab0000, 0x00000000e8000000)
 concurrent mark-sweep generation total 393216K, used 294069K [0x00000000e8000000, 0x0000000100000000, 0x0000000100000000)
 Metaspace       used 37603K, capacity 38132K, committed 38680K, reserved 1083392K
  class space    used 4149K, capacity 4319K, committed 4424K, reserved 1048576K
2016-12-17T11:49:04.011+0530: 340214.120: [GC (CMS Final Remark) 2016-12-17T11:49:04.011+0530: 340214.120: [ParNew
Desired survivor size 20112992 bytes, new threshold 8 (max 8)
- age   1:    6923832 bytes,    6923832 total
- age   2:    3212424 bytes,   10136256 total
- age   3:    3373208 bytes,   13509464 total
- age   4:       3624 bytes,   13513088 total
- age   5:         24 bytes,   13513112 total
- age   6:       3152 bytes,   13516264 total
- age   7:    4967144 bytes,   18483408 total
- age   8:    2356448 bytes,   20839856 total
: 87412K->21824K(109248K), 0.0406087 secs] 381481K->323210K(502464K), 0.0407207 secs] [Times: user=0.14 sys=0.00, real=0.04 secs] 
Heap after GC invocations=81 (full 23):
 par new generation   total 109248K, used 21824K [0x00000000e0000000, 0x00000000e8000000, 0x00000000e8000000)
  eden space 87424K,   0% used [0x00000000e0000000, 0x00000000e0000000, 0x00000000e5560000)
  from space 21824K, 100% used [0x00000000e6ab0000, 0x00000000e8000000, 0x00000000e8000000)
  to   space 21824K,   0% used [0x00000000e5560000, 0x00000000e5560000, 0x00000000e6ab0000)
 concurrent mark-sweep generation total 393216K, used 301386K [0x00000000e8000000, 0x0000000100000000, 0x0000000100000000)
 Metaspace       used 37603K, capacity 38132K, committed 38680K, reserved 1083392K
  class space    used 4149K, capacity 4319K, committed 4424K, reserved 1048576K
}
2016-12-17T11:49:04.051+0530: 340214.161: [Rescan (parallel) , 0.0154698 secs]2016-12-17T11:49:04.067+0530: 340214.176: [weak refs processing, 0.0006421 secs]2016-12-17T11:49:04.068+0530: 340214.177: [class unloading, 0.0076967 secs]2016-12-17T11:49:04.075+0530: 340214.185: [scrub symbol table, 0.0068583 secs]2016-12-17T11:49:04.082+0530: 340214.192: [scrub string table, 0.0005431 secs][1 CMS-remark: 301386K(393216K)] 323210K(502464K), 0.0729714 secs] [Times: user=0.22 sys=0.00, real=0.07 secs] 
2016-12-17T11:49:04.083+0530: 340214.193: Total time for which application threads were stopped: 0.0731932 seconds, Stopping threads took: 0.0000415 seconds
2016-12-17T11:49:04.083+0530: 340214.193: [CMS-concurrent-sweep-start]
2016-12-17T11:49:04.304+0530: 340214.413: [CMS-concurrent-sweep: 0.220/0.220 secs] [Times: user=0.44 sys=0.06, real=0.22 secs] 
2016-12-17T11:49:04.304+0530: 340214.413: [CMS-concurrent-reset-start]
2016-12-17T11:49:04.304+0530: 340214.414: [CMS-concurrent-reset: 0.001/0.001 secs] [Times: user=0.00 sys=0.00, real=0.00 secs] 
{Heap before GC invocations=81 (full 23):
 par new generation   total 109248K, used 109248K [0x00000000e0000000, 0x00000000e8000000, 0x00000000e8000000)
  eden space 87424K, 100% used [0x00000000e0000000, 0x00000000e5560000, 0x00000000e5560000)
  from space 21824K, 100% used [0x00000000e6ab0000, 0x00000000e8000000, 0x00000000e8000000)
  to   space 21824K,   0% used [0x00000000e5560000, 0x00000000e5560000, 0x00000000e6ab0000)
 concurrent mark-sweep generation total 393216K, used 273535K [0x00000000e8000000, 0x0000000100000000, 0x0000000100000000)
 Metaspace       used 37603K, capacity 38132K, committed 38680K, reserved 1083392K
  class space    used 4149K, capacity 4319K, committed 4424K, reserved 1048576K
2016-12-17T11:49:04.331+0530: 340214.440: [GC (Allocation Failure) 2016-12-17T11:49:04.331+0530: 340214.440: [ParNew
Desired survivor size 20112992 bytes, new threshold 8 (max 8)
- age   1:    7192432 bytes,    7192432 total
- age   2:    5585568 bytes,   12778000 total
- age   3:    2470872 bytes,   15248872 total
- age   4:    2625312 bytes,   17874184 total
- age   5:       2432 bytes,   17876616 total
- age   6:         24 bytes,   17876640 total
- age   7:       3152 bytes,   17879792 total
- age   8:    4412024 bytes,   22291816 total
: 109248K->21824K(109248K), 0.0372606 secs] 382783K->301219K(502464K), 0.0373721 secs] [Times: user=0.12 sys=0.00, real=0.04 secs] 
Heap after GC invocations=82 (full 23):
 par new generation   total 109248K, used 21824K [0x00000000e0000000, 0x00000000e8000000, 0x00000000e8000000)
  eden space 87424K,   0% used [0x00000000e0000000, 0x00000000e0000000, 0x00000000e5560000)
  from space 21824K, 100% used [0x00000000e5560000, 0x00000000e6ab0000, 0x00000000e6ab0000)
  to   space 21824K,   0% used [0x00000000e6ab0000, 0x00000000e6ab0000, 0x00000000e8000000)
 concurrent mark-sweep generation total 393216K, used 279395K [0x00000000e8000000, 0x0000000100000000, 0x0000000100000000)
 Metaspace       used 37603K, capacity 38132K, committed 38680K, reserved 1083392K
  class space    used 4149K, capacity 4319K, committed 4424K, reserved 1048576K
}
2016-12-17T11:49:04.368+0530: 340214.478: Total time for which application threads were stopped: 0.0376069 seconds, Stopping threads took: 0.0000245 seconds
2016-12-17T11:49:04.368+0530: 340214.478: [GC (CMS Initial Mark) [1 CMS-initial-mark: 279395K(393216K)] 302958K(502464K), 0.0077802 secs] [Times: user=0.00 sys=0.00, real=0.01 secs] 
2016-12-17T11:49:04.376+0530: 340214.486: Total time for which application threads were stopped: 0.0079890 seconds, Stopping threads took: 0.0000558 seconds
2016-12-17T11:49:04.376+0530: 340214.486: [CMS-concurrent-mark-start]
2016-12-17T11:49:04.633+0530: 340214.742: [CMS-concurrent-mark: 0.256/0.256 secs] [Times: user=1.01 sys=0.02, real=0.26 secs] 
2016-12-17T11:49:04.633+0530: 340214.742: [CMS-concurrent-preclean-start]
2016-12-17T11:49:04.635+0530: 340214.744: [CMS-concurrent-preclean: 0.002/0.002 secs] [Times: user=0.00 sys=0.00, real=0.00 secs] 
2016-12-17T11:49:04.635+0530: 340214.745: [GC (CMS Final Remark) [YG occupancy: 23610 K (109248 K)]{Heap before GC invocations=82 (full 24):
 par new generation   total 109248K, used 23610K [0x00000000e0000000, 0x00000000e8000000, 0x00000000e8000000)
  eden space 87424K,   2% used [0x00000000e0000000, 0x00000000e01beb10, 0x00000000e5560000)
  from space 21824K, 100% used [0x00000000e5560000, 0x00000000e6ab0000, 0x00000000e6ab0000)
  to   space 21824K,   0% used [0x00000000e6ab0000, 0x00000000e6ab0000, 0x00000000e8000000)
 concurrent mark-sweep generation total 393216K, used 279395K [0x00000000e8000000, 0x0000000100000000, 0x0000000100000000)
 Metaspace       used 37603K, capacity 38132K, committed 38680K, reserved 1083392K
  class space    used 4149K, capacity 4319K, committed 4424K, reserved 1048576K
2016-12-17T11:49:04.635+0530: 340214.745: [GC (CMS Final Remark) 2016-12-17T11:49:04.636+0530: 340214.745: [ParNew
Desired survivor size 20112992 bytes, new threshold 8 (max 8)
- age   1:      32984 bytes,      32984 total
- age   2:    7103768 bytes,    7136752 total
- age   3:    5556640 bytes,   12693392 total
- age   4:    2433016 bytes,   15126408 total
- age   5:    2588992 bytes,   17715400 total
- age   6:       2432 bytes,   17717832 total
- age   7:         24 bytes,   17717856 total
- age   8:       3152 bytes,   17721008 total
: 23610K->21824K(109248K), 0.0231545 secs] 303006K->305671K(502464K), 0.0232678 secs] [Times: user=0.13 sys=0.00, real=0.02 secs] 
Heap after GC invocations=83 (full 24):
 par new generation   total 109248K, used 21824K [0x00000000e0000000, 0x00000000e8000000, 0x00000000e8000000)
  eden space 87424K,   0% used [0x00000000e0000000, 0x00000000e0000000, 0x00000000e5560000)
  from space 21824K, 100% used [0x00000000e6ab0000, 0x00000000e8000000, 0x00000000e8000000)
  to   space 21824K,   0% used [0x00000000e5560000, 0x00000000e5560000, 0x00000000e6ab0000)
 concurrent mark-sweep generation total 393216K, used 283847K [0x00000000e8000000, 0x0000000100000000, 0x0000000100000000)
 Metaspace       used 37603K, capacity 38132K, committed 38680K, reserved 1083392K
  class space    used 4149K, capacity 4319K, committed 4424K, reserved 1048576K
}
2016-12-17T11:49:04.659+0530: 340214.768: [Rescan (parallel) , 0.0094482 secs]2016-12-17T11:49:04.668+0530: 340214.778: [weak refs processing, 0.0013775 secs]2016-12-17T11:49:04.670+0530: 340214.779: [class unloading, 0.0109619 secs]2016-12-17T11:49:04.681+0530: 340214.790: [scrub symbol table, 0.0064928 secs]2016-12-17T11:49:04.687+0530: 340214.797: [scrub string table, 0.0006479 secs][1 CMS-remark: 283847K(393216K)] 305671K(502464K), 0.0532703 secs] [Times: user=0.16 sys=0.00, real=0.05 secs] 
2016-12-17T11:49:04.689+0530: 340214.798: Total time for which application threads were stopped: 0.0538246 seconds, Stopping threads took: 0.0003739 seconds
2016-12-17T11:49:04.689+0530: 340214.798: [CMS-concurrent-sweep-start]
2016-12-17T11:49:04.868+0530: 340214.977: [CMS-concurrent-sweep: 0.179/0.179 secs] [Times: user=0.34 sys=0.00, real=0.18 secs] 
2016-12-17T11:49:04.868+0530: 340214.978: [CMS-concurrent-reset-start]
2016-12-17T11:49:04.869+0530: 340214.978: [CMS-concurrent-reset: 0.001/0.001 secs] [Times: user=0.00 sys=0.00, real=0.00 secs] 
{Heap before GC invocations=83 (full 24):
 par new generation   total 109248K, used 109248K [0x00000000e0000000, 0x00000000e8000000, 0x00000000e8000000)
  eden space 87424K, 100% used [0x00000000e0000000, 0x00000000e5560000, 0x00000000e5560000)
  from space 21824K, 100% used [0x00000000e6ab0000, 0x00000000e8000000, 0x00000000e8000000)
  to   space 21824K,   0% used [0x00000000e5560000, 0x00000000e5560000, 0x00000000e6ab0000)
 concurrent mark-sweep generation total 393216K, used 266199K [0x00000000e8000000, 0x0000000100000000, 0x0000000100000000)
 Metaspace       used 37603K, capacity 38132K, committed 38680K, reserved 1083392K
  class space    used 4149K, capacity 4319K, committed 4424K, reserved 1048576K
2016-12-17T11:49:04.925+0530: 340215.034: [GC (Allocation Failure) 2016-12-17T11:49:04.925+0530: 340215.034: [ParNew
Desired survivor size 20112992 bytes, new threshold 8 (max 8)
- age   1:    5823008 bytes,    5823008 total
- age   2:      23512 bytes,    5846520 total
- age   3:    4899488 bytes,   10746008 total
- age   4:    3536616 bytes,   14282624 total
- age   5:    2186384 bytes,   16469008 total
- age   6:    2324304 bytes,   18793312 total
- age   7:       2376 bytes,   18795688 total
- age   8:         24 bytes,   18795712 total
: 109248K->21824K(109248K), 0.0375533 secs] 375447K->296645K(502464K), 0.0376867 secs] [Times: user=0.09 sys=0.00, real=0.04 secs] 
Heap after GC invocations=84 (full 24):
 par new generation   total 109248K, used 21824K [0x00000000e0000000, 0x00000000e8000000, 0x00000000e8000000)
  eden space 87424K,   0% used [0x00000000e0000000, 0x00000000e0000000, 0x00000000e5560000)
  from space 21824K, 100% used [0x00000000e5560000, 0x00000000e6ab0000, 0x00000000e6ab0000)
  to   space 21824K,   0% used [0x00000000e6ab0000, 0x00000000e6ab0000, 0x00000000e8000000)
 concurrent mark-sweep generation total 393216K, used 274821K [0x00000000e8000000, 0x0000000100000000, 0x0000000100000000)
 Metaspace       used 37603K, capacity 38132K, committed 38680K, reserved 1083392K
  class space    used 4149K, capacity 4319K, committed 4424K, reserved 1048576K
}
2016-12-17T11:49:04.962+0530: 340215.072: Total time for which application threads were stopped: 0.0388947 seconds, Stopping threads took: 0.0000330 seconds
2016-12-17T11:49:04.963+0530: 340215.072: [GC (CMS Initial Mark) [1 CMS-initial-mark: 274821K(393216K)] 298382K(502464K), 0.0084826 secs] [Times: user=0.03 sys=0.00, real=0.01 secs] 
2016-12-17T11:49:04.971+0530: 340215.081: Total time for which application threads were stopped: 0.0087084 seconds, Stopping threads took: 0.0000705 seconds
2016-12-17T11:49:04.971+0530: 340215.081: [CMS-concurrent-mark-start]
2016-12-17T11:49:05.230+0530: 340215.340: [CMS-concurrent-mark: 0.259/0.259 secs] [Times: user=0.95 sys=0.00, real=0.26 secs] 
2016-12-17T11:49:05.230+0530: 340215.340: [CMS-concurrent-preclean-start]
2016-12-17T11:49:05.233+0530: 340215.342: [CMS-concurrent-preclean: 0.002/0.002 secs] [Times: user=0.00 sys=0.00, real=0.00 secs] 
2016-12-17T11:49:05.233+0530: 340215.343: [GC (CMS Final Remark) [YG occupancy: 23561 K (109248 K)]{Heap before GC invocations=84 (full 25):
 par new generation   total 109248K, used 23561K [0x00000000e0000000, 0x00000000e8000000, 0x00000000e8000000)
  eden space 87424K,   1% used [0x00000000e0000000, 0x00000000e01b2570, 0x00000000e5560000)
  from space 21824K, 100% used [0x00000000e5560000, 0x00000000e6ab0000, 0x00000000e6ab0000)
  to   space 21824K,   0% used [0x00000000e6ab0000, 0x00000000e6ab0000, 0x00000000e8000000)
 concurrent mark-sweep generation total 393216K, used 274821K [0x00000000e8000000, 0x0000000100000000, 0x0000000100000000)
 Metaspace       used 37603K, capacity 38132K, committed 38680K, reserved 1083392K
  class space    used 4149K, capacity 4319K, committed 4424K, reserved 1048576K
2016-12-17T11:49:05.233+0530: 340215.343: [GC (CMS Final Remark) 2016-12-17T11:49:05.233+0530: 340215.343: [ParNew
Desired survivor size 20112992 bytes, new threshold 8 (max 8)
- age   1:     112352 bytes,     112352 total
- age   2:    5129680 bytes,    5242032 total
- age   3:      21736 bytes,    5263768 total
- age   4:    4724336 bytes,    9988104 total
- age   5:    3433520 bytes,   13421624 total
- age   6:    2074472 bytes,   15496096 total
- age   7:    2151280 bytes,   17647376 total
- age   8:       2376 bytes,   17649752 total
: 23561K->21824K(109248K), 0.0325586 secs] 298382K->297844K(502464K), 0.0326420 secs] [Times: user=0.11 sys=0.00, real=0.03 secs] 
Heap after GC invocations=85 (full 25):
 par new generation   total 109248K, used 21824K [0x00000000e0000000, 0x00000000e8000000, 0x00000000e8000000)
  eden space 87424K,   0% used [0x00000000e0000000, 0x00000000e0000000, 0x00000000e5560000)
  from space 21824K, 100% used [0x00000000e6ab0000, 0x00000000e8000000, 0x00000000e8000000)
  to   space 21824K,   0% used [0x00000000e5560000, 0x00000000e5560000, 0x00000000e6ab0000)
 concurrent mark-sweep generation total 393216K, used 276020K [0x00000000e8000000, 0x0000000100000000, 0x0000000100000000)
 Metaspace       used 37603K, capacity 38132K, committed 38680K, reserved 1083392K
  class space    used 4149K, capacity 4319K, committed 4424K, reserved 1048576K
}
2016-12-17T11:49:05.266+0530: 340215.375: [Rescan (parallel) , 0.0127714 secs]2016-12-17T11:49:05.279+0530: 340215.388: [weak refs processing, 0.0005065 secs]2016-12-17T11:49:05.279+0530: 340215.389: [class unloading, 0.0078587 secs]2016-12-17T11:49:05.287+0530: 340215.397: [scrub symbol table, 0.0059038 secs]2016-12-17T11:49:05.293+0530: 340215.403: [scrub string table, 0.0005167 secs][1 CMS-remark: 276020K(393216K)] 297844K(502464K), 0.0612603 secs] [Times: user=0.13 sys=0.00, real=0.06 secs] 
2016-12-17T11:49:05.294+0530: 340215.404: Total time for which application threads were stopped: 0.0614298 seconds, Stopping threads took: 0.0000312 seconds
2016-12-17T11:49:05.294+0530: 340215.404: [CMS-concurrent-sweep-start]
2016-12-17T11:49:05.445+0530: 340215.555: [CMS-concurrent-sweep: 0.151/0.151 secs] [Times: user=0.31 sys=0.02, real=0.15 secs] 
2016-12-17T11:49:05.445+0530: 340215.555: [CMS-concurrent-reset-start]
2016-12-17T11:49:05.446+0530: 340215.555: [CMS-concurrent-reset: 0.001/0.001 secs] [Times: user=0.00 sys=0.00, real=0.00 secs] 
{Heap before GC invocations=85 (full 25):
 par new generation   total 109248K, used 109248K [0x00000000e0000000, 0x00000000e8000000, 0x00000000e8000000)
  eden space 87424K, 100% used [0x00000000e0000000, 0x00000000e5560000, 0x00000000e5560000)
  from space 21824K, 100% used [0x00000000e6ab0000, 0x00000000e8000000, 0x00000000e8000000)
  to   space 21824K,   0% used [0x00000000e5560000, 0x00000000e5560000, 0x00000000e6ab0000)
 concurrent mark-sweep generation total 393216K, used 270478K [0x00000000e8000000, 0x0000000100000000, 0x0000000100000000)
 Metaspace       used 37603K, capacity 38132K, committed 38680K, reserved 1083392K
  class space    used 4149K, capacity 4319K, committed 4424K, reserved 1048576K
2016-12-17T11:49:05.498+0530: 340215.607: [GC (Allocation Failure) 2016-12-17T11:49:05.498+0530: 340215.607: [ParNew
Desired survivor size 20112992 bytes, new threshold 7 (max 8)
- age   1:   11299984 bytes,   11299984 total
- age   2:      83048 bytes,   11383032 total
- age   3:    3327776 bytes,   14710808 total
- age   4:      13784 bytes,   14724592 total
- age   5:    3309096 bytes,   18033688 total
- age   6:    1503312 bytes,   19537000 total
- age   7:    1406296 bytes,   20943296 total
- age   8:    1382808 bytes,   22326104 total
: 109248K->21824K(109248K), 0.0503019 secs] 379726K->300875K(502464K), 0.0504041 secs] [Times: user=0.14 sys=0.00, real=0.05 secs] 
Heap after GC invocations=86 (full 25):
 par new generation   total 109248K, used 21824K [0x00000000e0000000, 0x00000000e8000000, 0x00000000e8000000)
  eden space 87424K,   0% used [0x00000000e0000000, 0x00000000e0000000, 0x00000000e5560000)
  from space 21824K, 100% used [0x00000000e5560000, 0x00000000e6ab0000, 0x00000000e6ab0000)
  to   space 21824K,   0% used [0x00000000e6ab0000, 0x00000000e6ab0000, 0x00000000e8000000)
 concurrent mark-sweep generation total 393216K, used 279051K [0x00000000e8000000, 0x0000000100000000, 0x0000000100000000)
 Metaspace       used 37603K, capacity 38132K, committed 38680K, reserved 1083392K
  class space    used 4149K, capacity 4319K, committed 4424K, reserved 1048576K
}
2016-12-17T11:49:05.548+0530: 340215.658: Total time for which application threads were stopped: 0.0506348 seconds, Stopping threads took: 0.0000281 seconds
2016-12-17T11:49:05.549+0530: 340215.658: [GC (CMS Initial Mark) [1 CMS-initial-mark: 279051K(393216K)] 302617K(502464K), 0.0091595 secs] [Times: user=0.00 sys=0.00, real=0.01 secs] 
2016-12-17T11:49:05.558+0530: 340215.667: Total time for which application threads were stopped: 0.0093947 seconds, Stopping threads took: 0.0000531 seconds
2016-12-17T11:49:05.558+0530: 340215.667: [CMS-concurrent-mark-start]
2016-12-17T11:49:05.831+0530: 340215.941: [CMS-concurrent-mark: 0.273/0.273 secs] [Times: user=1.11 sys=0.00, real=0.27 secs] 
2016-12-17T11:49:05.831+0530: 340215.941: [CMS-concurrent-preclean-start]
2016-12-17T11:49:05.834+0530: 340215.944: [CMS-concurrent-preclean: 0.003/0.003 secs] [Times: user=0.00 sys=0.00, real=0.00 secs] 
2016-12-17T11:49:05.835+0530: 340215.944: [CMS-concurrent-abortable-preclean-start]
2016-12-17T11:49:05.927+0530: 340216.037: Total time for which application threads were stopped: 0.0198099 seconds, Stopping threads took: 0.0000223 seconds
2016-12-17T11:49:06.203+0530: 340216.312: Total time for which application threads were stopped: 0.0003003 seconds, Stopping threads took: 0.0000228 seconds
2016-12-17T11:49:06.340+0530: 340216.450: Total time for which application threads were stopped: 0.0002057 seconds, Stopping threads took: 0.0000277 seconds
2016-12-17T11:49:06.343+0530: 340216.452: Total time for which application threads were stopped: 0.0002129 seconds, Stopping threads took: 0.0000419 seconds
2016-12-17T11:49:06.343+0530: 340216.452: [CMS-concurrent-abortable-preclean: 0.412/0.508 secs] [Times: user=0.98 sys=0.09, real=0.51 secs] 
2016-12-17T11:49:06.344+0530: 340216.454: [GC (CMS Final Remark) [YG occupancy: 73332 K (109248 K)]{Heap before GC invocations=86 (full 26):
 par new generation   total 109248K, used 73332K [0x00000000e0000000, 0x00000000e8000000, 0x00000000e8000000)
  eden space 87424K,  58% used [0x00000000e0000000, 0x00000000e324d260, 0x00000000e5560000)
  from space 21824K, 100% used [0x00000000e5560000, 0x00000000e6ab0000, 0x00000000e6ab0000)
  to   space 21824K,   0% used [0x00000000e6ab0000, 0x00000000e6ab0000, 0x00000000e8000000)
 concurrent mark-sweep generation total 393216K, used 279051K [0x00000000e8000000, 0x0000000100000000, 0x0000000100000000)
 Metaspace       used 37604K, capacity 38132K, committed 38680K, reserved 1083392K
  class space    used 4149K, capacity 4319K, committed 4424K, reserved 1048576K
2016-12-17T11:49:06.345+0530: 340216.454: [GC (CMS Final Remark) 2016-12-17T11:49:06.345+0530: 340216.454: [ParNew
Desired survivor size 20112992 bytes, new threshold 8 (max 8)
- age   1:    4358352 bytes,    4358352 total
- age   2:    6916488 bytes,   11274840 total
- age   3:      67632 bytes,   11342472 total
- age   4:    2622440 bytes,   13964912 total
- age   5:       9720 bytes,   13974632 total
- age   6:    2812576 bytes,   16787208 total
- age   7:    1210728 bytes,   17997936 total
: 73332K->21824K(109248K), 0.0411871 secs] 352384K->306464K(502464K), 0.0413066 secs] [Times: user=0.11 sys=0.00, real=0.04 secs] 
Heap after GC invocations=87 (full 26):
 par new generation   total 109248K, used 21824K [0x00000000e0000000, 0x00000000e8000000, 0x00000000e8000000)
  eden space 87424K,   0% used [0x00000000e0000000, 0x00000000e0000000, 0x00000000e5560000)
  from space 21824K, 100% used [0x00000000e6ab0000, 0x00000000e8000000, 0x00000000e8000000)
  to   space 21824K,   0% used [0x00000000e5560000, 0x00000000e5560000, 0x00000000e6ab0000)
 concurrent mark-sweep generation total 393216K, used 284640K [0x00000000e8000000, 0x0000000100000000, 0x0000000100000000)
 Metaspace       used 37604K, capacity 38132K, committed 38680K, reserved 1083392K
  class space    used 4149K, capacity 4319K, committed 4424K, reserved 1048576K
}
2016-12-17T11:49:06.386+0530: 340216.495: [Rescan (parallel) , 0.0160771 secs]2016-12-17T11:49:06.402+0530: 340216.512: [weak refs processing, 0.0003771 secs]2016-12-17T11:49:06.402+0530: 340216.512: [class unloading, 0.0073299 secs]2016-12-17T11:49:06.410+0530: 340216.519: [scrub symbol table, 0.0058904 secs]2016-12-17T11:49:06.416+0530: 340216.525: [scrub string table, 0.0005145 secs][1 CMS-remark: 284640K(393216K)] 306464K(502464K), 0.0724787 secs] [Times: user=0.19 sys=0.00, real=0.07 secs] 
2016-12-17T11:49:06.417+0530: 340216.526: Total time for which application threads were stopped: 0.0734123 seconds, Stopping threads took: 0.0007666 seconds
2016-12-17T11:49:06.417+0530: 340216.527: [CMS-concurrent-sweep-start]
2016-12-17T11:49:06.627+0530: 340216.736: [CMS-concurrent-sweep: 0.210/0.210 secs] [Times: user=0.64 sys=0.02, real=0.21 secs] 
2016-12-17T11:49:06.627+0530: 340216.736: [CMS-concurrent-reset-start]
2016-12-17T11:49:06.628+0530: 340216.737: [CMS-concurrent-reset: 0.001/0.001 secs] [Times: user=0.00 sys=0.00, real=0.00 secs] 
{Heap before GC invocations=87 (full 26):
 par new generation   total 109248K, used 109248K [0x00000000e0000000, 0x00000000e8000000, 0x00000000e8000000)
  eden space 87424K, 100% used [0x00000000e0000000, 0x00000000e5560000, 0x00000000e5560000)
  from space 21824K, 100% used [0x00000000e6ab0000, 0x00000000e8000000, 0x00000000e8000000)
  to   space 21824K,   0% used [0x00000000e5560000, 0x00000000e5560000, 0x00000000e6ab0000)
 concurrent mark-sweep generation total 393216K, used 280902K [0x00000000e8000000, 0x0000000100000000, 0x0000000100000000)
 Metaspace       used 37604K, capacity 38132K, committed 38680K, reserved 1083392K
  class space    used 4149K, capacity 4319K, committed 4424K, reserved 1048576K
2016-12-17T11:49:06.850+0530: 340216.959: [GC (Allocation Failure) 2016-12-17T11:49:06.850+0530: 340216.960: [ParNew
Desired survivor size 20112992 bytes, new threshold 8 (max 8)
- age   1:     149960 bytes,     149960 total
- age   2:    4357952 bytes,    4507912 total
- age   3:    6439328 bytes,   10947240 total
- age   4:      67632 bytes,   11014872 total
- age   5:    2245424 bytes,   13260296 total
- age   6:       9720 bytes,   13270016 total
- age   7:    2812576 bytes,   16082592 total
- age   8:    1210728 bytes,   17293320 total
: 109248K->21824K(109248K), 0.0249247 secs] 390150K->302726K(502464K), 0.0250635 secs] [Times: user=0.11 sys=0.00, real=0.03 secs] 
Heap after GC invocations=88 (full 26):
 par new generation   total 109248K, used 21824K [0x00000000e0000000, 0x00000000e8000000, 0x00000000e8000000)
  eden space 87424K,   0% used [0x00000000e0000000, 0x00000000e0000000, 0x00000000e5560000)
  from space 21824K, 100% used [0x00000000e5560000, 0x00000000e6ab0000, 0x00000000e6ab0000)
  to   space 21824K,   0% used [0x00000000e6ab0000, 0x00000000e6ab0000, 0x00000000e8000000)
 concurrent mark-sweep generation total 393216K, used 280902K [0x00000000e8000000, 0x0000000100000000, 0x0000000100000000)
 Metaspace       used 37604K, capacity 38132K, committed 38680K, reserved 1083392K
  class space    used 4149K, capacity 4319K, committed 4424K, reserved 1048576K
}
2016-12-17T11:49:06.875+0530: 340216.985: Total time for which application threads were stopped: 0.0253906 seconds, Stopping threads took: 0.0000312 seconds
2016-12-17T11:49:06.875+0530: 340216.985: [GC (CMS Initial Mark) [1 CMS-initial-mark: 280902K(393216K)] 303495K(502464K), 0.0060229 secs] [Times: user=0.00 sys=0.00, real=0.01 secs] 
2016-12-17T11:49:06.881+0530: 340216.991: Total time for which application threads were stopped: 0.0062268 seconds, Stopping threads took: 0.0000437 seconds
2016-12-17T11:49:06.881+0530: 340216.991: [CMS-concurrent-mark-start]
2016-12-17T11:49:07.080+0530: 340217.190: [CMS-concurrent-mark: 0.199/0.199 secs] [Times: user=0.76 sys=0.02, real=0.20 secs] 
2016-12-17T11:49:07.080+0530: 340217.190: [CMS-concurrent-preclean-start]
2016-12-17T11:49:07.082+0530: 340217.192: [CMS-concurrent-preclean: 0.002/0.002 secs] [Times: user=0.00 sys=0.00, real=0.00 secs] 
2016-12-17T11:49:07.082+0530: 340217.192: [CMS-concurrent-abortable-preclean-start]
2016-12-17T11:49:07.273+0530: 340217.382: Total time for which application threads were stopped: 0.0001986 seconds, Stopping threads took: 0.0000321 seconds
2016-12-17T11:49:07.274+0530: 340217.384: Total time for which application threads were stopped: 0.0001321 seconds, Stopping threads took: 0.0000196 seconds
2016-12-17T11:49:07.274+0530: 340217.384: Total time for which application threads were stopped: 0.0000763 seconds, Stopping threads took: 0.0000094 seconds
2016-12-17T11:49:07.274+0530: 340217.384: Total time for which application threads were stopped: 0.0000683 seconds, Stopping threads took: 0.0000089 seconds
 CMS: abort preclean due to time 2016-12-17T11:49:13.243+0530: 340223.353: [CMS-concurrent-abortable-preclean: 3.099/6.161 secs] [Times: user=3.67 sys=0.09, real=6.16 secs] 
2016-12-17T11:49:13.244+0530: 340223.353: [GC (CMS Final Remark) [YG occupancy: 61801 K (109248 K)]{Heap before GC invocations=88 (full 27):
 par new generation   total 109248K, used 61801K [0x00000000e0000000, 0x00000000e8000000, 0x00000000e8000000)
  eden space 87424K,  45% used [0x00000000e0000000, 0x00000000e270a5b8, 0x00000000e5560000)
  from space 21824K, 100% used [0x00000000e5560000, 0x00000000e6ab0000, 0x00000000e6ab0000)
  to   space 21824K,   0% used [0x00000000e6ab0000, 0x00000000e6ab0000, 0x00000000e8000000)
 concurrent mark-sweep generation total 393216K, used 280902K [0x00000000e8000000, 0x0000000100000000, 0x0000000100000000)
 Metaspace       used 37610K, capacity 38132K, committed 38680K, reserved 1083392K
  class space    used 4149K, capacity 4319K, committed 4424K, reserved 1048576K
2016-12-17T11:49:13.244+0530: 340223.353: [GC (CMS Final Remark) 2016-12-17T11:49:13.244+0530: 340223.353: [ParNew
Desired survivor size 20112992 bytes, new threshold 8 (max 8)
- age   1:      90624 bytes,      90624 total
- age   2:      36936 bytes,     127560 total
- age   3:    3376632 bytes,    3504192 total
- age   4:    5538376 bytes,    9042568 total
- age   5:      55152 bytes,    9097720 total
- age   6:    1639152 bytes,   10736872 total
- age   7:       5912 bytes,   10742784 total
- age   8:    2316320 bytes,   13059104 total
: 61801K->14398K(109248K), 0.0418087 secs] 342703K->296136K(502464K), 0.0419515 secs] [Times: user=0.08 sys=0.00, real=0.04 secs] 
Heap after GC invocations=89 (full 27):
 par new generation   total 109248K, used 14398K [0x00000000e0000000, 0x00000000e8000000, 0x00000000e8000000)
  eden space 87424K,   0% used [0x00000000e0000000, 0x00000000e0000000, 0x00000000e5560000)
  from space 21824K,  65% used [0x00000000e6ab0000, 0x00000000e78bf848, 0x00000000e8000000)
  to   space 21824K,   0% used [0x00000000e5560000, 0x00000000e5560000, 0x00000000e6ab0000)
 concurrent mark-sweep generation total 393216K, used 281738K [0x00000000e8000000, 0x0000000100000000, 0x0000000100000000)
 Metaspace       used 37610K, capacity 38132K, committed 38680K, reserved 1083392K
  class space    used 4149K, capacity 4319K, committed 4424K, reserved 1048576K
}
2016-12-17T11:49:13.286+0530: 340223.396: [Rescan (parallel) , 0.0113189 secs]2016-12-17T11:49:13.297+0530: 340223.407: [weak refs processing, 0.0005864 secs]2016-12-17T11:49:13.298+0530: 340223.407: [class unloading, 0.0101778 secs]2016-12-17T11:49:13.308+0530: 340223.418: [scrub symbol table, 0.0102367 secs]2016-12-17T11:49:13.318+0530: 340223.428: [scrub string table, 0.0007997 secs][1 CMS-remark: 281738K(393216K)] 296136K(502464K), 0.0762356 secs] [Times: user=0.11 sys=0.00, real=0.08 secs] 
2016-12-17T11:49:13.320+0530: 340223.430: Total time for which application threads were stopped: 0.0764971 seconds, Stopping threads took: 0.0000486 seconds
2016-12-17T11:49:13.320+0530: 340223.430: [CMS-concurrent-sweep-start]
2016-12-17T11:49:13.755+0530: 340223.865: [CMS-concurrent-sweep: 0.436/0.436 secs] [Times: user=0.44 sys=0.00, real=0.44 secs] 
2016-12-17T11:49:13.756+0530: 340223.865: [CMS-concurrent-reset-start]
2016-12-17T11:49:13.756+0530: 340223.866: [CMS-concurrent-reset: 0.001/0.001 secs] [Times: user=0.00 sys=0.00, real=0.00 secs] 
2016-12-17T11:49:16.320+0530: 340226.430: Total time for which application threads were stopped: 0.0001080 seconds, Stopping threads took: 0.0000232 seconds
2016-12-17T11:49:16.506+0530: 340226.616: Total time for which application threads were stopped: 0.0005565 seconds, Stopping threads took: 0.0000509 seconds
2016-12-17T11:49:17.506+0530: 340227.616: Total time for which application threads were stopped: 0.0001035 seconds, Stopping threads took: 0.0000237 seconds
2016-12-17T11:49:17.688+0530: 340227.798: Total time for which application threads were stopped: 0.0001388 seconds, Stopping threads took: 0.0000237 seconds
2016-12-17T11:49:17.691+0530: 340227.801: Total time for which application threads were stopped: 0.0001187 seconds, Stopping threads took: 0.0000178 seconds
2016-12-17T11:49:17.692+0530: 340227.802: Total time for which application threads were stopped: 0.0010875 seconds, Stopping threads took: 0.0000214 seconds
2016-12-17T11:49:18.250+0530: 340228.360: Total time for which application threads were stopped: 0.0001285 seconds, Stopping threads took: 0.0000237 seconds
2016-12-17T11:49:18.251+0530: 340228.361: Total time for which application threads were stopped: 0.0000750 seconds, Stopping threads took: 0.0000076 seconds
2016-12-17T11:49:18.251+0530: 340228.361: Total time for which application threads were stopped: 0.0000750 seconds, Stopping threads took: 0.0000098 seconds
2016-12-17T11:49:20.251+0530: 340230.361: Total time for which application threads were stopped: 0.0001999 seconds, Stopping threads took: 0.0000428 seconds
2016-12-17T11:49:21.251+0530: 340231.361: Total time for which application threads were stopped: 0.0001566 seconds, Stopping threads took: 0.0000326 seconds
2016-12-17T11:49:24.585+0530: 340234.696: Total time for which application threads were stopped: 0.0003043 seconds, Stopping threads took: 0.0000170 seconds
2016-12-17T11:49:24.586+0530: 340234.696: Total time for which application threads were stopped: 0.0000598 seconds, Stopping threads took: 0.0000129 seconds
2016-12-17T11:49:24.619+0530: 340234.730: Total time for which application threads were stopped: 0.0001419 seconds, Stopping threads took: 0.0000330 seconds
2016-12-17T11:49:24.619+0530: 340234.730: Total time for which application threads were stopped: 0.0001026 seconds, Stopping threads took: 0.0000201 seconds
2016-12-17T11:49:24.620+0530: 340234.730: Total time for which application threads were stopped: 0.0000884 seconds, Stopping threads took: 0.0000156 seconds
2016-12-17T11:49:24.622+0530: 340234.732: Total time for which application threads were stopped: 0.0001535 seconds, Stopping threads took: 0.0000388 seconds
2016-12-17T11:49:25.622+0530: 340235.732: Total time for which application threads were stopped: 0.0003878 seconds, Stopping threads took: 0.0000348 seconds
2016-12-17T11:49:25.660+0530: 340235.771: Total time for which application threads were stopped: 0.0001178 seconds, Stopping threads took: 0.0000263 seconds
2016-12-17T11:49:25.660+0530: 340235.771: Total time for which application threads were stopped: 0.0000763 seconds, Stopping threads took: 0.0000147 seconds
2016-12-17T11:49:25.661+0530: 340235.771: Total time for which application threads were stopped: 0.0000705 seconds, Stopping threads took: 0.0000120 seconds
2016-12-17T11:49:25.661+0530: 340235.771: Total time for which application threads were stopped: 0.0000602 seconds, Stopping threads took: 0.0000107 seconds
2016-12-17T11:49:25.661+0530: 340235.771: Total time for which application threads were stopped: 0.0000531 seconds, Stopping threads took: 0.0000085 seconds
2016-12-17T11:49:25.661+0530: 340235.771: Total time for which application threads were stopped: 0.0000540 seconds, Stopping threads took: 0.0000116 seconds
2016-12-17T11:49:25.661+0530: 340235.771: Total time for which application threads were stopped: 0.0000451 seconds, Stopping threads took: 0.0000071 seconds
2016-12-17T11:49:25.663+0530: 340235.773: Total time for which application threads were stopped: 0.0001138 seconds, Stopping threads took: 0.0000330 seconds
2016-12-17T11:49:25.663+0530: 340235.773: Total time for which application threads were stopped: 0.0001383 seconds, Stopping threads took: 0.0000210 seconds
2016-12-17T11:49:25.663+0530: 340235.773: Total time for which application threads were stopped: 0.0000968 seconds, Stopping threads took: 0.0000250 seconds
2016-12-17T11:49:25.663+0530: 340235.773: Total time for which application threads were stopped: 0.0000785 seconds, Stopping threads took: 0.0000174 seconds
2016-12-17T11:49:25.663+0530: 340235.773: Total time for which application threads were stopped: 0.0000625 seconds, Stopping threads took: 0.0000103 seconds
2016-12-17T11:49:25.663+0530: 340235.774: Total time for which application threads were stopped: 0.0000683 seconds, Stopping threads took: 0.0000237 seconds
2016-12-17T11:49:25.663+0530: 340235.774: Total time for which application threads were stopped: 0.0000580 seconds, Stopping threads took: 0.0000147 seconds
2016-12-17T11:49:25.675+0530: 340235.785: Total time for which application threads were stopped: 0.0008189 seconds, Stopping threads took: 0.0000250 seconds
2016-12-17T11:49:25.677+0530: 340235.787: Total time for which application threads were stopped: 0.0001258 seconds, Stopping threads took: 0.0000339 seconds
2016-12-17T11:49:25.677+0530: 340235.787: Total time for which application threads were stopped: 0.0002276 seconds, Stopping threads took: 0.0000156 seconds
2016-12-17T11:49:25.684+0530: 340235.794: Total time for which application threads were stopped: 0.0001111 seconds, Stopping threads took: 0.0000183 seconds
2016-12-17T11:49:25.687+0530: 340235.797: Total time for which application threads were stopped: 0.0004922 seconds, Stopping threads took: 0.0003851 seconds
2016-12-17T11:49:25.691+0530: 340235.801: Total time for which application threads were stopped: 0.0001330 seconds, Stopping threads took: 0.0000219 seconds
2016-12-17T11:49:25.694+0530: 340235.804: Total time for which application threads were stopped: 0.0001040 seconds, Stopping threads took: 0.0000281 seconds
2016-12-17T11:49:26.694+0530: 340236.804: Total time for which application threads were stopped: 0.0001133 seconds, Stopping threads took: 0.0000223 seconds
2016-12-17T11:49:28.155+0530: 340238.265: Total time for which application threads were stopped: 0.0001223 seconds, Stopping threads took: 0.0000232 seconds
2016-12-17T11:49:45.155+0530: 340255.266: Total time for which application threads were stopped: 0.0001598 seconds, Stopping threads took: 0.0000348 seconds
2016-12-17T11:49:46.155+0530: 340256.266: Total time for which application threads were stopped: 0.0002004 seconds, Stopping threads took: 0.0000428 seconds
2016-12-17T11:49:49.155+0530: 340259.266: Total time for which application threads were stopped: 0.0000888 seconds, Stopping threads took: 0.0000201 seconds
2016-12-17T11:52:10.261+0530: 340400.378: Total time for which application threads were stopped: 0.0959523 seconds, Stopping threads took: 0.0030036 seconds
2016-12-17T11:52:11.261+0530: 340401.378: Total time for which application threads were stopped: 0.0009474 seconds, Stopping threads took: 0.0008260 seconds
2016-12-17T11:52:12.248+0530: 340402.365: Total time for which application threads were stopped: 0.0101662 seconds, Stopping threads took: 0.0000187 seconds
2016-12-17T11:52:12.364+0530: 340402.480: Total time for which application threads were stopped: 0.0004913 seconds, Stopping threads took: 0.0003329 seconds
2016-12-17T11:52:12.800+0530: 340402.917: Total time for which application threads were stopped: 0.0016614 seconds, Stopping threads took: 0.0000330 seconds
2016-12-17T11:52:13.800+0530: 340403.917: Total time for which application threads were stopped: 0.0001245 seconds, Stopping threads took: 0.0000348 seconds
2016-12-17T11:52:47.802+0530: 340437.920: Total time for which application threads were stopped: 0.0001843 seconds, Stopping threads took: 0.0000455 seconds
2016-12-17T11:52:48.802+0530: 340438.920: Total time for which application threads were stopped: 0.0001410 seconds, Stopping threads took: 0.0000308 seconds
2016-12-17T11:53:38.802+0530: 340488.922: Total time for which application threads were stopped: 0.0002802 seconds, Stopping threads took: 0.0000232 seconds
2016-12-17T11:54:24.942+0530: 340535.064: Total time for which application threads were stopped: 0.0001241 seconds, Stopping threads took: 0.0000228 seconds
2016-12-17T11:54:24.942+0530: 340535.064: Total time for which application threads were stopped: 0.0000942 seconds, Stopping threads took: 0.0000143 seconds
2016-12-17T11:54:24.942+0530: 340535.064: Total time for which application threads were stopped: 0.0000647 seconds, Stopping threads took: 0.0000076 seconds
2016-12-17T11:54:24.942+0530: 340535.064: Total time for which application threads were stopped: 0.0000576 seconds, Stopping threads took: 0.0000076 seconds
2016-12-17T11:54:24.942+0530: 340535.064: Total time for which application threads were stopped: 0.0000585 seconds, Stopping threads took: 0.0000067 seconds
2016-12-17T11:54:24.942+0530: 340535.064: Total time for which application threads were stopped: 0.0000509 seconds, Stopping threads took: 0.0000067 seconds
2016-12-17T11:54:24.942+0530: 340535.065: Total time for which application threads were stopped: 0.0000486 seconds, Stopping threads took: 0.0000067 seconds
2016-12-17T11:54:24.943+0530: 340535.065: Total time for which application threads were stopped: 0.0000593 seconds, Stopping threads took: 0.0000062 seconds
2016-12-17T11:54:24.943+0530: 340535.065: Total time for which application threads were stopped: 0.0000522 seconds, Stopping threads took: 0.0000071 seconds
2016-12-17T11:54:24.943+0530: 340535.065: Total time for which application threads were stopped: 0.0000527 seconds, Stopping threads took: 0.0000067 seconds
2016-12-17T11:54:24.943+0530: 340535.065: Total time for which application threads were stopped: 0.0000500 seconds, Stopping threads took: 0.0000067 seconds
2016-12-17T11:54:24.943+0530: 340535.065: Total time for which application threads were stopped: 0.0000527 seconds, Stopping threads took: 0.0000067 seconds
2016-12-17T11:54:24.943+0530: 340535.065: Total time for which application threads were stopped: 0.0000491 seconds, Stopping threads took: 0.0000071 seconds
2016-12-17T11:54:24.943+0530: 340535.065: Total time for which application threads were stopped: 0.0000482 seconds, Stopping threads took: 0.0000067 seconds
2016-12-17T11:54:24.944+0530: 340535.066: Total time for which application threads were stopped: 0.0000504 seconds, Stopping threads took: 0.0000071 seconds
2016-12-17T11:54:24.946+0530: 340535.068: Total time for which application threads were stopped: 0.0000817 seconds, Stopping threads took: 0.0000183 seconds
2016-12-17T11:54:24.946+0530: 340535.068: Total time for which application threads were stopped: 0.0002013 seconds, Stopping threads took: 0.0000156 seconds
2016-12-17T11:54:24.946+0530: 340535.068: Total time for which application threads were stopped: 0.0000495 seconds, Stopping threads took: 0.0000094 seconds
2016-12-17T11:54:24.947+0530: 340535.069: Total time for which application threads were stopped: 0.0000942 seconds, Stopping threads took: 0.0000263 seconds
2016-12-17T11:54:24.948+0530: 340535.070: Total time for which application threads were stopped: 0.0001142 seconds, Stopping threads took: 0.0000219 seconds
2016-12-17T11:54:25.948+0530: 340536.070: Total time for which application threads were stopped: 0.0001999 seconds, Stopping threads took: 0.0000451 seconds
2016-12-17T11:56:44.961+0530: 340675.084: Total time for which application threads were stopped: 0.0003034 seconds, Stopping threads took: 0.0000710 seconds
2016-12-17T11:56:45.074+0530: 340675.198: Total time for which application threads were stopped: 0.0022504 seconds, Stopping threads took: 0.0020639 seconds
2016-12-17T11:56:45.077+0530: 340675.200: Total time for which application threads were stopped: 0.0001830 seconds, Stopping threads took: 0.0000571 seconds
2016-12-17T11:56:45.079+0530: 340675.203: Total time for which application threads were stopped: 0.0002062 seconds, Stopping threads took: 0.0000281 seconds
2016-12-17T11:56:45.079+0530: 340675.203: Total time for which application threads were stopped: 0.0000678 seconds, Stopping threads took: 0.0000085 seconds
2016-12-17T11:56:45.080+0530: 340675.203: Total time for which application threads were stopped: 0.0000892 seconds, Stopping threads took: 0.0000107 seconds
2016-12-17T11:56:45.082+0530: 340675.205: Total time for which application threads were stopped: 0.0001874 seconds, Stopping threads took: 0.0000379 seconds
2016-12-17T11:56:45.082+0530: 340675.206: Total time for which application threads were stopped: 0.0001522 seconds, Stopping threads took: 0.0000303 seconds
2016-12-17T11:56:45.083+0530: 340675.206: Total time for which application threads were stopped: 0.0000901 seconds, Stopping threads took: 0.0000183 seconds
2016-12-17T11:56:45.084+0530: 340675.208: Total time for which application threads were stopped: 0.0001807 seconds, Stopping threads took: 0.0000361 seconds
2016-12-17T11:56:45.084+0530: 340675.208: Total time for which application threads were stopped: 0.0000919 seconds, Stopping threads took: 0.0000152 seconds
2016-12-17T11:56:45.084+0530: 340675.208: Total time for which application threads were stopped: 0.0000678 seconds, Stopping threads took: 0.0000107 seconds
2016-12-17T11:56:46.087+0530: 340676.211: Total time for which application threads were stopped: 0.0008340 seconds, Stopping threads took: 0.0001892 seconds
2016-12-17T11:56:50.090+0530: 340680.212: Total time for which application threads were stopped: 0.0001352 seconds, Stopping threads took: 0.0000263 seconds
2016-12-17T12:03:02.142+0530: 341052.242: Total time for which application threads were stopped: 0.0001611 seconds, Stopping threads took: 0.0000393 seconds
2016-12-17T12:03:05.142+0530: 341055.242: Total time for which application threads were stopped: 0.0001392 seconds, Stopping threads took: 0.0000348 seconds
2016-12-17T12:05:42.168+0530: 341212.258: Total time for which application threads were stopped: 0.0001928 seconds, Stopping threads took: 0.0000312 seconds
2016-12-17T12:05:44.190+0530: 341214.280: Total time for which application threads were stopped: 0.0140195 seconds, Stopping threads took: 0.0000348 seconds
2016-12-17T12:09:52.254+0530: 341462.329: Total time for which application threads were stopped: 0.0001624 seconds, Stopping threads took: 0.0000366 seconds
2016-12-17T12:13:19.282+0530: 341669.344: Total time for which application threads were stopped: 0.0001316 seconds, Stopping threads took: 0.0000250 seconds
2016-12-17T12:17:55.352+0530: 341945.398: Total time for which application threads were stopped: 0.0001705 seconds, Stopping threads took: 0.0000406 seconds
2016-12-17T12:17:56.353+0530: 341946.399: Total time for which application threads were stopped: 0.0001120 seconds, Stopping threads took: 0.0000259 seconds
2016-12-17T12:21:07.410+0530: 342137.445: Total time for which application threads were stopped: 0.0002062 seconds, Stopping threads took: 0.0000464 seconds
2016-12-17T12:23:36.425+0530: 342286.451: Total time for which application threads were stopped: 0.0001696 seconds, Stopping threads took: 0.0000491 seconds
2016-12-17T12:43:16.576+0530: 343466.531: Total time for which application threads were stopped: 0.0002196 seconds, Stopping threads took: 0.0000607 seconds
2016-12-17T12:46:31.612+0530: 343661.554: Total time for which application threads were stopped: 0.0001758 seconds, Stopping threads took: 0.0000375 seconds
2016-12-17T12:49:15.650+0530: 343825.583: Total time for which application threads were stopped: 0.0002262 seconds, Stopping threads took: 0.0000763 seconds
{Heap before GC invocations=89 (full 27):
 par new generation   total 109248K, used 101822K [0x00000000e0000000, 0x00000000e8000000, 0x00000000e8000000)
  eden space 87424K, 100% used [0x00000000e0000000, 0x00000000e5560000, 0x00000000e5560000)
  from space 21824K,  65% used [0x00000000e6ab0000, 0x00000000e78bf848, 0x00000000e8000000)
  to   space 21824K,   0% used [0x00000000e5560000, 0x00000000e5560000, 0x00000000e6ab0000)
 concurrent mark-sweep generation total 393216K, used 122714K [0x00000000e8000000, 0x0000000100000000, 0x0000000100000000)
 Metaspace       used 37804K, capacity 38340K, committed 38936K, reserved 1083392K
  class space    used 4153K, capacity 4323K, committed 4424K, reserved 1048576K
2016-12-17T14:09:24.296+0530: 348633.938: [GC (Allocation Failure) 2016-12-17T14:09:24.297+0530: 348633.938: [ParNew
Desired survivor size 20112992 bytes, new threshold 8 (max 8)
- age   1:    1495992 bytes,    1495992 total
- age   2:      59448 bytes,    1555440 total
- age   3:      20456 bytes,    1575896 total
- age   4:    3093512 bytes,    4669408 total
- age   5:    5435048 bytes,   10104456 total
- age   6:      53304 bytes,   10157760 total
- age   7:    1575200 bytes,   11732960 total
- age   8:       5768 bytes,   11738728 total
: 101822K->15669K(109248K), 0.5372180 secs] 224537K->140622K(502464K), 0.5405612 secs] [Times: user=0.14 sys=0.06, real=0.54 secs] 
Heap after GC invocations=90 (full 27):
 par new generation   total 109248K, used 15669K [0x00000000e0000000, 0x00000000e8000000, 0x00000000e8000000)
  eden space 87424K,   0% used [0x00000000e0000000, 0x00000000e0000000, 0x00000000e5560000)
  from space 21824K,  71% used [0x00000000e5560000, 0x00000000e64ad630, 0x00000000e6ab0000)
  to   space 21824K,   0% used [0x00000000e6ab0000, 0x00000000e6ab0000, 0x00000000e8000000)
 concurrent mark-sweep generation total 393216K, used 124952K [0x00000000e8000000, 0x0000000100000000, 0x0000000100000000)
 Metaspace       used 37804K, capacity 38340K, committed 38936K, reserved 1083392K
  class space    used 4153K, capacity 4323K, committed 4424K, reserved 1048576K
}
2016-12-17T14:09:24.837+0530: 348634.479: Total time for which application threads were stopped: 0.5450709 seconds, Stopping threads took: 0.0004034 seconds
2016-12-17T14:11:05.849+0530: 348735.484: Total time for which application threads were stopped: 0.0001919 seconds, Stopping threads took: 0.0000442 seconds
2016-12-17T14:12:45.886+0530: 348835.515: Total time for which application threads were stopped: 0.0265227 seconds, Stopping threads took: 0.0000629 seconds
2016-12-17T14:16:31.060+0530: 349060.675: Total time for which application threads were stopped: 0.0002079 seconds, Stopping threads took: 0.0000772 seconds
2016-12-17T14:16:58.063+0530: 349087.677: Total time for which application threads were stopped: 0.0001147 seconds, Stopping threads took: 0.0000286 seconds
2016-12-17T14:18:02.448+0530: 349152.058: Total time for which application threads were stopped: 0.0008617 seconds, Stopping threads took: 0.0002035 seconds
2016-12-17T14:18:03.450+0530: 349153.060: Total time for which application threads were stopped: 0.0015270 seconds, Stopping threads took: 0.0008345 seconds
2016-12-17T14:20:27.469+0530: 349297.070: Total time for which application threads were stopped: 0.0001526 seconds, Stopping threads took: 0.0000428 seconds
2016-12-17T14:22:09.482+0530: 349399.076: Total time for which application threads were stopped: 0.0001901 seconds, Stopping threads took: 0.0000428 seconds
2016-12-17T14:25:06.510+0530: 349576.094: Total time for which application threads were stopped: 0.0002566 seconds, Stopping threads took: 0.0000286 seconds
2016-12-17T14:25:07.510+0530: 349577.094: Total time for which application threads were stopped: 0.0000937 seconds, Stopping threads took: 0.0000237 seconds
2016-12-17T14:29:18.548+0530: 349828.117: Total time for which application threads were stopped: 0.0082782 seconds, Stopping threads took: 0.0081082 seconds
2016-12-17T14:32:17.575+0530: 350007.133: Total time for which application threads were stopped: 0.0015596 seconds, Stopping threads took: 0.0000308 seconds
2016-12-17T14:45:17.839+0530: 350787.350: Total time for which application threads were stopped: 0.0001807 seconds, Stopping threads took: 0.0000370 seconds
2016-12-17T14:50:22.931+0530: 351092.423: Total time for which application threads were stopped: 0.0090355 seconds, Stopping threads took: 0.0019920 seconds
{Heap before GC invocations=90 (full 27):
 par new generation   total 109248K, used 103093K [0x00000000e0000000, 0x00000000e8000000, 0x00000000e8000000)
  eden space 87424K, 100% used [0x00000000e0000000, 0x00000000e5560000, 0x00000000e5560000)
  from space 21824K,  71% used [0x00000000e5560000, 0x00000000e64ad630, 0x00000000e6ab0000)
  to   space 21824K,   0% used [0x00000000e6ab0000, 0x00000000e6ab0000, 0x00000000e8000000)
 concurrent mark-sweep generation total 393216K, used 124952K [0x00000000e8000000, 0x0000000100000000, 0x0000000100000000)
 Metaspace       used 37860K, capacity 38404K, committed 38936K, reserved 1083392K
  class space    used 4154K, capacity 4323K, committed 4424K, reserved 1048576K
2016-12-17T14:50:57.676+0530: 351127.166: [GC (Allocation Failure) 2016-12-17T14:50:57.689+0530: 351127.179: [ParNew
Desired survivor size 20112992 bytes, new threshold 8 (max 8)
- age   1:     318536 bytes,     318536 total
- age   2:    1215984 bytes,    1534520 total
- age   3:      59152 bytes,    1593672 total
- age   4:      20456 bytes,    1614128 total
- age   5:    3092752 bytes,    4706880 total
- age   6:    5435048 bytes,   10141928 total
- age   7:      53304 bytes,   10195232 total
- age   8:    1575200 bytes,   11770432 total
: 103093K->14700K(109248K), 0.7452974 secs] 228046K->139659K(502464K), 0.7590309 secs] [Times: user=0.06 sys=0.09, real=0.76 secs] 
